2025-07-08 15:59:06,983 [INFO] [INFO] Starting experiment encoder_hand_angles_fs1_pad_repeat...


2025-07-08 15:59:10,438 [INFO] [1] TRAIN | loss: 4.709182625231535, acc: 0.013176144244105409
2025-07-08 15:59:10,438 [INFO] [1] VALIDATION | acc: 0.005917159763313609
2025-07-08 15:59:13,737 [INFO] [2] TRAIN | loss: 4.620841430581135, acc: 0.024965325936199722
2025-07-08 15:59:13,737 [INFO] [2] VALIDATION | acc: 0.023668639053254437
2025-07-08 15:59:17,050 [INFO] [3] TRAIN | loss: 4.46840500831604, acc: 0.03952843273231623
2025-07-08 15:59:17,050 [INFO] [3] VALIDATION | acc: 0.047337278106508875
2025-07-08 15:59:20,356 [INFO] [4] TRAIN | loss: 4.264969820561617, acc: 0.07836338418862691
2025-07-08 15:59:20,356 [INFO] [4] VALIDATION | acc: 0.09171597633136094
2025-07-08 15:59:23,658 [INFO] [5] TRAIN | loss: 3.9723359501880147, acc: 0.12552011095700416
2025-07-08 15:59:23,658 [INFO] [5] VALIDATION | acc: 0.15088757396449703
2025-07-08 15:59:26,969 [INFO] [6] TRAIN | loss: 3.688175108121789, acc: 0.18793342579750347
2025-07-08 15:59:26,969 [INFO] [6] VALIDATION | acc: 0.1804733727810651
2025-07-08 15:59:30,288 [INFO] [7] TRAIN | loss: 3.3633942759555318, acc: 0.2420249653259362
2025-07-08 15:59:30,288 [INFO] [7] VALIDATION | acc: 0.23076923076923078
2025-07-08 15:59:33,671 [INFO] [8] TRAIN | loss: 3.115901102190432, acc: 0.3002773925104022
2025-07-08 15:59:33,671 [INFO] [8] VALIDATION | acc: 0.27218934911242604
2025-07-08 15:59:37,026 [INFO] [9] TRAIN | loss: 2.8736279010772705, acc: 0.3606102635228849
2025-07-08 15:59:37,026 [INFO] [9] VALIDATION | acc: 0.33727810650887574
2025-07-08 15:59:40,333 [INFO] [10] TRAIN | loss: 2.653935950735341, acc: 0.40984743411927876
2025-07-08 15:59:40,334 [INFO] [10] VALIDATION | acc: 0.3609467455621302
2025-07-08 15:59:43,657 [INFO] [11] TRAIN | loss: 2.4564995247384775, acc: 0.45284327323162277
2025-07-08 15:59:43,657 [INFO] [11] VALIDATION | acc: 0.39349112426035504
2025-07-08 15:59:46,995 [INFO] [12] TRAIN | loss: 2.2512532394865286, acc: 0.48196948682385576
2025-07-08 15:59:46,995 [INFO] [12] VALIDATION | acc: 0.40236686390532544
2025-07-08 15:59:50,321 [INFO] [13] TRAIN | loss: 2.1238480935926023, acc: 0.5235783633841886
2025-07-08 15:59:50,321 [INFO] [13] VALIDATION | acc: 0.4319526627218935
2025-07-08 15:59:53,603 [INFO] [14] TRAIN | loss: 1.9707410646521526, acc: 0.5478502080443828
2025-07-08 15:59:53,603 [INFO] [14] VALIDATION | acc: 0.4260355029585799
2025-07-08 15:59:56,904 [INFO] [15] TRAIN | loss: 1.863087737041971, acc: 0.5755894590846047
2025-07-08 15:59:56,904 [INFO] [15] VALIDATION | acc: 0.44970414201183434
2025-07-08 16:00:00,184 [INFO] [16] TRAIN | loss: 1.7815648731978044, acc: 0.5957004160887656
2025-07-08 16:00:00,184 [INFO] [16] VALIDATION | acc: 0.47041420118343197
2025-07-08 16:00:03,491 [INFO] [17] TRAIN | loss: 1.6860898266667905, acc: 0.5984743411927878
2025-07-08 16:00:03,491 [INFO] [17] VALIDATION | acc: 0.47337278106508873
2025-07-08 16:00:06,779 [INFO] [18] TRAIN | loss: 1.5740074450555055, acc: 0.6296809986130375
2025-07-08 16:00:06,779 [INFO] [18] VALIDATION | acc: 0.4911242603550296
2025-07-08 16:00:10,110 [INFO] [19] TRAIN | loss: 1.5106516946916995, acc: 0.6511789181692095
2025-07-08 16:00:10,110 [INFO] [19] VALIDATION | acc: 0.4822485207100592
2025-07-08 16:00:13,406 [INFO] [20] TRAIN | loss: 1.5024781978648643, acc: 0.6532593619972261
2025-07-08 16:00:13,406 [INFO] [20] VALIDATION | acc: 0.5029585798816568
2025-07-08 16:00:16,689 [INFO] [21] TRAIN | loss: 1.482071534447048, acc: 0.6650485436893204
2025-07-08 16:00:16,689 [INFO] [21] VALIDATION | acc: 0.5177514792899408
2025-07-08 16:00:19,972 [INFO] [22] TRAIN | loss: 1.3475824659285338, acc: 0.6941747572815534
2025-07-08 16:00:19,972 [INFO] [22] VALIDATION | acc: 0.5029585798816568
2025-07-08 16:00:23,259 [INFO] [23] TRAIN | loss: 1.2574401096157406, acc: 0.6934812760055479
2025-07-08 16:00:23,259 [INFO] [23] VALIDATION | acc: 0.5266272189349113
2025-07-08 16:00:26,526 [INFO] [24] TRAIN | loss: 1.1667408360087352, acc: 0.7274618585298197
2025-07-08 16:00:26,527 [INFO] [24] VALIDATION | acc: 0.4822485207100592
2025-07-08 16:00:29,817 [INFO] [25] TRAIN | loss: 1.1120075998098955, acc: 0.7406380027739251
2025-07-08 16:00:29,817 [INFO] [25] VALIDATION | acc: 0.5295857988165681
2025-07-08 16:00:33,090 [INFO] [26] TRAIN | loss: 1.088089407786079, acc: 0.7517337031900139
2025-07-08 16:00:33,090 [INFO] [26] VALIDATION | acc: 0.5473372781065089
2025-07-08 16:00:36,369 [INFO] [27] TRAIN | loss: 1.034398060777913, acc: 0.7572815533980582
2025-07-08 16:00:36,369 [INFO] [27] VALIDATION | acc: 0.5621301775147929
2025-07-08 16:00:39,621 [INFO] [28] TRAIN | loss: 1.0019577793453052, acc: 0.7697642163661581
2025-07-08 16:00:39,621 [INFO] [28] VALIDATION | acc: 0.5384615384615384
2025-07-08 16:00:42,898 [INFO] [29] TRAIN | loss: 0.9345890918503637, acc: 0.7891816920943134
2025-07-08 16:00:42,898 [INFO] [29] VALIDATION | acc: 0.5502958579881657
2025-07-08 16:00:46,186 [INFO] [30] TRAIN | loss: 0.886111063801724, acc: 0.8092926490984743
2025-07-08 16:00:46,186 [INFO] [30] VALIDATION | acc: 0.5739644970414202
2025-07-08 16:00:49,441 [INFO] [31] TRAIN | loss: 0.90810427069664, acc: 0.7968099861303745
2025-07-08 16:00:49,441 [INFO] [31] VALIDATION | acc: 0.5798816568047337
2025-07-08 16:00:52,726 [INFO] [32] TRAIN | loss: 0.8112024911071943, acc: 0.8183079056865464
2025-07-08 16:00:52,726 [INFO] [32] VALIDATION | acc: 0.5562130177514792
2025-07-08 16:00:56,025 [INFO] [33] TRAIN | loss: 0.7855535311543423, acc: 0.834257975034674
2025-07-08 16:00:56,025 [INFO] [33] VALIDATION | acc: 0.5562130177514792
2025-07-08 16:00:59,310 [INFO] [34] TRAIN | loss: 0.7920816333397575, acc: 0.826629680998613
2025-07-08 16:00:59,310 [INFO] [34] VALIDATION | acc: 0.5621301775147929
2025-07-08 16:01:02,610 [INFO] [35] TRAIN | loss: 0.7361799795990405, acc: 0.8384188626907073
2025-07-08 16:01:02,610 [INFO] [35] VALIDATION | acc: 0.5828402366863905
2025-07-08 16:01:05,916 [INFO] [36] TRAIN | loss: 0.6971127928599067, acc: 0.848127600554785
2025-07-08 16:01:05,916 [INFO] [36] VALIDATION | acc: 0.5828402366863905
2025-07-08 16:01:09,251 [INFO] [37] TRAIN | loss: 0.6384557971487874, acc: 0.8689320388349514
2025-07-08 16:01:09,251 [INFO] [37] VALIDATION | acc: 0.5887573964497042
2025-07-08 16:01:12,597 [INFO] [38] TRAIN | loss: 0.5877177851355594, acc: 0.8730929264909847
2025-07-08 16:01:12,600 [INFO] [38] VALIDATION | acc: 0.591715976331361
2025-07-08 16:01:15,876 [INFO] [39] TRAIN | loss: 0.5614678807880568, acc: 0.8897364771151179
2025-07-08 16:01:15,876 [INFO] [39] VALIDATION | acc: 0.5857988165680473
2025-07-08 16:01:19,147 [INFO] [40] TRAIN | loss: 0.5478497374316921, acc: 0.8876560332871013
2025-07-08 16:01:19,147 [INFO] [40] VALIDATION | acc: 0.5887573964497042
2025-07-08 16:01:22,391 [INFO] [41] TRAIN | loss: 0.5344538060219391, acc: 0.8876560332871013
2025-07-08 16:01:22,391 [INFO] [41] VALIDATION | acc: 0.591715976331361
2025-07-08 16:01:25,714 [INFO] [42] TRAIN | loss: 0.4847014397382736, acc: 0.9015256588072122
2025-07-08 16:01:25,714 [INFO] [42] VALIDATION | acc: 0.5828402366863905
2025-07-08 16:01:29,027 [INFO] [43] TRAIN | loss: 0.4870571903884411, acc: 0.9029126213592233
2025-07-08 16:01:29,027 [INFO] [43] VALIDATION | acc: 0.591715976331361
2025-07-08 16:01:32,352 [INFO] [44] TRAIN | loss: 0.43516723293325177, acc: 0.9188626907073509
2025-07-08 16:01:32,352 [INFO] [44] VALIDATION | acc: 0.621301775147929
2025-07-08 16:01:35,626 [INFO] [45] TRAIN | loss: 0.45427176097164984, acc: 0.90499306518724
2025-07-08 16:01:35,626 [INFO] [45] VALIDATION | acc: 0.5857988165680473
2025-07-08 16:01:38,933 [INFO] [46] TRAIN | loss: 0.4223337675566259, acc: 0.9257975034674064
2025-07-08 16:01:38,934 [INFO] [46] VALIDATION | acc: 0.5887573964497042
2025-07-08 16:01:42,222 [INFO] [47] TRAIN | loss: 0.42336097683595575, acc: 0.926490984743412
2025-07-08 16:01:42,223 [INFO] [47] VALIDATION | acc: 0.5769230769230769
2025-07-08 16:01:45,471 [INFO] [48] TRAIN | loss: 0.39568196820176166, acc: 0.9181692094313454
2025-07-08 16:01:45,471 [INFO] [48] VALIDATION | acc: 0.6035502958579881
2025-07-08 16:01:48,728 [INFO] [49] TRAIN | loss: 0.356479705027912, acc: 0.9459084604715673
2025-07-08 16:01:48,728 [INFO] [49] VALIDATION | acc: 0.5976331360946746
2025-07-08 16:01:51,994 [INFO] [50] TRAIN | loss: 0.3946749755869741, acc: 0.926490984743412
2025-07-08 16:01:51,994 [INFO] [50] VALIDATION | acc: 0.6035502958579881
2025-07-08 16:01:55,236 [INFO] [51] TRAIN | loss: 0.3377482249684956, acc: 0.9396671289875174
2025-07-08 16:01:55,236 [INFO] [51] VALIDATION | acc: 0.5828402366863905
2025-07-08 16:01:58,534 [INFO] [52] TRAIN | loss: 0.3665806816323944, acc: 0.9348127600554785
2025-07-08 16:01:58,534 [INFO] [52] VALIDATION | acc: 0.5976331360946746
2025-07-08 16:02:01,743 [INFO] [53] TRAIN | loss: 0.3969582782491394, acc: 0.9251040221914009
2025-07-08 16:02:01,743 [INFO] [53] VALIDATION | acc: 0.5946745562130178
2025-07-08 16:02:05,015 [INFO] [54] TRAIN | loss: 0.3996216674213824, acc: 0.9195561719833565
2025-07-08 16:02:05,016 [INFO] [54] VALIDATION | acc: 0.6035502958579881
2025-07-08 16:02:08,320 [INFO] [55] TRAIN | loss: 0.28772326785585156, acc: 0.963245492371706
2025-07-08 16:02:08,320 [INFO] [55] VALIDATION | acc: 0.6183431952662722
2025-07-08 16:02:11,547 [INFO] [56] TRAIN | loss: 0.32983043789863586, acc: 0.9438280166435506
2025-07-08 16:02:11,547 [INFO] [56] VALIDATION | acc: 0.606508875739645
2025-07-08 16:02:14,765 [INFO] [57] TRAIN | loss: 0.28272362685073976, acc: 0.9549237170596394
2025-07-08 16:02:14,765 [INFO] [57] VALIDATION | acc: 0.5857988165680473
2025-07-08 16:02:18,011 [INFO] [58] TRAIN | loss: 0.23259678839341455, acc: 0.9660194174757282
2025-07-08 16:02:18,011 [INFO] [58] VALIDATION | acc: 0.606508875739645
2025-07-08 16:02:21,307 [INFO] [59] TRAIN | loss: 0.21972461320135905, acc: 0.9715672676837726
2025-07-08 16:02:21,307 [INFO] [59] VALIDATION | acc: 0.5976331360946746
2025-07-08 16:02:24,543 [INFO] [60] TRAIN | loss: 0.22047692634489224, acc: 0.970873786407767
2025-07-08 16:02:24,543 [INFO] [60] VALIDATION | acc: 0.591715976331361
2025-07-08 16:02:27,797 [INFO] [61] TRAIN | loss: 0.23698655807453653, acc: 0.9653259361997226
2025-07-08 16:02:27,798 [INFO] [61] VALIDATION | acc: 0.6005917159763313
2025-07-08 16:02:31,079 [INFO] [62] TRAIN | loss: 0.23073788019626038, acc: 0.9653259361997226
2025-07-08 16:02:31,079 [INFO] [62] VALIDATION | acc: 0.6124260355029586
2025-07-08 16:02:34,412 [INFO] [63] TRAIN | loss: 0.1882221055743487, acc: 0.9812760055478502
2025-07-08 16:02:34,412 [INFO] [63] VALIDATION | acc: 0.6005917159763313
2025-07-08 16:02:37,659 [INFO] [64] TRAIN | loss: 0.21206428483128548, acc: 0.9764216366158114
2025-07-08 16:02:37,659 [INFO] [64] VALIDATION | acc: 0.5946745562130178
2025-07-08 16:02:40,862 [INFO] [65] TRAIN | loss: 0.23902811790290085, acc: 0.9618585298196949
2025-07-08 16:02:40,862 [INFO] [65] VALIDATION | acc: 0.6124260355029586
2025-07-08 16:02:44,134 [INFO] [66] TRAIN | loss: 0.1734443054251049, acc: 0.9826629680998613
2025-07-08 16:02:44,134 [INFO] [66] VALIDATION | acc: 0.5857988165680473
2025-07-08 16:02:47,385 [INFO] [67] TRAIN | loss: 0.17161823485208594, acc: 0.978502080443828
2025-07-08 16:02:47,385 [INFO] [67] VALIDATION | acc: 0.5828402366863905
2025-07-08 16:02:50,654 [INFO] [68] TRAIN | loss: 0.17557953395273374, acc: 0.978502080443828
2025-07-08 16:02:50,654 [INFO] [68] VALIDATION | acc: 0.6005917159763313
2025-07-08 16:02:53,892 [INFO] [69] TRAIN | loss: 0.18995600404298824, acc: 0.9791955617198336
2025-07-08 16:02:53,892 [INFO] [69] VALIDATION | acc: 0.6183431952662722
2025-07-08 16:02:57,147 [INFO] [70] TRAIN | loss: 0.14648884972152504, acc: 0.984743411927878
2025-07-08 16:02:57,147 [INFO] [70] VALIDATION | acc: 0.6035502958579881
2025-07-08 16:03:00,420 [INFO] [71] TRAIN | loss: 0.13755199685692787, acc: 0.9875173370319001
2025-07-08 16:03:00,420 [INFO] [71] VALIDATION | acc: 0.6153846153846154
2025-07-08 16:03:03,780 [INFO] [72] TRAIN | loss: 0.14388727720664896, acc: 0.9882108183079057
2025-07-08 16:03:03,780 [INFO] [72] VALIDATION | acc: 0.6094674556213018
2025-07-08 16:03:07,056 [INFO] [73] TRAIN | loss: 0.1633974542112454, acc: 0.978502080443828
2025-07-08 16:03:07,056 [INFO] [73] VALIDATION | acc: 0.6094674556213018
2025-07-08 16:03:10,299 [INFO] [74] TRAIN | loss: 0.12902384534802125, acc: 0.9882108183079057
2025-07-08 16:03:10,299 [INFO] [74] VALIDATION | acc: 0.6035502958579881
2025-07-08 16:03:13,585 [INFO] [75] TRAIN | loss: 0.12025203588216202, acc: 0.9909847434119279
2025-07-08 16:03:13,585 [INFO] [75] VALIDATION | acc: 0.5946745562130178
2025-07-08 16:03:16,845 [INFO] [76] TRAIN | loss: 0.11320117537094199, acc: 0.9889042995839112
2025-07-08 16:03:16,845 [INFO] [76] VALIDATION | acc: 0.606508875739645
2025-07-08 16:03:20,102 [INFO] [77] TRAIN | loss: 0.11087595387969328, acc: 0.9902912621359223
2025-07-08 16:03:20,102 [INFO] [77] VALIDATION | acc: 0.6005917159763313
2025-07-08 16:03:23,393 [INFO] [78] TRAIN | loss: 0.1069294767373282, acc: 0.9889042995839112
2025-07-08 16:03:23,393 [INFO] [78] VALIDATION | acc: 0.6124260355029586
2025-07-08 16:03:26,704 [INFO] [79] TRAIN | loss: 0.10794984233444152, acc: 0.9909847434119279
2025-07-08 16:03:26,704 [INFO] [79] VALIDATION | acc: 0.6153846153846154
2025-07-08 16:03:29,989 [INFO] [80] TRAIN | loss: 0.09930657838349757, acc: 0.9909847434119279
2025-07-08 16:03:29,989 [INFO] [80] VALIDATION | acc: 0.6094674556213018
2025-07-08 16:03:33,381 [INFO] [81] TRAIN | loss: 0.1017861514473739, acc: 0.9882108183079057
2025-07-08 16:03:33,381 [INFO] [81] VALIDATION | acc: 0.6183431952662722
2025-07-08 16:03:36,785 [INFO] [82] TRAIN | loss: 0.10117771306439587, acc: 0.992371705963939
2025-07-08 16:03:36,786 [INFO] [82] VALIDATION | acc: 0.6094674556213018
2025-07-08 16:03:40,119 [INFO] [83] TRAIN | loss: 0.102664180504887, acc: 0.9930651872399445
2025-07-08 16:03:40,119 [INFO] [83] VALIDATION | acc: 0.6005917159763313
2025-07-08 16:03:43,497 [INFO] [84] TRAIN | loss: 0.09167714562752972, acc: 0.9902912621359223
2025-07-08 16:03:43,497 [INFO] [84] VALIDATION | acc: 0.5857988165680473
2025-07-08 16:03:46,929 [INFO] [85] TRAIN | loss: 0.09082636301932127, acc: 0.9916782246879334
2025-07-08 16:03:46,929 [INFO] [85] VALIDATION | acc: 0.6153846153846154
2025-07-08 16:03:50,350 [INFO] [86] TRAIN | loss: 0.09590179456964783, acc: 0.9889042995839112
2025-07-08 16:03:50,350 [INFO] [86] VALIDATION | acc: 0.6272189349112426
2025-07-08 16:03:53,689 [INFO] [87] TRAIN | loss: 0.08818446537074835, acc: 0.9909847434119279
2025-07-08 16:03:53,689 [INFO] [87] VALIDATION | acc: 0.621301775147929
2025-07-08 16:03:56,929 [INFO] [88] TRAIN | loss: 0.08802042140260986, acc: 0.9916782246879334
2025-07-08 16:03:56,929 [INFO] [88] VALIDATION | acc: 0.6183431952662722
2025-07-08 16:04:00,199 [INFO] [89] TRAIN | loss: 0.08665396086871624, acc: 0.9882108183079057
2025-07-08 16:04:00,199 [INFO] [89] VALIDATION | acc: 0.606508875739645
2025-07-08 16:04:03,455 [INFO] [90] TRAIN | loss: 0.08319731566893018, acc: 0.9916782246879334
2025-07-08 16:04:03,455 [INFO] [90] VALIDATION | acc: 0.6005917159763313
2025-07-08 16:04:06,725 [INFO] [91] TRAIN | loss: 0.08230894747311654, acc: 0.9902912621359223
2025-07-08 16:04:06,725 [INFO] [91] VALIDATION | acc: 0.6124260355029586
2025-07-08 16:04:10,065 [INFO] [92] TRAIN | loss: 0.0795862381953908, acc: 0.9916782246879334
2025-07-08 16:04:10,065 [INFO] [92] VALIDATION | acc: 0.6094674556213018
2025-07-08 16:04:13,355 [INFO] [93] TRAIN | loss: 0.07911316556451113, acc: 0.9902912621359223
2025-07-08 16:04:13,355 [INFO] [93] VALIDATION | acc: 0.606508875739645
2025-07-08 16:04:16,606 [INFO] [94] TRAIN | loss: 0.0919715729744538, acc: 0.9882108183079057
2025-07-08 16:04:16,606 [INFO] [94] VALIDATION | acc: 0.5976331360946746
2025-07-08 16:04:19,878 [INFO] [95] TRAIN | loss: 0.08728395029902458, acc: 0.9895977808599168
2025-07-08 16:04:19,878 [INFO] [95] VALIDATION | acc: 0.6005917159763313
2025-07-08 16:04:23,138 [INFO] [96] TRAIN | loss: 0.0752240446112726, acc: 0.9916782246879334
2025-07-08 16:04:23,138 [INFO] [96] VALIDATION | acc: 0.6153846153846154
2025-07-08 16:04:26,419 [INFO] [97] TRAIN | loss: 0.07227709832722726, acc: 0.9930651872399445
2025-07-08 16:04:26,419 [INFO] [97] VALIDATION | acc: 0.6035502958579881
2025-07-08 16:04:29,646 [INFO] [98] TRAIN | loss: 0.0700243455560311, acc: 0.9930651872399445
2025-07-08 16:04:29,646 [INFO] [98] VALIDATION | acc: 0.6005917159763313
2025-07-08 16:04:32,893 [INFO] [99] TRAIN | loss: 0.06985132906423963, acc: 0.9930651872399445
2025-07-08 16:04:32,893 [INFO] [99] VALIDATION | acc: 0.6124260355029586
2025-07-08 16:04:36,144 [INFO] [100] TRAIN | loss: 0.06762310319944569, acc: 0.992371705963939
2025-07-08 16:04:36,144 [INFO] [100] VALIDATION | acc: 0.6094674556213018
2025-07-08 16:04:36,144 [INFO] Testing checkpointed models starting...

2025-07-08 16:04:37,438 [INFO] checkpoint_t0  ->  0.015503875968992248
2025-07-08 16:04:38,730 [INFO] checkpoint_v0  ->  0.015503875968992248
2025-07-08 16:04:40,179 [INFO] checkpoint_t1  ->  0.37209302325581395
2025-07-08 16:04:44,736 [INFO] checkpoint_v1  ->  0.37209302325581395
2025-07-08 16:04:49,410 [INFO] checkpoint_t2  ->  0.5116279069767442
2025-07-08 16:04:54,097 [INFO] checkpoint_v2  ->  0.5116279069767442
2025-07-08 16:04:58,559 [INFO] checkpoint_t3  ->  0.5193798449612403
2025-07-08 16:05:03,374 [INFO] checkpoint_v3  ->  0.5542635658914729
2025-07-08 16:05:08,285 [INFO] checkpoint_t4  ->  0.5348837209302325
2025-07-08 16:05:12,743 [INFO] checkpoint_v4  ->  0.5503875968992248
2025-07-08 16:05:17,519 [INFO] checkpoint_t5  ->  0.5465116279069767
2025-07-08 16:05:22,248 [INFO] checkpoint_v5  ->  0.5348837209302325
2025-07-08 16:05:26,637 [INFO] checkpoint_t6  ->  0.5503875968992248
2025-07-08 16:05:31,216 [INFO] checkpoint_v6  ->  0.5658914728682171
2025-07-08 16:05:35,740 [INFO] checkpoint_t7  ->  0.5581395348837209
2025-07-08 16:05:40,302 [INFO] checkpoint_v7  ->  0.5581395348837209
2025-07-08 16:05:44,829 [INFO] checkpoint_t8  ->  0.5697674418604651
2025-07-08 16:05:49,315 [INFO] checkpoint_v8  ->  0.5581395348837209
2025-07-08 16:05:53,872 [INFO] checkpoint_t9  ->  0.5542635658914729
2025-07-08 16:05:58,369 [INFO] checkpoint_v9  ->  0.5697674418604651
2025-07-08 16:06:02,920 [INFO] checkpoint_t10  ->  0.5581395348837209
2025-07-08 16:06:08,935 [INFO] checkpoint_v10  ->  0.5697674418604651
2025-07-08 16:06:08,935 [INFO] 
=======================================
2025-07-08 16:06:08,935 [INFO] The best testing checkpoint: encoder_hand_angles_fs1_pad_repeat/checkpoint_t_8:
2025-07-08 16:06:08,935 [INFO]    Testing accuracy: 0.570
2025-07-08 16:06:08,936 [INFO]    Macro F1 score: 0.545
2025-07-08 16:06:08,936 [INFO]    Weighted F1 score: 0.550
2025-07-08 16:06:08,936 [INFO]    Total trainable parameters: 10,543,588
2025-07-08 16:06:08,936 [INFO]    Elapsed time: 421.95 sec
2025-07-08 16:06:08,936 [INFO] ----------------Config information----------------------- 
2025-07-08 16:06:08,936 [INFO]  - Experiment Args: {'dataset': 'WLASL100', 'features': 'HAND_ANGLES', 'include_blendshapes': 0, 'fs': 1, 'feature_padding_mode': 'repeat', 'num_classes': 100, 'model': 'encoder', 'mediapipe_holistic': True, 'dim': 320, 'heads': 8, 'n_layers': 6, 'PE': 0, 'pad': 'True', 'clip_weights': 0, 'clip_gradients': 0, 'opt': 'SGD', 'sgd_momentum': 0.9, 'scheduler': 'cosine', 'bs': 32, 'epochs': 100, 'lr': '1e-03', 'logfreq': 1, 'checkpoints': True}
2025-07-08 16:06:09,003 [INFO] 
Any desired statistics have been plotted.
The experiment is finished.
