2025-07-08 15:45:36,078 [INFO] [INFO] Starting experiment encoder_hand_angles_fs1_pad_truncate...


2025-07-08 15:45:39,148 [INFO] [1] TRAIN | loss: 4.756804746130238, acc: 0.0034674063800277394
2025-07-08 15:45:39,148 [INFO] [1] VALIDATION | acc: 0.0
2025-07-08 15:45:42,079 [INFO] [2] TRAIN | loss: 4.6661794392958935, acc: 0.006934812760055479
2025-07-08 15:45:42,079 [INFO] [2] VALIDATION | acc: 0.026627218934911243
2025-07-08 15:45:45,011 [INFO] [3] TRAIN | loss: 4.476419604342917, acc: 0.03536754507628294
2025-07-08 15:45:45,011 [INFO] [3] VALIDATION | acc: 0.03254437869822485
2025-07-08 15:45:47,943 [INFO] [4] TRAIN | loss: 4.256975547127102, acc: 0.06310679611650485
2025-07-08 15:45:47,943 [INFO] [4] VALIDATION | acc: 0.07988165680473373
2025-07-08 15:45:50,849 [INFO] [5] TRAIN | loss: 3.9955490827560425, acc: 0.12343966712898752
2025-07-08 15:45:50,849 [INFO] [5] VALIDATION | acc: 0.15976331360946747
2025-07-08 15:45:53,783 [INFO] [6] TRAIN | loss: 3.7115756739740786, acc: 0.17614424410540916
2025-07-08 15:45:53,783 [INFO] [6] VALIDATION | acc: 0.19822485207100593
2025-07-08 15:45:56,746 [INFO] [7] TRAIN | loss: 3.443397179893825, acc: 0.21359223300970873
2025-07-08 15:45:56,746 [INFO] [7] VALIDATION | acc: 0.21893491124260356
2025-07-08 15:45:59,689 [INFO] [8] TRAIN | loss: 3.186743871025417, acc: 0.27600554785020803
2025-07-08 15:45:59,689 [INFO] [8] VALIDATION | acc: 0.257396449704142
2025-07-08 15:46:02,587 [INFO] [9] TRAIN | loss: 2.9450574128524116, acc: 0.34396671289875175
2025-07-08 15:46:02,587 [INFO] [9] VALIDATION | acc: 0.3076923076923077
2025-07-08 15:46:05,483 [INFO] [10] TRAIN | loss: 2.7002902756566587, acc: 0.40083217753120665
2025-07-08 15:46:05,483 [INFO] [10] VALIDATION | acc: 0.31952662721893493
2025-07-08 15:46:08,388 [INFO] [11] TRAIN | loss: 2.5345948882724927, acc: 0.4348127600554785
2025-07-08 15:46:08,388 [INFO] [11] VALIDATION | acc: 0.3875739644970414
2025-07-08 15:46:11,292 [INFO] [12] TRAIN | loss: 2.344991129377614, acc: 0.4680998613037448
2025-07-08 15:46:11,292 [INFO] [12] VALIDATION | acc: 0.40532544378698226
2025-07-08 15:46:14,195 [INFO] [13] TRAIN | loss: 2.191505686096523, acc: 0.5062413314840499
2025-07-08 15:46:14,195 [INFO] [13] VALIDATION | acc: 0.4260355029585799
2025-07-08 15:46:17,079 [INFO] [14] TRAIN | loss: 2.0518485333608543, acc: 0.5305131761442441
2025-07-08 15:46:17,079 [INFO] [14] VALIDATION | acc: 0.4319526627218935
2025-07-08 15:46:20,004 [INFO] [15] TRAIN | loss: 1.9007923914038616, acc: 0.5638002773925104
2025-07-08 15:46:20,004 [INFO] [15] VALIDATION | acc: 0.4349112426035503
2025-07-08 15:46:22,940 [INFO] [16] TRAIN | loss: 1.819936972597371, acc: 0.5846047156726768
2025-07-08 15:46:22,940 [INFO] [16] VALIDATION | acc: 0.4437869822485207
2025-07-08 15:46:25,824 [INFO] [17] TRAIN | loss: 1.7444347791049792, acc: 0.6144244105409153
2025-07-08 15:46:25,824 [INFO] [17] VALIDATION | acc: 0.4408284023668639
2025-07-08 15:46:28,674 [INFO] [18] TRAIN | loss: 1.6969591275505398, acc: 0.6040221914008321
2025-07-08 15:46:28,674 [INFO] [18] VALIDATION | acc: 0.4230769230769231
2025-07-08 15:46:31,598 [INFO] [19] TRAIN | loss: 1.5711983416391455, acc: 0.6310679611650486
2025-07-08 15:46:31,598 [INFO] [19] VALIDATION | acc: 0.4822485207100592
2025-07-08 15:46:34,470 [INFO] [20] TRAIN | loss: 1.4964920567429585, acc: 0.6588072122052705
2025-07-08 15:46:34,470 [INFO] [20] VALIDATION | acc: 0.46449704142011833
2025-07-08 15:46:37,358 [INFO] [21] TRAIN | loss: 1.4134838088699009, acc: 0.665742024965326
2025-07-08 15:46:37,358 [INFO] [21] VALIDATION | acc: 0.46745562130177515
2025-07-08 15:46:40,250 [INFO] [22] TRAIN | loss: 1.3765348843906238, acc: 0.6761442441054092
2025-07-08 15:46:40,250 [INFO] [22] VALIDATION | acc: 0.5088757396449705
2025-07-08 15:46:43,121 [INFO] [23] TRAIN | loss: 1.3323791908181233, acc: 0.6796116504854369
2025-07-08 15:46:43,121 [INFO] [23] VALIDATION | acc: 0.5
2025-07-08 15:46:46,029 [INFO] [24] TRAIN | loss: 1.2255263380382373, acc: 0.717753120665742
2025-07-08 15:46:46,029 [INFO] [24] VALIDATION | acc: 0.5207100591715976
2025-07-08 15:46:48,922 [INFO] [25] TRAIN | loss: 1.1620466696179432, acc: 0.7295423023578363
2025-07-08 15:46:48,922 [INFO] [25] VALIDATION | acc: 0.5295857988165681
2025-07-08 15:46:51,763 [INFO] [26] TRAIN | loss: 1.1397879071857617, acc: 0.7295423023578363
2025-07-08 15:46:51,763 [INFO] [26] VALIDATION | acc: 0.5236686390532544
2025-07-08 15:46:54,631 [INFO] [27] TRAIN | loss: 1.0918550219224847, acc: 0.7343966712898752
2025-07-08 15:46:54,631 [INFO] [27] VALIDATION | acc: 0.5236686390532544
2025-07-08 15:46:57,522 [INFO] [28] TRAIN | loss: 1.0025956850984823, acc: 0.7662968099861304
2025-07-08 15:46:57,522 [INFO] [28] VALIDATION | acc: 0.5236686390532544
2025-07-08 15:47:00,429 [INFO] [29] TRAIN | loss: 0.9607565908328347, acc: 0.7815533980582524
2025-07-08 15:47:00,429 [INFO] [29] VALIDATION | acc: 0.5325443786982249
2025-07-08 15:47:03,361 [INFO] [30] TRAIN | loss: 0.9491301489912946, acc: 0.7836338418862691
2025-07-08 15:47:03,361 [INFO] [30] VALIDATION | acc: 0.5414201183431953
2025-07-08 15:47:06,247 [INFO] [31] TRAIN | loss: 0.8973376439965289, acc: 0.7995839112343966
2025-07-08 15:47:06,247 [INFO] [31] VALIDATION | acc: 0.5177514792899408
2025-07-08 15:47:09,258 [INFO] [32] TRAIN | loss: 0.9010835808256398, acc: 0.789875173370319
2025-07-08 15:47:09,259 [INFO] [32] VALIDATION | acc: 0.5650887573964497
2025-07-08 15:47:12,128 [INFO] [33] TRAIN | loss: 0.8351532745620479, acc: 0.8065187239944521
2025-07-08 15:47:12,128 [INFO] [33] VALIDATION | acc: 0.5266272189349113
2025-07-08 15:47:15,008 [INFO] [34] TRAIN | loss: 0.7859237777150195, acc: 0.8300970873786407
2025-07-08 15:47:15,008 [INFO] [34] VALIDATION | acc: 0.5502958579881657
2025-07-08 15:47:17,878 [INFO] [35] TRAIN | loss: 0.7831916634155356, acc: 0.8460471567267683
2025-07-08 15:47:17,878 [INFO] [35] VALIDATION | acc: 0.5621301775147929
2025-07-08 15:47:20,762 [INFO] [36] TRAIN | loss: 0.8052987935750381, acc: 0.826629680998613
2025-07-08 15:47:20,762 [INFO] [36] VALIDATION | acc: 0.5710059171597633
2025-07-08 15:47:23,636 [INFO] [37] TRAIN | loss: 0.6757194490536399, acc: 0.8585298196948682
2025-07-08 15:47:23,636 [INFO] [37] VALIDATION | acc: 0.5502958579881657
2025-07-08 15:47:26,500 [INFO] [38] TRAIN | loss: 0.6101419154716574, acc: 0.8765603328710125
2025-07-08 15:47:26,501 [INFO] [38] VALIDATION | acc: 0.5710059171597633
2025-07-08 15:47:29,370 [INFO] [39] TRAIN | loss: 0.5806152762278266, acc: 0.8904299583911235
2025-07-08 15:47:29,370 [INFO] [39] VALIDATION | acc: 0.5650887573964497
2025-07-08 15:47:32,219 [INFO] [40] TRAIN | loss: 0.587275175296742, acc: 0.8737864077669902
2025-07-08 15:47:32,219 [INFO] [40] VALIDATION | acc: 0.5650887573964497
2025-07-08 15:47:35,069 [INFO] [41] TRAIN | loss: 0.580392740342928, acc: 0.8807212205270458
2025-07-08 15:47:35,069 [INFO] [41] VALIDATION | acc: 0.5562130177514792
2025-07-08 15:47:37,984 [INFO] [42] TRAIN | loss: 0.5791120697622714, acc: 0.8876560332871013
2025-07-08 15:47:37,984 [INFO] [42] VALIDATION | acc: 0.5532544378698225
2025-07-08 15:47:40,871 [INFO] [43] TRAIN | loss: 0.5402770541284395, acc: 0.8932038834951457
2025-07-08 15:47:40,871 [INFO] [43] VALIDATION | acc: 0.591715976331361
2025-07-08 15:47:43,778 [INFO] [44] TRAIN | loss: 0.44923472566449124, acc: 0.912621359223301
2025-07-08 15:47:43,779 [INFO] [44] VALIDATION | acc: 0.6005917159763313
2025-07-08 15:47:46,654 [INFO] [45] TRAIN | loss: 0.44349071772202203, acc: 0.9195561719833565
2025-07-08 15:47:46,654 [INFO] [45] VALIDATION | acc: 0.5857988165680473
2025-07-08 15:47:49,532 [INFO] [46] TRAIN | loss: 0.41370627672775934, acc: 0.9216366158113731
2025-07-08 15:47:49,532 [INFO] [46] VALIDATION | acc: 0.5887573964497042
2025-07-08 15:47:52,371 [INFO] [47] TRAIN | loss: 0.4630481270344361, acc: 0.9112343966712899
2025-07-08 15:47:52,371 [INFO] [47] VALIDATION | acc: 0.5828402366863905
2025-07-08 15:47:55,208 [INFO] [48] TRAIN | loss: 0.5315885333263356, acc: 0.8918169209431346
2025-07-08 15:47:55,208 [INFO] [48] VALIDATION | acc: 0.5443786982248521
2025-07-08 15:47:58,050 [INFO] [49] TRAIN | loss: 0.4624952534618585, acc: 0.9056865464632455
2025-07-08 15:47:58,050 [INFO] [49] VALIDATION | acc: 0.591715976331361
2025-07-08 15:48:00,910 [INFO] [50] TRAIN | loss: 0.34957415157038235, acc: 0.9438280166435506
2025-07-08 15:48:00,910 [INFO] [50] VALIDATION | acc: 0.5887573964497042
2025-07-08 15:48:03,795 [INFO] [51] TRAIN | loss: 0.35556846095815947, acc: 0.9445214979195562
2025-07-08 15:48:03,795 [INFO] [51] VALIDATION | acc: 0.5887573964497042
2025-07-08 15:48:06,692 [INFO] [52] TRAIN | loss: 0.3080321770647298, acc: 0.955617198335645
2025-07-08 15:48:06,692 [INFO] [52] VALIDATION | acc: 0.606508875739645
2025-07-08 15:48:09,571 [INFO] [53] TRAIN | loss: 0.2967132793172546, acc: 0.9618585298196949
2025-07-08 15:48:09,571 [INFO] [53] VALIDATION | acc: 0.6035502958579881
2025-07-08 15:48:12,403 [INFO] [54] TRAIN | loss: 0.2761293024472568, acc: 0.9611650485436893
2025-07-08 15:48:12,403 [INFO] [54] VALIDATION | acc: 0.5887573964497042
2025-07-08 15:48:15,264 [INFO] [55] TRAIN | loss: 0.26657752206792, acc: 0.9680998613037448
2025-07-08 15:48:15,264 [INFO] [55] VALIDATION | acc: 0.606508875739645
2025-07-08 15:48:18,097 [INFO] [56] TRAIN | loss: 0.25712049801064574, acc: 0.9618585298196949
2025-07-08 15:48:18,097 [INFO] [56] VALIDATION | acc: 0.606508875739645
2025-07-08 15:48:20,965 [INFO] [57] TRAIN | loss: 0.24442727799000946, acc: 0.970873786407767
2025-07-08 15:48:20,965 [INFO] [57] VALIDATION | acc: 0.5976331360946746
2025-07-08 15:48:23,804 [INFO] [58] TRAIN | loss: 0.25650721318695857, acc: 0.9611650485436893
2025-07-08 15:48:23,804 [INFO] [58] VALIDATION | acc: 0.606508875739645
2025-07-08 15:48:26,653 [INFO] [59] TRAIN | loss: 0.2218405068244623, acc: 0.9771151178918169
2025-07-08 15:48:26,653 [INFO] [59] VALIDATION | acc: 0.5976331360946746
2025-07-08 15:48:29,479 [INFO] [60] TRAIN | loss: 0.21927856540550356, acc: 0.9736477115117892
2025-07-08 15:48:29,480 [INFO] [60] VALIDATION | acc: 0.6035502958579881
2025-07-08 15:48:32,303 [INFO] [61] TRAIN | loss: 0.20329744822305182, acc: 0.9743411927877947
2025-07-08 15:48:32,303 [INFO] [61] VALIDATION | acc: 0.5946745562130178
2025-07-08 15:48:35,184 [INFO] [62] TRAIN | loss: 0.2535297611485357, acc: 0.957004160887656
2025-07-08 15:48:35,184 [INFO] [62] VALIDATION | acc: 0.6035502958579881
2025-07-08 15:48:38,069 [INFO] [63] TRAIN | loss: 0.1906177689847739, acc: 0.9764216366158114
2025-07-08 15:48:38,069 [INFO] [63] VALIDATION | acc: 0.6301775147928994
2025-07-08 15:48:40,915 [INFO] [64] TRAIN | loss: 0.18021052071581717, acc: 0.9778085991678225
2025-07-08 15:48:40,915 [INFO] [64] VALIDATION | acc: 0.5887573964497042
2025-07-08 15:48:43,763 [INFO] [65] TRAIN | loss: 0.18066060624044875, acc: 0.9791955617198336
2025-07-08 15:48:43,763 [INFO] [65] VALIDATION | acc: 0.6094674556213018
2025-07-08 15:48:46,609 [INFO] [66] TRAIN | loss: 0.2117270114629165, acc: 0.9694868238557559
2025-07-08 15:48:46,609 [INFO] [66] VALIDATION | acc: 0.6183431952662722
2025-07-08 15:48:49,461 [INFO] [67] TRAIN | loss: 0.1802298382896444, acc: 0.9778085991678225
2025-07-08 15:48:49,461 [INFO] [67] VALIDATION | acc: 0.5976331360946746
2025-07-08 15:48:52,325 [INFO] [68] TRAIN | loss: 0.16604261181276778, acc: 0.9805825242718447
2025-07-08 15:48:52,326 [INFO] [68] VALIDATION | acc: 0.6183431952662722
2025-07-08 15:48:55,199 [INFO] [69] TRAIN | loss: 0.16296185310120168, acc: 0.9833564493758669
2025-07-08 15:48:55,199 [INFO] [69] VALIDATION | acc: 0.6183431952662722
2025-07-08 15:48:58,084 [INFO] [70] TRAIN | loss: 0.14675249313206776, acc: 0.9854368932038835
2025-07-08 15:48:58,084 [INFO] [70] VALIDATION | acc: 0.6005917159763313
2025-07-08 15:49:00,982 [INFO] [71] TRAIN | loss: 0.13866593623938767, acc: 0.986130374479889
2025-07-08 15:49:00,982 [INFO] [71] VALIDATION | acc: 0.6272189349112426
2025-07-08 15:49:03,890 [INFO] [72] TRAIN | loss: 0.13006859718133573, acc: 0.9868238557558946
2025-07-08 15:49:03,890 [INFO] [72] VALIDATION | acc: 0.6124260355029586
2025-07-08 15:49:06,777 [INFO] [73] TRAIN | loss: 0.13079025596380234, acc: 0.9854368932038835
2025-07-08 15:49:06,777 [INFO] [73] VALIDATION | acc: 0.6242603550295858
2025-07-08 15:49:09,624 [INFO] [74] TRAIN | loss: 0.12793623206570096, acc: 0.9854368932038835
2025-07-08 15:49:09,624 [INFO] [74] VALIDATION | acc: 0.6183431952662722
2025-07-08 15:49:12,518 [INFO] [75] TRAIN | loss: 0.11898207729277403, acc: 0.9889042995839112
2025-07-08 15:49:12,518 [INFO] [75] VALIDATION | acc: 0.6183431952662722
2025-07-08 15:49:15,380 [INFO] [76] TRAIN | loss: 0.11570157402235529, acc: 0.9882108183079057
2025-07-08 15:49:15,380 [INFO] [76] VALIDATION | acc: 0.6183431952662722
2025-07-08 15:49:18,217 [INFO] [77] TRAIN | loss: 0.11094333960310272, acc: 0.9882108183079057
2025-07-08 15:49:18,217 [INFO] [77] VALIDATION | acc: 0.6242603550295858
2025-07-08 15:49:21,109 [INFO] [78] TRAIN | loss: 0.10841362842399141, acc: 0.9902912621359223
2025-07-08 15:49:21,109 [INFO] [78] VALIDATION | acc: 0.6301775147928994
2025-07-08 15:49:23,990 [INFO] [79] TRAIN | loss: 0.10790952619003213, acc: 0.9909847434119279
2025-07-08 15:49:23,990 [INFO] [79] VALIDATION | acc: 0.621301775147929
2025-07-08 15:49:26,826 [INFO] [80] TRAIN | loss: 0.11243778855904289, acc: 0.9909847434119279
2025-07-08 15:49:26,826 [INFO] [80] VALIDATION | acc: 0.6301775147928994
2025-07-08 15:49:29,662 [INFO] [81] TRAIN | loss: 0.10995981145812117, acc: 0.9902912621359223
2025-07-08 15:49:29,662 [INFO] [81] VALIDATION | acc: 0.6124260355029586
2025-07-08 15:49:32,565 [INFO] [82] TRAIN | loss: 0.09739669558146725, acc: 0.9916782246879334
2025-07-08 15:49:32,565 [INFO] [82] VALIDATION | acc: 0.6242603550295858
2025-07-08 15:49:35,447 [INFO] [83] TRAIN | loss: 0.09653605998534223, acc: 0.9909847434119279
2025-07-08 15:49:35,448 [INFO] [83] VALIDATION | acc: 0.6272189349112426
2025-07-08 15:49:38,280 [INFO] [84] TRAIN | loss: 0.09827294006295827, acc: 0.9909847434119279
2025-07-08 15:49:38,280 [INFO] [84] VALIDATION | acc: 0.6183431952662722
2025-07-08 15:49:41,136 [INFO] [85] TRAIN | loss: 0.0937266651864933, acc: 0.9895977808599168
2025-07-08 15:49:41,136 [INFO] [85] VALIDATION | acc: 0.6183431952662722
2025-07-08 15:49:44,000 [INFO] [86] TRAIN | loss: 0.09185440587284772, acc: 0.9930651872399445
2025-07-08 15:49:44,000 [INFO] [86] VALIDATION | acc: 0.6242603550295858
2025-07-08 15:49:46,879 [INFO] [87] TRAIN | loss: 0.08699689019957314, acc: 0.9909847434119279
2025-07-08 15:49:46,879 [INFO] [87] VALIDATION | acc: 0.636094674556213
2025-07-08 15:49:49,724 [INFO] [88] TRAIN | loss: 0.08764473535120487, acc: 0.9916782246879334
2025-07-08 15:49:49,724 [INFO] [88] VALIDATION | acc: 0.6183431952662722
2025-07-08 15:49:52,568 [INFO] [89] TRAIN | loss: 0.08690999683154665, acc: 0.9916782246879334
2025-07-08 15:49:52,568 [INFO] [89] VALIDATION | acc: 0.6242603550295858
2025-07-08 15:49:55,403 [INFO] [90] TRAIN | loss: 0.08176971579213506, acc: 0.9930651872399445
2025-07-08 15:49:55,403 [INFO] [90] VALIDATION | acc: 0.6124260355029586
2025-07-08 15:49:58,248 [INFO] [91] TRAIN | loss: 0.08000034223432126, acc: 0.9916782246879334
2025-07-08 15:49:58,248 [INFO] [91] VALIDATION | acc: 0.621301775147929
2025-07-08 15:50:01,133 [INFO] [92] TRAIN | loss: 0.07999963499605656, acc: 0.992371705963939
2025-07-08 15:50:01,133 [INFO] [92] VALIDATION | acc: 0.6153846153846154
2025-07-08 15:50:04,019 [INFO] [93] TRAIN | loss: 0.08459802295850671, acc: 0.9916782246879334
2025-07-08 15:50:04,020 [INFO] [93] VALIDATION | acc: 0.6301775147928994
2025-07-08 15:50:06,873 [INFO] [94] TRAIN | loss: 0.07704912458101044, acc: 0.9916782246879334
2025-07-08 15:50:06,874 [INFO] [94] VALIDATION | acc: 0.6153846153846154
2025-07-08 15:50:09,723 [INFO] [95] TRAIN | loss: 0.07654718665973, acc: 0.9916782246879334
2025-07-08 15:50:09,723 [INFO] [95] VALIDATION | acc: 0.621301775147929
2025-07-08 15:50:12,568 [INFO] [96] TRAIN | loss: 0.07091330801663191, acc: 0.992371705963939
2025-07-08 15:50:12,568 [INFO] [96] VALIDATION | acc: 0.6124260355029586
2025-07-08 15:50:15,401 [INFO] [97] TRAIN | loss: 0.06918722739362199, acc: 0.992371705963939
2025-07-08 15:50:15,402 [INFO] [97] VALIDATION | acc: 0.6242603550295858
2025-07-08 15:50:18,227 [INFO] [98] TRAIN | loss: 0.0695883828498747, acc: 0.992371705963939
2025-07-08 15:50:18,227 [INFO] [98] VALIDATION | acc: 0.6301775147928994
2025-07-08 15:50:21,112 [INFO] [99] TRAIN | loss: 0.06828986173090727, acc: 0.9916782246879334
2025-07-08 15:50:21,112 [INFO] [99] VALIDATION | acc: 0.6390532544378699
2025-07-08 15:50:23,970 [INFO] [100] TRAIN | loss: 0.06774367805084457, acc: 0.992371705963939
2025-07-08 15:50:23,970 [INFO] [100] VALIDATION | acc: 0.6331360946745562
2025-07-08 15:50:23,970 [INFO] Testing checkpointed models starting...

2025-07-08 15:50:25,431 [INFO] checkpoint_t0  ->  0.0
2025-07-08 15:50:26,860 [INFO] checkpoint_t1  ->  0.40310077519379844
2025-07-08 15:50:28,263 [INFO] checkpoint_v1  ->  0.40310077519379844
2025-07-08 15:50:30,508 [INFO] checkpoint_t2  ->  0.4689922480620155
2025-07-08 15:50:36,268 [INFO] checkpoint_v2  ->  0.4844961240310077
2025-07-08 15:50:42,061 [INFO] checkpoint_t3  ->  0.5348837209302325
2025-07-08 15:50:47,820 [INFO] checkpoint_v3  ->  0.5271317829457365
2025-07-08 15:50:53,560 [INFO] checkpoint_t4  ->  0.5930232558139535
2025-07-08 15:50:59,147 [INFO] checkpoint_v4  ->  0.5465116279069767
2025-07-08 15:51:04,744 [INFO] checkpoint_t5  ->  0.5465116279069767
2025-07-08 15:51:09,997 [INFO] checkpoint_v5  ->  0.5542635658914729
2025-07-08 15:51:15,826 [INFO] checkpoint_t6  ->  0.6124031007751938
2025-07-08 15:51:20,866 [INFO] checkpoint_v6  ->  0.5658914728682171
2025-07-08 15:51:26,600 [INFO] checkpoint_t7  ->  0.5930232558139535
2025-07-08 15:51:31,896 [INFO] checkpoint_v7  ->  0.6007751937984496
2025-07-08 15:51:37,614 [INFO] checkpoint_t8  ->  0.5813953488372093
2025-07-08 15:51:42,926 [INFO] checkpoint_v8  ->  0.624031007751938
2025-07-08 15:51:48,409 [INFO] checkpoint_t9  ->  0.5813953488372093
2025-07-08 15:51:54,122 [INFO] checkpoint_v9  ->  0.5852713178294574
2025-07-08 15:51:59,546 [INFO] checkpoint_t10  ->  0.5968992248062015
2025-07-08 15:52:05,286 [INFO] checkpoint_v10  ->  0.5891472868217055
2025-07-08 15:52:05,286 [INFO] 
=======================================
2025-07-08 15:52:05,286 [INFO] The best testing checkpoint: encoder_hand_angles_fs1_pad_truncate/checkpoint_v_8:
2025-07-08 15:52:05,286 [INFO]    Testing accuracy: 0.624
2025-07-08 15:52:05,286 [INFO]    Macro F1 score: 0.602
2025-07-08 15:52:05,286 [INFO]    Weighted F1 score: 0.604
2025-07-08 15:52:05,286 [INFO]    Total trainable parameters: 10,220,404
2025-07-08 15:52:05,287 [INFO]    Elapsed time: 389.21 sec
2025-07-08 15:52:05,287 [INFO] ----------------Config information----------------------- 
2025-07-08 15:52:05,287 [INFO]  - Experiment Args: {'dataset': 'WLASL100', 'features': 'HAND_ANGLES', 'include_blendshapes': 0, 'fs': 1, 'feature_padding_mode': 'truncate', 'num_classes': 100, 'model': 'encoder', 'mediapipe_holistic': True, 'dim': 312, 'heads': 8, 'n_layers': 6, 'PE': 0, 'pad': 'True', 'clip_weights': 0, 'clip_gradients': 0, 'opt': 'SGD', 'sgd_momentum': 0.9, 'scheduler': 'cosine', 'bs': 32, 'epochs': 100, 'lr': '1e-03', 'logfreq': 1, 'checkpoints': True}
2025-07-08 15:52:05,380 [INFO] 
Any desired statistics have been plotted.
The experiment is finished.
