2025-07-08 20:35:28,762 [INFO] [INFO] Starting experiment encoder_pose_landmarks_fs1_bs1...


2025-07-08 20:35:30,301 [INFO] [1] TRAIN | loss: 4.772957356079765, acc: 0.013176144244105409
2025-07-08 20:35:30,301 [INFO] [1] VALIDATION | acc: 0.020710059171597635
2025-07-08 20:35:31,645 [INFO] [2] TRAIN | loss: 4.743469165719074, acc: 0.012482662968099861
2025-07-08 20:35:31,645 [INFO] [2] VALIDATION | acc: 0.014792899408284023
2025-07-08 20:35:32,990 [INFO] [3] TRAIN | loss: 4.692003861717556, acc: 0.014563106796116505
2025-07-08 20:35:32,990 [INFO] [3] VALIDATION | acc: 0.008875739644970414
2025-07-08 20:35:34,360 [INFO] [4] TRAIN | loss: 4.660628121832143, acc: 0.019417475728155338
2025-07-08 20:35:34,360 [INFO] [4] VALIDATION | acc: 0.020710059171597635
2025-07-08 20:35:35,715 [INFO] [5] TRAIN | loss: 4.626182214073513, acc: 0.022191400832177532
2025-07-08 20:35:35,715 [INFO] [5] VALIDATION | acc: 0.020710059171597635
2025-07-08 20:35:37,100 [INFO] [6] TRAIN | loss: 4.607214036195175, acc: 0.02288488210818308
2025-07-08 20:35:37,100 [INFO] [6] VALIDATION | acc: 0.023668639053254437
2025-07-08 20:35:38,454 [INFO] [7] TRAIN | loss: 4.596674556317537, acc: 0.02565880721220527
2025-07-08 20:35:38,454 [INFO] [7] VALIDATION | acc: 0.01775147928994083
2025-07-08 20:35:39,822 [INFO] [8] TRAIN | loss: 4.568426754163659, acc: 0.028432732316227463
2025-07-08 20:35:39,822 [INFO] [8] VALIDATION | acc: 0.020710059171597635
2025-07-08 20:35:41,191 [INFO] [9] TRAIN | loss: 4.541755023209945, acc: 0.020804438280166437
2025-07-08 20:35:41,191 [INFO] [9] VALIDATION | acc: 0.01775147928994083
2025-07-08 20:35:42,543 [INFO] [10] TRAIN | loss: 4.4906432732291846, acc: 0.03814147018030513
2025-07-08 20:35:42,543 [INFO] [10] VALIDATION | acc: 0.026627218934911243
2025-07-08 20:35:43,943 [INFO] [11] TRAIN | loss: 4.427913987118265, acc: 0.04299583911234397
2025-07-08 20:35:43,944 [INFO] [11] VALIDATION | acc: 0.038461538461538464
2025-07-08 20:35:45,322 [INFO] [12] TRAIN | loss: 4.347291262253471, acc: 0.052011095700416086
2025-07-08 20:35:45,322 [INFO] [12] VALIDATION | acc: 0.038461538461538464
2025-07-08 20:35:46,682 [INFO] [13] TRAIN | loss: 4.297160262646883, acc: 0.049237170596393896
2025-07-08 20:35:46,682 [INFO] [13] VALIDATION | acc: 0.047337278106508875
2025-07-08 20:35:48,054 [INFO] [14] TRAIN | loss: 4.166949505391329, acc: 0.0651872399445215
2025-07-08 20:35:48,054 [INFO] [14] VALIDATION | acc: 0.04142011834319527
2025-07-08 20:35:49,423 [INFO] [15] TRAIN | loss: 4.1242642920950185, acc: 0.06171983356449376
2025-07-08 20:35:49,423 [INFO] [15] VALIDATION | acc: 0.05621301775147929
2025-07-08 20:35:50,783 [INFO] [16] TRAIN | loss: 4.065167862436046, acc: 0.07489597780859916
2025-07-08 20:35:50,783 [INFO] [16] VALIDATION | acc: 0.05621301775147929
2025-07-08 20:35:52,142 [INFO] [17] TRAIN | loss: 4.008279396140057, acc: 0.08321775312066575
2025-07-08 20:35:52,142 [INFO] [17] VALIDATION | acc: 0.05325443786982249
2025-07-08 20:35:53,497 [INFO] [18] TRAIN | loss: 3.940183515134065, acc: 0.09431345353675451
2025-07-08 20:35:53,497 [INFO] [18] VALIDATION | acc: 0.05917159763313609
2025-07-08 20:35:54,847 [INFO] [19] TRAIN | loss: 3.909380099047785, acc: 0.09431345353675451
2025-07-08 20:35:54,847 [INFO] [19] VALIDATION | acc: 0.05621301775147929
2025-07-08 20:35:56,195 [INFO] [20] TRAIN | loss: 3.8573801517486572, acc: 0.10540915395284327
2025-07-08 20:35:56,195 [INFO] [20] VALIDATION | acc: 0.0621301775147929
2025-07-08 20:35:57,565 [INFO] [21] TRAIN | loss: 3.821598731953165, acc: 0.1144244105409154
2025-07-08 20:35:57,565 [INFO] [21] VALIDATION | acc: 0.0621301775147929
2025-07-08 20:35:58,956 [INFO] [22] TRAIN | loss: 3.736522368762804, acc: 0.13384188626907073
2025-07-08 20:35:58,956 [INFO] [22] VALIDATION | acc: 0.07396449704142012
2025-07-08 20:36:00,303 [INFO] [23] TRAIN | loss: 3.6662924082382866, acc: 0.12482662968099861
2025-07-08 20:36:00,303 [INFO] [23] VALIDATION | acc: 0.09171597633136094
2025-07-08 20:36:01,644 [INFO] [24] TRAIN | loss: 3.659630941308063, acc: 0.14424410540915394
2025-07-08 20:36:01,644 [INFO] [24] VALIDATION | acc: 0.09171597633136094
2025-07-08 20:36:02,973 [INFO] [25] TRAIN | loss: 3.6253554561863774, acc: 0.13800277392510402
2025-07-08 20:36:02,973 [INFO] [25] VALIDATION | acc: 0.07988165680473373
2025-07-08 20:36:04,322 [INFO] [26] TRAIN | loss: 3.5399728650632114, acc: 0.15187239944521497
2025-07-08 20:36:04,322 [INFO] [26] VALIDATION | acc: 0.10946745562130178
2025-07-08 20:36:05,660 [INFO] [27] TRAIN | loss: 3.4592124482859736, acc: 0.16712898751733704
2025-07-08 20:36:05,660 [INFO] [27] VALIDATION | acc: 0.10650887573964497
2025-07-08 20:36:06,995 [INFO] [28] TRAIN | loss: 3.4303956083629443, acc: 0.17337031900138697
2025-07-08 20:36:06,995 [INFO] [28] VALIDATION | acc: 0.09171597633136094
2025-07-08 20:36:08,334 [INFO] [29] TRAIN | loss: 3.4098201730976934, acc: 0.18307905686546463
2025-07-08 20:36:08,334 [INFO] [29] VALIDATION | acc: 0.09763313609467456
2025-07-08 20:36:09,665 [INFO] [30] TRAIN | loss: 3.4022252093190732, acc: 0.180998613037448
2025-07-08 20:36:09,665 [INFO] [30] VALIDATION | acc: 0.08579881656804733
2025-07-08 20:36:11,019 [INFO] [31] TRAIN | loss: 3.3480702483135723, acc: 0.1927877947295423
2025-07-08 20:36:11,019 [INFO] [31] VALIDATION | acc: 0.11834319526627218
2025-07-08 20:36:12,377 [INFO] [32] TRAIN | loss: 3.2822328650433086, acc: 0.20527045769764216
2025-07-08 20:36:12,377 [INFO] [32] VALIDATION | acc: 0.07988165680473373
2025-07-08 20:36:13,713 [INFO] [33] TRAIN | loss: 3.2925234048262886, acc: 0.20388349514563106
2025-07-08 20:36:13,713 [INFO] [33] VALIDATION | acc: 0.09763313609467456
2025-07-08 20:36:15,076 [INFO] [34] TRAIN | loss: 3.202030793480251, acc: 0.21567267683772537
2025-07-08 20:36:15,076 [INFO] [34] VALIDATION | acc: 0.10946745562130178
2025-07-08 20:36:16,433 [INFO] [35] TRAIN | loss: 3.1225364208221436, acc: 0.24549237170596394
2025-07-08 20:36:16,433 [INFO] [35] VALIDATION | acc: 0.11834319526627218
2025-07-08 20:36:17,762 [INFO] [36] TRAIN | loss: 3.14680844804515, acc: 0.23994452149791956
2025-07-08 20:36:17,762 [INFO] [36] VALIDATION | acc: 0.10946745562130178
2025-07-08 20:36:19,112 [INFO] [37] TRAIN | loss: 3.0617285863212915, acc: 0.25589459084604715
2025-07-08 20:36:19,112 [INFO] [37] VALIDATION | acc: 0.10059171597633136
2025-07-08 20:36:20,456 [INFO] [38] TRAIN | loss: 3.048310238382091, acc: 0.24757281553398058
2025-07-08 20:36:20,456 [INFO] [38] VALIDATION | acc: 0.10650887573964497
2025-07-08 20:36:21,816 [INFO] [39] TRAIN | loss: 3.0514691860779473, acc: 0.27947295423023577
2025-07-08 20:36:21,816 [INFO] [39] VALIDATION | acc: 0.1242603550295858
2025-07-08 20:36:23,157 [INFO] [40] TRAIN | loss: 2.933001108791517, acc: 0.28779472954230234
2025-07-08 20:36:23,157 [INFO] [40] VALIDATION | acc: 0.10946745562130178
2025-07-08 20:36:24,480 [INFO] [41] TRAIN | loss: 2.951395755228789, acc: 0.27739251040221913
2025-07-08 20:36:24,480 [INFO] [41] VALIDATION | acc: 0.1390532544378698
2025-07-08 20:36:25,814 [INFO] [42] TRAIN | loss: 2.861125717992368, acc: 0.3120665742024965
2025-07-08 20:36:25,814 [INFO] [42] VALIDATION | acc: 0.11242603550295859
2025-07-08 20:36:27,149 [INFO] [43] TRAIN | loss: 2.903609970341558, acc: 0.2871012482662968
2025-07-08 20:36:27,149 [INFO] [43] VALIDATION | acc: 0.11834319526627218
2025-07-08 20:36:28,491 [INFO] [44] TRAIN | loss: 2.832946056905, acc: 0.3217753120665742
2025-07-08 20:36:28,491 [INFO] [44] VALIDATION | acc: 0.11834319526627218
2025-07-08 20:36:29,841 [INFO] [45] TRAIN | loss: 2.7660522409107373, acc: 0.3342579750346741
2025-07-08 20:36:29,841 [INFO] [45] VALIDATION | acc: 0.13313609467455623
2025-07-08 20:36:31,159 [INFO] [46] TRAIN | loss: 2.734310720277869, acc: 0.332871012482663
2025-07-08 20:36:31,159 [INFO] [46] VALIDATION | acc: 0.12721893491124261
2025-07-08 20:36:32,546 [INFO] [47] TRAIN | loss: 2.7149105590322744, acc: 0.3377253814147018
2025-07-08 20:36:32,546 [INFO] [47] VALIDATION | acc: 0.1242603550295858
2025-07-08 20:36:33,868 [INFO] [48] TRAIN | loss: 2.6978557576303897, acc: 0.3356449375866852
2025-07-08 20:36:33,868 [INFO] [48] VALIDATION | acc: 0.10946745562130178
2025-07-08 20:36:35,226 [INFO] [49] TRAIN | loss: 2.6992951320565264, acc: 0.32940360610263525
2025-07-08 20:36:35,226 [INFO] [49] VALIDATION | acc: 0.10946745562130178
2025-07-08 20:36:36,557 [INFO] [50] TRAIN | loss: 2.648967224618663, acc: 0.3654646324549237
2025-07-08 20:36:36,557 [INFO] [50] VALIDATION | acc: 0.11538461538461539
2025-07-08 20:36:37,886 [INFO] [51] TRAIN | loss: 2.5831320596777876, acc: 0.3682385575589459
2025-07-08 20:36:37,886 [INFO] [51] VALIDATION | acc: 0.12130177514792899
2025-07-08 20:36:39,229 [INFO] [52] TRAIN | loss: 2.592850431152012, acc: 0.34535367545076284
2025-07-08 20:36:39,229 [INFO] [52] VALIDATION | acc: 0.14201183431952663
2025-07-08 20:36:40,557 [INFO] [53] TRAIN | loss: 2.5023452302683955, acc: 0.38626907073509015
2025-07-08 20:36:40,557 [INFO] [53] VALIDATION | acc: 0.11242603550295859
2025-07-08 20:36:41,913 [INFO] [54] TRAIN | loss: 2.543525597323542, acc: 0.37447988904299584
2025-07-08 20:36:41,913 [INFO] [54] VALIDATION | acc: 0.13609467455621302
2025-07-08 20:36:43,258 [INFO] [55] TRAIN | loss: 2.387062632519266, acc: 0.41678224687933424
2025-07-08 20:36:43,258 [INFO] [55] VALIDATION | acc: 0.1301775147928994
2025-07-08 20:36:44,593 [INFO] [56] TRAIN | loss: 2.343853896078856, acc: 0.4320388349514563
2025-07-08 20:36:44,593 [INFO] [56] VALIDATION | acc: 0.15088757396449703
2025-07-08 20:36:45,941 [INFO] [57] TRAIN | loss: 2.3172366878260737, acc: 0.4251040221914008
2025-07-08 20:36:45,941 [INFO] [57] VALIDATION | acc: 0.1301775147928994
2025-07-08 20:36:47,266 [INFO] [58] TRAIN | loss: 2.306216950001924, acc: 0.43619972260748957
2025-07-08 20:36:47,266 [INFO] [58] VALIDATION | acc: 0.15088757396449703
2025-07-08 20:36:48,609 [INFO] [59] TRAIN | loss: 2.2615175247192383, acc: 0.441747572815534
2025-07-08 20:36:48,609 [INFO] [59] VALIDATION | acc: 0.14497041420118342
2025-07-08 20:36:50,024 [INFO] [60] TRAIN | loss: 2.2777297574540842, acc: 0.44382801664355065
2025-07-08 20:36:50,025 [INFO] [60] VALIDATION | acc: 0.15088757396449703
2025-07-08 20:36:51,360 [INFO] [61] TRAIN | loss: 2.2195344100827756, acc: 0.4576976421636616
2025-07-08 20:36:51,360 [INFO] [61] VALIDATION | acc: 0.14792899408284024
2025-07-08 20:36:52,708 [INFO] [62] TRAIN | loss: 2.1499363520871038, acc: 0.48613037447988905
2025-07-08 20:36:52,708 [INFO] [62] VALIDATION | acc: 0.13313609467455623
2025-07-08 20:36:54,058 [INFO] [63] TRAIN | loss: 2.142034274080525, acc: 0.4722607489597781
2025-07-08 20:36:54,058 [INFO] [63] VALIDATION | acc: 0.15680473372781065
2025-07-08 20:36:55,387 [INFO] [64] TRAIN | loss: 2.1516757374224453, acc: 0.4798890429958391
2025-07-08 20:36:55,387 [INFO] [64] VALIDATION | acc: 0.1390532544378698
2025-07-08 20:36:56,731 [INFO] [65] TRAIN | loss: 2.1269110622613328, acc: 0.49167822468793343
2025-07-08 20:36:56,731 [INFO] [65] VALIDATION | acc: 0.1390532544378698
2025-07-08 20:36:58,068 [INFO] [66] TRAIN | loss: 2.0642210607943325, acc: 0.49029126213592233
2025-07-08 20:36:58,068 [INFO] [66] VALIDATION | acc: 0.1390532544378698
2025-07-08 20:36:59,418 [INFO] [67] TRAIN | loss: 2.0287472527960073, acc: 0.5187239944521498
2025-07-08 20:36:59,418 [INFO] [67] VALIDATION | acc: 0.15976331360946747
2025-07-08 20:37:00,761 [INFO] [68] TRAIN | loss: 2.021161219348078, acc: 0.513869625520111
2025-07-08 20:37:00,762 [INFO] [68] VALIDATION | acc: 0.16568047337278108
2025-07-08 20:37:02,088 [INFO] [69] TRAIN | loss: 1.98498876457629, acc: 0.513869625520111
2025-07-08 20:37:02,088 [INFO] [69] VALIDATION | acc: 0.15976331360946747
2025-07-08 20:37:03,410 [INFO] [70] TRAIN | loss: 2.0869404751321543, acc: 0.4868238557558946
2025-07-08 20:37:03,411 [INFO] [70] VALIDATION | acc: 0.16272189349112426
2025-07-08 20:37:04,747 [INFO] [71] TRAIN | loss: 1.9444786673006804, acc: 0.5332871012482663
2025-07-08 20:37:04,747 [INFO] [71] VALIDATION | acc: 0.15976331360946747
2025-07-08 20:37:06,097 [INFO] [72] TRAIN | loss: 2.0003757269486138, acc: 0.492371705963939
2025-07-08 20:37:06,098 [INFO] [72] VALIDATION | acc: 0.15088757396449703
2025-07-08 20:37:07,454 [INFO] [73] TRAIN | loss: 1.8765009356581646, acc: 0.5312066574202496
2025-07-08 20:37:07,454 [INFO] [73] VALIDATION | acc: 0.15680473372781065
2025-07-08 20:37:08,802 [INFO] [74] TRAIN | loss: 1.8026773307634436, acc: 0.5748959778085991
2025-07-08 20:37:08,802 [INFO] [74] VALIDATION | acc: 0.15680473372781065
2025-07-08 20:37:10,147 [INFO] [75] TRAIN | loss: 1.7580493351687556, acc: 0.5693481276005548
2025-07-08 20:37:10,147 [INFO] [75] VALIDATION | acc: 0.16568047337278108
2025-07-08 20:37:11,497 [INFO] [76] TRAIN | loss: 1.7117283836654995, acc: 0.59500693481276
2025-07-08 20:37:11,497 [INFO] [76] VALIDATION | acc: 0.17751479289940827
2025-07-08 20:37:12,845 [INFO] [77] TRAIN | loss: 1.70458752176036, acc: 0.6033287101248266
2025-07-08 20:37:12,845 [INFO] [77] VALIDATION | acc: 0.15384615384615385
2025-07-08 20:37:14,182 [INFO] [78] TRAIN | loss: 1.7643912149512249, acc: 0.573509015256588
2025-07-08 20:37:14,182 [INFO] [78] VALIDATION | acc: 0.15976331360946747
2025-07-08 20:37:15,505 [INFO] [79] TRAIN | loss: 1.7243641770404319, acc: 0.5818307905686546
2025-07-08 20:37:15,505 [INFO] [79] VALIDATION | acc: 0.15088757396449703
2025-07-08 20:37:16,845 [INFO] [80] TRAIN | loss: 1.6966302913168203, acc: 0.6067961165048543
2025-07-08 20:37:16,846 [INFO] [80] VALIDATION | acc: 0.15976331360946747
2025-07-08 20:37:18,176 [INFO] [81] TRAIN | loss: 1.577225034651549, acc: 0.6380027739251041
2025-07-08 20:37:18,176 [INFO] [81] VALIDATION | acc: 0.16568047337278108
2025-07-08 20:37:19,533 [INFO] [82] TRAIN | loss: 1.5784211547478386, acc: 0.6255201109570042
2025-07-08 20:37:19,534 [INFO] [82] VALIDATION | acc: 0.1863905325443787
2025-07-08 20:37:20,877 [INFO] [83] TRAIN | loss: 1.5074432673661604, acc: 0.6560332871012483
2025-07-08 20:37:20,877 [INFO] [83] VALIDATION | acc: 0.1834319526627219
2025-07-08 20:37:22,213 [INFO] [84] TRAIN | loss: 1.5600198144498079, acc: 0.6151178918169209
2025-07-08 20:37:22,213 [INFO] [84] VALIDATION | acc: 0.17455621301775148
2025-07-08 20:37:23,549 [INFO] [85] TRAIN | loss: 1.4890570588733838, acc: 0.6428571428571429
2025-07-08 20:37:23,549 [INFO] [85] VALIDATION | acc: 0.17455621301775148
2025-07-08 20:37:24,899 [INFO] [86] TRAIN | loss: 1.423735569352689, acc: 0.6740638002773925
2025-07-08 20:37:24,899 [INFO] [86] VALIDATION | acc: 0.17455621301775148
2025-07-08 20:37:26,246 [INFO] [87] TRAIN | loss: 1.4801488078158835, acc: 0.6761442441054092
2025-07-08 20:37:26,246 [INFO] [87] VALIDATION | acc: 0.1804733727810651
2025-07-08 20:37:27,587 [INFO] [88] TRAIN | loss: 1.4058739335640618, acc: 0.6796116504854369
2025-07-08 20:37:27,587 [INFO] [88] VALIDATION | acc: 0.1834319526627219
2025-07-08 20:37:28,946 [INFO] [89] TRAIN | loss: 1.3890743514765864, acc: 0.6844660194174758
2025-07-08 20:37:28,946 [INFO] [89] VALIDATION | acc: 0.16272189349112426
2025-07-08 20:37:30,289 [INFO] [90] TRAIN | loss: 1.3399001178534136, acc: 0.7004160887656034
2025-07-08 20:37:30,289 [INFO] [90] VALIDATION | acc: 0.17751479289940827
2025-07-08 20:37:31,634 [INFO] [91] TRAIN | loss: 1.3241499921549922, acc: 0.7108183079056866
2025-07-08 20:37:31,634 [INFO] [91] VALIDATION | acc: 0.17455621301775148
2025-07-08 20:37:32,989 [INFO] [92] TRAIN | loss: 1.3596961640793344, acc: 0.680998613037448
2025-07-08 20:37:32,989 [INFO] [92] VALIDATION | acc: 0.1893491124260355
2025-07-08 20:37:34,342 [INFO] [93] TRAIN | loss: 1.29422483496044, acc: 0.7038834951456311
2025-07-08 20:37:34,342 [INFO] [93] VALIDATION | acc: 0.1834319526627219
2025-07-08 20:37:35,688 [INFO] [94] TRAIN | loss: 1.215169342963592, acc: 0.7364771151178918
2025-07-08 20:37:35,689 [INFO] [94] VALIDATION | acc: 0.1834319526627219
2025-07-08 20:37:37,051 [INFO] [95] TRAIN | loss: 1.1575203045554783, acc: 0.7545076282940361
2025-07-08 20:37:37,051 [INFO] [95] VALIDATION | acc: 0.19230769230769232
2025-07-08 20:37:38,384 [INFO] [96] TRAIN | loss: 1.1622396746407384, acc: 0.7413314840499307
2025-07-08 20:37:38,384 [INFO] [96] VALIDATION | acc: 0.1863905325443787
2025-07-08 20:37:39,721 [INFO] [97] TRAIN | loss: 1.1617658928684567, acc: 0.7489597780859917
2025-07-08 20:37:39,721 [INFO] [97] VALIDATION | acc: 0.17751479289940827
2025-07-08 20:37:41,076 [INFO] [98] TRAIN | loss: 1.0989490216192992, acc: 0.7884882108183079
2025-07-08 20:37:41,076 [INFO] [98] VALIDATION | acc: 0.15976331360946747
2025-07-08 20:37:42,402 [INFO] [99] TRAIN | loss: 1.1178158988123355, acc: 0.782246879334258
2025-07-08 20:37:42,402 [INFO] [99] VALIDATION | acc: 0.16863905325443787
2025-07-08 20:37:43,729 [INFO] [100] TRAIN | loss: 1.11442554904067, acc: 0.7739251040221914
2025-07-08 20:37:43,729 [INFO] [100] VALIDATION | acc: 0.19230769230769232
2025-07-08 20:37:43,729 [INFO] Testing checkpointed models starting...

2025-07-08 20:37:44,784 [INFO] checkpoint_t0  ->  0.04263565891472868
2025-07-08 20:37:45,822 [INFO] checkpoint_v0  ->  0.04263565891472868
2025-07-08 20:37:46,832 [INFO] checkpoint_t1  ->  0.07751937984496124
2025-07-08 20:37:47,863 [INFO] checkpoint_v1  ->  0.06589147286821706
2025-07-08 20:37:50,067 [INFO] checkpoint_t2  ->  0.10077519379844961
2025-07-08 20:37:54,107 [INFO] checkpoint_v2  ->  0.10077519379844961
2025-07-08 20:37:57,880 [INFO] checkpoint_t3  ->  0.09689922480620156
2025-07-08 20:38:01,725 [INFO] checkpoint_v3  ->  0.1124031007751938
2025-07-08 20:38:05,800 [INFO] checkpoint_t4  ->  0.13953488372093023
2025-07-08 20:38:09,577 [INFO] checkpoint_v4  ->  0.14728682170542637
2025-07-08 20:38:13,506 [INFO] checkpoint_t5  ->  0.13178294573643412
2025-07-08 20:38:17,591 [INFO] checkpoint_v5  ->  0.09689922480620156
2025-07-08 20:38:21,509 [INFO] checkpoint_t6  ->  0.15891472868217055
2025-07-08 20:38:25,324 [INFO] checkpoint_v6  ->  0.15891472868217055
2025-07-08 20:38:29,483 [INFO] checkpoint_t7  ->  0.15503875968992248
2025-07-08 20:38:33,663 [INFO] checkpoint_v7  ->  0.17829457364341086
2025-07-08 20:38:38,092 [INFO] checkpoint_t8  ->  0.16279069767441862
2025-07-08 20:38:42,777 [INFO] checkpoint_v8  ->  0.1744186046511628
2025-07-08 20:38:47,627 [INFO] checkpoint_t9  ->  0.15503875968992248
2025-07-08 20:38:52,190 [INFO] checkpoint_v9  ->  0.17829457364341086
2025-07-08 20:38:52,191 [INFO] 
=======================================
2025-07-08 20:38:52,191 [INFO] The best testing checkpoint: encoder_pose_landmarks_fs1_bs1/checkpoint_v_7:
2025-07-08 20:38:52,191 [INFO]    Testing accuracy: 0.178
2025-07-08 20:38:52,191 [INFO]    Macro F1 score: 0.137
2025-07-08 20:38:52,191 [INFO]    Weighted F1 score: 0.150
2025-07-08 20:38:52,191 [INFO]    Total trainable parameters: 2,655,652
2025-07-08 20:38:52,191 [INFO]    Elapsed time: 203.43 sec
2025-07-08 20:38:52,191 [INFO] ----------------Config information----------------------- 
2025-07-08 20:38:52,191 [INFO]  - Experiment Args: {'dataset': 'WLASL100', 'features': 'POSE_LANDMARKS', 'include_blendshapes': 1, 'fs': 1, 'feature_padding_mode': 'sentinel', 'num_classes': 100, 'model': 'encoder', 'mediapipe_holistic': True, 'dim': 96, 'heads': 8, 'n_layers': 6, 'PE': 0, 'pad': 'True', 'clip_weights': 0, 'clip_gradients': 0, 'opt': 'SGD', 'sgd_momentum': 0.9, 'scheduler': 'cosine', 'bs': 32, 'epochs': 100, 'lr': '1e-03', 'logfreq': 1, 'checkpoints': True}
2025-07-08 20:38:52,267 [INFO] 
Any desired statistics have been plotted.
The experiment is finished.
