2025-07-08 21:14:59,867 [INFO] [INFO] Starting experiment encoder_hand_pose_angles_fs1_bs1...


2025-07-08 21:15:03,599 [INFO] [1] TRAIN | loss: 4.745978718218596, acc: 0.014563106796116505
2025-07-08 21:15:03,600 [INFO] [1] VALIDATION | acc: 0.01775147928994083
2025-07-08 21:15:07,228 [INFO] [2] TRAIN | loss: 4.659998064455778, acc: 0.019417475728155338
2025-07-08 21:15:07,228 [INFO] [2] VALIDATION | acc: 0.023668639053254437
2025-07-08 21:15:10,843 [INFO] [3] TRAIN | loss: 4.517602754675823, acc: 0.043689320388349516
2025-07-08 21:15:10,843 [INFO] [3] VALIDATION | acc: 0.05621301775147929
2025-07-08 21:15:14,460 [INFO] [4] TRAIN | loss: 4.345754384994507, acc: 0.052704576976421634
2025-07-08 21:15:14,460 [INFO] [4] VALIDATION | acc: 0.0650887573964497
2025-07-08 21:15:18,084 [INFO] [5] TRAIN | loss: 4.062080746111662, acc: 0.08183079056865465
2025-07-08 21:15:18,084 [INFO] [5] VALIDATION | acc: 0.12130177514792899
2025-07-08 21:15:21,717 [INFO] [6] TRAIN | loss: 3.763722424921782, acc: 0.14424410540915394
2025-07-08 21:15:21,717 [INFO] [6] VALIDATION | acc: 0.14792899408284024
2025-07-08 21:15:25,329 [INFO] [7] TRAIN | loss: 3.435813888259556, acc: 0.2073509015256588
2025-07-08 21:15:25,329 [INFO] [7] VALIDATION | acc: 0.22189349112426035
2025-07-08 21:15:28,936 [INFO] [8] TRAIN | loss: 3.118721500686977, acc: 0.3141470180305132
2025-07-08 21:15:28,936 [INFO] [8] VALIDATION | acc: 0.2781065088757396
2025-07-08 21:15:32,548 [INFO] [9] TRAIN | loss: 2.7801433957141377, acc: 0.3647711511789182
2025-07-08 21:15:32,548 [INFO] [9] VALIDATION | acc: 0.3136094674556213
2025-07-08 21:15:36,168 [INFO] [10] TRAIN | loss: 2.510852383530658, acc: 0.4472954230235784
2025-07-08 21:15:36,168 [INFO] [10] VALIDATION | acc: 0.3698224852071006
2025-07-08 21:15:39,707 [INFO] [11] TRAIN | loss: 2.1915636360645294, acc: 0.492371705963939
2025-07-08 21:15:39,707 [INFO] [11] VALIDATION | acc: 0.3520710059171598
2025-07-08 21:15:43,316 [INFO] [12] TRAIN | loss: 1.9624944096026213, acc: 0.5651872399445215
2025-07-08 21:15:43,316 [INFO] [12] VALIDATION | acc: 0.4289940828402367
2025-07-08 21:15:46,873 [INFO] [13] TRAIN | loss: 1.7717850856159045, acc: 0.6061026352288488
2025-07-08 21:15:46,873 [INFO] [13] VALIDATION | acc: 0.41420118343195267
2025-07-08 21:15:50,495 [INFO] [14] TRAIN | loss: 1.6618169986683389, acc: 0.616504854368932
2025-07-08 21:15:50,495 [INFO] [14] VALIDATION | acc: 0.47928994082840237
2025-07-08 21:15:54,097 [INFO] [15] TRAIN | loss: 1.5088684636613596, acc: 0.6650485436893204
2025-07-08 21:15:54,097 [INFO] [15] VALIDATION | acc: 0.5
2025-07-08 21:15:57,663 [INFO] [16] TRAIN | loss: 1.4302918107613274, acc: 0.6574202496532594
2025-07-08 21:15:57,663 [INFO] [16] VALIDATION | acc: 0.5384615384615384
2025-07-08 21:16:01,237 [INFO] [17] TRAIN | loss: 1.1993043850297513, acc: 0.7427184466019418
2025-07-08 21:16:01,237 [INFO] [17] VALIDATION | acc: 0.5384615384615384
2025-07-08 21:16:04,818 [INFO] [18] TRAIN | loss: 1.1469179780586907, acc: 0.7489597780859917
2025-07-08 21:16:04,818 [INFO] [18] VALIDATION | acc: 0.5177514792899408
2025-07-08 21:16:08,367 [INFO] [19] TRAIN | loss: 1.0399295208246813, acc: 0.789875173370319
2025-07-08 21:16:08,368 [INFO] [19] VALIDATION | acc: 0.5236686390532544
2025-07-08 21:16:11,988 [INFO] [20] TRAIN | loss: 1.010875686355259, acc: 0.7919556171983356
2025-07-08 21:16:11,988 [INFO] [20] VALIDATION | acc: 0.5443786982248521
2025-07-08 21:16:15,536 [INFO] [21] TRAIN | loss: 0.9089039577090222, acc: 0.8231622746185853
2025-07-08 21:16:15,536 [INFO] [21] VALIDATION | acc: 0.5355029585798816
2025-07-08 21:16:19,144 [INFO] [22] TRAIN | loss: 0.8328059341596521, acc: 0.8391123439667129
2025-07-08 21:16:19,145 [INFO] [22] VALIDATION | acc: 0.5443786982248521
2025-07-08 21:16:22,765 [INFO] [23] TRAIN | loss: 0.7335912144702413, acc: 0.8578363384188626
2025-07-08 21:16:22,765 [INFO] [23] VALIDATION | acc: 0.5473372781065089
2025-07-08 21:16:26,381 [INFO] [24] TRAIN | loss: 0.6528195797101312, acc: 0.8807212205270458
2025-07-08 21:16:26,381 [INFO] [24] VALIDATION | acc: 0.5798816568047337
2025-07-08 21:16:29,929 [INFO] [25] TRAIN | loss: 0.6630131388488023, acc: 0.8779472954230236
2025-07-08 21:16:29,929 [INFO] [25] VALIDATION | acc: 0.591715976331361
2025-07-08 21:16:33,477 [INFO] [26] TRAIN | loss: 0.5917485019435054, acc: 0.8959778085991679
2025-07-08 21:16:33,478 [INFO] [26] VALIDATION | acc: 0.5621301775147929
2025-07-08 21:16:37,028 [INFO] [27] TRAIN | loss: 0.5324621978013412, acc: 0.9133148404993066
2025-07-08 21:16:37,028 [INFO] [27] VALIDATION | acc: 0.591715976331361
2025-07-08 21:16:40,577 [INFO] [28] TRAIN | loss: 0.49137467793796374, acc: 0.9195561719833565
2025-07-08 21:16:40,577 [INFO] [28] VALIDATION | acc: 0.591715976331361
2025-07-08 21:16:44,183 [INFO] [29] TRAIN | loss: 0.4235381665437118, acc: 0.9445214979195562
2025-07-08 21:16:44,183 [INFO] [29] VALIDATION | acc: 0.5976331360946746
2025-07-08 21:16:47,670 [INFO] [30] TRAIN | loss: 0.3968870970218078, acc: 0.9438280166435506
2025-07-08 21:16:47,670 [INFO] [30] VALIDATION | acc: 0.5828402366863905
2025-07-08 21:16:51,264 [INFO] [31] TRAIN | loss: 0.38300433366195014, acc: 0.9472954230235784
2025-07-08 21:16:51,264 [INFO] [31] VALIDATION | acc: 0.6005917159763313
2025-07-08 21:16:54,867 [INFO] [32] TRAIN | loss: 0.35808528182299243, acc: 0.9549237170596394
2025-07-08 21:16:54,867 [INFO] [32] VALIDATION | acc: 0.6035502958579881
2025-07-08 21:16:58,432 [INFO] [33] TRAIN | loss: 0.31676418204670365, acc: 0.9674063800277393
2025-07-08 21:16:58,433 [INFO] [33] VALIDATION | acc: 0.5857988165680473
2025-07-08 21:17:01,985 [INFO] [34] TRAIN | loss: 0.4331505541568217, acc: 0.9327323162274619
2025-07-08 21:17:01,985 [INFO] [34] VALIDATION | acc: 0.6183431952662722
2025-07-08 21:17:05,486 [INFO] [35] TRAIN | loss: 0.3116528900421184, acc: 0.9611650485436893
2025-07-08 21:17:05,486 [INFO] [35] VALIDATION | acc: 0.6035502958579881
2025-07-08 21:17:09,111 [INFO] [36] TRAIN | loss: 0.24386605604187303, acc: 0.9764216366158114
2025-07-08 21:17:09,111 [INFO] [36] VALIDATION | acc: 0.6242603550295858
2025-07-08 21:17:12,682 [INFO] [37] TRAIN | loss: 0.21634218938972638, acc: 0.9826629680998613
2025-07-08 21:17:12,682 [INFO] [37] VALIDATION | acc: 0.6153846153846154
2025-07-08 21:17:16,225 [INFO] [38] TRAIN | loss: 0.20504287403562796, acc: 0.9875173370319001
2025-07-08 21:17:16,225 [INFO] [38] VALIDATION | acc: 0.6094674556213018
2025-07-08 21:17:19,781 [INFO] [39] TRAIN | loss: 0.19582595838152844, acc: 0.9882108183079057
2025-07-08 21:17:19,781 [INFO] [39] VALIDATION | acc: 0.5946745562130178
2025-07-08 21:17:23,280 [INFO] [40] TRAIN | loss: 0.17275558055742926, acc: 0.986130374479889
2025-07-08 21:17:23,280 [INFO] [40] VALIDATION | acc: 0.6242603550295858
2025-07-08 21:17:26,831 [INFO] [41] TRAIN | loss: 0.158234435417082, acc: 0.992371705963939
2025-07-08 21:17:26,831 [INFO] [41] VALIDATION | acc: 0.6183431952662722
2025-07-08 21:17:30,421 [INFO] [42] TRAIN | loss: 0.1468728034068709, acc: 0.9916782246879334
2025-07-08 21:17:30,421 [INFO] [42] VALIDATION | acc: 0.6331360946745562
2025-07-08 21:17:33,970 [INFO] [43] TRAIN | loss: 0.13757351575338322, acc: 0.9944521497919556
2025-07-08 21:17:33,970 [INFO] [43] VALIDATION | acc: 0.621301775147929
2025-07-08 21:17:37,467 [INFO] [44] TRAIN | loss: 0.13550805454344853, acc: 0.9930651872399445
2025-07-08 21:17:37,467 [INFO] [44] VALIDATION | acc: 0.6331360946745562
2025-07-08 21:17:41,015 [INFO] [45] TRAIN | loss: 0.12774386159751727, acc: 0.9930651872399445
2025-07-08 21:17:41,015 [INFO] [45] VALIDATION | acc: 0.6449704142011834
2025-07-08 21:17:44,495 [INFO] [46] TRAIN | loss: 0.11863304253505624, acc: 0.9930651872399445
2025-07-08 21:17:44,496 [INFO] [46] VALIDATION | acc: 0.6449704142011834
2025-07-08 21:17:47,984 [INFO] [47] TRAIN | loss: 0.11489994483797447, acc: 0.9930651872399445
2025-07-08 21:17:47,984 [INFO] [47] VALIDATION | acc: 0.6390532544378699
2025-07-08 21:17:51,477 [INFO] [48] TRAIN | loss: 0.10528800523151523, acc: 0.9944521497919556
2025-07-08 21:17:51,477 [INFO] [48] VALIDATION | acc: 0.6331360946745562
2025-07-08 21:17:55,006 [INFO] [49] TRAIN | loss: 0.1091342557059682, acc: 0.9930651872399445
2025-07-08 21:17:55,006 [INFO] [49] VALIDATION | acc: 0.6568047337278107
2025-07-08 21:17:58,536 [INFO] [50] TRAIN | loss: 0.0951951920338299, acc: 0.9958391123439667
2025-07-08 21:17:58,536 [INFO] [50] VALIDATION | acc: 0.6390532544378699
2025-07-08 21:18:02,149 [INFO] [51] TRAIN | loss: 0.08775560533546883, acc: 0.9965325936199723
2025-07-08 21:18:02,149 [INFO] [51] VALIDATION | acc: 0.6627218934911243
2025-07-08 21:18:05,762 [INFO] [52] TRAIN | loss: 0.08537468654306038, acc: 0.9958391123439667
2025-07-08 21:18:05,762 [INFO] [52] VALIDATION | acc: 0.6331360946745562
2025-07-08 21:18:09,302 [INFO] [53] TRAIN | loss: 0.08258912339806557, acc: 0.9951456310679612
2025-07-08 21:18:09,302 [INFO] [53] VALIDATION | acc: 0.6627218934911243
2025-07-08 21:18:12,847 [INFO] [54] TRAIN | loss: 0.07825521711745988, acc: 0.9965325936199723
2025-07-08 21:18:12,847 [INFO] [54] VALIDATION | acc: 0.650887573964497
2025-07-08 21:18:16,351 [INFO] [55] TRAIN | loss: 0.07678275725439838, acc: 0.9944521497919556
2025-07-08 21:18:16,351 [INFO] [55] VALIDATION | acc: 0.6597633136094675
2025-07-08 21:18:19,839 [INFO] [56] TRAIN | loss: 0.07484570258985394, acc: 0.9958391123439667
2025-07-08 21:18:19,839 [INFO] [56] VALIDATION | acc: 0.6627218934911243
2025-07-08 21:18:23,313 [INFO] [57] TRAIN | loss: 0.07685950519921987, acc: 0.9965325936199723
2025-07-08 21:18:23,313 [INFO] [57] VALIDATION | acc: 0.6597633136094675
2025-07-08 21:18:26,796 [INFO] [58] TRAIN | loss: 0.06997577092893746, acc: 0.9958391123439667
2025-07-08 21:18:26,796 [INFO] [58] VALIDATION | acc: 0.6420118343195266
2025-07-08 21:18:30,283 [INFO] [59] TRAIN | loss: 0.06836677966234476, acc: 0.9951456310679612
2025-07-08 21:18:30,283 [INFO] [59] VALIDATION | acc: 0.650887573964497
2025-07-08 21:18:33,775 [INFO] [60] TRAIN | loss: 0.06443902453326661, acc: 0.9958391123439667
2025-07-08 21:18:33,775 [INFO] [60] VALIDATION | acc: 0.650887573964497
2025-07-08 21:18:37,312 [INFO] [61] TRAIN | loss: 0.06299851632312588, acc: 0.9958391123439667
2025-07-08 21:18:37,312 [INFO] [61] VALIDATION | acc: 0.6686390532544378
2025-07-08 21:18:40,914 [INFO] [62] TRAIN | loss: 0.05924678982599922, acc: 0.9965325936199723
2025-07-08 21:18:40,914 [INFO] [62] VALIDATION | acc: 0.6301775147928994
2025-07-08 21:18:44,463 [INFO] [63] TRAIN | loss: 0.05875992734471093, acc: 0.9951456310679612
2025-07-08 21:18:44,463 [INFO] [63] VALIDATION | acc: 0.6449704142011834
2025-07-08 21:18:48,005 [INFO] [64] TRAIN | loss: 0.05918535322922727, acc: 0.9958391123439667
2025-07-08 21:18:48,005 [INFO] [64] VALIDATION | acc: 0.6538461538461539
2025-07-08 21:18:51,498 [INFO] [65] TRAIN | loss: 0.054866274737793465, acc: 0.9965325936199723
2025-07-08 21:18:51,499 [INFO] [65] VALIDATION | acc: 0.6479289940828402
2025-07-08 21:18:55,059 [INFO] [66] TRAIN | loss: 0.052687350660562515, acc: 0.9972260748959778
2025-07-08 21:18:55,059 [INFO] [66] VALIDATION | acc: 0.650887573964497
2025-07-08 21:18:58,564 [INFO] [67] TRAIN | loss: 0.05447466995405114, acc: 0.9958391123439667
2025-07-08 21:18:58,564 [INFO] [67] VALIDATION | acc: 0.6242603550295858
2025-07-08 21:19:02,111 [INFO] [68] TRAIN | loss: 0.06597930371113446, acc: 0.992371705963939
2025-07-08 21:19:02,111 [INFO] [68] VALIDATION | acc: 0.6568047337278107
2025-07-08 21:19:05,612 [INFO] [69] TRAIN | loss: 0.050127294764894505, acc: 0.9958391123439667
2025-07-08 21:19:05,612 [INFO] [69] VALIDATION | acc: 0.6420118343195266
2025-07-08 21:19:09,133 [INFO] [70] TRAIN | loss: 0.049344674785338015, acc: 0.9958391123439667
2025-07-08 21:19:09,133 [INFO] [70] VALIDATION | acc: 0.6568047337278107
2025-07-08 21:19:12,711 [INFO] [71] TRAIN | loss: 0.04718587243848521, acc: 0.9951456310679612
2025-07-08 21:19:12,711 [INFO] [71] VALIDATION | acc: 0.6627218934911243
2025-07-08 21:19:16,328 [INFO] [72] TRAIN | loss: 0.04680403220750715, acc: 0.9958391123439667
2025-07-08 21:19:16,328 [INFO] [72] VALIDATION | acc: 0.6597633136094675
2025-07-08 21:19:19,903 [INFO] [73] TRAIN | loss: 0.04534493240973224, acc: 0.9965325936199723
2025-07-08 21:19:19,903 [INFO] [73] VALIDATION | acc: 0.6538461538461539
2025-07-08 21:19:23,427 [INFO] [74] TRAIN | loss: 0.04606688079302725, acc: 0.9951456310679612
2025-07-08 21:19:23,427 [INFO] [74] VALIDATION | acc: 0.6597633136094675
2025-07-08 21:19:26,927 [INFO] [75] TRAIN | loss: 0.04780325115374897, acc: 0.9958391123439667
2025-07-08 21:19:26,927 [INFO] [75] VALIDATION | acc: 0.6479289940828402
2025-07-08 21:19:30,476 [INFO] [76] TRAIN | loss: 0.043452919298863926, acc: 0.9958391123439667
2025-07-08 21:19:30,477 [INFO] [76] VALIDATION | acc: 0.665680473372781
2025-07-08 21:19:33,978 [INFO] [77] TRAIN | loss: 0.041614823650730694, acc: 0.9958391123439667
2025-07-08 21:19:33,978 [INFO] [77] VALIDATION | acc: 0.6627218934911243
2025-07-08 21:19:37,455 [INFO] [78] TRAIN | loss: 0.04195436478956886, acc: 0.9951456310679612
2025-07-08 21:19:37,455 [INFO] [78] VALIDATION | acc: 0.665680473372781
2025-07-08 21:19:40,944 [INFO] [79] TRAIN | loss: 0.03976384550333023, acc: 0.9965325936199723
2025-07-08 21:19:40,944 [INFO] [79] VALIDATION | acc: 0.6627218934911243
2025-07-08 21:19:44,443 [INFO] [80] TRAIN | loss: 0.03980440504686988, acc: 0.9965325936199723
2025-07-08 21:19:44,443 [INFO] [80] VALIDATION | acc: 0.6597633136094675
2025-07-08 21:19:47,995 [INFO] [81] TRAIN | loss: 0.03767905987637198, acc: 0.9972260748959778
2025-07-08 21:19:47,995 [INFO] [81] VALIDATION | acc: 0.6597633136094675
2025-07-08 21:19:51,632 [INFO] [82] TRAIN | loss: 0.0383194040345109, acc: 0.9951456310679612
2025-07-08 21:19:51,632 [INFO] [82] VALIDATION | acc: 0.6715976331360947
2025-07-08 21:19:55,130 [INFO] [83] TRAIN | loss: 0.037640238302233425, acc: 0.9944521497919556
2025-07-08 21:19:55,130 [INFO] [83] VALIDATION | acc: 0.6715976331360947
2025-07-08 21:19:58,668 [INFO] [84] TRAIN | loss: 0.036731311585754156, acc: 0.9965325936199723
2025-07-08 21:19:58,668 [INFO] [84] VALIDATION | acc: 0.6538461538461539
2025-07-08 21:20:02,158 [INFO] [85] TRAIN | loss: 0.036667290224653225, acc: 0.9951456310679612
2025-07-08 21:20:02,158 [INFO] [85] VALIDATION | acc: 0.6479289940828402
2025-07-08 21:20:05,680 [INFO] [86] TRAIN | loss: 0.037227167383484215, acc: 0.9951456310679612
2025-07-08 21:20:05,680 [INFO] [86] VALIDATION | acc: 0.6627218934911243
2025-07-08 21:20:09,192 [INFO] [87] TRAIN | loss: 0.03580498529355163, acc: 0.9965325936199723
2025-07-08 21:20:09,192 [INFO] [87] VALIDATION | acc: 0.650887573964497
2025-07-08 21:20:12,656 [INFO] [88] TRAIN | loss: 0.03625478822252025, acc: 0.9951456310679612
2025-07-08 21:20:12,656 [INFO] [88] VALIDATION | acc: 0.6627218934911243
2025-07-08 21:20:16,194 [INFO] [89] TRAIN | loss: 0.03472406247063824, acc: 0.9972260748959778
2025-07-08 21:20:16,194 [INFO] [89] VALIDATION | acc: 0.6568047337278107
2025-07-08 21:20:19,694 [INFO] [90] TRAIN | loss: 0.03552722202047058, acc: 0.9951456310679612
2025-07-08 21:20:19,694 [INFO] [90] VALIDATION | acc: 0.6479289940828402
2025-07-08 21:20:23,188 [INFO] [91] TRAIN | loss: 0.03416433497129575, acc: 0.9951456310679612
2025-07-08 21:20:23,188 [INFO] [91] VALIDATION | acc: 0.6538461538461539
2025-07-08 21:20:26,770 [INFO] [92] TRAIN | loss: 0.03332033214847679, acc: 0.9965325936199723
2025-07-08 21:20:26,770 [INFO] [92] VALIDATION | acc: 0.6479289940828402
2025-07-08 21:20:30,240 [INFO] [93] TRAIN | loss: 0.03320953140602163, acc: 0.9965325936199723
2025-07-08 21:20:30,241 [INFO] [93] VALIDATION | acc: 0.6479289940828402
2025-07-08 21:20:33,786 [INFO] [94] TRAIN | loss: 0.03262696071001499, acc: 0.9965325936199723
2025-07-08 21:20:33,787 [INFO] [94] VALIDATION | acc: 0.665680473372781
2025-07-08 21:20:37,266 [INFO] [95] TRAIN | loss: 0.03219229489078988, acc: 0.9951456310679612
2025-07-08 21:20:37,267 [INFO] [95] VALIDATION | acc: 0.650887573964497
2025-07-08 21:20:40,732 [INFO] [96] TRAIN | loss: 0.031773968579490545, acc: 0.9958391123439667
2025-07-08 21:20:40,732 [INFO] [96] VALIDATION | acc: 0.6627218934911243
2025-07-08 21:20:44,212 [INFO] [97] TRAIN | loss: 0.03191883040025183, acc: 0.9951456310679612
2025-07-08 21:20:44,213 [INFO] [97] VALIDATION | acc: 0.6479289940828402
2025-07-08 21:20:47,696 [INFO] [98] TRAIN | loss: 0.03120048708565857, acc: 0.9951456310679612
2025-07-08 21:20:47,696 [INFO] [98] VALIDATION | acc: 0.6568047337278107
2025-07-08 21:20:51,178 [INFO] [99] TRAIN | loss: 0.030865843205348305, acc: 0.9958391123439667
2025-07-08 21:20:51,178 [INFO] [99] VALIDATION | acc: 0.6568047337278107
2025-07-08 21:20:54,656 [INFO] [100] TRAIN | loss: 0.030897980859584135, acc: 0.9958391123439667
2025-07-08 21:20:54,656 [INFO] [100] VALIDATION | acc: 0.6568047337278107
2025-07-08 21:20:54,656 [INFO] Testing checkpointed models starting...

2025-07-08 21:20:56,233 [INFO] checkpoint_t0  ->  0.37209302325581395
2025-07-08 21:20:57,858 [INFO] checkpoint_v0  ->  0.35271317829457366
2025-07-08 21:20:59,532 [INFO] checkpoint_t1  ->  0.5387596899224806
2025-07-08 21:21:01,115 [INFO] checkpoint_v1  ->  0.5310077519379846
2025-07-08 21:21:02,703 [INFO] checkpoint_t2  ->  0.5426356589147286
2025-07-08 21:21:07,941 [INFO] checkpoint_v2  ->  0.5426356589147286
2025-07-08 21:21:13,698 [INFO] checkpoint_t3  ->  0.5891472868217055
2025-07-08 21:21:19,088 [INFO] checkpoint_v3  ->  0.5775193798449613
2025-07-08 21:21:24,740 [INFO] checkpoint_t4  ->  0.6046511627906976
2025-07-08 21:21:30,410 [INFO] checkpoint_v4  ->  0.6046511627906976
2025-07-08 21:21:35,888 [INFO] checkpoint_t5  ->  0.6007751937984496
2025-07-08 21:21:41,719 [INFO] checkpoint_v5  ->  0.6162790697674418
2025-07-08 21:21:47,048 [INFO] checkpoint_t6  ->  0.6124031007751938
2025-07-08 21:21:53,093 [INFO] checkpoint_v6  ->  0.6201550387596899
2025-07-08 21:21:58,417 [INFO] checkpoint_t7  ->  0.624031007751938
2025-07-08 21:22:03,803 [INFO] checkpoint_v7  ->  0.6085271317829457
2025-07-08 21:22:09,243 [INFO] checkpoint_t8  ->  0.6124031007751938
2025-07-08 21:22:14,641 [INFO] checkpoint_v8  ->  0.6201550387596899
2025-07-08 21:22:19,970 [INFO] checkpoint_t9  ->  0.6085271317829457
2025-07-08 21:22:25,404 [INFO] checkpoint_v9  ->  0.6124031007751938
2025-07-08 21:22:25,404 [INFO] 
=======================================
2025-07-08 21:22:25,404 [INFO] The best testing checkpoint: encoder_hand_pose_angles_fs1_bs1/checkpoint_t_7:
2025-07-08 21:22:25,404 [INFO]    Testing accuracy: 0.624
2025-07-08 21:22:25,404 [INFO]    Macro F1 score: 0.609
2025-07-08 21:22:25,404 [INFO]    Weighted F1 score: 0.609
2025-07-08 21:22:25,404 [INFO]    Total trainable parameters: 23,790,388
2025-07-08 21:22:25,404 [INFO]    Elapsed time: 445.54 sec
2025-07-08 21:22:25,404 [INFO] ----------------Config information----------------------- 
2025-07-08 21:22:25,404 [INFO]  - Experiment Args: {'dataset': 'WLASL100', 'features': 'HAND_POSE_ANGLES', 'include_blendshapes': 1, 'fs': 1, 'feature_padding_mode': 'sentinel', 'num_classes': 100, 'model': 'encoder', 'mediapipe_holistic': True, 'dim': 600, 'heads': 8, 'n_layers': 6, 'PE': 0, 'pad': 'True', 'clip_weights': 0, 'clip_gradients': 0, 'opt': 'SGD', 'sgd_momentum': 0.9, 'scheduler': 'cosine', 'bs': 32, 'epochs': 100, 'lr': '1e-03', 'logfreq': 1, 'checkpoints': True}
2025-07-08 21:22:25,481 [INFO] 
Any desired statistics have been plotted.
The experiment is finished.
