2025-07-08 20:38:53,660 [INFO] [INFO] Starting experiment encoder_hand_pose_landmarks_fs1_bs0...


2025-07-08 20:38:55,299 [INFO] [1] TRAIN | loss: 4.72268267299818, acc: 0.009015256588072122
2025-07-08 20:38:55,299 [INFO] [1] VALIDATION | acc: 0.0029585798816568047
2025-07-08 20:38:56,708 [INFO] [2] TRAIN | loss: 4.663557187370632, acc: 0.009708737864077669
2025-07-08 20:38:56,708 [INFO] [2] VALIDATION | acc: 0.008875739644970414
2025-07-08 20:38:58,108 [INFO] [3] TRAIN | loss: 4.604803645092508, acc: 0.02288488210818308
2025-07-08 20:38:58,108 [INFO] [3] VALIDATION | acc: 0.011834319526627219
2025-07-08 20:38:59,520 [INFO] [4] TRAIN | loss: 4.5413192666095235, acc: 0.031206657420249653
2025-07-08 20:38:59,520 [INFO] [4] VALIDATION | acc: 0.020710059171597635
2025-07-08 20:39:00,915 [INFO] [5] TRAIN | loss: 4.483314358669778, acc: 0.029819694868238558
2025-07-08 20:39:00,915 [INFO] [5] VALIDATION | acc: 0.03254437869822485
2025-07-08 20:39:02,307 [INFO] [6] TRAIN | loss: 4.385661985563195, acc: 0.03398058252427184
2025-07-08 20:39:02,307 [INFO] [6] VALIDATION | acc: 0.029585798816568046
2025-07-08 20:39:03,710 [INFO] [7] TRAIN | loss: 4.295923201934151, acc: 0.03536754507628294
2025-07-08 20:39:03,711 [INFO] [7] VALIDATION | acc: 0.038461538461538464
2025-07-08 20:39:05,106 [INFO] [8] TRAIN | loss: 4.203528653020444, acc: 0.036061026352288486
2025-07-08 20:39:05,106 [INFO] [8] VALIDATION | acc: 0.03254437869822485
2025-07-08 20:39:06,525 [INFO] [9] TRAIN | loss: 4.140323276105135, acc: 0.04576976421636616
2025-07-08 20:39:06,525 [INFO] [9] VALIDATION | acc: 0.04142011834319527
2025-07-08 20:39:07,936 [INFO] [10] TRAIN | loss: 4.0510426915210225, acc: 0.07142857142857142
2025-07-08 20:39:07,936 [INFO] [10] VALIDATION | acc: 0.04437869822485207
2025-07-08 20:39:09,333 [INFO] [11] TRAIN | loss: 3.956846558529398, acc: 0.06865464632454923
2025-07-08 20:39:09,333 [INFO] [11] VALIDATION | acc: 0.05917159763313609
2025-07-08 20:39:10,746 [INFO] [12] TRAIN | loss: 3.8683898034303086, acc: 0.09361997226074896
2025-07-08 20:39:10,747 [INFO] [12] VALIDATION | acc: 0.0621301775147929
2025-07-08 20:39:12,132 [INFO] [13] TRAIN | loss: 3.795803401781165, acc: 0.09223300970873786
2025-07-08 20:39:12,132 [INFO] [13] VALIDATION | acc: 0.09467455621301775
2025-07-08 20:39:13,492 [INFO] [14] TRAIN | loss: 3.7624426147212153, acc: 0.08807212205270458
2025-07-08 20:39:13,492 [INFO] [14] VALIDATION | acc: 0.07100591715976332
2025-07-08 20:39:14,882 [INFO] [15] TRAIN | loss: 3.6691194669060083, acc: 0.09639389736477115
2025-07-08 20:39:14,882 [INFO] [15] VALIDATION | acc: 0.08284023668639054
2025-07-08 20:39:16,274 [INFO] [16] TRAIN | loss: 3.600928809331811, acc: 0.12205270457697642
2025-07-08 20:39:16,274 [INFO] [16] VALIDATION | acc: 0.07692307692307693
2025-07-08 20:39:17,679 [INFO] [17] TRAIN | loss: 3.572567882745162, acc: 0.13314840499306518
2025-07-08 20:39:17,679 [INFO] [17] VALIDATION | acc: 0.10059171597633136
2025-07-08 20:39:19,077 [INFO] [18] TRAIN | loss: 3.5305918040482895, acc: 0.13592233009708737
2025-07-08 20:39:19,077 [INFO] [18] VALIDATION | acc: 0.09467455621301775
2025-07-08 20:39:20,487 [INFO] [19] TRAIN | loss: 3.4484554218209307, acc: 0.1553398058252427
2025-07-08 20:39:20,487 [INFO] [19] VALIDATION | acc: 0.12130177514792899
2025-07-08 20:39:21,874 [INFO] [20] TRAIN | loss: 3.4099865218867427, acc: 0.14008321775312066
2025-07-08 20:39:21,874 [INFO] [20] VALIDATION | acc: 0.11834319526627218
2025-07-08 20:39:23,289 [INFO] [21] TRAIN | loss: 3.363575598467951, acc: 0.1678224687933426
2025-07-08 20:39:23,289 [INFO] [21] VALIDATION | acc: 0.1390532544378698
2025-07-08 20:39:24,698 [INFO] [22] TRAIN | loss: 3.360116559526195, acc: 0.16712898751733704
2025-07-08 20:39:24,698 [INFO] [22] VALIDATION | acc: 0.16863905325443787
2025-07-08 20:39:26,098 [INFO] [23] TRAIN | loss: 3.2861654291982236, acc: 0.18654646324549237
2025-07-08 20:39:26,098 [INFO] [23] VALIDATION | acc: 0.14792899408284024
2025-07-08 20:39:27,498 [INFO] [24] TRAIN | loss: 3.155880928039551, acc: 0.22538141470180306
2025-07-08 20:39:27,498 [INFO] [24] VALIDATION | acc: 0.13609467455621302
2025-07-08 20:39:28,892 [INFO] [25] TRAIN | loss: 3.0833237948624985, acc: 0.23231622746185854
2025-07-08 20:39:28,892 [INFO] [25] VALIDATION | acc: 0.16863905325443787
2025-07-08 20:39:30,283 [INFO] [26] TRAIN | loss: 3.0324519250703896, acc: 0.24549237170596394
2025-07-08 20:39:30,283 [INFO] [26] VALIDATION | acc: 0.15680473372781065
2025-07-08 20:39:31,686 [INFO] [27] TRAIN | loss: 2.999744379002115, acc: 0.27739251040221913
2025-07-08 20:39:31,686 [INFO] [27] VALIDATION | acc: 0.15976331360946747
2025-07-08 20:39:33,075 [INFO] [28] TRAIN | loss: 2.970013887985893, acc: 0.2725381414701803
2025-07-08 20:39:33,075 [INFO] [28] VALIDATION | acc: 0.15088757396449703
2025-07-08 20:39:34,488 [INFO] [29] TRAIN | loss: 2.893658995628357, acc: 0.2843273231622746
2025-07-08 20:39:34,488 [INFO] [29] VALIDATION | acc: 0.22485207100591717
2025-07-08 20:39:35,881 [INFO] [30] TRAIN | loss: 2.7855768307395605, acc: 0.3044382801664355
2025-07-08 20:39:35,881 [INFO] [30] VALIDATION | acc: 0.21301775147928995
2025-07-08 20:39:37,281 [INFO] [31] TRAIN | loss: 2.743869107702504, acc: 0.32662968099861306
2025-07-08 20:39:37,281 [INFO] [31] VALIDATION | acc: 0.22189349112426035
2025-07-08 20:39:38,691 [INFO] [32] TRAIN | loss: 2.66565407877383, acc: 0.3502080443828017
2025-07-08 20:39:38,691 [INFO] [32] VALIDATION | acc: 0.21893491124260356
2025-07-08 20:39:40,095 [INFO] [33] TRAIN | loss: 2.6068831630375073, acc: 0.37031900138696255
2025-07-08 20:39:40,095 [INFO] [33] VALIDATION | acc: 0.1893491124260355
2025-07-08 20:39:41,503 [INFO] [34] TRAIN | loss: 2.5597054673277815, acc: 0.3786407766990291
2025-07-08 20:39:41,503 [INFO] [34] VALIDATION | acc: 0.22189349112426035
2025-07-08 20:39:42,910 [INFO] [35] TRAIN | loss: 2.466930467149486, acc: 0.4147018030513176
2025-07-08 20:39:42,910 [INFO] [35] VALIDATION | acc: 0.2603550295857988
2025-07-08 20:39:44,299 [INFO] [36] TRAIN | loss: 2.424510893614396, acc: 0.4160887656033287
2025-07-08 20:39:44,299 [INFO] [36] VALIDATION | acc: 0.2514792899408284
2025-07-08 20:39:45,684 [INFO] [37] TRAIN | loss: 2.4378728400106016, acc: 0.39875173370319
2025-07-08 20:39:45,684 [INFO] [37] VALIDATION | acc: 0.2869822485207101
2025-07-08 20:39:47,080 [INFO] [38] TRAIN | loss: 2.3094796901163845, acc: 0.4618585298196949
2025-07-08 20:39:47,080 [INFO] [38] VALIDATION | acc: 0.22189349112426035
2025-07-08 20:39:48,468 [INFO] [39] TRAIN | loss: 2.34558955223664, acc: 0.41678224687933424
2025-07-08 20:39:48,468 [INFO] [39] VALIDATION | acc: 0.22485207100591717
2025-07-08 20:39:49,852 [INFO] [40] TRAIN | loss: 2.2537198844163315, acc: 0.4507628294036061
2025-07-08 20:39:49,852 [INFO] [40] VALIDATION | acc: 0.27218934911242604
2025-07-08 20:39:51,271 [INFO] [41] TRAIN | loss: 2.119268298149109, acc: 0.5034674063800277
2025-07-08 20:39:51,271 [INFO] [41] VALIDATION | acc: 0.2958579881656805
2025-07-08 20:39:52,676 [INFO] [42] TRAIN | loss: 2.0901926859565405, acc: 0.4812760055478502
2025-07-08 20:39:52,676 [INFO] [42] VALIDATION | acc: 0.34615384615384615
2025-07-08 20:39:54,076 [INFO] [43] TRAIN | loss: 2.0780024398928103, acc: 0.5110957004160888
2025-07-08 20:39:54,076 [INFO] [43] VALIDATION | acc: 0.3165680473372781
2025-07-08 20:39:55,448 [INFO] [44] TRAIN | loss: 2.0978406512218974, acc: 0.5124826629680999
2025-07-08 20:39:55,448 [INFO] [44] VALIDATION | acc: 0.2781065088757396
2025-07-08 20:39:56,820 [INFO] [45] TRAIN | loss: 2.0429721396902334, acc: 0.515256588072122
2025-07-08 20:39:56,820 [INFO] [45] VALIDATION | acc: 0.30177514792899407
2025-07-08 20:39:58,210 [INFO] [46] TRAIN | loss: 1.905009282671887, acc: 0.5471567267683772
2025-07-08 20:39:58,210 [INFO] [46] VALIDATION | acc: 0.35798816568047337
2025-07-08 20:39:59,586 [INFO] [47] TRAIN | loss: 1.9136644135350767, acc: 0.5513176144244105
2025-07-08 20:39:59,586 [INFO] [47] VALIDATION | acc: 0.28402366863905326
2025-07-08 20:40:00,950 [INFO] [48] TRAIN | loss: 2.0093609923901767, acc: 0.49930651872399445
2025-07-08 20:40:00,950 [INFO] [48] VALIDATION | acc: 0.35502958579881655
2025-07-08 20:40:02,323 [INFO] [49] TRAIN | loss: 1.8532942455747854, acc: 0.5596393897364771
2025-07-08 20:40:02,323 [INFO] [49] VALIDATION | acc: 0.3224852071005917
2025-07-08 20:40:03,722 [INFO] [50] TRAIN | loss: 1.8073863620343416, acc: 0.5714285714285714
2025-07-08 20:40:03,722 [INFO] [50] VALIDATION | acc: 0.378698224852071
2025-07-08 20:40:05,104 [INFO] [51] TRAIN | loss: 1.7557850039523581, acc: 0.6061026352288488
2025-07-08 20:40:05,104 [INFO] [51] VALIDATION | acc: 0.3668639053254438
2025-07-08 20:40:06,496 [INFO] [52] TRAIN | loss: 1.717712604481241, acc: 0.5922330097087378
2025-07-08 20:40:06,496 [INFO] [52] VALIDATION | acc: 0.3816568047337278
2025-07-08 20:40:07,873 [INFO] [53] TRAIN | loss: 1.644130984078283, acc: 0.6324549237170597
2025-07-08 20:40:07,873 [INFO] [53] VALIDATION | acc: 0.3727810650887574
2025-07-08 20:40:09,261 [INFO] [54] TRAIN | loss: 1.6320750467155292, acc: 0.6185852981969486
2025-07-08 20:40:09,261 [INFO] [54] VALIDATION | acc: 0.40828402366863903
2025-07-08 20:40:10,628 [INFO] [55] TRAIN | loss: 1.5838428165601648, acc: 0.6338418862690708
2025-07-08 20:40:10,628 [INFO] [55] VALIDATION | acc: 0.39644970414201186
2025-07-08 20:40:11,988 [INFO] [56] TRAIN | loss: 1.5135044144547505, acc: 0.6705963938973648
2025-07-08 20:40:11,988 [INFO] [56] VALIDATION | acc: 0.3905325443786982
2025-07-08 20:40:13,337 [INFO] [57] TRAIN | loss: 1.5152507424354553, acc: 0.659500693481276
2025-07-08 20:40:13,337 [INFO] [57] VALIDATION | acc: 0.3994082840236686
2025-07-08 20:40:14,701 [INFO] [58] TRAIN | loss: 1.571851935075677, acc: 0.6414701803051318
2025-07-08 20:40:14,701 [INFO] [58] VALIDATION | acc: 0.3994082840236686
2025-07-08 20:40:16,064 [INFO] [59] TRAIN | loss: 1.5371312732281892, acc: 0.6352288488210819
2025-07-08 20:40:16,064 [INFO] [59] VALIDATION | acc: 0.42011834319526625
2025-07-08 20:40:17,434 [INFO] [60] TRAIN | loss: 1.5570904664371326, acc: 0.6248266296809986
2025-07-08 20:40:17,434 [INFO] [60] VALIDATION | acc: 0.3609467455621302
2025-07-08 20:40:18,811 [INFO] [61] TRAIN | loss: 1.4806847779647163, acc: 0.6477115117891817
2025-07-08 20:40:18,811 [INFO] [61] VALIDATION | acc: 0.4408284023668639
2025-07-08 20:40:20,214 [INFO] [62] TRAIN | loss: 1.3051530032054237, acc: 0.7163661581137309
2025-07-08 20:40:20,214 [INFO] [62] VALIDATION | acc: 0.4319526627218935
2025-07-08 20:40:21,601 [INFO] [63] TRAIN | loss: 1.2764561124469922, acc: 0.7260748959778086
2025-07-08 20:40:21,601 [INFO] [63] VALIDATION | acc: 0.4171597633136095
2025-07-08 20:40:22,979 [INFO] [64] TRAIN | loss: 1.2650696116945017, acc: 0.7226074895977809
2025-07-08 20:40:22,980 [INFO] [64] VALIDATION | acc: 0.46153846153846156
2025-07-08 20:40:24,355 [INFO] [65] TRAIN | loss: 1.1862663678500964, acc: 0.7434119278779473
2025-07-08 20:40:24,355 [INFO] [65] VALIDATION | acc: 0.4556213017751479
2025-07-08 20:40:25,741 [INFO] [66] TRAIN | loss: 1.2392772487972095, acc: 0.7226074895977809
2025-07-08 20:40:25,741 [INFO] [66] VALIDATION | acc: 0.46745562130177515
2025-07-08 20:40:27,102 [INFO] [67] TRAIN | loss: 1.198004714820696, acc: 0.7323162274618585
2025-07-08 20:40:27,102 [INFO] [67] VALIDATION | acc: 0.4289940828402367
2025-07-08 20:40:28,466 [INFO] [68] TRAIN | loss: 1.2355751732121343, acc: 0.7302357836338419
2025-07-08 20:40:28,466 [INFO] [68] VALIDATION | acc: 0.47928994082840237
2025-07-08 20:40:29,854 [INFO] [69] TRAIN | loss: 1.1187832342541737, acc: 0.7656033287101248
2025-07-08 20:40:29,854 [INFO] [69] VALIDATION | acc: 0.4970414201183432
2025-07-08 20:40:31,223 [INFO] [70] TRAIN | loss: 1.105726012069246, acc: 0.7489597780859917
2025-07-08 20:40:31,223 [INFO] [70] VALIDATION | acc: 0.48520710059171596
2025-07-08 20:40:32,597 [INFO] [71] TRAIN | loss: 1.0357743242512578, acc: 0.7995839112343966
2025-07-08 20:40:32,598 [INFO] [71] VALIDATION | acc: 0.40236686390532544
2025-07-08 20:40:33,990 [INFO] [72] TRAIN | loss: 1.310410728921061, acc: 0.6796116504854369
2025-07-08 20:40:33,990 [INFO] [72] VALIDATION | acc: 0.47633136094674555
2025-07-08 20:40:35,399 [INFO] [73] TRAIN | loss: 1.0423362591992253, acc: 0.7933425797503467
2025-07-08 20:40:35,399 [INFO] [73] VALIDATION | acc: 0.5
2025-07-08 20:40:36,782 [INFO] [74] TRAIN | loss: 0.973273666008659, acc: 0.7933425797503467
2025-07-08 20:40:36,782 [INFO] [74] VALIDATION | acc: 0.5118343195266272
2025-07-08 20:40:38,166 [INFO] [75] TRAIN | loss: 0.9517345765362615, acc: 0.7940360610263523
2025-07-08 20:40:38,166 [INFO] [75] VALIDATION | acc: 0.5236686390532544
2025-07-08 20:40:39,544 [INFO] [76] TRAIN | loss: 0.9477375512537749, acc: 0.8037447988904299
2025-07-08 20:40:39,544 [INFO] [76] VALIDATION | acc: 0.46745562130177515
2025-07-08 20:40:40,912 [INFO] [77] TRAIN | loss: 0.9413357040156489, acc: 0.8065187239944521
2025-07-08 20:40:40,912 [INFO] [77] VALIDATION | acc: 0.5
2025-07-08 20:40:42,284 [INFO] [78] TRAIN | loss: 0.8539145277894061, acc: 0.8314840499306518
2025-07-08 20:40:42,284 [INFO] [78] VALIDATION | acc: 0.5029585798816568
2025-07-08 20:40:43,644 [INFO] [79] TRAIN | loss: 0.8678014563477557, acc: 0.8176144244105409
2025-07-08 20:40:43,644 [INFO] [79] VALIDATION | acc: 0.5177514792899408
2025-07-08 20:40:45,005 [INFO] [80] TRAIN | loss: 0.8748119745565497, acc: 0.8196948682385575
2025-07-08 20:40:45,005 [INFO] [80] VALIDATION | acc: 0.514792899408284
2025-07-08 20:40:46,366 [INFO] [81] TRAIN | loss: 0.8896642048721728, acc: 0.8092926490984743
2025-07-08 20:40:46,366 [INFO] [81] VALIDATION | acc: 0.514792899408284
2025-07-08 20:40:47,767 [INFO] [82] TRAIN | loss: 0.8146089522734933, acc: 0.8384188626907073
2025-07-08 20:40:47,767 [INFO] [82] VALIDATION | acc: 0.5059171597633136
2025-07-08 20:40:49,139 [INFO] [83] TRAIN | loss: 0.7929596926855005, acc: 0.8411927877947295
2025-07-08 20:40:49,139 [INFO] [83] VALIDATION | acc: 0.5029585798816568
2025-07-08 20:40:50,516 [INFO] [84] TRAIN | loss: 0.7911788445451985, acc: 0.8384188626907073
2025-07-08 20:40:50,516 [INFO] [84] VALIDATION | acc: 0.48520710059171596
2025-07-08 20:40:51,889 [INFO] [85] TRAIN | loss: 0.717890959718953, acc: 0.8675450762829403
2025-07-08 20:40:51,889 [INFO] [85] VALIDATION | acc: 0.5
2025-07-08 20:40:53,258 [INFO] [86] TRAIN | loss: 0.770195550892664, acc: 0.8411927877947295
2025-07-08 20:40:53,258 [INFO] [86] VALIDATION | acc: 0.5473372781065089
2025-07-08 20:40:54,640 [INFO] [87] TRAIN | loss: 0.6632373618042987, acc: 0.875866851595007
2025-07-08 20:40:54,640 [INFO] [87] VALIDATION | acc: 0.514792899408284
2025-07-08 20:40:56,000 [INFO] [88] TRAIN | loss: 0.6459968375123065, acc: 0.8897364771151179
2025-07-08 20:40:56,000 [INFO] [88] VALIDATION | acc: 0.5355029585798816
2025-07-08 20:40:57,361 [INFO] [89] TRAIN | loss: 0.6832397191420846, acc: 0.8855755894590847
2025-07-08 20:40:57,361 [INFO] [89] VALIDATION | acc: 0.5088757396449705
2025-07-08 20:40:58,723 [INFO] [90] TRAIN | loss: 0.6906754393940386, acc: 0.8626907073509015
2025-07-08 20:40:58,723 [INFO] [90] VALIDATION | acc: 0.5207100591715976
2025-07-08 20:41:00,084 [INFO] [91] TRAIN | loss: 0.6163220126991686, acc: 0.8876560332871013
2025-07-08 20:41:00,085 [INFO] [91] VALIDATION | acc: 0.5443786982248521
2025-07-08 20:41:01,488 [INFO] [92] TRAIN | loss: 0.5677665990331898, acc: 0.9056865464632455
2025-07-08 20:41:01,488 [INFO] [92] VALIDATION | acc: 0.5325443786982249
2025-07-08 20:41:02,861 [INFO] [93] TRAIN | loss: 0.5720244121292363, acc: 0.8945908460471568
2025-07-08 20:41:02,861 [INFO] [93] VALIDATION | acc: 0.5532544378698225
2025-07-08 20:41:04,222 [INFO] [94] TRAIN | loss: 0.5718932410945063, acc: 0.9056865464632455
2025-07-08 20:41:04,222 [INFO] [94] VALIDATION | acc: 0.5266272189349113
2025-07-08 20:41:05,598 [INFO] [95] TRAIN | loss: 0.5684075303699659, acc: 0.8966712898751734
2025-07-08 20:41:05,598 [INFO] [95] VALIDATION | acc: 0.5562130177514792
2025-07-08 20:41:06,966 [INFO] [96] TRAIN | loss: 0.5570754305176113, acc: 0.9063800277392511
2025-07-08 20:41:06,966 [INFO] [96] VALIDATION | acc: 0.4940828402366864
2025-07-08 20:41:08,323 [INFO] [97] TRAIN | loss: 0.6635388430693875, acc: 0.8606102635228848
2025-07-08 20:41:08,323 [INFO] [97] VALIDATION | acc: 0.5414201183431953
2025-07-08 20:41:09,692 [INFO] [98] TRAIN | loss: 0.5084553762622501, acc: 0.9147018030513177
2025-07-08 20:41:09,692 [INFO] [98] VALIDATION | acc: 0.5562130177514792
2025-07-08 20:41:11,067 [INFO] [99] TRAIN | loss: 0.5138434048580087, acc: 0.9091539528432733
2025-07-08 20:41:11,067 [INFO] [99] VALIDATION | acc: 0.5591715976331361
2025-07-08 20:41:12,459 [INFO] [100] TRAIN | loss: 0.48359540234441345, acc: 0.9216366158113731
2025-07-08 20:41:12,459 [INFO] [100] VALIDATION | acc: 0.5621301775147929
2025-07-08 20:41:12,459 [INFO] Testing checkpointed models starting...

2025-07-08 20:41:13,550 [INFO] checkpoint_t0  ->  0.06589147286821706
2025-07-08 20:41:14,624 [INFO] checkpoint_v0  ->  0.07364341085271318
2025-07-08 20:41:15,703 [INFO] checkpoint_t1  ->  0.10465116279069768
2025-07-08 20:41:16,764 [INFO] checkpoint_v1  ->  0.10465116279069768
2025-07-08 20:41:19,183 [INFO] checkpoint_t2  ->  0.24806201550387597
2025-07-08 20:41:22,684 [INFO] checkpoint_v2  ->  0.1937984496124031
2025-07-08 20:41:26,474 [INFO] checkpoint_t3  ->  0.3372093023255814
2025-07-08 20:41:30,262 [INFO] checkpoint_v3  ->  0.3372093023255814
2025-07-08 20:41:34,288 [INFO] checkpoint_t4  ->  0.39147286821705424
2025-07-08 20:41:38,188 [INFO] checkpoint_v4  ->  0.41472868217054265
2025-07-08 20:41:41,792 [INFO] checkpoint_t5  ->  0.4573643410852713
2025-07-08 20:41:45,425 [INFO] checkpoint_v5  ->  0.5
2025-07-08 20:41:49,066 [INFO] checkpoint_t6  ->  0.4573643410852713
2025-07-08 20:41:52,817 [INFO] checkpoint_v6  ->  0.5271317829457365
2025-07-08 20:41:56,927 [INFO] checkpoint_t7  ->  0.5310077519379846
2025-07-08 20:42:01,318 [INFO] checkpoint_v7  ->  0.5348837209302325
2025-07-08 20:42:05,688 [INFO] checkpoint_t8  ->  0.5348837209302325
2025-07-08 20:42:10,161 [INFO] checkpoint_v8  ->  0.5542635658914729
2025-07-08 20:42:16,078 [INFO] checkpoint_t9  ->  0.5775193798449613
2025-07-08 20:42:21,779 [INFO] checkpoint_v9  ->  0.5775193798449613
2025-07-08 20:42:21,779 [INFO] 
=======================================
2025-07-08 20:42:21,779 [INFO] The best testing checkpoint: encoder_hand_pose_landmarks_fs1_bs0/checkpoint_t_9:
2025-07-08 20:42:21,779 [INFO]    Testing accuracy: 0.578
2025-07-08 20:42:21,779 [INFO]    Macro F1 score: 0.552
2025-07-08 20:42:21,779 [INFO]    Weighted F1 score: 0.556
2025-07-08 20:42:21,779 [INFO]    Total trainable parameters: 3,635,044
2025-07-08 20:42:21,779 [INFO]    Elapsed time: 208.12 sec
2025-07-08 20:42:21,779 [INFO] ----------------Config information----------------------- 
2025-07-08 20:42:21,779 [INFO]  - Experiment Args: {'dataset': 'WLASL100', 'features': 'HAND_POSE_LANDMARKS', 'include_blendshapes': 0, 'fs': 1, 'feature_padding_mode': 'sentinel', 'num_classes': 100, 'model': 'encoder', 'mediapipe_holistic': True, 'dim': 128, 'heads': 8, 'n_layers': 6, 'PE': 0, 'pad': 'True', 'clip_weights': 0, 'clip_gradients': 0, 'opt': 'SGD', 'sgd_momentum': 0.9, 'scheduler': 'cosine', 'bs': 32, 'epochs': 100, 'lr': '1e-03', 'logfreq': 1, 'checkpoints': True}
2025-07-08 20:42:21,843 [INFO] 
Any desired statistics have been plotted.
The experiment is finished.
