2025-07-08 20:42:23,644 [INFO] [INFO] Starting experiment encoder_hand_pose_landmarks_fs1_bs1...


2025-07-08 20:42:25,629 [INFO] [1] TRAIN | loss: 4.7786674914152725, acc: 0.0076282940360610264
2025-07-08 20:42:25,629 [INFO] [1] VALIDATION | acc: 0.005917159763313609
2025-07-08 20:42:27,403 [INFO] [2] TRAIN | loss: 4.7027387100717295, acc: 0.0062413314840499305
2025-07-08 20:42:27,403 [INFO] [2] VALIDATION | acc: 0.008875739644970414
2025-07-08 20:42:29,198 [INFO] [3] TRAIN | loss: 4.613887548446655, acc: 0.02011095700416089
2025-07-08 20:42:29,198 [INFO] [3] VALIDATION | acc: 0.020710059171597635
2025-07-08 20:42:31,003 [INFO] [4] TRAIN | loss: 4.527825946393221, acc: 0.027739251040221916
2025-07-08 20:42:31,003 [INFO] [4] VALIDATION | acc: 0.03254437869822485
2025-07-08 20:42:32,813 [INFO] [5] TRAIN | loss: 4.441256564596425, acc: 0.033287101248266296
2025-07-08 20:42:32,813 [INFO] [5] VALIDATION | acc: 0.038461538461538464
2025-07-08 20:42:34,610 [INFO] [6] TRAIN | loss: 4.332738606826119, acc: 0.043689320388349516
2025-07-08 20:42:34,610 [INFO] [6] VALIDATION | acc: 0.04142011834319527
2025-07-08 20:42:36,386 [INFO] [7] TRAIN | loss: 4.241702338923579, acc: 0.052704576976421634
2025-07-08 20:42:36,386 [INFO] [7] VALIDATION | acc: 0.03254437869822485
2025-07-08 20:42:38,172 [INFO] [8] TRAIN | loss: 4.141785699388255, acc: 0.05409153952843273
2025-07-08 20:42:38,172 [INFO] [8] VALIDATION | acc: 0.0621301775147929
2025-07-08 20:42:39,968 [INFO] [9] TRAIN | loss: 4.075983695361925, acc: 0.05617198335644938
2025-07-08 20:42:39,968 [INFO] [9] VALIDATION | acc: 0.0650887573964497
2025-07-08 20:42:41,766 [INFO] [10] TRAIN | loss: 3.951288238815639, acc: 0.0825242718446602
2025-07-08 20:42:41,766 [INFO] [10] VALIDATION | acc: 0.08579881656804733
2025-07-08 20:42:43,538 [INFO] [11] TRAIN | loss: 3.865077319352523, acc: 0.10471567267683772
2025-07-08 20:42:43,538 [INFO] [11] VALIDATION | acc: 0.07692307692307693
2025-07-08 20:42:45,326 [INFO] [12] TRAIN | loss: 3.7597432084705518, acc: 0.1289875173370319
2025-07-08 20:42:45,326 [INFO] [12] VALIDATION | acc: 0.07988165680473373
2025-07-08 20:42:47,103 [INFO] [13] TRAIN | loss: 3.6552079553189487, acc: 0.12829403606102635
2025-07-08 20:42:47,103 [INFO] [13] VALIDATION | acc: 0.10059171597633136
2025-07-08 20:42:48,902 [INFO] [14] TRAIN | loss: 3.592169543971186, acc: 0.14147018030513175
2025-07-08 20:42:48,903 [INFO] [14] VALIDATION | acc: 0.10946745562130178
2025-07-08 20:42:50,674 [INFO] [15] TRAIN | loss: 3.4819691077522608, acc: 0.16019417475728157
2025-07-08 20:42:50,674 [INFO] [15] VALIDATION | acc: 0.10355029585798817
2025-07-08 20:42:52,472 [INFO] [16] TRAIN | loss: 3.395146027855251, acc: 0.18446601941747573
2025-07-08 20:42:52,472 [INFO] [16] VALIDATION | acc: 0.11834319526627218
2025-07-08 20:42:54,272 [INFO] [17] TRAIN | loss: 3.3603474782860796, acc: 0.18793342579750347
2025-07-08 20:42:54,273 [INFO] [17] VALIDATION | acc: 0.13313609467455623
2025-07-08 20:42:56,085 [INFO] [18] TRAIN | loss: 3.293331555698229, acc: 0.19972260748959778
2025-07-08 20:42:56,085 [INFO] [18] VALIDATION | acc: 0.11834319526627218
2025-07-08 20:42:57,907 [INFO] [19] TRAIN | loss: 3.2343851638876875, acc: 0.20110957004160887
2025-07-08 20:42:57,907 [INFO] [19] VALIDATION | acc: 0.12130177514792899
2025-07-08 20:42:59,694 [INFO] [20] TRAIN | loss: 3.1675631326177847, acc: 0.22468793342579751
2025-07-08 20:42:59,694 [INFO] [20] VALIDATION | acc: 0.1242603550295858
2025-07-08 20:43:01,485 [INFO] [21] TRAIN | loss: 3.0969104715015576, acc: 0.2503467406380028
2025-07-08 20:43:01,485 [INFO] [21] VALIDATION | acc: 0.13609467455621302
2025-07-08 20:43:03,264 [INFO] [22] TRAIN | loss: 3.021445175875788, acc: 0.2739251040221914
2025-07-08 20:43:03,264 [INFO] [22] VALIDATION | acc: 0.1242603550295858
2025-07-08 20:43:05,051 [INFO] [23] TRAIN | loss: 2.947141336358112, acc: 0.28085991678224687
2025-07-08 20:43:05,051 [INFO] [23] VALIDATION | acc: 0.1804733727810651
2025-07-08 20:43:06,828 [INFO] [24] TRAIN | loss: 2.8706926936688633, acc: 0.29542302357836336
2025-07-08 20:43:06,828 [INFO] [24] VALIDATION | acc: 0.15384615384615385
2025-07-08 20:43:08,654 [INFO] [25] TRAIN | loss: 2.7755429537399956, acc: 0.3391123439667129
2025-07-08 20:43:08,655 [INFO] [25] VALIDATION | acc: 0.17751479289940827
2025-07-08 20:43:10,449 [INFO] [26] TRAIN | loss: 2.7485914334006933, acc: 0.32801664355062415
2025-07-08 20:43:10,449 [INFO] [26] VALIDATION | acc: 0.11834319526627218
2025-07-08 20:43:12,265 [INFO] [27] TRAIN | loss: 2.856626484705054, acc: 0.3002773925104022
2025-07-08 20:43:12,265 [INFO] [27] VALIDATION | acc: 0.1834319526627219
2025-07-08 20:43:14,083 [INFO] [28] TRAIN | loss: 2.648141534432121, acc: 0.35714285714285715
2025-07-08 20:43:14,083 [INFO] [28] VALIDATION | acc: 0.17751479289940827
2025-07-08 20:43:15,896 [INFO] [29] TRAIN | loss: 2.5847783814305845, acc: 0.3737864077669903
2025-07-08 20:43:15,896 [INFO] [29] VALIDATION | acc: 0.17751479289940827
2025-07-08 20:43:17,730 [INFO] [30] TRAIN | loss: 2.493499050969663, acc: 0.4042995839112344
2025-07-08 20:43:17,730 [INFO] [30] VALIDATION | acc: 0.19230769230769232
2025-07-08 20:43:19,537 [INFO] [31] TRAIN | loss: 2.441900740499082, acc: 0.3855755894590846
2025-07-08 20:43:19,537 [INFO] [31] VALIDATION | acc: 0.20414201183431951
2025-07-08 20:43:21,359 [INFO] [32] TRAIN | loss: 2.314610349095386, acc: 0.4549237170596394
2025-07-08 20:43:21,359 [INFO] [32] VALIDATION | acc: 0.22189349112426035
2025-07-08 20:43:23,171 [INFO] [33] TRAIN | loss: 2.258433751437975, acc: 0.4500693481276006
2025-07-08 20:43:23,172 [INFO] [33] VALIDATION | acc: 0.22485207100591717
2025-07-08 20:43:25,023 [INFO] [34] TRAIN | loss: 2.2123461702595586, acc: 0.4812760055478502
2025-07-08 20:43:25,023 [INFO] [34] VALIDATION | acc: 0.2514792899408284
2025-07-08 20:43:26,860 [INFO] [35] TRAIN | loss: 2.1698203449663906, acc: 0.4826629680998613
2025-07-08 20:43:26,860 [INFO] [35] VALIDATION | acc: 0.2455621301775148
2025-07-08 20:43:28,688 [INFO] [36] TRAIN | loss: 2.1127034373905347, acc: 0.49653259361997226
2025-07-08 20:43:28,688 [INFO] [36] VALIDATION | acc: 0.2485207100591716
2025-07-08 20:43:30,518 [INFO] [37] TRAIN | loss: 2.024723187736843, acc: 0.5332871012482663
2025-07-08 20:43:30,518 [INFO] [37] VALIDATION | acc: 0.24260355029585798
2025-07-08 20:43:32,373 [INFO] [38] TRAIN | loss: 1.9564589054688164, acc: 0.5450762829403606
2025-07-08 20:43:32,373 [INFO] [38] VALIDATION | acc: 0.26627218934911245
2025-07-08 20:43:34,205 [INFO] [39] TRAIN | loss: 1.9823196634002354, acc: 0.5249653259361997
2025-07-08 20:43:34,205 [INFO] [39] VALIDATION | acc: 0.27218934911242604
2025-07-08 20:43:36,046 [INFO] [40] TRAIN | loss: 1.8704297568487085, acc: 0.5672676837725381
2025-07-08 20:43:36,046 [INFO] [40] VALIDATION | acc: 0.28106508875739644
2025-07-08 20:43:37,859 [INFO] [41] TRAIN | loss: 1.8790973943212759, acc: 0.5540915395284327
2025-07-08 20:43:37,859 [INFO] [41] VALIDATION | acc: 0.16568047337278108
2025-07-08 20:43:39,714 [INFO] [42] TRAIN | loss: 1.9058101177215576, acc: 0.536754507628294
2025-07-08 20:43:39,714 [INFO] [42] VALIDATION | acc: 0.29289940828402367
2025-07-08 20:43:41,544 [INFO] [43] TRAIN | loss: 1.7221699460693027, acc: 0.6137309292649098
2025-07-08 20:43:41,544 [INFO] [43] VALIDATION | acc: 0.2869822485207101
2025-07-08 20:43:43,376 [INFO] [44] TRAIN | loss: 1.6360981568046238, acc: 0.636615811373093
2025-07-08 20:43:43,376 [INFO] [44] VALIDATION | acc: 0.2692307692307692
2025-07-08 20:43:45,179 [INFO] [45] TRAIN | loss: 1.6822572376417078, acc: 0.6144244105409153
2025-07-08 20:43:45,179 [INFO] [45] VALIDATION | acc: 0.26331360946745563
2025-07-08 20:43:47,010 [INFO] [46] TRAIN | loss: 1.5980946628943733, acc: 0.636615811373093
2025-07-08 20:43:47,010 [INFO] [46] VALIDATION | acc: 0.3047337278106509
2025-07-08 20:43:48,835 [INFO] [47] TRAIN | loss: 1.5440311250479326, acc: 0.6692094313453537
2025-07-08 20:43:48,835 [INFO] [47] VALIDATION | acc: 0.27514792899408286
2025-07-08 20:43:50,648 [INFO] [48] TRAIN | loss: 1.7530097106228704, acc: 0.573509015256588
2025-07-08 20:43:50,648 [INFO] [48] VALIDATION | acc: 0.27514792899408286
2025-07-08 20:43:52,482 [INFO] [49] TRAIN | loss: 1.5576612301494763, acc: 0.6338418862690708
2025-07-08 20:43:52,482 [INFO] [49] VALIDATION | acc: 0.3165680473372781
2025-07-08 20:43:54,336 [INFO] [50] TRAIN | loss: 1.3792991301287776, acc: 0.6990291262135923
2025-07-08 20:43:54,336 [INFO] [50] VALIDATION | acc: 0.34023668639053256
2025-07-08 20:43:56,156 [INFO] [51] TRAIN | loss: 1.3021690715914187, acc: 0.7357836338418863
2025-07-08 20:43:56,156 [INFO] [51] VALIDATION | acc: 0.3224852071005917
2025-07-08 20:43:58,002 [INFO] [52] TRAIN | loss: 1.3518808406332266, acc: 0.6983356449375867
2025-07-08 20:43:58,002 [INFO] [52] VALIDATION | acc: 0.30177514792899407
2025-07-08 20:43:59,839 [INFO] [53] TRAIN | loss: 1.2833464987899945, acc: 0.7205270457697642
2025-07-08 20:43:59,839 [INFO] [53] VALIDATION | acc: 0.3224852071005917
2025-07-08 20:44:01,664 [INFO] [54] TRAIN | loss: 1.2035421703172766, acc: 0.7593619972260749
2025-07-08 20:44:01,664 [INFO] [54] VALIDATION | acc: 0.32840236686390534
2025-07-08 20:44:03,474 [INFO] [55] TRAIN | loss: 1.137372436730758, acc: 0.7572815533980582
2025-07-08 20:44:03,474 [INFO] [55] VALIDATION | acc: 0.3520710059171598
2025-07-08 20:44:05,293 [INFO] [56] TRAIN | loss: 1.1172893112120421, acc: 0.7690707350901526
2025-07-08 20:44:05,293 [INFO] [56] VALIDATION | acc: 0.3343195266272189
2025-07-08 20:44:07,109 [INFO] [57] TRAIN | loss: 1.1306873145310774, acc: 0.7704576976421637
2025-07-08 20:44:07,109 [INFO] [57] VALIDATION | acc: 0.34911242603550297
2025-07-08 20:44:08,935 [INFO] [58] TRAIN | loss: 1.1093349702980206, acc: 0.7676837725381415
2025-07-08 20:44:08,935 [INFO] [58] VALIDATION | acc: 0.363905325443787
2025-07-08 20:44:10,777 [INFO] [59] TRAIN | loss: 1.0350395311479983, acc: 0.7940360610263523
2025-07-08 20:44:10,777 [INFO] [59] VALIDATION | acc: 0.3668639053254438
2025-07-08 20:44:12,633 [INFO] [60] TRAIN | loss: 0.9862622929655988, acc: 0.7981969486823856
2025-07-08 20:44:12,633 [INFO] [60] VALIDATION | acc: 0.3875739644970414
2025-07-08 20:44:14,452 [INFO] [61] TRAIN | loss: 0.9305970228236654, acc: 0.8134535367545076
2025-07-08 20:44:14,452 [INFO] [61] VALIDATION | acc: 0.3520710059171598
2025-07-08 20:44:16,290 [INFO] [62] TRAIN | loss: 1.0401509481927622, acc: 0.7815533980582524
2025-07-08 20:44:16,290 [INFO] [62] VALIDATION | acc: 0.34023668639053256
2025-07-08 20:44:18,130 [INFO] [63] TRAIN | loss: 0.8508814067944236, acc: 0.841886269070735
2025-07-08 20:44:18,130 [INFO] [63] VALIDATION | acc: 0.3905325443786982
2025-07-08 20:44:19,966 [INFO] [64] TRAIN | loss: 0.8197521178618722, acc: 0.8550624133148405
2025-07-08 20:44:19,966 [INFO] [64] VALIDATION | acc: 0.40236686390532544
2025-07-08 20:44:21,763 [INFO] [65] TRAIN | loss: 0.8774832305700883, acc: 0.8411927877947295
2025-07-08 20:44:21,763 [INFO] [65] VALIDATION | acc: 0.3668639053254438
2025-07-08 20:44:23,597 [INFO] [66] TRAIN | loss: 0.7480500120183696, acc: 0.8814147018030514
2025-07-08 20:44:23,597 [INFO] [66] VALIDATION | acc: 0.41420118343195267
2025-07-08 20:44:25,402 [INFO] [67] TRAIN | loss: 0.7253465147122092, acc: 0.8876560332871013
2025-07-08 20:44:25,402 [INFO] [67] VALIDATION | acc: 0.363905325443787
2025-07-08 20:44:27,190 [INFO] [68] TRAIN | loss: 0.7426073965818986, acc: 0.8737864077669902
2025-07-08 20:44:27,190 [INFO] [68] VALIDATION | acc: 0.41124260355029585
2025-07-08 20:44:29,012 [INFO] [69] TRAIN | loss: 0.6659889201755109, acc: 0.8925104022191401
2025-07-08 20:44:29,012 [INFO] [69] VALIDATION | acc: 0.4378698224852071
2025-07-08 20:44:30,789 [INFO] [70] TRAIN | loss: 0.7222082096597423, acc: 0.8717059639389736
2025-07-08 20:44:30,789 [INFO] [70] VALIDATION | acc: 0.40532544378698226
2025-07-08 20:44:32,594 [INFO] [71] TRAIN | loss: 0.6129898396523102, acc: 0.9056865464632455
2025-07-08 20:44:32,594 [INFO] [71] VALIDATION | acc: 0.42011834319526625
2025-07-08 20:44:34,419 [INFO] [72] TRAIN | loss: 0.6050720901592918, acc: 0.9098474341192788
2025-07-08 20:44:34,419 [INFO] [72] VALIDATION | acc: 0.41420118343195267
2025-07-08 20:44:36,222 [INFO] [73] TRAIN | loss: 0.5701932803444241, acc: 0.9147018030513177
2025-07-08 20:44:36,222 [INFO] [73] VALIDATION | acc: 0.41420118343195267
2025-07-08 20:44:38,008 [INFO] [74] TRAIN | loss: 0.602350700808608, acc: 0.9070735090152566
2025-07-08 20:44:38,009 [INFO] [74] VALIDATION | acc: 0.40532544378698226
2025-07-08 20:44:39,815 [INFO] [75] TRAIN | loss: 0.5977244739947112, acc: 0.90499306518724
2025-07-08 20:44:39,816 [INFO] [75] VALIDATION | acc: 0.4230769230769231
2025-07-08 20:44:41,621 [INFO] [76] TRAIN | loss: 0.5819435935953389, acc: 0.9112343966712899
2025-07-08 20:44:41,621 [INFO] [76] VALIDATION | acc: 0.4319526627218935
2025-07-08 20:44:43,424 [INFO] [77] TRAIN | loss: 0.5208838880062103, acc: 0.9292649098474342
2025-07-08 20:44:43,424 [INFO] [77] VALIDATION | acc: 0.38461538461538464
2025-07-08 20:44:45,206 [INFO] [78] TRAIN | loss: 0.5352925029785737, acc: 0.9209431345353676
2025-07-08 20:44:45,207 [INFO] [78] VALIDATION | acc: 0.4319526627218935
2025-07-08 20:44:47,004 [INFO] [79] TRAIN | loss: 0.4600700638864351, acc: 0.9479889042995839
2025-07-08 20:44:47,004 [INFO] [79] VALIDATION | acc: 0.4319526627218935
2025-07-08 20:44:48,779 [INFO] [80] TRAIN | loss: 0.46268596402976825, acc: 0.9438280166435506
2025-07-08 20:44:48,779 [INFO] [80] VALIDATION | acc: 0.4230769230769231
2025-07-08 20:44:50,586 [INFO] [81] TRAIN | loss: 0.4349977853505508, acc: 0.9549237170596394
2025-07-08 20:44:50,586 [INFO] [81] VALIDATION | acc: 0.40828402366863903
2025-07-08 20:44:52,432 [INFO] [82] TRAIN | loss: 0.4661490878333216, acc: 0.9368932038834952
2025-07-08 20:44:52,432 [INFO] [82] VALIDATION | acc: 0.4378698224852071
2025-07-08 20:44:54,244 [INFO] [83] TRAIN | loss: 0.431728711594706, acc: 0.9507628294036061
2025-07-08 20:44:54,244 [INFO] [83] VALIDATION | acc: 0.41420118343195267
2025-07-08 20:44:56,065 [INFO] [84] TRAIN | loss: 0.41912559452264203, acc: 0.9507628294036061
2025-07-08 20:44:56,065 [INFO] [84] VALIDATION | acc: 0.46153846153846156
2025-07-08 20:44:57,892 [INFO] [85] TRAIN | loss: 0.3581738190158554, acc: 0.9701803051317615
2025-07-08 20:44:57,892 [INFO] [85] VALIDATION | acc: 0.4408284023668639
2025-07-08 20:44:59,708 [INFO] [86] TRAIN | loss: 0.3611005275793698, acc: 0.9736477115117892
2025-07-08 20:44:59,708 [INFO] [86] VALIDATION | acc: 0.4408284023668639
2025-07-08 20:45:01,504 [INFO] [87] TRAIN | loss: 0.4099493700525035, acc: 0.9459084604715673
2025-07-08 20:45:01,504 [INFO] [87] VALIDATION | acc: 0.44970414201183434
2025-07-08 20:45:03,311 [INFO] [88] TRAIN | loss: 0.3289832731951838, acc: 0.9736477115117892
2025-07-08 20:45:03,311 [INFO] [88] VALIDATION | acc: 0.45857988165680474
2025-07-08 20:45:05,156 [INFO] [89] TRAIN | loss: 0.2968193546909353, acc: 0.978502080443828
2025-07-08 20:45:05,156 [INFO] [89] VALIDATION | acc: 0.47337278106508873
2025-07-08 20:45:06,990 [INFO] [90] TRAIN | loss: 0.2849387850450433, acc: 0.9833564493758669
2025-07-08 20:45:06,990 [INFO] [90] VALIDATION | acc: 0.46449704142011833
2025-07-08 20:45:08,791 [INFO] [91] TRAIN | loss: 0.29471018262531445, acc: 0.9833564493758669
2025-07-08 20:45:08,791 [INFO] [91] VALIDATION | acc: 0.4437869822485207
2025-07-08 20:45:10,636 [INFO] [92] TRAIN | loss: 0.4633427693144135, acc: 0.9251040221914009
2025-07-08 20:45:10,636 [INFO] [92] VALIDATION | acc: 0.4556213017751479
2025-07-08 20:45:12,470 [INFO] [93] TRAIN | loss: 0.28735132159098337, acc: 0.9805825242718447
2025-07-08 20:45:12,470 [INFO] [93] VALIDATION | acc: 0.46449704142011833
2025-07-08 20:45:14,304 [INFO] [94] TRAIN | loss: 0.25253046303987503, acc: 0.9902912621359223
2025-07-08 20:45:14,304 [INFO] [94] VALIDATION | acc: 0.47337278106508873
2025-07-08 20:45:16,093 [INFO] [95] TRAIN | loss: 0.2535929297623427, acc: 0.984743411927878
2025-07-08 20:45:16,093 [INFO] [95] VALIDATION | acc: 0.4556213017751479
2025-07-08 20:45:17,906 [INFO] [96] TRAIN | loss: 0.24529966938754785, acc: 0.9854368932038835
2025-07-08 20:45:17,906 [INFO] [96] VALIDATION | acc: 0.47633136094674555
2025-07-08 20:45:19,702 [INFO] [97] TRAIN | loss: 0.2335201944022075, acc: 0.9868238557558946
2025-07-08 20:45:19,702 [INFO] [97] VALIDATION | acc: 0.47337278106508873
2025-07-08 20:45:21,549 [INFO] [98] TRAIN | loss: 0.21252953787536724, acc: 0.9916782246879334
2025-07-08 20:45:21,549 [INFO] [98] VALIDATION | acc: 0.47928994082840237
2025-07-08 20:45:23,373 [INFO] [99] TRAIN | loss: 0.20982614483522333, acc: 0.9916782246879334
2025-07-08 20:45:23,373 [INFO] [99] VALIDATION | acc: 0.4911242603550296
2025-07-08 20:45:25,181 [INFO] [100] TRAIN | loss: 0.23175077496663385, acc: 0.9882108183079057
2025-07-08 20:45:25,181 [INFO] [100] VALIDATION | acc: 0.45857988165680474
2025-07-08 20:45:25,181 [INFO] Testing checkpointed models starting...

2025-07-08 20:45:26,553 [INFO] checkpoint_t0  ->  0.09302325581395349
2025-07-08 20:45:27,844 [INFO] checkpoint_v0  ->  0.09302325581395349
2025-07-08 20:45:29,125 [INFO] checkpoint_t1  ->  0.13953488372093023
2025-07-08 20:45:30,399 [INFO] checkpoint_v1  ->  0.13953488372093023
2025-07-08 20:45:33,983 [INFO] checkpoint_t2  ->  0.18992248062015504
2025-07-08 20:45:39,652 [INFO] checkpoint_v2  ->  0.24031007751937986
2025-07-08 20:45:44,901 [INFO] checkpoint_t3  ->  0.29844961240310075
2025-07-08 20:45:50,634 [INFO] checkpoint_v3  ->  0.29844961240310075
2025-07-08 20:45:55,996 [INFO] checkpoint_t4  ->  0.35271317829457366
2025-07-08 20:46:01,199 [INFO] checkpoint_v4  ->  0.3372093023255814
2025-07-08 20:46:06,867 [INFO] checkpoint_t5  ->  0.3488372093023256
2025-07-08 20:46:12,113 [INFO] checkpoint_v5  ->  0.4069767441860465
2025-07-08 20:46:17,450 [INFO] checkpoint_t6  ->  0.43410852713178294
2025-07-08 20:46:22,577 [INFO] checkpoint_v6  ->  0.40310077519379844
2025-07-08 20:46:27,716 [INFO] checkpoint_t7  ->  0.4728682170542636
2025-07-08 20:46:33,210 [INFO] checkpoint_v7  ->  0.42248062015503873
2025-07-08 20:46:38,704 [INFO] checkpoint_t8  ->  0.47674418604651164
2025-07-08 20:46:44,234 [INFO] checkpoint_v8  ->  0.43410852713178294
2025-07-08 20:46:49,575 [INFO] checkpoint_t9  ->  0.4844961240310077
2025-07-08 20:46:54,946 [INFO] checkpoint_v9  ->  0.4689922480620155
2025-07-08 20:46:54,947 [INFO] 
=======================================
2025-07-08 20:46:54,947 [INFO] The best testing checkpoint: encoder_hand_pose_landmarks_fs1_bs1/checkpoint_t_9:
2025-07-08 20:46:54,947 [INFO]    Testing accuracy: 0.484
2025-07-08 20:46:54,947 [INFO]    Macro F1 score: 0.451
2025-07-08 20:46:54,947 [INFO]    Weighted F1 score: 0.458
2025-07-08 20:46:54,947 [INFO]    Total trainable parameters: 5,467,252
2025-07-08 20:46:54,947 [INFO]    Elapsed time: 271.30 sec
2025-07-08 20:46:54,947 [INFO] ----------------Config information----------------------- 
2025-07-08 20:46:54,947 [INFO]  - Experiment Args: {'dataset': 'WLASL100', 'features': 'HAND_POSE_LANDMARKS', 'include_blendshapes': 1, 'fs': 1, 'feature_padding_mode': 'sentinel', 'num_classes': 100, 'model': 'encoder', 'mediapipe_holistic': True, 'dim': 184, 'heads': 8, 'n_layers': 6, 'PE': 0, 'pad': 'True', 'clip_weights': 0, 'clip_gradients': 0, 'opt': 'SGD', 'sgd_momentum': 0.9, 'scheduler': 'cosine', 'bs': 32, 'epochs': 100, 'lr': '1e-03', 'logfreq': 1, 'checkpoints': True}
2025-07-08 20:46:55,023 [INFO] 
Any desired statistics have been plotted.
The experiment is finished.
