2025-07-08 20:52:15,095 [INFO] [INFO] Starting experiment encoder_hand_angles_fs1_bs1...


2025-07-08 20:52:17,838 [INFO] [1] TRAIN | loss: 4.762368212575498, acc: 0.010402219140083218
2025-07-08 20:52:17,838 [INFO] [1] VALIDATION | acc: 0.023668639053254437
2025-07-08 20:52:20,388 [INFO] [2] TRAIN | loss: 4.634781111841616, acc: 0.0159500693481276
2025-07-08 20:52:20,388 [INFO] [2] VALIDATION | acc: 0.020710059171597635
2025-07-08 20:52:22,966 [INFO] [3] TRAIN | loss: 4.473374967989714, acc: 0.028432732316227463
2025-07-08 20:52:22,966 [INFO] [3] VALIDATION | acc: 0.05029585798816568
2025-07-08 20:52:25,556 [INFO] [4] TRAIN | loss: 4.257286994353585, acc: 0.06865464632454923
2025-07-08 20:52:25,556 [INFO] [4] VALIDATION | acc: 0.07692307692307693
2025-07-08 20:52:28,137 [INFO] [5] TRAIN | loss: 3.9993458830791973, acc: 0.10124826629680998
2025-07-08 20:52:28,137 [INFO] [5] VALIDATION | acc: 0.14497041420118342
2025-07-08 20:52:30,725 [INFO] [6] TRAIN | loss: 3.7000015818554424, acc: 0.15742024965325938
2025-07-08 20:52:30,725 [INFO] [6] VALIDATION | acc: 0.16568047337278108
2025-07-08 20:52:33,317 [INFO] [7] TRAIN | loss: 3.4458404986754707, acc: 0.19209431345353675
2025-07-08 20:52:33,317 [INFO] [7] VALIDATION | acc: 0.22189349112426035
2025-07-08 20:52:35,893 [INFO] [8] TRAIN | loss: 3.1803278819374414, acc: 0.2857142857142857
2025-07-08 20:52:35,893 [INFO] [8] VALIDATION | acc: 0.26331360946745563
2025-07-08 20:52:38,477 [INFO] [9] TRAIN | loss: 2.9294551610946655, acc: 0.35159500693481277
2025-07-08 20:52:38,477 [INFO] [9] VALIDATION | acc: 0.3224852071005917
2025-07-08 20:52:41,062 [INFO] [10] TRAIN | loss: 2.7306295529655786, acc: 0.39528432732316227
2025-07-08 20:52:41,062 [INFO] [10] VALIDATION | acc: 0.3757396449704142
2025-07-08 20:52:43,652 [INFO] [11] TRAIN | loss: 2.457807727482008, acc: 0.45284327323162277
2025-07-08 20:52:43,652 [INFO] [11] VALIDATION | acc: 0.41420118343195267
2025-07-08 20:52:46,246 [INFO] [12] TRAIN | loss: 2.2587443305098494, acc: 0.48058252427184467
2025-07-08 20:52:46,246 [INFO] [12] VALIDATION | acc: 0.4289940828402367
2025-07-08 20:52:48,797 [INFO] [13] TRAIN | loss: 2.1050514604734336, acc: 0.5104022191400832
2025-07-08 20:52:48,797 [INFO] [13] VALIDATION | acc: 0.4289940828402367
2025-07-08 20:52:51,387 [INFO] [14] TRAIN | loss: 1.9527213625285937, acc: 0.5603328710124826
2025-07-08 20:52:51,387 [INFO] [14] VALIDATION | acc: 0.4437869822485207
2025-07-08 20:52:53,929 [INFO] [15] TRAIN | loss: 1.8491348753804746, acc: 0.565880721220527
2025-07-08 20:52:53,929 [INFO] [15] VALIDATION | acc: 0.4437869822485207
2025-07-08 20:52:56,524 [INFO] [16] TRAIN | loss: 1.7511777696402178, acc: 0.587378640776699
2025-07-08 20:52:56,524 [INFO] [16] VALIDATION | acc: 0.4822485207100592
2025-07-08 20:52:59,131 [INFO] [17] TRAIN | loss: 1.6161907522574714, acc: 0.628987517337032
2025-07-08 20:52:59,131 [INFO] [17] VALIDATION | acc: 0.4970414201183432
2025-07-08 20:53:01,677 [INFO] [18] TRAIN | loss: 1.4999892167423083, acc: 0.6470180305131762
2025-07-08 20:53:01,678 [INFO] [18] VALIDATION | acc: 0.47928994082840237
2025-07-08 20:53:04,279 [INFO] [19] TRAIN | loss: 1.444823348003885, acc: 0.6622746185852982
2025-07-08 20:53:04,279 [INFO] [19] VALIDATION | acc: 0.5029585798816568
2025-07-08 20:53:06,838 [INFO] [20] TRAIN | loss: 1.3949370539706687, acc: 0.6775312066574203
2025-07-08 20:53:06,838 [INFO] [20] VALIDATION | acc: 0.4911242603550296
2025-07-08 20:53:09,405 [INFO] [21] TRAIN | loss: 1.3565347000308658, acc: 0.6740638002773925
2025-07-08 20:53:09,405 [INFO] [21] VALIDATION | acc: 0.5088757396449705
2025-07-08 20:53:12,004 [INFO] [22] TRAIN | loss: 1.216887943122698, acc: 0.710124826629681
2025-07-08 20:53:12,004 [INFO] [22] VALIDATION | acc: 0.5177514792899408
2025-07-08 20:53:14,606 [INFO] [23] TRAIN | loss: 1.18274801062501, acc: 0.7198335644937587
2025-07-08 20:53:14,606 [INFO] [23] VALIDATION | acc: 0.5266272189349113
2025-07-08 20:53:17,169 [INFO] [24] TRAIN | loss: 1.1644553904948027, acc: 0.7337031900138696
2025-07-08 20:53:17,169 [INFO] [24] VALIDATION | acc: 0.5207100591715976
2025-07-08 20:53:19,730 [INFO] [25] TRAIN | loss: 1.0498661160792992, acc: 0.7496532593619972
2025-07-08 20:53:19,731 [INFO] [25] VALIDATION | acc: 0.5177514792899408
2025-07-08 20:53:22,328 [INFO] [26] TRAIN | loss: 0.9800722586072009, acc: 0.7746185852981969
2025-07-08 20:53:22,328 [INFO] [26] VALIDATION | acc: 0.5414201183431953
2025-07-08 20:53:24,897 [INFO] [27] TRAIN | loss: 0.9491140777650087, acc: 0.7919556171983356
2025-07-08 20:53:24,898 [INFO] [27] VALIDATION | acc: 0.5266272189349113
2025-07-08 20:53:27,422 [INFO] [28] TRAIN | loss: 0.9886110088099604, acc: 0.7649098474341193
2025-07-08 20:53:27,422 [INFO] [28] VALIDATION | acc: 0.514792899408284
2025-07-08 20:53:29,973 [INFO] [29] TRAIN | loss: 0.9000931278519009, acc: 0.7947295423023578
2025-07-08 20:53:29,974 [INFO] [29] VALIDATION | acc: 0.5355029585798816
2025-07-08 20:53:32,523 [INFO] [30] TRAIN | loss: 0.8135081698065219, acc: 0.8252427184466019
2025-07-08 20:53:32,523 [INFO] [30] VALIDATION | acc: 0.5236686390532544
2025-07-08 20:53:35,049 [INFO] [31] TRAIN | loss: 0.8214226196641508, acc: 0.8245492371705964
2025-07-08 20:53:35,049 [INFO] [31] VALIDATION | acc: 0.5295857988165681
2025-07-08 20:53:37,634 [INFO] [32] TRAIN | loss: 0.7921588067775187, acc: 0.8196948682385575
2025-07-08 20:53:37,634 [INFO] [32] VALIDATION | acc: 0.5473372781065089
2025-07-08 20:53:40,201 [INFO] [33] TRAIN | loss: 0.6729879158994426, acc: 0.8717059639389736
2025-07-08 20:53:40,201 [INFO] [33] VALIDATION | acc: 0.5414201183431953
2025-07-08 20:53:42,766 [INFO] [34] TRAIN | loss: 0.6533860525359279, acc: 0.8717059639389736
2025-07-08 20:53:42,766 [INFO] [34] VALIDATION | acc: 0.5532544378698225
2025-07-08 20:53:45,314 [INFO] [35] TRAIN | loss: 0.6657240624013154, acc: 0.8619972260748959
2025-07-08 20:53:45,314 [INFO] [35] VALIDATION | acc: 0.5562130177514792
2025-07-08 20:53:47,846 [INFO] [36] TRAIN | loss: 0.5885338796221692, acc: 0.8807212205270458
2025-07-08 20:53:47,846 [INFO] [36] VALIDATION | acc: 0.5532544378698225
2025-07-08 20:53:50,428 [INFO] [37] TRAIN | loss: 0.5558724902246309, acc: 0.9015256588072122
2025-07-08 20:53:50,429 [INFO] [37] VALIDATION | acc: 0.5739644970414202
2025-07-08 20:53:52,949 [INFO] [38] TRAIN | loss: 0.5506592658550843, acc: 0.8994452149791956
2025-07-08 20:53:52,949 [INFO] [38] VALIDATION | acc: 0.5562130177514792
2025-07-08 20:53:55,531 [INFO] [39] TRAIN | loss: 0.510583057027796, acc: 0.9036061026352289
2025-07-08 20:53:55,531 [INFO] [39] VALIDATION | acc: 0.5887573964497042
2025-07-08 20:53:58,090 [INFO] [40] TRAIN | loss: 0.4571005280898965, acc: 0.9195561719833565
2025-07-08 20:53:58,090 [INFO] [40] VALIDATION | acc: 0.5828402366863905
2025-07-08 20:54:00,640 [INFO] [41] TRAIN | loss: 0.47315247292103974, acc: 0.9209431345353676
2025-07-08 20:54:00,640 [INFO] [41] VALIDATION | acc: 0.5710059171597633
2025-07-08 20:54:03,223 [INFO] [42] TRAIN | loss: 0.5552947663742563, acc: 0.8869625520110958
2025-07-08 20:54:03,223 [INFO] [42] VALIDATION | acc: 0.5591715976331361
2025-07-08 20:54:05,816 [INFO] [43] TRAIN | loss: 0.4139646097369816, acc: 0.9257975034674064
2025-07-08 20:54:05,816 [INFO] [43] VALIDATION | acc: 0.5857988165680473
2025-07-08 20:54:08,381 [INFO] [44] TRAIN | loss: 0.37179774726214615, acc: 0.9424410540915396
2025-07-08 20:54:08,381 [INFO] [44] VALIDATION | acc: 0.5680473372781065
2025-07-08 20:54:10,903 [INFO] [45] TRAIN | loss: 0.3740120624070582, acc: 0.9396671289875174
2025-07-08 20:54:10,903 [INFO] [45] VALIDATION | acc: 0.5739644970414202
2025-07-08 20:54:13,461 [INFO] [46] TRAIN | loss: 0.3279407905495685, acc: 0.9521497919556172
2025-07-08 20:54:13,461 [INFO] [46] VALIDATION | acc: 0.5621301775147929
2025-07-08 20:54:16,010 [INFO] [47] TRAIN | loss: 0.3987183042842409, acc: 0.9389736477115118
2025-07-08 20:54:16,010 [INFO] [47] VALIDATION | acc: 0.591715976331361
2025-07-08 20:54:18,522 [INFO] [48] TRAIN | loss: 0.43934025971785834, acc: 0.9251040221914009
2025-07-08 20:54:18,523 [INFO] [48] VALIDATION | acc: 0.5710059171597633
2025-07-08 20:54:21,042 [INFO] [49] TRAIN | loss: 0.35048887943444046, acc: 0.9445214979195562
2025-07-08 20:54:21,042 [INFO] [49] VALIDATION | acc: 0.5887573964497042
2025-07-08 20:54:23,633 [INFO] [50] TRAIN | loss: 0.28625249020431354, acc: 0.9604715672676838
2025-07-08 20:54:23,633 [INFO] [50] VALIDATION | acc: 0.5976331360946746
2025-07-08 20:54:26,196 [INFO] [51] TRAIN | loss: 0.26009508675855136, acc: 0.9625520110957004
2025-07-08 20:54:26,196 [INFO] [51] VALIDATION | acc: 0.5946745562130178
2025-07-08 20:54:28,790 [INFO] [52] TRAIN | loss: 0.25128760447968607, acc: 0.9701803051317615
2025-07-08 20:54:28,790 [INFO] [52] VALIDATION | acc: 0.606508875739645
2025-07-08 20:54:31,305 [INFO] [53] TRAIN | loss: 0.25574984336676804, acc: 0.9687933425797504
2025-07-08 20:54:31,305 [INFO] [53] VALIDATION | acc: 0.5857988165680473
2025-07-08 20:54:33,855 [INFO] [54] TRAIN | loss: 0.22959194170392078, acc: 0.9694868238557559
2025-07-08 20:54:33,855 [INFO] [54] VALIDATION | acc: 0.6094674556213018
2025-07-08 20:54:36,419 [INFO] [55] TRAIN | loss: 0.2210216029830601, acc: 0.9798890429958391
2025-07-08 20:54:36,419 [INFO] [55] VALIDATION | acc: 0.5976331360946746
2025-07-08 20:54:38,938 [INFO] [56] TRAIN | loss: 0.2632401397694712, acc: 0.9618585298196949
2025-07-08 20:54:38,938 [INFO] [56] VALIDATION | acc: 0.6005917159763313
2025-07-08 20:54:41,451 [INFO] [57] TRAIN | loss: 0.19467963164915209, acc: 0.9771151178918169
2025-07-08 20:54:41,452 [INFO] [57] VALIDATION | acc: 0.5769230769230769
2025-07-08 20:54:43,962 [INFO] [58] TRAIN | loss: 0.18159880489110947, acc: 0.9798890429958391
2025-07-08 20:54:43,962 [INFO] [58] VALIDATION | acc: 0.5976331360946746
2025-07-08 20:54:46,492 [INFO] [59] TRAIN | loss: 0.21018859452527502, acc: 0.9778085991678225
2025-07-08 20:54:46,492 [INFO] [59] VALIDATION | acc: 0.5946745562130178
2025-07-08 20:54:49,052 [INFO] [60] TRAIN | loss: 0.15996615199939065, acc: 0.9854368932038835
2025-07-08 20:54:49,052 [INFO] [60] VALIDATION | acc: 0.5976331360946746
2025-07-08 20:54:51,609 [INFO] [61] TRAIN | loss: 0.16008176913727884, acc: 0.9868238557558946
2025-07-08 20:54:51,609 [INFO] [61] VALIDATION | acc: 0.591715976331361
2025-07-08 20:54:54,187 [INFO] [62] TRAIN | loss: 0.18382805140446062, acc: 0.9743411927877947
2025-07-08 20:54:54,187 [INFO] [62] VALIDATION | acc: 0.6124260355029586
2025-07-08 20:54:56,738 [INFO] [63] TRAIN | loss: 0.144470546880494, acc: 0.9868238557558946
2025-07-08 20:54:56,739 [INFO] [63] VALIDATION | acc: 0.5857988165680473
2025-07-08 20:54:59,295 [INFO] [64] TRAIN | loss: 0.14454345842418465, acc: 0.9902912621359223
2025-07-08 20:54:59,295 [INFO] [64] VALIDATION | acc: 0.5946745562130178
2025-07-08 20:55:01,866 [INFO] [65] TRAIN | loss: 0.14438644950480564, acc: 0.9868238557558946
2025-07-08 20:55:01,866 [INFO] [65] VALIDATION | acc: 0.6183431952662722
2025-07-08 20:55:04,405 [INFO] [66] TRAIN | loss: 0.13387660001930984, acc: 0.9895977808599168
2025-07-08 20:55:04,405 [INFO] [66] VALIDATION | acc: 0.6035502958579881
2025-07-08 20:55:06,949 [INFO] [67] TRAIN | loss: 0.1275293577624404, acc: 0.9889042995839112
2025-07-08 20:55:06,949 [INFO] [67] VALIDATION | acc: 0.6124260355029586
2025-07-08 20:55:09,504 [INFO] [68] TRAIN | loss: 0.12190946758441303, acc: 0.9937586685159501
2025-07-08 20:55:09,504 [INFO] [68] VALIDATION | acc: 0.5976331360946746
2025-07-08 20:55:12,033 [INFO] [69] TRAIN | loss: 0.1164252944290638, acc: 0.9930651872399445
2025-07-08 20:55:12,034 [INFO] [69] VALIDATION | acc: 0.6094674556213018
2025-07-08 20:55:14,555 [INFO] [70] TRAIN | loss: 0.11616802247970001, acc: 0.9909847434119279
2025-07-08 20:55:14,555 [INFO] [70] VALIDATION | acc: 0.6035502958579881
2025-07-08 20:55:17,099 [INFO] [71] TRAIN | loss: 0.1088732396778853, acc: 0.9902912621359223
2025-07-08 20:55:17,099 [INFO] [71] VALIDATION | acc: 0.6005917159763313
2025-07-08 20:55:19,704 [INFO] [72] TRAIN | loss: 0.10711256285076556, acc: 0.9909847434119279
2025-07-08 20:55:19,704 [INFO] [72] VALIDATION | acc: 0.5946745562130178
2025-07-08 20:55:22,331 [INFO] [73] TRAIN | loss: 0.10989955148619154, acc: 0.9930651872399445
2025-07-08 20:55:22,331 [INFO] [73] VALIDATION | acc: 0.606508875739645
2025-07-08 20:55:24,934 [INFO] [74] TRAIN | loss: 0.09684345073512067, acc: 0.9944521497919556
2025-07-08 20:55:24,934 [INFO] [74] VALIDATION | acc: 0.6094674556213018
2025-07-08 20:55:27,435 [INFO] [75] TRAIN | loss: 0.09427909885087739, acc: 0.9937586685159501
2025-07-08 20:55:27,435 [INFO] [75] VALIDATION | acc: 0.6094674556213018
2025-07-08 20:55:29,987 [INFO] [76] TRAIN | loss: 0.09482382416077283, acc: 0.9930651872399445
2025-07-08 20:55:29,987 [INFO] [76] VALIDATION | acc: 0.6272189349112426
2025-07-08 20:55:32,500 [INFO] [77] TRAIN | loss: 0.09883834875148276, acc: 0.9937586685159501
2025-07-08 20:55:32,500 [INFO] [77] VALIDATION | acc: 0.6094674556213018
2025-07-08 20:55:35,005 [INFO] [78] TRAIN | loss: 0.09302067060185515, acc: 0.992371705963939
2025-07-08 20:55:35,005 [INFO] [78] VALIDATION | acc: 0.6094674556213018
2025-07-08 20:55:37,517 [INFO] [79] TRAIN | loss: 0.08979149454313776, acc: 0.9937586685159501
2025-07-08 20:55:37,517 [INFO] [79] VALIDATION | acc: 0.6183431952662722
2025-07-08 20:55:40,030 [INFO] [80] TRAIN | loss: 0.08689246982659983, acc: 0.9937586685159501
2025-07-08 20:55:40,030 [INFO] [80] VALIDATION | acc: 0.6153846153846154
2025-07-08 20:55:42,542 [INFO] [81] TRAIN | loss: 0.10205558630759301, acc: 0.9930651872399445
2025-07-08 20:55:42,542 [INFO] [81] VALIDATION | acc: 0.6035502958579881
2025-07-08 20:55:45,145 [INFO] [82] TRAIN | loss: 0.09336236232648724, acc: 0.9902912621359223
2025-07-08 20:55:45,145 [INFO] [82] VALIDATION | acc: 0.6124260355029586
2025-07-08 20:55:47,743 [INFO] [83] TRAIN | loss: 0.07945109482692636, acc: 0.9944521497919556
2025-07-08 20:55:47,743 [INFO] [83] VALIDATION | acc: 0.6153846153846154
2025-07-08 20:55:50,304 [INFO] [84] TRAIN | loss: 0.07620965183267127, acc: 0.9944521497919556
2025-07-08 20:55:50,304 [INFO] [84] VALIDATION | acc: 0.6242603550295858
2025-07-08 20:55:52,830 [INFO] [85] TRAIN | loss: 0.07238855059056179, acc: 0.9944521497919556
2025-07-08 20:55:52,831 [INFO] [85] VALIDATION | acc: 0.6153846153846154
2025-07-08 20:55:55,372 [INFO] [86] TRAIN | loss: 0.07124833070227633, acc: 0.9965325936199723
2025-07-08 20:55:55,372 [INFO] [86] VALIDATION | acc: 0.606508875739645
2025-07-08 20:55:57,876 [INFO] [87] TRAIN | loss: 0.07071214930518814, acc: 0.9951456310679612
2025-07-08 20:55:57,877 [INFO] [87] VALIDATION | acc: 0.6094674556213018
2025-07-08 20:56:00,403 [INFO] [88] TRAIN | loss: 0.06864033088735912, acc: 0.9951456310679612
2025-07-08 20:56:00,403 [INFO] [88] VALIDATION | acc: 0.6153846153846154
2025-07-08 20:56:02,921 [INFO] [89] TRAIN | loss: 0.0665689661451008, acc: 0.9965325936199723
2025-07-08 20:56:02,922 [INFO] [89] VALIDATION | acc: 0.621301775147929
2025-07-08 20:56:05,443 [INFO] [90] TRAIN | loss: 0.0651216772587403, acc: 0.9958391123439667
2025-07-08 20:56:05,443 [INFO] [90] VALIDATION | acc: 0.606508875739645
2025-07-08 20:56:07,944 [INFO] [91] TRAIN | loss: 0.06383043300846349, acc: 0.9951456310679612
2025-07-08 20:56:07,944 [INFO] [91] VALIDATION | acc: 0.6183431952662722
2025-07-08 20:56:10,520 [INFO] [92] TRAIN | loss: 0.06900404466559058, acc: 0.9965325936199723
2025-07-08 20:56:10,520 [INFO] [92] VALIDATION | acc: 0.6124260355029586
2025-07-08 20:56:13,074 [INFO] [93] TRAIN | loss: 0.07219118098525898, acc: 0.9916782246879334
2025-07-08 20:56:13,075 [INFO] [93] VALIDATION | acc: 0.6153846153846154
2025-07-08 20:56:15,597 [INFO] [94] TRAIN | loss: 0.063020678722988, acc: 0.9958391123439667
2025-07-08 20:56:15,597 [INFO] [94] VALIDATION | acc: 0.6124260355029586
2025-07-08 20:56:18,153 [INFO] [95] TRAIN | loss: 0.06013966995574858, acc: 0.9951456310679612
2025-07-08 20:56:18,154 [INFO] [95] VALIDATION | acc: 0.6272189349112426
2025-07-08 20:56:20,666 [INFO] [96] TRAIN | loss: 0.06141214210378087, acc: 0.9951456310679612
2025-07-08 20:56:20,666 [INFO] [96] VALIDATION | acc: 0.6153846153846154
2025-07-08 20:56:23,160 [INFO] [97] TRAIN | loss: 0.06120314740616342, acc: 0.9958391123439667
2025-07-08 20:56:23,160 [INFO] [97] VALIDATION | acc: 0.6183431952662722
2025-07-08 20:56:25,698 [INFO] [98] TRAIN | loss: 0.05721078618713047, acc: 0.9972260748959778
2025-07-08 20:56:25,698 [INFO] [98] VALIDATION | acc: 0.6242603550295858
2025-07-08 20:56:28,222 [INFO] [99] TRAIN | loss: 0.056788760925764625, acc: 0.9972260748959778
2025-07-08 20:56:28,222 [INFO] [99] VALIDATION | acc: 0.6124260355029586
2025-07-08 20:56:30,725 [INFO] [100] TRAIN | loss: 0.05645275836729485, acc: 0.9965325936199723
2025-07-08 20:56:30,725 [INFO] [100] VALIDATION | acc: 0.6153846153846154
2025-07-08 20:56:30,725 [INFO] Testing checkpointed models starting...

2025-07-08 20:56:32,105 [INFO] checkpoint_t0  ->  0.35658914728682173
2025-07-08 20:56:33,466 [INFO] checkpoint_v0  ->  0.35658914728682173
2025-07-08 20:56:34,843 [INFO] checkpoint_t1  ->  0.5077519379844961
2025-07-08 20:56:36,209 [INFO] checkpoint_v1  ->  0.4844961240310077
2025-07-08 20:56:39,948 [INFO] checkpoint_t2  ->  0.5116279069767442
2025-07-08 20:56:45,378 [INFO] checkpoint_v2  ->  0.5348837209302325
2025-07-08 20:56:50,670 [INFO] checkpoint_t3  ->  0.5271317829457365
2025-07-08 20:56:56,137 [INFO] checkpoint_v3  ->  0.5542635658914729
2025-07-08 20:57:01,337 [INFO] checkpoint_t4  ->  0.5348837209302325
2025-07-08 20:57:06,882 [INFO] checkpoint_v4  ->  0.5387596899224806
2025-07-08 20:57:12,241 [INFO] checkpoint_t5  ->  0.5736434108527132
2025-07-08 20:57:17,441 [INFO] checkpoint_v5  ->  0.562015503875969
2025-07-08 20:57:23,083 [INFO] checkpoint_t6  ->  0.5813953488372093
2025-07-08 20:57:28,137 [INFO] checkpoint_v6  ->  0.5542635658914729
2025-07-08 20:57:34,021 [INFO] checkpoint_t7  ->  0.5891472868217055
2025-07-08 20:57:39,183 [INFO] checkpoint_v7  ->  0.5697674418604651
2025-07-08 20:57:44,789 [INFO] checkpoint_t8  ->  0.5775193798449613
2025-07-08 20:57:50,185 [INFO] checkpoint_v8  ->  0.5813953488372093
2025-07-08 20:57:55,418 [INFO] checkpoint_t9  ->  0.5736434108527132
2025-07-08 20:58:00,866 [INFO] checkpoint_v9  ->  0.5852713178294574
2025-07-08 20:58:00,866 [INFO] 
=======================================
2025-07-08 20:58:00,866 [INFO] The best testing checkpoint: encoder_hand_angles_fs1_bs1/checkpoint_t_7:
2025-07-08 20:58:00,866 [INFO]    Testing accuracy: 0.589
2025-07-08 20:58:00,866 [INFO]    Macro F1 score: 0.568
2025-07-08 20:58:00,866 [INFO]    Weighted F1 score: 0.568
2025-07-08 20:58:00,866 [INFO]    Total trainable parameters: 12,547,204
2025-07-08 20:58:00,866 [INFO]    Elapsed time: 345.77 sec
2025-07-08 20:58:00,866 [INFO] ----------------Config information----------------------- 
2025-07-08 20:58:00,866 [INFO]  - Experiment Args: {'dataset': 'WLASL100', 'features': 'HAND_ANGLES', 'include_blendshapes': 1, 'fs': 1, 'feature_padding_mode': 'sentinel', 'num_classes': 100, 'model': 'encoder', 'mediapipe_holistic': True, 'dim': 368, 'heads': 8, 'n_layers': 6, 'PE': 0, 'pad': 'True', 'clip_weights': 0, 'clip_gradients': 0, 'opt': 'SGD', 'sgd_momentum': 0.9, 'scheduler': 'cosine', 'bs': 32, 'epochs': 100, 'lr': '1e-03', 'logfreq': 1, 'checkpoints': True}
2025-07-08 20:58:00,933 [INFO] 
Any desired statistics have been plotted.
The experiment is finished.
