2025-07-08 21:02:56,112 [INFO] [INFO] Starting experiment encoder_pose_angles_fs1_bs1...


2025-07-08 21:02:58,680 [INFO] [1] TRAIN | loss: 4.737582756125408, acc: 0.009708737864077669
2025-07-08 21:02:58,680 [INFO] [1] VALIDATION | acc: 0.011834319526627219
2025-07-08 21:03:00,887 [INFO] [2] TRAIN | loss: 4.671815519747526, acc: 0.008321775312066574
2025-07-08 21:03:00,887 [INFO] [2] VALIDATION | acc: 0.023668639053254437
2025-07-08 21:03:03,093 [INFO] [3] TRAIN | loss: 4.571676243906436, acc: 0.022191400832177532
2025-07-08 21:03:03,093 [INFO] [3] VALIDATION | acc: 0.01775147928994083
2025-07-08 21:03:05,306 [INFO] [4] TRAIN | loss: 4.473237193149069, acc: 0.024965325936199722
2025-07-08 21:03:05,306 [INFO] [4] VALIDATION | acc: 0.014792899408284023
2025-07-08 21:03:07,527 [INFO] [5] TRAIN | loss: 4.360905512519505, acc: 0.03398058252427184
2025-07-08 21:03:07,527 [INFO] [5] VALIDATION | acc: 0.029585798816568046
2025-07-08 21:03:09,741 [INFO] [6] TRAIN | loss: 4.23724685544553, acc: 0.049930651872399444
2025-07-08 21:03:09,741 [INFO] [6] VALIDATION | acc: 0.04142011834319527
2025-07-08 21:03:11,982 [INFO] [7] TRAIN | loss: 4.118167073830314, acc: 0.05894590846047157
2025-07-08 21:03:11,982 [INFO] [7] VALIDATION | acc: 0.04437869822485207
2025-07-08 21:03:14,223 [INFO] [8] TRAIN | loss: 4.000360753225244, acc: 0.06657420249653259
2025-07-08 21:03:14,223 [INFO] [8] VALIDATION | acc: 0.0650887573964497
2025-07-08 21:03:16,479 [INFO] [9] TRAIN | loss: 3.951296972191852, acc: 0.0811373092926491
2025-07-08 21:03:16,479 [INFO] [9] VALIDATION | acc: 0.06804733727810651
2025-07-08 21:03:18,724 [INFO] [10] TRAIN | loss: 3.8507657413897305, acc: 0.0970873786407767
2025-07-08 21:03:18,724 [INFO] [10] VALIDATION | acc: 0.07396449704142012
2025-07-08 21:03:20,945 [INFO] [11] TRAIN | loss: 3.7586484059043554, acc: 0.10124826629680998
2025-07-08 21:03:20,945 [INFO] [11] VALIDATION | acc: 0.08284023668639054
2025-07-08 21:03:23,174 [INFO] [12] TRAIN | loss: 3.632000575894895, acc: 0.14285714285714285
2025-07-08 21:03:23,174 [INFO] [12] VALIDATION | acc: 0.09171597633136094
2025-07-08 21:03:25,405 [INFO] [13] TRAIN | loss: 3.5364071493563443, acc: 0.15187239944521497
2025-07-08 21:03:25,405 [INFO] [13] VALIDATION | acc: 0.11538461538461539
2025-07-08 21:03:27,646 [INFO] [14] TRAIN | loss: 3.4387596690136455, acc: 0.1664355062413315
2025-07-08 21:03:27,646 [INFO] [14] VALIDATION | acc: 0.12130177514792899
2025-07-08 21:03:29,900 [INFO] [15] TRAIN | loss: 3.3562743508297466, acc: 0.180998613037448
2025-07-08 21:03:29,900 [INFO] [15] VALIDATION | acc: 0.1242603550295858
2025-07-08 21:03:32,111 [INFO] [16] TRAIN | loss: 3.249544947043709, acc: 0.22052704576976423
2025-07-08 21:03:32,111 [INFO] [16] VALIDATION | acc: 0.12130177514792899
2025-07-08 21:03:34,348 [INFO] [17] TRAIN | loss: 3.1398241623588232, acc: 0.23994452149791956
2025-07-08 21:03:34,348 [INFO] [17] VALIDATION | acc: 0.14792899408284024
2025-07-08 21:03:36,537 [INFO] [18] TRAIN | loss: 3.079573957816414, acc: 0.23994452149791956
2025-07-08 21:03:36,537 [INFO] [18] VALIDATION | acc: 0.13313609467455623
2025-07-08 21:03:38,715 [INFO] [19] TRAIN | loss: 3.055338035459104, acc: 0.23994452149791956
2025-07-08 21:03:38,715 [INFO] [19] VALIDATION | acc: 0.12721893491124261
2025-07-08 21:03:40,925 [INFO] [20] TRAIN | loss: 2.9692248365153437, acc: 0.26282940360610263
2025-07-08 21:03:40,925 [INFO] [20] VALIDATION | acc: 0.14497041420118342
2025-07-08 21:03:43,171 [INFO] [21] TRAIN | loss: 2.8934336434239927, acc: 0.28085991678224687
2025-07-08 21:03:43,171 [INFO] [21] VALIDATION | acc: 0.16272189349112426
2025-07-08 21:03:45,412 [INFO] [22] TRAIN | loss: 2.800421155017355, acc: 0.31900138696255204
2025-07-08 21:03:45,412 [INFO] [22] VALIDATION | acc: 0.16568047337278108
2025-07-08 21:03:47,608 [INFO] [23] TRAIN | loss: 2.7832171709641167, acc: 0.2919556171983356
2025-07-08 21:03:47,608 [INFO] [23] VALIDATION | acc: 0.1390532544378698
2025-07-08 21:03:49,822 [INFO] [24] TRAIN | loss: 2.7040519247884336, acc: 0.33356449375866853
2025-07-08 21:03:49,822 [INFO] [24] VALIDATION | acc: 0.16568047337278108
2025-07-08 21:03:52,027 [INFO] [25] TRAIN | loss: 2.605546438175699, acc: 0.33841886269070737
2025-07-08 21:03:52,027 [INFO] [25] VALIDATION | acc: 0.15680473372781065
2025-07-08 21:03:54,233 [INFO] [26] TRAIN | loss: 2.57984603487927, acc: 0.3779472954230236
2025-07-08 21:03:54,233 [INFO] [26] VALIDATION | acc: 0.15976331360946747
2025-07-08 21:03:56,433 [INFO] [27] TRAIN | loss: 2.523526399031929, acc: 0.36754507628294036
2025-07-08 21:03:56,433 [INFO] [27] VALIDATION | acc: 0.1863905325443787
2025-07-08 21:03:58,610 [INFO] [28] TRAIN | loss: 2.4561973758365796, acc: 0.3633841886269071
2025-07-08 21:03:58,610 [INFO] [28] VALIDATION | acc: 0.15384615384615385
2025-07-08 21:04:00,841 [INFO] [29] TRAIN | loss: 2.4030004325120347, acc: 0.39875173370319
2025-07-08 21:04:00,841 [INFO] [29] VALIDATION | acc: 0.1952662721893491
2025-07-08 21:04:03,064 [INFO] [30] TRAIN | loss: 2.355315602344015, acc: 0.40499306518723993
2025-07-08 21:04:03,064 [INFO] [30] VALIDATION | acc: 0.19822485207100593
2025-07-08 21:04:05,271 [INFO] [31] TRAIN | loss: 2.297929224760636, acc: 0.43273231622746183
2025-07-08 21:04:05,271 [INFO] [31] VALIDATION | acc: 0.17159763313609466
2025-07-08 21:04:07,517 [INFO] [32] TRAIN | loss: 2.244436344374781, acc: 0.43273231622746183
2025-07-08 21:04:07,517 [INFO] [32] VALIDATION | acc: 0.17159763313609466
2025-07-08 21:04:09,721 [INFO] [33] TRAIN | loss: 2.2618620447490527, acc: 0.4223300970873786
2025-07-08 21:04:09,721 [INFO] [33] VALIDATION | acc: 0.21005917159763313
2025-07-08 21:04:11,961 [INFO] [34] TRAIN | loss: 2.1044638986172886, acc: 0.47711511789181693
2025-07-08 21:04:11,962 [INFO] [34] VALIDATION | acc: 0.21301775147928995
2025-07-08 21:04:14,141 [INFO] [35] TRAIN | loss: 2.101588599059893, acc: 0.4750346740638003
2025-07-08 21:04:14,141 [INFO] [35] VALIDATION | acc: 0.21005917159763313
2025-07-08 21:04:16,311 [INFO] [36] TRAIN | loss: 2.0666697673175647, acc: 0.47572815533980584
2025-07-08 21:04:16,311 [INFO] [36] VALIDATION | acc: 0.1804733727810651
2025-07-08 21:04:18,512 [INFO] [37] TRAIN | loss: 2.0094659017479937, acc: 0.5027739251040222
2025-07-08 21:04:18,512 [INFO] [37] VALIDATION | acc: 0.20118343195266272
2025-07-08 21:04:20,682 [INFO] [38] TRAIN | loss: 2.0282199590102485, acc: 0.48196948682385576
2025-07-08 21:04:20,682 [INFO] [38] VALIDATION | acc: 0.20118343195266272
2025-07-08 21:04:22,879 [INFO] [39] TRAIN | loss: 1.885096832461979, acc: 0.5457697642163661
2025-07-08 21:04:22,879 [INFO] [39] VALIDATION | acc: 0.20710059171597633
2025-07-08 21:04:25,050 [INFO] [40] TRAIN | loss: 1.8717268886773482, acc: 0.544382801664355
2025-07-08 21:04:25,050 [INFO] [40] VALIDATION | acc: 0.20414201183431951
2025-07-08 21:04:27,227 [INFO] [41] TRAIN | loss: 1.8804595561131188, acc: 0.5062413314840499
2025-07-08 21:04:27,227 [INFO] [41] VALIDATION | acc: 0.1952662721893491
2025-07-08 21:04:29,453 [INFO] [42] TRAIN | loss: 1.7489394364149675, acc: 0.5748959778085991
2025-07-08 21:04:29,453 [INFO] [42] VALIDATION | acc: 0.21893491124260356
2025-07-08 21:04:31,650 [INFO] [43] TRAIN | loss: 1.7114069254502007, acc: 0.5894590846047156
2025-07-08 21:04:31,650 [INFO] [43] VALIDATION | acc: 0.21301775147928995
2025-07-08 21:04:33,850 [INFO] [44] TRAIN | loss: 1.6902433918870015, acc: 0.5998613037447988
2025-07-08 21:04:33,850 [INFO] [44] VALIDATION | acc: 0.21005917159763313
2025-07-08 21:04:36,014 [INFO] [45] TRAIN | loss: 1.6780585050582886, acc: 0.5957004160887656
2025-07-08 21:04:36,014 [INFO] [45] VALIDATION | acc: 0.21301775147928995
2025-07-08 21:04:38,208 [INFO] [46] TRAIN | loss: 1.6385114607603655, acc: 0.602635228848821
2025-07-08 21:04:38,208 [INFO] [46] VALIDATION | acc: 0.21301775147928995
2025-07-08 21:04:40,442 [INFO] [47] TRAIN | loss: 1.5451278997504192, acc: 0.6047156726768377
2025-07-08 21:04:40,442 [INFO] [47] VALIDATION | acc: 0.22485207100591717
2025-07-08 21:04:42,680 [INFO] [48] TRAIN | loss: 1.4395311410012452, acc: 0.6712898751733704
2025-07-08 21:04:42,680 [INFO] [48] VALIDATION | acc: 0.22781065088757396
2025-07-08 21:04:44,852 [INFO] [49] TRAIN | loss: 1.4057401548261228, acc: 0.6650485436893204
2025-07-08 21:04:44,852 [INFO] [49] VALIDATION | acc: 0.21893491124260356
2025-07-08 21:04:47,075 [INFO] [50] TRAIN | loss: 1.3635799573815388, acc: 0.694868238557559
2025-07-08 21:04:47,076 [INFO] [50] VALIDATION | acc: 0.23964497041420119
2025-07-08 21:04:49,239 [INFO] [51] TRAIN | loss: 1.3558377714260765, acc: 0.687239944521498
2025-07-08 21:04:49,239 [INFO] [51] VALIDATION | acc: 0.22189349112426035
2025-07-08 21:04:51,460 [INFO] [52] TRAIN | loss: 1.3153816668883613, acc: 0.6851595006934813
2025-07-08 21:04:51,460 [INFO] [52] VALIDATION | acc: 0.21893491124260356
2025-07-08 21:04:53,683 [INFO] [53] TRAIN | loss: 1.388565763183262, acc: 0.6456310679611651
2025-07-08 21:04:53,683 [INFO] [53] VALIDATION | acc: 0.25443786982248523
2025-07-08 21:04:55,893 [INFO] [54] TRAIN | loss: 1.2330267234988834, acc: 0.7198335644937587
2025-07-08 21:04:55,893 [INFO] [54] VALIDATION | acc: 0.23372781065088757
2025-07-08 21:04:58,110 [INFO] [55] TRAIN | loss: 1.2108929584855619, acc: 0.7337031900138696
2025-07-08 21:04:58,110 [INFO] [55] VALIDATION | acc: 0.23076923076923078
2025-07-08 21:05:00,297 [INFO] [56] TRAIN | loss: 1.2693961573683696, acc: 0.7045769764216366
2025-07-08 21:05:00,297 [INFO] [56] VALIDATION | acc: 0.23964497041420119
2025-07-08 21:05:02,499 [INFO] [57] TRAIN | loss: 1.1495450903540072, acc: 0.7385575589459085
2025-07-08 21:05:02,499 [INFO] [57] VALIDATION | acc: 0.25443786982248523
2025-07-08 21:05:04,714 [INFO] [58] TRAIN | loss: 1.0335263260032819, acc: 0.7773925104022191
2025-07-08 21:05:04,714 [INFO] [58] VALIDATION | acc: 0.23964497041420119
2025-07-08 21:05:06,926 [INFO] [59] TRAIN | loss: 0.9798221584895382, acc: 0.789875173370319
2025-07-08 21:05:06,926 [INFO] [59] VALIDATION | acc: 0.2455621301775148
2025-07-08 21:05:09,179 [INFO] [60] TRAIN | loss: 0.9270960364652716, acc: 0.8099861303744799
2025-07-08 21:05:09,179 [INFO] [60] VALIDATION | acc: 0.2603550295857988
2025-07-08 21:05:11,398 [INFO] [61] TRAIN | loss: 0.952714116676994, acc: 0.7995839112343966
2025-07-08 21:05:11,398 [INFO] [61] VALIDATION | acc: 0.26331360946745563
2025-07-08 21:05:13,639 [INFO] [62] TRAIN | loss: 0.9603983721007472, acc: 0.7891816920943134
2025-07-08 21:05:13,639 [INFO] [62] VALIDATION | acc: 0.2514792899408284
2025-07-08 21:05:15,853 [INFO] [63] TRAIN | loss: 0.8953522573346677, acc: 0.8106796116504854
2025-07-08 21:05:15,853 [INFO] [63] VALIDATION | acc: 0.25443786982248523
2025-07-08 21:05:18,057 [INFO] [64] TRAIN | loss: 0.8068873091884281, acc: 0.841886269070735
2025-07-08 21:05:18,058 [INFO] [64] VALIDATION | acc: 0.21597633136094674
2025-07-08 21:05:20,289 [INFO] [65] TRAIN | loss: 0.8050307625013849, acc: 0.8495145631067961
2025-07-08 21:05:20,289 [INFO] [65] VALIDATION | acc: 0.257396449704142
2025-07-08 21:05:22,494 [INFO] [66] TRAIN | loss: 0.7784210974755494, acc: 0.8536754507628294
2025-07-08 21:05:22,494 [INFO] [66] VALIDATION | acc: 0.24260355029585798
2025-07-08 21:05:24,725 [INFO] [67] TRAIN | loss: 0.7008057547652203, acc: 0.871012482662968
2025-07-08 21:05:24,725 [INFO] [67] VALIDATION | acc: 0.27514792899408286
2025-07-08 21:05:26,920 [INFO] [68] TRAIN | loss: 0.6873069263022878, acc: 0.8932038834951457
2025-07-08 21:05:26,920 [INFO] [68] VALIDATION | acc: 0.21597633136094674
2025-07-08 21:05:29,086 [INFO] [69] TRAIN | loss: 0.764787442010382, acc: 0.8536754507628294
2025-07-08 21:05:29,086 [INFO] [69] VALIDATION | acc: 0.24260355029585798
2025-07-08 21:05:31,256 [INFO] [70] TRAIN | loss: 0.6749665711237036, acc: 0.883495145631068
2025-07-08 21:05:31,256 [INFO] [70] VALIDATION | acc: 0.257396449704142
2025-07-08 21:05:33,412 [INFO] [71] TRAIN | loss: 0.633093888344972, acc: 0.8932038834951457
2025-07-08 21:05:33,412 [INFO] [71] VALIDATION | acc: 0.24260355029585798
2025-07-08 21:05:35,623 [INFO] [72] TRAIN | loss: 0.6420414583838504, acc: 0.8862690707350902
2025-07-08 21:05:35,623 [INFO] [72] VALIDATION | acc: 0.2514792899408284
2025-07-08 21:05:37,855 [INFO] [73] TRAIN | loss: 0.5816068267044814, acc: 0.9160887656033287
2025-07-08 21:05:37,855 [INFO] [73] VALIDATION | acc: 0.28106508875739644
2025-07-08 21:05:40,078 [INFO] [74] TRAIN | loss: 0.5408523847227511, acc: 0.9244105409153953
2025-07-08 21:05:40,078 [INFO] [74] VALIDATION | acc: 0.28402366863905326
2025-07-08 21:05:42,274 [INFO] [75] TRAIN | loss: 0.5430283267860827, acc: 0.934119278779473
2025-07-08 21:05:42,274 [INFO] [75] VALIDATION | acc: 0.257396449704142
2025-07-08 21:05:44,451 [INFO] [76] TRAIN | loss: 0.5576950211239897, acc: 0.90499306518724
2025-07-08 21:05:44,451 [INFO] [76] VALIDATION | acc: 0.257396449704142
2025-07-08 21:05:46,625 [INFO] [77] TRAIN | loss: 0.48641492491183075, acc: 0.9244105409153953
2025-07-08 21:05:46,625 [INFO] [77] VALIDATION | acc: 0.257396449704142
2025-07-08 21:05:48,816 [INFO] [78] TRAIN | loss: 0.4469490770412528, acc: 0.9500693481276006
2025-07-08 21:05:48,816 [INFO] [78] VALIDATION | acc: 0.25443786982248523
2025-07-08 21:05:50,986 [INFO] [79] TRAIN | loss: 0.453391063472499, acc: 0.9431345353675451
2025-07-08 21:05:50,986 [INFO] [79] VALIDATION | acc: 0.28106508875739644
2025-07-08 21:05:53,198 [INFO] [80] TRAIN | loss: 0.41874200170454773, acc: 0.9535367545076283
2025-07-08 21:05:53,198 [INFO] [80] VALIDATION | acc: 0.26627218934911245
2025-07-08 21:05:55,367 [INFO] [81] TRAIN | loss: 0.41957745798256085, acc: 0.949375866851595
2025-07-08 21:05:55,367 [INFO] [81] VALIDATION | acc: 0.26331360946745563
2025-07-08 21:05:57,587 [INFO] [82] TRAIN | loss: 0.4033260996574941, acc: 0.9563106796116505
2025-07-08 21:05:57,587 [INFO] [82] VALIDATION | acc: 0.2514792899408284
2025-07-08 21:05:59,805 [INFO] [83] TRAIN | loss: 0.3718862650187119, acc: 0.9646324549237171
2025-07-08 21:05:59,805 [INFO] [83] VALIDATION | acc: 0.257396449704142
2025-07-08 21:06:01,995 [INFO] [84] TRAIN | loss: 0.42360417739204737, acc: 0.9389736477115118
2025-07-08 21:06:01,995 [INFO] [84] VALIDATION | acc: 0.26627218934911245
2025-07-08 21:06:04,193 [INFO] [85] TRAIN | loss: 0.34903845288183377, acc: 0.9646324549237171
2025-07-08 21:06:04,193 [INFO] [85] VALIDATION | acc: 0.28402366863905326
2025-07-08 21:06:06,381 [INFO] [86] TRAIN | loss: 0.3220587991501974, acc: 0.9771151178918169
2025-07-08 21:06:06,381 [INFO] [86] VALIDATION | acc: 0.27514792899408286
2025-07-08 21:06:08,586 [INFO] [87] TRAIN | loss: 0.30466983046220697, acc: 0.9791955617198336
2025-07-08 21:06:08,586 [INFO] [87] VALIDATION | acc: 0.27514792899408286
2025-07-08 21:06:10,754 [INFO] [88] TRAIN | loss: 0.31177673035341763, acc: 0.9729542302357836
2025-07-08 21:06:10,754 [INFO] [88] VALIDATION | acc: 0.2603550295857988
2025-07-08 21:06:12,918 [INFO] [89] TRAIN | loss: 0.30055446922779083, acc: 0.9750346740638003
2025-07-08 21:06:12,918 [INFO] [89] VALIDATION | acc: 0.27218934911242604
2025-07-08 21:06:15,078 [INFO] [90] TRAIN | loss: 0.28844380597381486, acc: 0.9750346740638003
2025-07-08 21:06:15,078 [INFO] [90] VALIDATION | acc: 0.27218934911242604
2025-07-08 21:06:17,269 [INFO] [91] TRAIN | loss: 0.2640344082661297, acc: 0.9840499306518724
2025-07-08 21:06:17,269 [INFO] [91] VALIDATION | acc: 0.28402366863905326
2025-07-08 21:06:19,483 [INFO] [92] TRAIN | loss: 0.2616718693271927, acc: 0.984743411927878
2025-07-08 21:06:19,483 [INFO] [92] VALIDATION | acc: 0.2692307692307692
2025-07-08 21:06:21,699 [INFO] [93] TRAIN | loss: 0.23536521196365356, acc: 0.986130374479889
2025-07-08 21:06:21,699 [INFO] [93] VALIDATION | acc: 0.2781065088757396
2025-07-08 21:06:23,898 [INFO] [94] TRAIN | loss: 0.23440138185801712, acc: 0.9902912621359223
2025-07-08 21:06:23,898 [INFO] [94] VALIDATION | acc: 0.25443786982248523
2025-07-08 21:06:26,084 [INFO] [95] TRAIN | loss: 0.24301831829159157, acc: 0.9840499306518724
2025-07-08 21:06:26,084 [INFO] [95] VALIDATION | acc: 0.28106508875739644
2025-07-08 21:06:28,266 [INFO] [96] TRAIN | loss: 0.21287448963393335, acc: 0.9909847434119279
2025-07-08 21:06:28,266 [INFO] [96] VALIDATION | acc: 0.27514792899408286
2025-07-08 21:06:30,451 [INFO] [97] TRAIN | loss: 0.20538890005453772, acc: 0.992371705963939
2025-07-08 21:06:30,451 [INFO] [97] VALIDATION | acc: 0.27514792899408286
2025-07-08 21:06:32,646 [INFO] [98] TRAIN | loss: 0.20953448116779327, acc: 0.9930651872399445
2025-07-08 21:06:32,646 [INFO] [98] VALIDATION | acc: 0.2692307692307692
2025-07-08 21:06:34,821 [INFO] [99] TRAIN | loss: 0.21222925542489343, acc: 0.9909847434119279
2025-07-08 21:06:34,822 [INFO] [99] VALIDATION | acc: 0.2692307692307692
2025-07-08 21:06:36,983 [INFO] [100] TRAIN | loss: 0.19525886748148047, acc: 0.992371705963939
2025-07-08 21:06:36,983 [INFO] [100] VALIDATION | acc: 0.27514792899408286
2025-07-08 21:06:36,983 [INFO] Testing checkpointed models starting...

2025-07-08 21:06:38,306 [INFO] checkpoint_t0  ->  0.10852713178294573
2025-07-08 21:06:39,603 [INFO] checkpoint_v0  ->  0.10852713178294573
2025-07-08 21:06:40,899 [INFO] checkpoint_t1  ->  0.16666666666666666
2025-07-08 21:06:42,181 [INFO] checkpoint_v1  ->  0.16666666666666666
2025-07-08 21:06:46,194 [INFO] checkpoint_t2  ->  0.20930232558139536
2025-07-08 21:06:51,643 [INFO] checkpoint_v2  ->  0.19767441860465115
2025-07-08 21:06:57,193 [INFO] checkpoint_t3  ->  0.22868217054263565
2025-07-08 21:07:03,474 [INFO] checkpoint_v3  ->  0.2131782945736434
2025-07-08 21:07:08,958 [INFO] checkpoint_t4  ->  0.21705426356589147
2025-07-08 21:07:15,182 [INFO] checkpoint_v4  ->  0.21705426356589147
2025-07-08 21:07:20,758 [INFO] checkpoint_t5  ->  0.26744186046511625
2025-07-08 21:07:26,388 [INFO] checkpoint_v5  ->  0.2441860465116279
2025-07-08 21:07:31,527 [INFO] checkpoint_t6  ->  0.24031007751937986
2025-07-08 21:07:36,667 [INFO] checkpoint_v6  ->  0.2441860465116279
2025-07-08 21:07:42,230 [INFO] checkpoint_t7  ->  0.23255813953488372
2025-07-08 21:07:47,356 [INFO] checkpoint_v7  ->  0.25193798449612403
2025-07-08 21:07:52,500 [INFO] checkpoint_t8  ->  0.24806201550387597
2025-07-08 21:07:57,632 [INFO] checkpoint_v8  ->  0.2558139534883721
2025-07-08 21:08:03,341 [INFO] checkpoint_t9  ->  0.2441860465116279
2025-07-08 21:08:08,615 [INFO] checkpoint_v9  ->  0.26356589147286824
2025-07-08 21:08:08,615 [INFO] 
=======================================
2025-07-08 21:08:08,615 [INFO] The best testing checkpoint: encoder_pose_angles_fs1_bs1/checkpoint_t_5:
2025-07-08 21:08:08,615 [INFO]    Testing accuracy: 0.267
2025-07-08 21:08:08,615 [INFO]    Macro F1 score: 0.242
2025-07-08 21:08:08,615 [INFO]    Weighted F1 score: 0.247
2025-07-08 21:08:08,615 [INFO]    Total trainable parameters: 8,958,388
2025-07-08 21:08:08,615 [INFO]    Elapsed time: 312.50 sec
2025-07-08 21:08:08,615 [INFO] ----------------Config information----------------------- 
2025-07-08 21:08:08,615 [INFO]  - Experiment Args: {'dataset': 'WLASL100', 'features': 'POSE_ANGLES', 'include_blendshapes': 1, 'fs': 1, 'feature_padding_mode': 'sentinel', 'num_classes': 100, 'model': 'encoder', 'mediapipe_holistic': True, 'dim': 280, 'heads': 8, 'n_layers': 6, 'PE': 0, 'pad': 'True', 'clip_weights': 0, 'clip_gradients': 0, 'opt': 'SGD', 'sgd_momentum': 0.9, 'scheduler': 'cosine', 'bs': 32, 'epochs': 100, 'lr': '1e-03', 'logfreq': 1, 'checkpoints': True}
2025-07-08 21:08:08,690 [INFO] 
Any desired statistics have been plotted.
The experiment is finished.
