2025-07-08 20:27:43,761 [INFO] [INFO] Starting experiment encoder_hand_landmarks_fs1_bs1...


2025-07-08 20:27:45,608 [INFO] [1] TRAIN | loss: 4.779584490734598, acc: 0.0034674063800277394
2025-07-08 20:27:45,609 [INFO] [1] VALIDATION | acc: 0.0029585798816568047
2025-07-08 20:27:47,134 [INFO] [2] TRAIN | loss: 4.7233810113823935, acc: 0.006934812760055479
2025-07-08 20:27:47,134 [INFO] [2] VALIDATION | acc: 0.005917159763313609
2025-07-08 20:27:48,676 [INFO] [3] TRAIN | loss: 4.631016762360282, acc: 0.012482662968099861
2025-07-08 20:27:48,677 [INFO] [3] VALIDATION | acc: 0.014792899408284023
2025-07-08 20:27:50,191 [INFO] [4] TRAIN | loss: 4.555515424064968, acc: 0.028432732316227463
2025-07-08 20:27:50,191 [INFO] [4] VALIDATION | acc: 0.008875739644970414
2025-07-08 20:27:51,702 [INFO] [5] TRAIN | loss: 4.477440688921058, acc: 0.024965325936199722
2025-07-08 20:27:51,702 [INFO] [5] VALIDATION | acc: 0.01775147928994083
2025-07-08 20:27:53,227 [INFO] [6] TRAIN | loss: 4.369813898335332, acc: 0.033287101248266296
2025-07-08 20:27:53,227 [INFO] [6] VALIDATION | acc: 0.023668639053254437
2025-07-08 20:27:54,753 [INFO] [7] TRAIN | loss: 4.270976833675219, acc: 0.036754507628294034
2025-07-08 20:27:54,753 [INFO] [7] VALIDATION | acc: 0.029585798816568046
2025-07-08 20:27:56,247 [INFO] [8] TRAIN | loss: 4.221907480903294, acc: 0.03467406380027739
2025-07-08 20:27:56,247 [INFO] [8] VALIDATION | acc: 0.03550295857988166
2025-07-08 20:27:57,728 [INFO] [9] TRAIN | loss: 4.154614334521086, acc: 0.052011095700416086
2025-07-08 20:27:57,728 [INFO] [9] VALIDATION | acc: 0.03254437869822485
2025-07-08 20:27:59,227 [INFO] [10] TRAIN | loss: 4.084593886914461, acc: 0.054785020804438284
2025-07-08 20:27:59,227 [INFO] [10] VALIDATION | acc: 0.038461538461538464
2025-07-08 20:28:00,724 [INFO] [11] TRAIN | loss: 4.031901712002962, acc: 0.06657420249653259
2025-07-08 20:28:00,724 [INFO] [11] VALIDATION | acc: 0.047337278106508875
2025-07-08 20:28:02,257 [INFO] [12] TRAIN | loss: 3.9122083653574404, acc: 0.07558945908460471
2025-07-08 20:28:02,257 [INFO] [12] VALIDATION | acc: 0.07396449704142012
2025-07-08 20:28:03,786 [INFO] [13] TRAIN | loss: 3.8377703376438306, acc: 0.08321775312066575
2025-07-08 20:28:03,786 [INFO] [13] VALIDATION | acc: 0.08284023668639054
2025-07-08 20:28:05,357 [INFO] [14] TRAIN | loss: 3.7583952675695005, acc: 0.10194174757281553
2025-07-08 20:28:05,357 [INFO] [14] VALIDATION | acc: 0.07396449704142012
2025-07-08 20:28:06,908 [INFO] [15] TRAIN | loss: 3.678644563840783, acc: 0.11927877947295423
2025-07-08 20:28:06,908 [INFO] [15] VALIDATION | acc: 0.07692307692307693
2025-07-08 20:28:08,470 [INFO] [16] TRAIN | loss: 3.573902373728545, acc: 0.13800277392510402
2025-07-08 20:28:08,470 [INFO] [16] VALIDATION | acc: 0.09171597633136094
2025-07-08 20:28:09,983 [INFO] [17] TRAIN | loss: 3.5187183048414146, acc: 0.15187239944521497
2025-07-08 20:28:09,983 [INFO] [17] VALIDATION | acc: 0.10650887573964497
2025-07-08 20:28:11,489 [INFO] [18] TRAIN | loss: 3.451245339020439, acc: 0.16712898751733704
2025-07-08 20:28:11,489 [INFO] [18] VALIDATION | acc: 0.11538461538461539
2025-07-08 20:28:12,981 [INFO] [19] TRAIN | loss: 3.400064634240192, acc: 0.180998613037448
2025-07-08 20:28:12,981 [INFO] [19] VALIDATION | acc: 0.10355029585798817
2025-07-08 20:28:14,473 [INFO] [20] TRAIN | loss: 3.349325636158819, acc: 0.18585298196948682
2025-07-08 20:28:14,473 [INFO] [20] VALIDATION | acc: 0.10946745562130178
2025-07-08 20:28:15,978 [INFO] [21] TRAIN | loss: 3.2836350461711055, acc: 0.20249653259361997
2025-07-08 20:28:15,978 [INFO] [21] VALIDATION | acc: 0.12130177514792899
2025-07-08 20:28:17,487 [INFO] [22] TRAIN | loss: 3.2131412806718247, acc: 0.21220527045769763
2025-07-08 20:28:17,487 [INFO] [22] VALIDATION | acc: 0.11834319526627218
2025-07-08 20:28:18,994 [INFO] [23] TRAIN | loss: 3.1082679188769795, acc: 0.23578363384188628
2025-07-08 20:28:18,994 [INFO] [23] VALIDATION | acc: 0.16568047337278108
2025-07-08 20:28:20,489 [INFO] [24] TRAIN | loss: 3.0680137250734414, acc: 0.25450762829403606
2025-07-08 20:28:20,489 [INFO] [24] VALIDATION | acc: 0.15384615384615385
2025-07-08 20:28:21,985 [INFO] [25] TRAIN | loss: 2.9759802921958594, acc: 0.28085991678224687
2025-07-08 20:28:21,985 [INFO] [25] VALIDATION | acc: 0.17159763313609466
2025-07-08 20:28:23,470 [INFO] [26] TRAIN | loss: 2.925670432007831, acc: 0.28779472954230234
2025-07-08 20:28:23,471 [INFO] [26] VALIDATION | acc: 0.14497041420118342
2025-07-08 20:28:24,944 [INFO] [27] TRAIN | loss: 2.9298270992610767, acc: 0.26005547850208044
2025-07-08 20:28:24,944 [INFO] [27] VALIDATION | acc: 0.15088757396449703
2025-07-08 20:28:26,432 [INFO] [28] TRAIN | loss: 2.7836903022683184, acc: 0.3196948682385576
2025-07-08 20:28:26,432 [INFO] [28] VALIDATION | acc: 0.17159763313609466
2025-07-08 20:28:27,920 [INFO] [29] TRAIN | loss: 2.7455591481664907, acc: 0.3259361997226075
2025-07-08 20:28:27,920 [INFO] [29] VALIDATION | acc: 0.17159763313609466
2025-07-08 20:28:29,426 [INFO] [30] TRAIN | loss: 2.635871332624684, acc: 0.35298196948682387
2025-07-08 20:28:29,426 [INFO] [30] VALIDATION | acc: 0.21597633136094674
2025-07-08 20:28:30,928 [INFO] [31] TRAIN | loss: 2.524297861949257, acc: 0.39389736477115117
2025-07-08 20:28:30,928 [INFO] [31] VALIDATION | acc: 0.22189349112426035
2025-07-08 20:28:32,440 [INFO] [32] TRAIN | loss: 2.514457671538643, acc: 0.38210818307905686
2025-07-08 20:28:32,440 [INFO] [32] VALIDATION | acc: 0.1893491124260355
2025-07-08 20:28:33,949 [INFO] [33] TRAIN | loss: 2.5140685620515244, acc: 0.4077669902912621
2025-07-08 20:28:33,949 [INFO] [33] VALIDATION | acc: 0.23372781065088757
2025-07-08 20:28:35,449 [INFO] [34] TRAIN | loss: 2.4742906819219175, acc: 0.4105409153952843
2025-07-08 20:28:35,449 [INFO] [34] VALIDATION | acc: 0.19822485207100593
2025-07-08 20:28:36,933 [INFO] [35] TRAIN | loss: 2.417674474094225, acc: 0.42302357836338417
2025-07-08 20:28:36,933 [INFO] [35] VALIDATION | acc: 0.19822485207100593
2025-07-08 20:28:38,422 [INFO] [36] TRAIN | loss: 2.357401034106379, acc: 0.43966712898751736
2025-07-08 20:28:38,422 [INFO] [36] VALIDATION | acc: 0.19822485207100593
2025-07-08 20:28:39,933 [INFO] [37] TRAIN | loss: 2.3463325785553972, acc: 0.45977808599167824
2025-07-08 20:28:39,933 [INFO] [37] VALIDATION | acc: 0.26627218934911245
2025-07-08 20:28:41,416 [INFO] [38] TRAIN | loss: 2.226248448309691, acc: 0.4791955617198336
2025-07-08 20:28:41,416 [INFO] [38] VALIDATION | acc: 0.2485207100591716
2025-07-08 20:28:42,897 [INFO] [39] TRAIN | loss: 2.160711760106294, acc: 0.4972260748959778
2025-07-08 20:28:42,897 [INFO] [39] VALIDATION | acc: 0.23964497041420119
2025-07-08 20:28:44,399 [INFO] [40] TRAIN | loss: 2.0761094870774643, acc: 0.5006934812760055
2025-07-08 20:28:44,399 [INFO] [40] VALIDATION | acc: 0.2781065088757396
2025-07-08 20:28:45,888 [INFO] [41] TRAIN | loss: 2.027284780274267, acc: 0.5381414701803051
2025-07-08 20:28:45,888 [INFO] [41] VALIDATION | acc: 0.23076923076923078
2025-07-08 20:28:47,399 [INFO] [42] TRAIN | loss: 2.1055276238400005, acc: 0.492371705963939
2025-07-08 20:28:47,399 [INFO] [42] VALIDATION | acc: 0.25443786982248523
2025-07-08 20:28:48,903 [INFO] [43] TRAIN | loss: 2.007704416046972, acc: 0.5090152565880721
2025-07-08 20:28:48,903 [INFO] [43] VALIDATION | acc: 0.27218934911242604
2025-07-08 20:28:50,413 [INFO] [44] TRAIN | loss: 1.9065718339837117, acc: 0.5332871012482663
2025-07-08 20:28:50,413 [INFO] [44] VALIDATION | acc: 0.27514792899408286
2025-07-08 20:28:51,928 [INFO] [45] TRAIN | loss: 1.8326982182005178, acc: 0.5984743411927878
2025-07-08 20:28:51,928 [INFO] [45] VALIDATION | acc: 0.2988165680473373
2025-07-08 20:28:53,404 [INFO] [46] TRAIN | loss: 1.7981280658556067, acc: 0.5943134535367545
2025-07-08 20:28:53,404 [INFO] [46] VALIDATION | acc: 0.28402366863905326
2025-07-08 20:28:54,869 [INFO] [47] TRAIN | loss: 1.7739199970079504, acc: 0.5970873786407767
2025-07-08 20:28:54,869 [INFO] [47] VALIDATION | acc: 0.29289940828402367
2025-07-08 20:28:56,366 [INFO] [48] TRAIN | loss: 1.6949837453987286, acc: 0.6109570041608876
2025-07-08 20:28:56,366 [INFO] [48] VALIDATION | acc: 0.33136094674556216
2025-07-08 20:28:57,856 [INFO] [49] TRAIN | loss: 1.6492653696433357, acc: 0.636615811373093
2025-07-08 20:28:57,856 [INFO] [49] VALIDATION | acc: 0.23668639053254437
2025-07-08 20:28:59,334 [INFO] [50] TRAIN | loss: 1.8876561937124834, acc: 0.5527045769764216
2025-07-08 20:28:59,334 [INFO] [50] VALIDATION | acc: 0.3076923076923077
2025-07-08 20:29:00,802 [INFO] [51] TRAIN | loss: 1.6791182108547376, acc: 0.6102635228848821
2025-07-08 20:29:00,802 [INFO] [51] VALIDATION | acc: 0.2988165680473373
2025-07-08 20:29:02,305 [INFO] [52] TRAIN | loss: 1.5566151789996936, acc: 0.6497919556171984
2025-07-08 20:29:02,305 [INFO] [52] VALIDATION | acc: 0.33727810650887574
2025-07-08 20:29:03,782 [INFO] [53] TRAIN | loss: 1.6157150916431262, acc: 0.6206657420249653
2025-07-08 20:29:03,782 [INFO] [53] VALIDATION | acc: 0.3254437869822485
2025-07-08 20:29:05,256 [INFO] [54] TRAIN | loss: 1.543232852997987, acc: 0.6463245492371706
2025-07-08 20:29:05,256 [INFO] [54] VALIDATION | acc: 0.3520710059171598
2025-07-08 20:29:06,744 [INFO] [55] TRAIN | loss: 1.4054145476092463, acc: 0.7038834951456311
2025-07-08 20:29:06,744 [INFO] [55] VALIDATION | acc: 0.3343195266272189
2025-07-08 20:29:08,214 [INFO] [56] TRAIN | loss: 1.4384323410365893, acc: 0.6775312066574203
2025-07-08 20:29:08,215 [INFO] [56] VALIDATION | acc: 0.30177514792899407
2025-07-08 20:29:09,689 [INFO] [57] TRAIN | loss: 1.4591697247132012, acc: 0.6747572815533981
2025-07-08 20:29:09,689 [INFO] [57] VALIDATION | acc: 0.34911242603550297
2025-07-08 20:29:11,155 [INFO] [58] TRAIN | loss: 1.361270495083021, acc: 0.6976421636615812
2025-07-08 20:29:11,155 [INFO] [58] VALIDATION | acc: 0.33136094674556216
2025-07-08 20:29:12,642 [INFO] [59] TRAIN | loss: 1.270798815333325, acc: 0.7233009708737864
2025-07-08 20:29:12,642 [INFO] [59] VALIDATION | acc: 0.3343195266272189
2025-07-08 20:29:14,130 [INFO] [60] TRAIN | loss: 1.2567220550516378, acc: 0.7288488210818308
2025-07-08 20:29:14,130 [INFO] [60] VALIDATION | acc: 0.33727810650887574
2025-07-08 20:29:15,622 [INFO] [61] TRAIN | loss: 1.249414447856986, acc: 0.7184466019417476
2025-07-08 20:29:15,622 [INFO] [61] VALIDATION | acc: 0.3668639053254438
2025-07-08 20:29:17,115 [INFO] [62] TRAIN | loss: 1.1815750197223995, acc: 0.760748959778086
2025-07-08 20:29:17,115 [INFO] [62] VALIDATION | acc: 0.35798816568047337
2025-07-08 20:29:18,601 [INFO] [63] TRAIN | loss: 1.1579370874425639, acc: 0.746879334257975
2025-07-08 20:29:18,601 [INFO] [63] VALIDATION | acc: 0.38461538461538464
2025-07-08 20:29:20,090 [INFO] [64] TRAIN | loss: 1.0622883944407753, acc: 0.7877947295423023
2025-07-08 20:29:20,091 [INFO] [64] VALIDATION | acc: 0.363905325443787
2025-07-08 20:29:21,587 [INFO] [65] TRAIN | loss: 1.0647988176864127, acc: 0.7891816920943134
2025-07-08 20:29:21,587 [INFO] [65] VALIDATION | acc: 0.3905325443786982
2025-07-08 20:29:23,075 [INFO] [66] TRAIN | loss: 1.012233811876048, acc: 0.8037447988904299
2025-07-08 20:29:23,075 [INFO] [66] VALIDATION | acc: 0.34023668639053256
2025-07-08 20:29:24,548 [INFO] [67] TRAIN | loss: 1.021710858396862, acc: 0.7995839112343966
2025-07-08 20:29:24,548 [INFO] [67] VALIDATION | acc: 0.378698224852071
2025-07-08 20:29:26,057 [INFO] [68] TRAIN | loss: 0.9761286727760149, acc: 0.8155339805825242
2025-07-08 20:29:26,057 [INFO] [68] VALIDATION | acc: 0.40828402366863903
2025-07-08 20:29:27,531 [INFO] [69] TRAIN | loss: 0.9900379608506742, acc: 0.7981969486823856
2025-07-08 20:29:27,531 [INFO] [69] VALIDATION | acc: 0.34911242603550297
2025-07-08 20:29:29,007 [INFO] [70] TRAIN | loss: 1.0252019711162732, acc: 0.7884882108183079
2025-07-08 20:29:29,007 [INFO] [70] VALIDATION | acc: 0.39349112426035504
2025-07-08 20:29:30,519 [INFO] [71] TRAIN | loss: 1.0304709076881409, acc: 0.7766990291262136
2025-07-08 20:29:30,519 [INFO] [71] VALIDATION | acc: 0.35502958579881655
2025-07-08 20:29:32,062 [INFO] [72] TRAIN | loss: 0.8785454591979152, acc: 0.8196948682385575
2025-07-08 20:29:32,062 [INFO] [72] VALIDATION | acc: 0.3875739644970414
2025-07-08 20:29:33,574 [INFO] [73] TRAIN | loss: 0.7972938496133556, acc: 0.8550624133148405
2025-07-08 20:29:33,574 [INFO] [73] VALIDATION | acc: 0.3994082840236686
2025-07-08 20:29:35,092 [INFO] [74] TRAIN | loss: 0.7664391281812087, acc: 0.8640776699029126
2025-07-08 20:29:35,092 [INFO] [74] VALIDATION | acc: 0.41124260355029585
2025-07-08 20:29:36,600 [INFO] [75] TRAIN | loss: 0.7428558812193249, acc: 0.8682385575589459
2025-07-08 20:29:36,600 [INFO] [75] VALIDATION | acc: 0.39644970414201186
2025-07-08 20:29:38,097 [INFO] [76] TRAIN | loss: 0.7266063528216403, acc: 0.8821081830790569
2025-07-08 20:29:38,097 [INFO] [76] VALIDATION | acc: 0.40236686390532544
2025-07-08 20:29:39,595 [INFO] [77] TRAIN | loss: 0.6909481734037399, acc: 0.8938973647711512
2025-07-08 20:29:39,595 [INFO] [77] VALIDATION | acc: 0.40532544378698226
2025-07-08 20:29:41,076 [INFO] [78] TRAIN | loss: 0.7340730571228525, acc: 0.8883495145631068
2025-07-08 20:29:41,076 [INFO] [78] VALIDATION | acc: 0.40532544378698226
2025-07-08 20:29:42,574 [INFO] [79] TRAIN | loss: 0.7267361821039863, acc: 0.8723994452149791
2025-07-08 20:29:42,574 [INFO] [79] VALIDATION | acc: 0.4171597633136095
2025-07-08 20:29:44,087 [INFO] [80] TRAIN | loss: 0.6236571099447168, acc: 0.9140083217753121
2025-07-08 20:29:44,087 [INFO] [80] VALIDATION | acc: 0.4289940828402367
2025-07-08 20:29:45,577 [INFO] [81] TRAIN | loss: 0.6536656799523727, acc: 0.8897364771151179
2025-07-08 20:29:45,578 [INFO] [81] VALIDATION | acc: 0.41124260355029585
2025-07-08 20:29:47,128 [INFO] [82] TRAIN | loss: 0.5879830212696738, acc: 0.9112343966712899
2025-07-08 20:29:47,128 [INFO] [82] VALIDATION | acc: 0.41420118343195267
2025-07-08 20:29:48,625 [INFO] [83] TRAIN | loss: 0.5981764910013779, acc: 0.9181692094313454
2025-07-08 20:29:48,625 [INFO] [83] VALIDATION | acc: 0.40236686390532544
2025-07-08 20:29:50,111 [INFO] [84] TRAIN | loss: 0.6629038728449655, acc: 0.8717059639389736
2025-07-08 20:29:50,112 [INFO] [84] VALIDATION | acc: 0.4349112426035503
2025-07-08 20:29:51,600 [INFO] [85] TRAIN | loss: 0.5662714268850244, acc: 0.9278779472954231
2025-07-08 20:29:51,600 [INFO] [85] VALIDATION | acc: 0.4260355029585799
2025-07-08 20:29:53,072 [INFO] [86] TRAIN | loss: 0.6309142987365308, acc: 0.8959778085991679
2025-07-08 20:29:53,072 [INFO] [86] VALIDATION | acc: 0.4260355029585799
2025-07-08 20:29:54,568 [INFO] [87] TRAIN | loss: 0.5164635712685792, acc: 0.934119278779473
2025-07-08 20:29:54,568 [INFO] [87] VALIDATION | acc: 0.4260355029585799
2025-07-08 20:29:56,073 [INFO] [88] TRAIN | loss: 0.46998575718506524, acc: 0.9563106796116505
2025-07-08 20:29:56,073 [INFO] [88] VALIDATION | acc: 0.44970414201183434
2025-07-08 20:29:57,544 [INFO] [89] TRAIN | loss: 0.4976288332887318, acc: 0.9375866851595007
2025-07-08 20:29:57,544 [INFO] [89] VALIDATION | acc: 0.4408284023668639
2025-07-08 20:29:59,019 [INFO] [90] TRAIN | loss: 0.50335862779099, acc: 0.9368932038834952
2025-07-08 20:29:59,019 [INFO] [90] VALIDATION | acc: 0.4408284023668639
2025-07-08 20:30:00,495 [INFO] [91] TRAIN | loss: 0.46906577698562457, acc: 0.941747572815534
2025-07-08 20:30:00,495 [INFO] [91] VALIDATION | acc: 0.45857988165680474
2025-07-08 20:30:01,989 [INFO] [92] TRAIN | loss: 0.4160548228284587, acc: 0.955617198335645
2025-07-08 20:30:01,989 [INFO] [92] VALIDATION | acc: 0.4408284023668639
2025-07-08 20:30:03,473 [INFO] [93] TRAIN | loss: 0.4167221590228703, acc: 0.9590846047156727
2025-07-08 20:30:03,473 [INFO] [93] VALIDATION | acc: 0.41124260355029585
2025-07-08 20:30:04,945 [INFO] [94] TRAIN | loss: 0.5903794337873873, acc: 0.9022191400832178
2025-07-08 20:30:04,945 [INFO] [94] VALIDATION | acc: 0.4319526627218935
2025-07-08 20:30:06,423 [INFO] [95] TRAIN | loss: 0.3977350910072741, acc: 0.963245492371706
2025-07-08 20:30:06,423 [INFO] [95] VALIDATION | acc: 0.4319526627218935
2025-07-08 20:30:07,909 [INFO] [96] TRAIN | loss: 0.4175567996242772, acc: 0.9563106796116505
2025-07-08 20:30:07,909 [INFO] [96] VALIDATION | acc: 0.4556213017751479
2025-07-08 20:30:09,367 [INFO] [97] TRAIN | loss: 0.3883958867062693, acc: 0.963245492371706
2025-07-08 20:30:09,367 [INFO] [97] VALIDATION | acc: 0.4289940828402367
2025-07-08 20:30:10,848 [INFO] [98] TRAIN | loss: 0.37183406949043274, acc: 0.9701803051317615
2025-07-08 20:30:10,848 [INFO] [98] VALIDATION | acc: 0.44970414201183434
2025-07-08 20:30:12,365 [INFO] [99] TRAIN | loss: 0.33938897433488263, acc: 0.9722607489597781
2025-07-08 20:30:12,365 [INFO] [99] VALIDATION | acc: 0.4940828402366864
2025-07-08 20:30:13,855 [INFO] [100] TRAIN | loss: 0.3337545871086743, acc: 0.9757281553398058
2025-07-08 20:30:13,855 [INFO] [100] VALIDATION | acc: 0.47041420118343197
2025-07-08 20:30:13,855 [INFO] Testing checkpointed models starting...

2025-07-08 20:30:15,168 [INFO] checkpoint_t0  ->  0.04263565891472868
2025-07-08 20:30:16,509 [INFO] checkpoint_v0  ->  0.04263565891472868
2025-07-08 20:30:17,721 [INFO] checkpoint_t1  ->  0.09302325581395349
2025-07-08 20:30:18,945 [INFO] checkpoint_v1  ->  0.09302325581395349
2025-07-08 20:30:23,127 [INFO] checkpoint_t2  ->  0.1821705426356589
2025-07-08 20:30:28,248 [INFO] checkpoint_v2  ->  0.1821705426356589
2025-07-08 20:30:33,391 [INFO] checkpoint_t3  ->  0.1937984496124031
2025-07-08 20:30:38,848 [INFO] checkpoint_v3  ->  0.26356589147286824
2025-07-08 20:30:43,944 [INFO] checkpoint_t4  ->  0.23255813953488372
2025-07-08 20:30:49,208 [INFO] checkpoint_v4  ->  0.29844961240310075
2025-07-08 20:30:54,322 [INFO] checkpoint_t5  ->  0.3178294573643411
2025-07-08 20:30:59,539 [INFO] checkpoint_v5  ->  0.3178294573643411
2025-07-08 20:31:05,282 [INFO] checkpoint_t6  ->  0.38372093023255816
2025-07-08 20:31:10,311 [INFO] checkpoint_v6  ->  0.38372093023255816
2025-07-08 20:31:16,019 [INFO] checkpoint_t7  ->  0.4186046511627907
2025-07-08 20:31:21,089 [INFO] checkpoint_v7  ->  0.4186046511627907
2025-07-08 20:31:26,371 [INFO] checkpoint_t8  ->  0.4108527131782946
2025-07-08 20:31:31,785 [INFO] checkpoint_v8  ->  0.4418604651162791
2025-07-08 20:31:36,878 [INFO] checkpoint_t9  ->  0.4263565891472868
2025-07-08 20:31:42,530 [INFO] checkpoint_v9  ->  0.4263565891472868
2025-07-08 20:31:42,530 [INFO] 
=======================================
2025-07-08 20:31:42,530 [INFO] The best testing checkpoint: encoder_hand_landmarks_fs1_bs1/checkpoint_v_8:
2025-07-08 20:31:42,530 [INFO]    Testing accuracy: 0.442
2025-07-08 20:31:42,530 [INFO]    Macro F1 score: 0.404
2025-07-08 20:31:42,530 [INFO]    Weighted F1 score: 0.420
2025-07-08 20:31:42,530 [INFO]    Total trainable parameters: 3,887,572
2025-07-08 20:31:42,530 [INFO]    Elapsed time: 238.77 sec
2025-07-08 20:31:42,530 [INFO] ----------------Config information----------------------- 
2025-07-08 20:31:42,530 [INFO]  - Experiment Args: {'dataset': 'WLASL100', 'features': 'HAND_LANDMARKS', 'include_blendshapes': 1, 'fs': 1, 'feature_padding_mode': 'sentinel', 'num_classes': 100, 'model': 'encoder', 'mediapipe_holistic': True, 'dim': 136, 'heads': 8, 'n_layers': 6, 'PE': 0, 'pad': 'True', 'clip_weights': 0, 'clip_gradients': 0, 'opt': 'SGD', 'sgd_momentum': 0.9, 'scheduler': 'cosine', 'bs': 32, 'epochs': 100, 'lr': '1e-03', 'logfreq': 1, 'checkpoints': True}
2025-07-08 20:31:42,608 [INFO] 
Any desired statistics have been plotted.
The experiment is finished.
