2025-07-08 21:22:25,963 [INFO] [INFO] Starting experiment encoder_facial_blendshapes_only...


2025-07-08 21:22:27,607 [INFO] [1] TRAIN | loss: 4.751851061116094, acc: 0.009708737864077669
2025-07-08 21:22:27,607 [INFO] [1] VALIDATION | acc: 0.014792899408284023
2025-07-08 21:22:28,951 [INFO] [2] TRAIN | loss: 4.707132868144823, acc: 0.009015256588072122
2025-07-08 21:22:28,951 [INFO] [2] VALIDATION | acc: 0.011834319526627219
2025-07-08 21:22:30,303 [INFO] [3] TRAIN | loss: 4.691316863764888, acc: 0.0062413314840499305
2025-07-08 21:22:30,303 [INFO] [3] VALIDATION | acc: 0.029585798816568046
2025-07-08 21:22:31,654 [INFO] [4] TRAIN | loss: 4.65246668069259, acc: 0.015256588072122053
2025-07-08 21:22:31,654 [INFO] [4] VALIDATION | acc: 0.01775147928994083
2025-07-08 21:22:33,003 [INFO] [5] TRAIN | loss: 4.619600503341012, acc: 0.022191400832177532
2025-07-08 21:22:33,003 [INFO] [5] VALIDATION | acc: 0.01775147928994083
2025-07-08 21:22:34,358 [INFO] [6] TRAIN | loss: 4.600931177968564, acc: 0.027045769764216365
2025-07-08 21:22:34,358 [INFO] [6] VALIDATION | acc: 0.011834319526627219
2025-07-08 21:22:35,709 [INFO] [7] TRAIN | loss: 4.5969830699588945, acc: 0.024965325936199722
2025-07-08 21:22:35,709 [INFO] [7] VALIDATION | acc: 0.01775147928994083
2025-07-08 21:22:37,053 [INFO] [8] TRAIN | loss: 4.567914620689724, acc: 0.029819694868238558
2025-07-08 21:22:37,053 [INFO] [8] VALIDATION | acc: 0.014792899408284023
2025-07-08 21:22:38,402 [INFO] [9] TRAIN | loss: 4.541949178861535, acc: 0.033287101248266296
2025-07-08 21:22:38,402 [INFO] [9] VALIDATION | acc: 0.01775147928994083
2025-07-08 21:22:39,744 [INFO] [10] TRAIN | loss: 4.533529685891193, acc: 0.029819694868238558
2025-07-08 21:22:39,744 [INFO] [10] VALIDATION | acc: 0.029585798816568046
2025-07-08 21:22:41,124 [INFO] [11] TRAIN | loss: 4.493680601534636, acc: 0.03536754507628294
2025-07-08 21:22:41,124 [INFO] [11] VALIDATION | acc: 0.023668639053254437
2025-07-08 21:22:42,489 [INFO] [12] TRAIN | loss: 4.482792885407157, acc: 0.03952843273231623
2025-07-08 21:22:42,489 [INFO] [12] VALIDATION | acc: 0.03254437869822485
2025-07-08 21:22:43,840 [INFO] [13] TRAIN | loss: 4.4351516806561015, acc: 0.038834951456310676
2025-07-08 21:22:43,840 [INFO] [13] VALIDATION | acc: 0.026627218934911243
2025-07-08 21:22:45,190 [INFO] [14] TRAIN | loss: 4.412896508755892, acc: 0.044382801664355064
2025-07-08 21:22:45,190 [INFO] [14] VALIDATION | acc: 0.03254437869822485
2025-07-08 21:22:46,538 [INFO] [15] TRAIN | loss: 4.403984443001125, acc: 0.0478502080443828
2025-07-08 21:22:46,538 [INFO] [15] VALIDATION | acc: 0.026627218934911243
2025-07-08 21:22:47,877 [INFO] [16] TRAIN | loss: 4.369471332301265, acc: 0.04507628294036061
2025-07-08 21:22:47,877 [INFO] [16] VALIDATION | acc: 0.03254437869822485
2025-07-08 21:22:49,218 [INFO] [17] TRAIN | loss: 4.343255924141926, acc: 0.06241331484049931
2025-07-08 21:22:49,218 [INFO] [17] VALIDATION | acc: 0.029585798816568046
2025-07-08 21:22:50,569 [INFO] [18] TRAIN | loss: 4.294454543486886, acc: 0.060332871012482664
2025-07-08 21:22:50,569 [INFO] [18] VALIDATION | acc: 0.029585798816568046
2025-07-08 21:22:51,941 [INFO] [19] TRAIN | loss: 4.293947230214658, acc: 0.06449375866851595
2025-07-08 21:22:51,941 [INFO] [19] VALIDATION | acc: 0.04142011834319527
2025-07-08 21:22:53,287 [INFO] [20] TRAIN | loss: 4.2551028417504355, acc: 0.06449375866851595
2025-07-08 21:22:53,287 [INFO] [20] VALIDATION | acc: 0.038461538461538464
2025-07-08 21:22:54,632 [INFO] [21] TRAIN | loss: 4.229579080706057, acc: 0.06241331484049931
2025-07-08 21:22:54,632 [INFO] [21] VALIDATION | acc: 0.03254437869822485
2025-07-08 21:22:55,998 [INFO] [22] TRAIN | loss: 4.209526015364605, acc: 0.06310679611650485
2025-07-08 21:22:55,998 [INFO] [22] VALIDATION | acc: 0.026627218934911243
2025-07-08 21:22:57,365 [INFO] [23] TRAIN | loss: 4.185470710630002, acc: 0.07073509015256588
2025-07-08 21:22:57,365 [INFO] [23] VALIDATION | acc: 0.026627218934911243
2025-07-08 21:22:58,713 [INFO] [24] TRAIN | loss: 4.173739500667738, acc: 0.07212205270457697
2025-07-08 21:22:58,713 [INFO] [24] VALIDATION | acc: 0.020710059171597635
2025-07-08 21:23:00,065 [INFO] [25] TRAIN | loss: 4.153262998746789, acc: 0.0769764216366158
2025-07-08 21:23:00,065 [INFO] [25] VALIDATION | acc: 0.023668639053254437
2025-07-08 21:23:01,422 [INFO] [26] TRAIN | loss: 4.120530755623527, acc: 0.09500693481276005
2025-07-08 21:23:01,423 [INFO] [26] VALIDATION | acc: 0.04142011834319527
2025-07-08 21:23:02,753 [INFO] [27] TRAIN | loss: 4.108246855113817, acc: 0.08599167822468794
2025-07-08 21:23:02,753 [INFO] [27] VALIDATION | acc: 0.03550295857988166
2025-07-08 21:23:04,096 [INFO] [28] TRAIN | loss: 4.082547006399735, acc: 0.07905686546463246
2025-07-08 21:23:04,096 [INFO] [28] VALIDATION | acc: 0.04142011834319527
2025-07-08 21:23:05,446 [INFO] [29] TRAIN | loss: 4.060673615206843, acc: 0.09916782246879334
2025-07-08 21:23:05,446 [INFO] [29] VALIDATION | acc: 0.04142011834319527
2025-07-08 21:23:06,786 [INFO] [30] TRAIN | loss: 4.052076313806617, acc: 0.0970873786407767
2025-07-08 21:23:06,786 [INFO] [30] VALIDATION | acc: 0.03254437869822485
2025-07-08 21:23:08,126 [INFO] [31] TRAIN | loss: 4.030329154885334, acc: 0.09847434119278779
2025-07-08 21:23:08,127 [INFO] [31] VALIDATION | acc: 0.04437869822485207
2025-07-08 21:23:09,498 [INFO] [32] TRAIN | loss: 4.007586442905923, acc: 0.09916782246879334
2025-07-08 21:23:09,498 [INFO] [32] VALIDATION | acc: 0.038461538461538464
2025-07-08 21:23:10,862 [INFO] [33] TRAIN | loss: 4.012796510820803, acc: 0.09153952843273232
2025-07-08 21:23:10,862 [INFO] [33] VALIDATION | acc: 0.04142011834319527
2025-07-08 21:23:12,212 [INFO] [34] TRAIN | loss: 3.9712343319602637, acc: 0.10332871012482663
2025-07-08 21:23:12,212 [INFO] [34] VALIDATION | acc: 0.04142011834319527
2025-07-08 21:23:13,553 [INFO] [35] TRAIN | loss: 3.963914021201756, acc: 0.09916782246879334
2025-07-08 21:23:13,553 [INFO] [35] VALIDATION | acc: 0.03550295857988166
2025-07-08 21:23:14,906 [INFO] [36] TRAIN | loss: 3.886199194452037, acc: 0.108876560332871
2025-07-08 21:23:14,906 [INFO] [36] VALIDATION | acc: 0.047337278106508875
2025-07-08 21:23:16,261 [INFO] [37] TRAIN | loss: 3.855887584064318, acc: 0.1262135922330097
2025-07-08 21:23:16,261 [INFO] [37] VALIDATION | acc: 0.047337278106508875
2025-07-08 21:23:17,601 [INFO] [38] TRAIN | loss: 3.8608283063639766, acc: 0.11858529819694869
2025-07-08 21:23:17,601 [INFO] [38] VALIDATION | acc: 0.047337278106508875
2025-07-08 21:23:18,944 [INFO] [39] TRAIN | loss: 3.86607303308404, acc: 0.1276005547850208
2025-07-08 21:23:18,945 [INFO] [39] VALIDATION | acc: 0.047337278106508875
2025-07-08 21:23:20,305 [INFO] [40] TRAIN | loss: 3.828180017678634, acc: 0.13453536754507628
2025-07-08 21:23:20,305 [INFO] [40] VALIDATION | acc: 0.05325443786982249
2025-07-08 21:23:21,659 [INFO] [41] TRAIN | loss: 3.819415672965672, acc: 0.13869625520110956
2025-07-08 21:23:21,659 [INFO] [41] VALIDATION | acc: 0.047337278106508875
2025-07-08 21:23:23,013 [INFO] [42] TRAIN | loss: 3.8133683100990625, acc: 0.13106796116504854
2025-07-08 21:23:23,013 [INFO] [42] VALIDATION | acc: 0.05621301775147929
2025-07-08 21:23:24,368 [INFO] [43] TRAIN | loss: 3.7846749243528945, acc: 0.1393897364771151
2025-07-08 21:23:24,368 [INFO] [43] VALIDATION | acc: 0.05621301775147929
2025-07-08 21:23:25,736 [INFO] [44] TRAIN | loss: 3.7476679812306943, acc: 0.14701803051317613
2025-07-08 21:23:25,736 [INFO] [44] VALIDATION | acc: 0.05917159763313609
2025-07-08 21:23:27,083 [INFO] [45] TRAIN | loss: 3.7361427908358364, acc: 0.1449375866851595
2025-07-08 21:23:27,083 [INFO] [45] VALIDATION | acc: 0.05325443786982249
2025-07-08 21:23:28,422 [INFO] [46] TRAIN | loss: 3.728600719700689, acc: 0.13800277392510402
2025-07-08 21:23:28,422 [INFO] [46] VALIDATION | acc: 0.047337278106508875
2025-07-08 21:23:29,772 [INFO] [47] TRAIN | loss: 3.693784667098004, acc: 0.15880721220527047
2025-07-08 21:23:29,772 [INFO] [47] VALIDATION | acc: 0.05325443786982249
2025-07-08 21:23:31,127 [INFO] [48] TRAIN | loss: 3.643978968910549, acc: 0.17059639389736478
2025-07-08 21:23:31,127 [INFO] [48] VALIDATION | acc: 0.05621301775147929
2025-07-08 21:23:32,458 [INFO] [49] TRAIN | loss: 3.6312628206999404, acc: 0.1678224687933426
2025-07-08 21:23:32,458 [INFO] [49] VALIDATION | acc: 0.05325443786982249
2025-07-08 21:23:33,817 [INFO] [50] TRAIN | loss: 3.590504729229471, acc: 0.17128987517337033
2025-07-08 21:23:33,817 [INFO] [50] VALIDATION | acc: 0.0621301775147929
2025-07-08 21:23:35,153 [INFO] [51] TRAIN | loss: 3.641876003016596, acc: 0.15464632454923716
2025-07-08 21:23:35,153 [INFO] [51] VALIDATION | acc: 0.05917159763313609
2025-07-08 21:23:36,525 [INFO] [52] TRAIN | loss: 3.609269442765609, acc: 0.1678224687933426
2025-07-08 21:23:36,525 [INFO] [52] VALIDATION | acc: 0.0621301775147929
2025-07-08 21:23:37,884 [INFO] [53] TRAIN | loss: 3.54883246836455, acc: 0.18377253814147018
2025-07-08 21:23:37,884 [INFO] [53] VALIDATION | acc: 0.04437869822485207
2025-07-08 21:23:39,231 [INFO] [54] TRAIN | loss: 3.5388598493907764, acc: 0.1796116504854369
2025-07-08 21:23:39,231 [INFO] [54] VALIDATION | acc: 0.05621301775147929
2025-07-08 21:23:40,582 [INFO] [55] TRAIN | loss: 3.4621431050093276, acc: 0.2045769764216366
2025-07-08 21:23:40,582 [INFO] [55] VALIDATION | acc: 0.05029585798816568
2025-07-08 21:23:41,942 [INFO] [56] TRAIN | loss: 3.541340040123981, acc: 0.180998613037448
2025-07-08 21:23:41,942 [INFO] [56] VALIDATION | acc: 0.05325443786982249
2025-07-08 21:23:43,299 [INFO] [57] TRAIN | loss: 3.490353024524191, acc: 0.18723994452149792
2025-07-08 21:23:43,299 [INFO] [57] VALIDATION | acc: 0.05917159763313609
2025-07-08 21:23:44,652 [INFO] [58] TRAIN | loss: 3.4534021253171177, acc: 0.19972260748959778
2025-07-08 21:23:44,653 [INFO] [58] VALIDATION | acc: 0.0650887573964497
2025-07-08 21:23:46,004 [INFO] [59] TRAIN | loss: 3.4165983666544375, acc: 0.21081830790568654
2025-07-08 21:23:46,004 [INFO] [59] VALIDATION | acc: 0.05621301775147929
2025-07-08 21:23:47,356 [INFO] [60] TRAIN | loss: 3.3996592345445054, acc: 0.21567267683772537
2025-07-08 21:23:47,356 [INFO] [60] VALIDATION | acc: 0.05621301775147929
2025-07-08 21:23:48,703 [INFO] [61] TRAIN | loss: 3.359228870143061, acc: 0.21289875173370318
2025-07-08 21:23:48,703 [INFO] [61] VALIDATION | acc: 0.05325443786982249
2025-07-08 21:23:50,073 [INFO] [62] TRAIN | loss: 3.3159863534181016, acc: 0.2260748959778086
2025-07-08 21:23:50,073 [INFO] [62] VALIDATION | acc: 0.05621301775147929
2025-07-08 21:23:51,439 [INFO] [63] TRAIN | loss: 3.3432710585386856, acc: 0.21151178918169208
2025-07-08 21:23:51,439 [INFO] [63] VALIDATION | acc: 0.05917159763313609
2025-07-08 21:23:52,799 [INFO] [64] TRAIN | loss: 3.279229495836341, acc: 0.2420249653259362
2025-07-08 21:23:52,799 [INFO] [64] VALIDATION | acc: 0.05325443786982249
2025-07-08 21:23:54,166 [INFO] [65] TRAIN | loss: 3.3259913506715195, acc: 0.22191400832177532
2025-07-08 21:23:54,166 [INFO] [65] VALIDATION | acc: 0.0621301775147929
2025-07-08 21:23:55,516 [INFO] [66] TRAIN | loss: 3.269292219825413, acc: 0.24895977808599168
2025-07-08 21:23:55,516 [INFO] [66] VALIDATION | acc: 0.05621301775147929
2025-07-08 21:23:56,875 [INFO] [67] TRAIN | loss: 3.2178736044012983, acc: 0.2434119278779473
2025-07-08 21:23:56,875 [INFO] [67] VALIDATION | acc: 0.0650887573964497
2025-07-08 21:23:58,226 [INFO] [68] TRAIN | loss: 3.2033651134242183, acc: 0.26490984743411927
2025-07-08 21:23:58,226 [INFO] [68] VALIDATION | acc: 0.04437869822485207
2025-07-08 21:23:59,568 [INFO] [69] TRAIN | loss: 3.219690737516984, acc: 0.24895977808599168
2025-07-08 21:23:59,568 [INFO] [69] VALIDATION | acc: 0.0621301775147929
2025-07-08 21:24:00,908 [INFO] [70] TRAIN | loss: 3.204422328783118, acc: 0.2447988904299584
2025-07-08 21:24:00,909 [INFO] [70] VALIDATION | acc: 0.0621301775147929
2025-07-08 21:24:02,242 [INFO] [71] TRAIN | loss: 3.175521223441414, acc: 0.2621359223300971
2025-07-08 21:24:02,242 [INFO] [71] VALIDATION | acc: 0.05621301775147929
2025-07-08 21:24:03,598 [INFO] [72] TRAIN | loss: 3.1334094120108564, acc: 0.268377253814147
2025-07-08 21:24:03,598 [INFO] [72] VALIDATION | acc: 0.05325443786982249
2025-07-08 21:24:04,949 [INFO] [73] TRAIN | loss: 3.1065293187680454, acc: 0.2815533980582524
2025-07-08 21:24:04,949 [INFO] [73] VALIDATION | acc: 0.05029585798816568
2025-07-08 21:24:06,306 [INFO] [74] TRAIN | loss: 3.0591263563736626, acc: 0.2843273231622746
2025-07-08 21:24:06,306 [INFO] [74] VALIDATION | acc: 0.05325443786982249
2025-07-08 21:24:07,665 [INFO] [75] TRAIN | loss: 3.0148009683774863, acc: 0.30235783633841884
2025-07-08 21:24:07,665 [INFO] [75] VALIDATION | acc: 0.05029585798816568
2025-07-08 21:24:09,003 [INFO] [76] TRAIN | loss: 3.0221947587054707, acc: 0.29958391123439665
2025-07-08 21:24:09,003 [INFO] [76] VALIDATION | acc: 0.05029585798816568
2025-07-08 21:24:10,362 [INFO] [77] TRAIN | loss: 3.0312184043552564, acc: 0.2919556171983356
2025-07-08 21:24:10,362 [INFO] [77] VALIDATION | acc: 0.0650887573964497
2025-07-08 21:24:11,724 [INFO] [78] TRAIN | loss: 2.9728492498397827, acc: 0.30374479889042993
2025-07-08 21:24:11,724 [INFO] [78] VALIDATION | acc: 0.05621301775147929
2025-07-08 21:24:13,070 [INFO] [79] TRAIN | loss: 2.9832585117091304, acc: 0.30097087378640774
2025-07-08 21:24:13,070 [INFO] [79] VALIDATION | acc: 0.05917159763313609
2025-07-08 21:24:14,414 [INFO] [80] TRAIN | loss: 2.972597941108372, acc: 0.3079056865464632
2025-07-08 21:24:14,414 [INFO] [80] VALIDATION | acc: 0.05621301775147929
2025-07-08 21:24:15,766 [INFO] [81] TRAIN | loss: 2.893854612889497, acc: 0.3314840499306519
2025-07-08 21:24:15,766 [INFO] [81] VALIDATION | acc: 0.05621301775147929
2025-07-08 21:24:17,145 [INFO] [82] TRAIN | loss: 2.852149118547854, acc: 0.32801664355062415
2025-07-08 21:24:17,145 [INFO] [82] VALIDATION | acc: 0.0621301775147929
2025-07-08 21:24:18,492 [INFO] [83] TRAIN | loss: 2.910203570904939, acc: 0.3120665742024965
2025-07-08 21:24:18,492 [INFO] [83] VALIDATION | acc: 0.0621301775147929
2025-07-08 21:24:19,846 [INFO] [84] TRAIN | loss: 2.84072556702987, acc: 0.3522884882108183
2025-07-08 21:24:19,846 [INFO] [84] VALIDATION | acc: 0.05917159763313609
2025-07-08 21:24:21,182 [INFO] [85] TRAIN | loss: 2.837573580119921, acc: 0.34535367545076284
2025-07-08 21:24:21,182 [INFO] [85] VALIDATION | acc: 0.05621301775147929
2025-07-08 21:24:22,539 [INFO] [86] TRAIN | loss: 2.830356369847837, acc: 0.3578363384188627
2025-07-08 21:24:22,539 [INFO] [86] VALIDATION | acc: 0.07100591715976332
2025-07-08 21:24:23,886 [INFO] [87] TRAIN | loss: 2.7583132878593775, acc: 0.3654646324549237
2025-07-08 21:24:23,886 [INFO] [87] VALIDATION | acc: 0.05029585798816568
2025-07-08 21:24:25,243 [INFO] [88] TRAIN | loss: 2.742660755696504, acc: 0.3668515950069348
2025-07-08 21:24:25,243 [INFO] [88] VALIDATION | acc: 0.0621301775147929
2025-07-08 21:24:26,580 [INFO] [89] TRAIN | loss: 2.770989397297735, acc: 0.3668515950069348
2025-07-08 21:24:26,580 [INFO] [89] VALIDATION | acc: 0.05325443786982249
2025-07-08 21:24:27,912 [INFO] [90] TRAIN | loss: 2.7326917959296186, acc: 0.3640776699029126
2025-07-08 21:24:27,912 [INFO] [90] VALIDATION | acc: 0.05917159763313609
2025-07-08 21:24:29,249 [INFO] [91] TRAIN | loss: 2.714062835859216, acc: 0.369625520110957
2025-07-08 21:24:29,249 [INFO] [91] VALIDATION | acc: 0.0650887573964497
2025-07-08 21:24:30,611 [INFO] [92] TRAIN | loss: 2.6659997442494268, acc: 0.38765603328710124
2025-07-08 21:24:30,611 [INFO] [92] VALIDATION | acc: 0.04437869822485207
2025-07-08 21:24:31,960 [INFO] [93] TRAIN | loss: 2.607829036919967, acc: 0.39805825242718446
2025-07-08 21:24:31,960 [INFO] [93] VALIDATION | acc: 0.05917159763313609
2025-07-08 21:24:33,304 [INFO] [94] TRAIN | loss: 2.529372106427732, acc: 0.42718446601941745
2025-07-08 21:24:33,304 [INFO] [94] VALIDATION | acc: 0.06804733727810651
2025-07-08 21:24:34,626 [INFO] [95] TRAIN | loss: 2.528336491273797, acc: 0.41123439667128986
2025-07-08 21:24:34,626 [INFO] [95] VALIDATION | acc: 0.05029585798816568
2025-07-08 21:24:35,977 [INFO] [96] TRAIN | loss: 2.5343021387639255, acc: 0.4070735090152566
2025-07-08 21:24:35,977 [INFO] [96] VALIDATION | acc: 0.0650887573964497
2025-07-08 21:24:37,315 [INFO] [97] TRAIN | loss: 2.492483245289844, acc: 0.41678224687933424
2025-07-08 21:24:37,315 [INFO] [97] VALIDATION | acc: 0.047337278106508875
2025-07-08 21:24:38,646 [INFO] [98] TRAIN | loss: 2.4774967172871465, acc: 0.42579750346740636
2025-07-08 21:24:38,646 [INFO] [98] VALIDATION | acc: 0.05621301775147929
2025-07-08 21:24:39,989 [INFO] [99] TRAIN | loss: 2.45213260339654, acc: 0.4445214979195562
2025-07-08 21:24:39,989 [INFO] [99] VALIDATION | acc: 0.05917159763313609
2025-07-08 21:24:41,326 [INFO] [100] TRAIN | loss: 2.4708700335544087, acc: 0.42857142857142855
2025-07-08 21:24:41,326 [INFO] [100] VALIDATION | acc: 0.07100591715976332
2025-07-08 21:24:41,326 [INFO] Testing checkpointed models starting...

2025-07-08 21:24:42,601 [INFO] checkpoint_t0  ->  0.01937984496124031
2025-07-08 21:24:43,841 [INFO] checkpoint_v0  ->  0.01937984496124031
2025-07-08 21:24:45,061 [INFO] checkpoint_t1  ->  0.03875968992248062
2025-07-08 21:24:46,301 [INFO] checkpoint_v1  ->  0.03875968992248062
2025-07-08 21:24:49,235 [INFO] checkpoint_t2  ->  0.05426356589147287
2025-07-08 21:24:54,756 [INFO] checkpoint_v2  ->  0.046511627906976744
2025-07-08 21:25:00,215 [INFO] checkpoint_t3  ->  0.05813953488372093
2025-07-08 21:25:06,122 [INFO] checkpoint_v3  ->  0.06201550387596899
2025-07-08 21:25:11,403 [INFO] checkpoint_t4  ->  0.06201550387596899
2025-07-08 21:25:17,332 [INFO] checkpoint_v4  ->  0.06201550387596899
2025-07-08 21:25:22,819 [INFO] checkpoint_t5  ->  0.06976744186046512
2025-07-08 21:25:28,358 [INFO] checkpoint_v5  ->  0.07364341085271318
2025-07-08 21:25:33,764 [INFO] checkpoint_t6  ->  0.06589147286821706
2025-07-08 21:25:39,340 [INFO] checkpoint_v6  ->  0.06589147286821706
2025-07-08 21:25:44,766 [INFO] checkpoint_t7  ->  0.06201550387596899
2025-07-08 21:25:50,232 [INFO] checkpoint_v7  ->  0.06589147286821706
2025-07-08 21:25:55,742 [INFO] checkpoint_t8  ->  0.05426356589147287
2025-07-08 21:26:01,069 [INFO] checkpoint_v8  ->  0.07364341085271318
2025-07-08 21:26:06,837 [INFO] checkpoint_t9  ->  0.08139534883720931
2025-07-08 21:26:12,174 [INFO] checkpoint_v9  ->  0.06976744186046512
2025-07-08 21:26:12,174 [INFO] 
=======================================
2025-07-08 21:26:12,174 [INFO] The best testing checkpoint: encoder_facial_blendshapes_only/checkpoint_t_9:
2025-07-08 21:26:12,174 [INFO]    Testing accuracy: 0.081
2025-07-08 21:26:12,174 [INFO]    Macro F1 score: 0.051
2025-07-08 21:26:12,174 [INFO]    Weighted F1 score: 0.059
2025-07-08 21:26:12,174 [INFO]    Total trainable parameters: 1,500,532
2025-07-08 21:26:12,174 [INFO]    Elapsed time: 226.21 sec
2025-07-08 21:26:12,174 [INFO] ----------------Config information----------------------- 
2025-07-08 21:26:12,174 [INFO]  - Experiment Args: {'dataset': 'WLASL100', 'features': 'FACIAL_BLENDSHAPES', 'include_blendshapes': 0, 'fs': 0, 'feature_padding_mode': 'sentinel', 'num_classes': 100, 'model': 'encoder', 'mediapipe_holistic': True, 'dim': 56, 'heads': 8, 'n_layers': 6, 'PE': 0, 'pad': 'True', 'clip_weights': 0, 'clip_gradients': 0, 'opt': 'SGD', 'sgd_momentum': 0.9, 'scheduler': 'cosine', 'bs': 32, 'epochs': 100, 'lr': '1e-03', 'logfreq': 1, 'checkpoints': True}
2025-07-08 21:26:12,250 [INFO] 
Any desired statistics have been plotted.
The experiment is finished.
