2025-07-05 17:04:58,133 [INFO] [INFO] Starting experiment baseline_transformer...


2025-07-05 17:05:01,898 [INFO] [1] TRAIN | loss: 4.705462279527084, acc: 0.016643550624133148
2025-07-05 17:05:01,898 [INFO] [1] VALIDATION | acc: 0.020710059171597635
2025-07-05 17:05:05,447 [INFO] [2] TRAIN | loss: 4.641287150590316, acc: 0.024965325936199722
2025-07-05 17:05:05,447 [INFO] [2] VALIDATION | acc: 0.01775147928994083
2025-07-05 17:05:09,007 [INFO] [3] TRAIN | loss: 4.554863090100496, acc: 0.03536754507628294
2025-07-05 17:05:09,007 [INFO] [3] VALIDATION | acc: 0.029585798816568046
2025-07-05 17:05:12,528 [INFO] [4] TRAIN | loss: 4.4596074975055195, acc: 0.03467406380027739
2025-07-05 17:05:12,528 [INFO] [4] VALIDATION | acc: 0.026627218934911243
2025-07-05 17:05:16,117 [INFO] [5] TRAIN | loss: 4.364135068395863, acc: 0.03536754507628294
2025-07-05 17:05:16,117 [INFO] [5] VALIDATION | acc: 0.038461538461538464
2025-07-05 17:05:19,656 [INFO] [6] TRAIN | loss: 4.285037279129028, acc: 0.03952843273231623
2025-07-05 17:05:19,657 [INFO] [6] VALIDATION | acc: 0.038461538461538464
2025-07-05 17:05:23,134 [INFO] [7] TRAIN | loss: 4.193886497746343, acc: 0.04230235783633842
2025-07-05 17:05:23,135 [INFO] [7] VALIDATION | acc: 0.038461538461538464
2025-07-05 17:05:26,622 [INFO] [8] TRAIN | loss: 4.152092710785244, acc: 0.04160887656033287
2025-07-05 17:05:26,622 [INFO] [8] VALIDATION | acc: 0.04437869822485207
2025-07-05 17:05:30,153 [INFO] [9] TRAIN | loss: 4.029279973195947, acc: 0.06241331484049931
2025-07-05 17:05:30,154 [INFO] [9] VALIDATION | acc: 0.05029585798816568
2025-07-05 17:05:33,702 [INFO] [10] TRAIN | loss: 3.9644095068392544, acc: 0.06726768377253814
2025-07-05 17:05:33,703 [INFO] [10] VALIDATION | acc: 0.05621301775147929
2025-07-05 17:05:37,238 [INFO] [11] TRAIN | loss: 3.843383877173714, acc: 0.08668515950069348
2025-07-05 17:05:37,238 [INFO] [11] VALIDATION | acc: 0.07396449704142012
2025-07-05 17:05:40,788 [INFO] [12] TRAIN | loss: 3.7634480621503745, acc: 0.10194174757281553
2025-07-05 17:05:40,789 [INFO] [12] VALIDATION | acc: 0.09467455621301775
2025-07-05 17:05:44,319 [INFO] [13] TRAIN | loss: 3.665133579917576, acc: 0.10679611650485436
2025-07-05 17:05:44,319 [INFO] [13] VALIDATION | acc: 0.10059171597633136
2025-07-05 17:05:47,805 [INFO] [14] TRAIN | loss: 3.6645120952440347, acc: 0.12690707350901526
2025-07-05 17:05:47,805 [INFO] [14] VALIDATION | acc: 0.09171597633136094
2025-07-05 17:05:51,313 [INFO] [15] TRAIN | loss: 3.5779916203540303, acc: 0.13730929264909847
2025-07-05 17:05:51,313 [INFO] [15] VALIDATION | acc: 0.08284023668639054
2025-07-05 17:05:54,842 [INFO] [16] TRAIN | loss: 3.504631757736206, acc: 0.15048543689320387
2025-07-05 17:05:54,842 [INFO] [16] VALIDATION | acc: 0.10946745562130178
2025-07-05 17:05:58,370 [INFO] [17] TRAIN | loss: 3.433792399323505, acc: 0.15464632454923716
2025-07-05 17:05:58,370 [INFO] [17] VALIDATION | acc: 0.11242603550295859
2025-07-05 17:06:01,856 [INFO] [18] TRAIN | loss: 3.3755560595056284, acc: 0.16712898751733704
2025-07-05 17:06:01,856 [INFO] [18] VALIDATION | acc: 0.10946745562130178
2025-07-05 17:06:05,337 [INFO] [19] TRAIN | loss: 3.3411636093388433, acc: 0.17475728155339806
2025-07-05 17:06:05,337 [INFO] [19] VALIDATION | acc: 0.11242603550295859
2025-07-05 17:06:08,845 [INFO] [20] TRAIN | loss: 3.2633089449094688, acc: 0.18793342579750347
2025-07-05 17:06:08,845 [INFO] [20] VALIDATION | acc: 0.12721893491124261
2025-07-05 17:06:12,313 [INFO] [21] TRAIN | loss: 3.2252975598625513, acc: 0.2045769764216366
2025-07-05 17:06:12,313 [INFO] [21] VALIDATION | acc: 0.11538461538461539
2025-07-05 17:06:15,806 [INFO] [22] TRAIN | loss: 3.124984824139139, acc: 0.21914008321775313
2025-07-05 17:06:15,806 [INFO] [22] VALIDATION | acc: 0.11242603550295859
2025-07-05 17:06:19,280 [INFO] [23] TRAIN | loss: 3.1148568547290303, acc: 0.21914008321775313
2025-07-05 17:06:19,281 [INFO] [23] VALIDATION | acc: 0.13313609467455623
2025-07-05 17:06:22,787 [INFO] [24] TRAIN | loss: 2.977704939634904, acc: 0.26907073509015256
2025-07-05 17:06:22,787 [INFO] [24] VALIDATION | acc: 0.17455621301775148
2025-07-05 17:06:26,271 [INFO] [25] TRAIN | loss: 2.9231739562490713, acc: 0.27947295423023577
2025-07-05 17:06:26,271 [INFO] [25] VALIDATION | acc: 0.16568047337278108
2025-07-05 17:06:29,794 [INFO] [26] TRAIN | loss: 2.8472515500110127, acc: 0.2919556171983356
2025-07-05 17:06:29,794 [INFO] [26] VALIDATION | acc: 0.1863905325443787
2025-07-05 17:06:33,305 [INFO] [27] TRAIN | loss: 2.7376964195914892, acc: 0.32038834951456313
2025-07-05 17:06:33,306 [INFO] [27] VALIDATION | acc: 0.19822485207100593
2025-07-05 17:06:36,766 [INFO] [28] TRAIN | loss: 2.7563537462897925, acc: 0.31137309292649096
2025-07-05 17:06:36,767 [INFO] [28] VALIDATION | acc: 0.15680473372781065
2025-07-05 17:06:40,229 [INFO] [29] TRAIN | loss: 2.8319922011831533, acc: 0.2919556171983356
2025-07-05 17:06:40,230 [INFO] [29] VALIDATION | acc: 0.15680473372781065
2025-07-05 17:06:43,703 [INFO] [30] TRAIN | loss: 2.817915569181028, acc: 0.29542302357836336
2025-07-05 17:06:43,703 [INFO] [30] VALIDATION | acc: 0.17455621301775148
2025-07-05 17:06:47,159 [INFO] [31] TRAIN | loss: 2.749519752419513, acc: 0.31761442441054094
2025-07-05 17:06:47,159 [INFO] [31] VALIDATION | acc: 0.17455621301775148
2025-07-05 17:06:50,683 [INFO] [32] TRAIN | loss: 2.5230446976164114, acc: 0.37725381414701803
2025-07-05 17:06:50,683 [INFO] [32] VALIDATION | acc: 0.19822485207100593
2025-07-05 17:06:54,192 [INFO] [33] TRAIN | loss: 2.372059816899507, acc: 0.41955617198335643
2025-07-05 17:06:54,192 [INFO] [33] VALIDATION | acc: 0.17751479289940827
2025-07-05 17:06:57,715 [INFO] [34] TRAIN | loss: 2.3913541436195374, acc: 0.42163661581137307
2025-07-05 17:06:57,715 [INFO] [34] VALIDATION | acc: 0.22189349112426035
2025-07-05 17:07:01,255 [INFO] [35] TRAIN | loss: 2.221326936846194, acc: 0.4791955617198336
2025-07-05 17:07:01,255 [INFO] [35] VALIDATION | acc: 0.23076923076923078
2025-07-05 17:07:04,740 [INFO] [36] TRAIN | loss: 2.268036207427149, acc: 0.4521497919556172
2025-07-05 17:07:04,740 [INFO] [36] VALIDATION | acc: 0.2455621301775148
2025-07-05 17:07:08,184 [INFO] [37] TRAIN | loss: 2.180980700513591, acc: 0.46879334257975036
2025-07-05 17:07:08,184 [INFO] [37] VALIDATION | acc: 0.20118343195266272
2025-07-05 17:07:11,627 [INFO] [38] TRAIN | loss: 2.1803747260052226, acc: 0.46116504854368934
2025-07-05 17:07:11,627 [INFO] [38] VALIDATION | acc: 0.22781065088757396
2025-07-05 17:07:15,134 [INFO] [39] TRAIN | loss: 2.1072797438372737, acc: 0.48335644937586686
2025-07-05 17:07:15,134 [INFO] [39] VALIDATION | acc: 0.2603550295857988
2025-07-05 17:07:18,631 [INFO] [40] TRAIN | loss: 1.961949084116065, acc: 0.5298196948682385
2025-07-05 17:07:18,631 [INFO] [40] VALIDATION | acc: 0.2455621301775148
2025-07-05 17:07:22,138 [INFO] [41] TRAIN | loss: 1.921158236006032, acc: 0.5319001386962552
2025-07-05 17:07:22,138 [INFO] [41] VALIDATION | acc: 0.3076923076923077
2025-07-05 17:07:25,653 [INFO] [42] TRAIN | loss: 1.9510294898696567, acc: 0.5353675450762829
2025-07-05 17:07:25,653 [INFO] [42] VALIDATION | acc: 0.28994082840236685
2025-07-05 17:07:29,158 [INFO] [43] TRAIN | loss: 1.833622756211654, acc: 0.5610263522884882
2025-07-05 17:07:29,159 [INFO] [43] VALIDATION | acc: 0.2603550295857988
2025-07-05 17:07:32,643 [INFO] [44] TRAIN | loss: 1.8254349050314531, acc: 0.5617198335644937
2025-07-05 17:07:32,643 [INFO] [44] VALIDATION | acc: 0.23372781065088757
2025-07-05 17:07:36,188 [INFO] [45] TRAIN | loss: 1.8093310387238213, acc: 0.5631067961165048
2025-07-05 17:07:36,188 [INFO] [45] VALIDATION | acc: 0.30177514792899407
2025-07-05 17:07:39,674 [INFO] [46] TRAIN | loss: 1.6627785485723745, acc: 0.5991678224687933
2025-07-05 17:07:39,674 [INFO] [46] VALIDATION | acc: 0.2988165680473373
2025-07-05 17:07:43,203 [INFO] [47] TRAIN | loss: 1.556647829387499, acc: 0.6393897364771152
2025-07-05 17:07:43,203 [INFO] [47] VALIDATION | acc: 0.32840236686390534
2025-07-05 17:07:46,744 [INFO] [48] TRAIN | loss: 1.530213485593381, acc: 0.6560332871012483
2025-07-05 17:07:46,744 [INFO] [48] VALIDATION | acc: 0.33136094674556216
2025-07-05 17:07:50,240 [INFO] [49] TRAIN | loss: 1.460132378598918, acc: 0.673370319001387
2025-07-05 17:07:50,240 [INFO] [49] VALIDATION | acc: 0.2958579881656805
2025-07-05 17:07:53,708 [INFO] [50] TRAIN | loss: 1.4354476565900056, acc: 0.6692094313453537
2025-07-05 17:07:53,709 [INFO] [50] VALIDATION | acc: 0.3047337278106509
2025-07-05 17:07:57,214 [INFO] [51] TRAIN | loss: 1.3660352230072021, acc: 0.6816920943134536
2025-07-05 17:07:57,214 [INFO] [51] VALIDATION | acc: 0.3165680473372781
2025-07-05 17:08:00,772 [INFO] [52] TRAIN | loss: 1.3183847095655359, acc: 0.7163661581137309
2025-07-05 17:08:00,772 [INFO] [52] VALIDATION | acc: 0.363905325443787
2025-07-05 17:08:04,265 [INFO] [53] TRAIN | loss: 1.3156716577384784, acc: 0.7059639389736477
2025-07-05 17:08:04,265 [INFO] [53] VALIDATION | acc: 0.35798816568047337
2025-07-05 17:08:07,809 [INFO] [54] TRAIN | loss: 1.1704425008400627, acc: 0.7482662968099861
2025-07-05 17:08:07,809 [INFO] [54] VALIDATION | acc: 0.378698224852071
2025-07-05 17:08:11,266 [INFO] [55] TRAIN | loss: 1.1970057591148044, acc: 0.7267683772538142
2025-07-05 17:08:11,266 [INFO] [55] VALIDATION | acc: 0.3698224852071006
2025-07-05 17:08:14,769 [INFO] [56] TRAIN | loss: 1.1405488213767176, acc: 0.7649098474341193
2025-07-05 17:08:14,769 [INFO] [56] VALIDATION | acc: 0.3609467455621302
2025-07-05 17:08:18,277 [INFO] [57] TRAIN | loss: 1.0532794828000276, acc: 0.7905686546463245
2025-07-05 17:08:18,278 [INFO] [57] VALIDATION | acc: 0.35798816568047337
2025-07-05 17:08:21,780 [INFO] [58] TRAIN | loss: 1.0742275261360665, acc: 0.7704576976421637
2025-07-05 17:08:21,780 [INFO] [58] VALIDATION | acc: 0.38461538461538464
2025-07-05 17:08:25,264 [INFO] [59] TRAIN | loss: 1.0811871938083484, acc: 0.7732316227461858
2025-07-05 17:08:25,264 [INFO] [59] VALIDATION | acc: 0.3905325443786982
2025-07-05 17:08:28,764 [INFO] [60] TRAIN | loss: 0.9826942526775858, acc: 0.8023578363384188
2025-07-05 17:08:28,764 [INFO] [60] VALIDATION | acc: 0.38461538461538464
2025-07-05 17:08:32,280 [INFO] [61] TRAIN | loss: 0.909596605145413, acc: 0.8196948682385575
2025-07-05 17:08:32,280 [INFO] [61] VALIDATION | acc: 0.363905325443787
2025-07-05 17:08:35,825 [INFO] [62] TRAIN | loss: 0.9647893076357634, acc: 0.7940360610263523
2025-07-05 17:08:35,825 [INFO] [62] VALIDATION | acc: 0.3520710059171598
2025-07-05 17:08:39,348 [INFO] [63] TRAIN | loss: 0.9085996526738872, acc: 0.8231622746185853
2025-07-05 17:08:39,348 [INFO] [63] VALIDATION | acc: 0.378698224852071
2025-07-05 17:08:42,811 [INFO] [64] TRAIN | loss: 0.9118632272533749, acc: 0.812760055478502
2025-07-05 17:08:42,811 [INFO] [64] VALIDATION | acc: 0.3757396449704142
2025-07-05 17:08:46,340 [INFO] [65] TRAIN | loss: 0.8199519618697788, acc: 0.841886269070735
2025-07-05 17:08:46,340 [INFO] [65] VALIDATION | acc: 0.3994082840236686
2025-07-05 17:08:49,852 [INFO] [66] TRAIN | loss: 0.7197165968625442, acc: 0.8647711511789181
2025-07-05 17:08:49,852 [INFO] [66] VALIDATION | acc: 0.39349112426035504
2025-07-05 17:08:53,353 [INFO] [67] TRAIN | loss: 0.6500956131064374, acc: 0.8932038834951457
2025-07-05 17:08:53,353 [INFO] [67] VALIDATION | acc: 0.3727810650887574
2025-07-05 17:08:56,868 [INFO] [68] TRAIN | loss: 0.6629115602244502, acc: 0.8890429958391124
2025-07-05 17:08:56,868 [INFO] [68] VALIDATION | acc: 0.4171597633136095
2025-07-05 17:09:00,383 [INFO] [69] TRAIN | loss: 0.6132136667552202, acc: 0.90499306518724
2025-07-05 17:09:00,383 [INFO] [69] VALIDATION | acc: 0.3875739644970414
2025-07-05 17:09:03,896 [INFO] [70] TRAIN | loss: 0.6157977833696033, acc: 0.9119278779472955
2025-07-05 17:09:03,896 [INFO] [70] VALIDATION | acc: 0.3994082840236686
2025-07-05 17:09:07,366 [INFO] [71] TRAIN | loss: 0.6441235645957615, acc: 0.8876560332871013
2025-07-05 17:09:07,366 [INFO] [71] VALIDATION | acc: 0.4171597633136095
2025-07-05 17:09:10,889 [INFO] [72] TRAIN | loss: 0.5483873441167499, acc: 0.9153952843273232
2025-07-05 17:09:10,889 [INFO] [72] VALIDATION | acc: 0.4349112426035503
2025-07-05 17:09:14,401 [INFO] [73] TRAIN | loss: 0.5236209851244221, acc: 0.9313453536754508
2025-07-05 17:09:14,401 [INFO] [73] VALIDATION | acc: 0.41420118343195267
2025-07-05 17:09:17,877 [INFO] [74] TRAIN | loss: 0.5441139346879461, acc: 0.9070735090152566
2025-07-05 17:09:17,877 [INFO] [74] VALIDATION | acc: 0.4230769230769231
2025-07-05 17:09:21,339 [INFO] [75] TRAIN | loss: 0.4794636900010316, acc: 0.9257975034674064
2025-07-05 17:09:21,339 [INFO] [75] VALIDATION | acc: 0.4289940828402367
2025-07-05 17:09:24,867 [INFO] [76] TRAIN | loss: 0.3928972171700519, acc: 0.9576976421636616
2025-07-05 17:09:24,867 [INFO] [76] VALIDATION | acc: 0.44970414201183434
2025-07-05 17:09:28,369 [INFO] [77] TRAIN | loss: 0.41095676111138385, acc: 0.9528432732316228
2025-07-05 17:09:28,369 [INFO] [77] VALIDATION | acc: 0.4437869822485207
2025-07-05 17:09:31,868 [INFO] [78] TRAIN | loss: 0.3847358660853427, acc: 0.955617198335645
2025-07-05 17:09:31,868 [INFO] [78] VALIDATION | acc: 0.4437869822485207
2025-07-05 17:09:35,409 [INFO] [79] TRAIN | loss: 0.35544223273577896, acc: 0.9639389736477115
2025-07-05 17:09:35,409 [INFO] [79] VALIDATION | acc: 0.46449704142011833
2025-07-05 17:09:38,891 [INFO] [80] TRAIN | loss: 0.3809674450236818, acc: 0.9542302357836339
2025-07-05 17:09:38,891 [INFO] [80] VALIDATION | acc: 0.4408284023668639
2025-07-05 17:09:42,433 [INFO] [81] TRAIN | loss: 0.30343321710824966, acc: 0.9750346740638003
2025-07-05 17:09:42,433 [INFO] [81] VALIDATION | acc: 0.4437869822485207
2025-07-05 17:09:45,993 [INFO] [82] TRAIN | loss: 0.33045219176489377, acc: 0.9660194174757282
2025-07-05 17:09:45,993 [INFO] [82] VALIDATION | acc: 0.4378698224852071
2025-07-05 17:09:49,526 [INFO] [83] TRAIN | loss: 0.4813106068126533, acc: 0.9237170596393898
2025-07-05 17:09:49,526 [INFO] [83] VALIDATION | acc: 0.4437869822485207
2025-07-05 17:09:53,032 [INFO] [84] TRAIN | loss: 0.2806558246197908, acc: 0.9743411927877947
2025-07-05 17:09:53,033 [INFO] [84] VALIDATION | acc: 0.4408284023668639
2025-07-05 17:09:56,543 [INFO] [85] TRAIN | loss: 0.25830654702756717, acc: 0.984743411927878
2025-07-05 17:09:56,543 [INFO] [85] VALIDATION | acc: 0.4349112426035503
2025-07-05 17:10:00,008 [INFO] [86] TRAIN | loss: 0.35696489428696426, acc: 0.9625520110957004
2025-07-05 17:10:00,008 [INFO] [86] VALIDATION | acc: 0.46153846153846156
2025-07-05 17:10:03,446 [INFO] [87] TRAIN | loss: 0.3131012097001076, acc: 0.9667128987517337
2025-07-05 17:10:03,446 [INFO] [87] VALIDATION | acc: 0.4319526627218935
2025-07-05 17:10:06,873 [INFO] [88] TRAIN | loss: 0.2641878124812375, acc: 0.9798890429958391
2025-07-05 17:10:06,873 [INFO] [88] VALIDATION | acc: 0.4556213017751479
2025-07-05 17:10:10,338 [INFO] [89] TRAIN | loss: 0.21689724144728287, acc: 0.9868238557558946
2025-07-05 17:10:10,338 [INFO] [89] VALIDATION | acc: 0.46153846153846156
2025-07-05 17:10:13,795 [INFO] [90] TRAIN | loss: 0.1939182827330154, acc: 0.986130374479889
2025-07-05 17:10:13,795 [INFO] [90] VALIDATION | acc: 0.44970414201183434
2025-07-05 17:10:17,299 [INFO] [91] TRAIN | loss: 0.1873614149896995, acc: 0.9902912621359223
2025-07-05 17:10:17,299 [INFO] [91] VALIDATION | acc: 0.47041420118343197
2025-07-05 17:10:20,809 [INFO] [92] TRAIN | loss: 0.20308492818604346, acc: 0.9833564493758669
2025-07-05 17:10:20,809 [INFO] [92] VALIDATION | acc: 0.4408284023668639
2025-07-05 17:10:24,313 [INFO] [93] TRAIN | loss: 0.16784328238471694, acc: 0.9916782246879334
2025-07-05 17:10:24,313 [INFO] [93] VALIDATION | acc: 0.4556213017751479
2025-07-05 17:10:27,879 [INFO] [94] TRAIN | loss: 0.15935835501422052, acc: 0.9937586685159501
2025-07-05 17:10:27,879 [INFO] [94] VALIDATION | acc: 0.47633136094674555
2025-07-05 17:10:31,375 [INFO] [95] TRAIN | loss: 0.1635235517245272, acc: 0.9902912621359223
2025-07-05 17:10:31,375 [INFO] [95] VALIDATION | acc: 0.44970414201183434
2025-07-05 17:10:34,834 [INFO] [96] TRAIN | loss: 0.14375701101253863, acc: 0.9916782246879334
2025-07-05 17:10:34,834 [INFO] [96] VALIDATION | acc: 0.45857988165680474
2025-07-05 17:10:38,301 [INFO] [97] TRAIN | loss: 0.13817484012764433, acc: 0.9937586685159501
2025-07-05 17:10:38,301 [INFO] [97] VALIDATION | acc: 0.47337278106508873
2025-07-05 17:10:41,759 [INFO] [98] TRAIN | loss: 0.13664890242659528, acc: 0.9930651872399445
2025-07-05 17:10:41,759 [INFO] [98] VALIDATION | acc: 0.46449704142011833
2025-07-05 17:10:45,272 [INFO] [99] TRAIN | loss: 0.1352559221179589, acc: 0.9951456310679612
2025-07-05 17:10:45,272 [INFO] [99] VALIDATION | acc: 0.44970414201183434
2025-07-05 17:10:48,725 [INFO] [100] TRAIN | loss: 0.1319986021389132, acc: 0.9944521497919556
2025-07-05 17:10:48,725 [INFO] [100] VALIDATION | acc: 0.47041420118343197
2025-07-05 17:10:48,725 [INFO] Testing checkpointed models starting...

2025-07-05 17:10:51,787 [INFO] checkpoint_t0  ->  0.015503875968992248
2025-07-05 17:10:55,235 [INFO] checkpoint_v0  ->  0.015503875968992248
2025-07-05 17:11:09,889 [INFO] checkpoint_t1  ->  0.08527131782945736
2025-07-05 17:11:24,803 [INFO] checkpoint_v1  ->  0.08527131782945736
2025-07-05 17:11:38,570 [INFO] checkpoint_t2  ->  0.14728682170542637
2025-07-05 17:11:52,397 [INFO] checkpoint_v2  ->  0.11627906976744186
2025-07-05 17:12:05,876 [INFO] checkpoint_t3  ->  0.2441860465116279
2025-07-05 17:12:19,439 [INFO] checkpoint_v3  ->  0.2441860465116279
2025-07-05 17:12:33,305 [INFO] checkpoint_t4  ->  0.31007751937984496
2025-07-05 17:12:46,453 [INFO] checkpoint_v4  ->  0.31007751937984496
2025-07-05 17:13:00,267 [INFO] checkpoint_t5  ->  0.313953488372093
2025-07-05 17:13:14,534 [INFO] checkpoint_v5  ->  0.3953488372093023
2025-07-05 17:13:28,982 [INFO] checkpoint_t6  ->  0.3449612403100775
2025-07-05 17:13:42,657 [INFO] checkpoint_v6  ->  0.3992248062015504
2025-07-05 17:13:55,929 [INFO] checkpoint_t7  ->  0.38372093023255816
2025-07-05 17:14:08,935 [INFO] checkpoint_v7  ->  0.40310077519379844
2025-07-05 17:14:21,733 [INFO] checkpoint_t8  ->  0.4263565891472868
2025-07-05 17:14:34,916 [INFO] checkpoint_v8  ->  0.4573643410852713
2025-07-05 17:14:47,991 [INFO] checkpoint_t9  ->  0.4573643410852713
2025-07-05 17:15:01,194 [INFO] checkpoint_v9  ->  0.4573643410852713
2025-07-05 17:15:14,608 [INFO] checkpoint_t10  ->  0.4689922480620155
2025-07-05 17:15:27,776 [INFO] checkpoint_v10  ->  0.42248062015503873
2025-07-05 17:15:27,777 [INFO] 
=======================================
2025-07-05 17:15:27,777 [INFO] The best testing checkpoint: baseline_transformer/checkpoint_t_10:
2025-07-05 17:15:27,777 [INFO]    Testing accuracy: 0.469
2025-07-05 17:15:27,777 [INFO]    Macro F1 score: 0.440
2025-07-05 17:15:27,777 [INFO]    Weighted F1 score: 0.447
2025-07-05 17:15:27,777 [INFO]    Total trainable parameters: 8,074,788
2025-07-05 17:15:27,777 [INFO]    Elapsed time: 629.64 sec
2025-07-05 17:15:27,777 [INFO] ----------------Config information----------------------- 
2025-07-05 17:15:27,777 [INFO]  - Experiment Args: dataset=WLASL100, features=HAND_POSE_LANDMARKS, include_blendshapes=0, fs=0, num_classes=100, model=baseline_transformer, mediapipe_holistic=True, dim=136, heads=8, n_layers=6, PE=0, pad=True, clip_weights=0, clip_gradients=0, opt=SGD, sgd_momentum=0.9, scheduler=cosine, bs=32, epochs=100, lr=1e-03, logfreq=1, checkpoints=True
2025-07-05 17:15:27,896 [INFO] 
Any desired statistics have been plotted.
The experiment is finished.
