2025-07-05 17:30:33,529 [INFO] [INFO] Starting experiment lstm...


2025-07-05 17:30:59,428 [INFO] [1] TRAIN | loss: 4.6111991435248045, acc: 0.011095700416088766
2025-07-05 17:30:59,429 [INFO] [1] VALIDATION | acc: 0.014792899408284023
2025-07-05 17:31:29,847 [INFO] [2] TRAIN | loss: 4.610247212871599, acc: 0.011095700416088766
2025-07-05 17:31:29,847 [INFO] [2] VALIDATION | acc: 0.014792899408284023
2025-07-05 17:31:55,645 [INFO] [3] TRAIN | loss: 4.6066726444498345, acc: 0.011095700416088766
2025-07-05 17:31:55,645 [INFO] [3] VALIDATION | acc: 0.020710059171597635
2025-07-05 17:32:21,947 [INFO] [4] TRAIN | loss: 4.601302804629449, acc: 0.019417475728155338
2025-07-05 17:32:21,947 [INFO] [4] VALIDATION | acc: 0.020710059171597635
2025-07-05 17:32:46,552 [INFO] [5] TRAIN | loss: 4.594561908182258, acc: 0.024271844660194174
2025-07-05 17:32:46,553 [INFO] [5] VALIDATION | acc: 0.014792899408284023
2025-07-05 17:33:11,411 [INFO] [6] TRAIN | loss: 4.585573897447731, acc: 0.021497919556171984
2025-07-05 17:33:11,411 [INFO] [6] VALIDATION | acc: 0.023668639053254437
2025-07-05 17:33:38,029 [INFO] [7] TRAIN | loss: 4.5719646805698435, acc: 0.028432732316227463
2025-07-05 17:33:38,029 [INFO] [7] VALIDATION | acc: 0.023668639053254437
2025-07-05 17:34:05,134 [INFO] [8] TRAIN | loss: 4.5351317778705065, acc: 0.030513176144244106
2025-07-05 17:34:05,134 [INFO] [8] VALIDATION | acc: 0.026627218934911243
2025-07-05 17:34:30,638 [INFO] [9] TRAIN | loss: 4.383446652085705, acc: 0.031206657420249653
2025-07-05 17:34:30,638 [INFO] [9] VALIDATION | acc: 0.03254437869822485
2025-07-05 17:34:59,710 [INFO] [10] TRAIN | loss: 4.334838873635714, acc: 0.031206657420249653
2025-07-05 17:34:59,710 [INFO] [10] VALIDATION | acc: 0.03550295857988166
2025-07-05 17:35:29,124 [INFO] [11] TRAIN | loss: 4.253703216077882, acc: 0.03259361997226075
2025-07-05 17:35:29,124 [INFO] [11] VALIDATION | acc: 0.029585798816568046
2025-07-05 17:35:56,096 [INFO] [12] TRAIN | loss: 4.43571162901705, acc: 0.027739251040221916
2025-07-05 17:35:56,096 [INFO] [12] VALIDATION | acc: 0.026627218934911243
2025-07-05 17:36:22,279 [INFO] [13] TRAIN | loss: 4.377650768680811, acc: 0.03536754507628294
2025-07-05 17:36:22,279 [INFO] [13] VALIDATION | acc: 0.029585798816568046
2025-07-05 17:36:48,352 [INFO] [14] TRAIN | loss: 4.32920656124861, acc: 0.03467406380027739
2025-07-05 17:36:48,352 [INFO] [14] VALIDATION | acc: 0.038461538461538464
2025-07-05 17:37:16,739 [INFO] [15] TRAIN | loss: 4.217754918725414, acc: 0.040915395284327326
2025-07-05 17:37:16,739 [INFO] [15] VALIDATION | acc: 0.020710059171597635
2025-07-05 17:37:44,298 [INFO] [16] TRAIN | loss: 4.183925126362773, acc: 0.03952843273231623
2025-07-05 17:37:44,298 [INFO] [16] VALIDATION | acc: 0.03550295857988166
2025-07-05 17:38:10,673 [INFO] [17] TRAIN | loss: 4.143016936874918, acc: 0.04230235783633842
2025-07-05 17:38:10,673 [INFO] [17] VALIDATION | acc: 0.03550295857988166
2025-07-05 17:38:37,223 [INFO] [18] TRAIN | loss: 4.1153257409841775, acc: 0.038834951456310676
2025-07-05 17:38:37,223 [INFO] [18] VALIDATION | acc: 0.029585798816568046
2025-07-05 17:39:03,516 [INFO] [19] TRAIN | loss: 4.089083896843967, acc: 0.049237170596393896
2025-07-05 17:39:03,516 [INFO] [19] VALIDATION | acc: 0.029585798816568046
2025-07-05 17:39:30,244 [INFO] [20] TRAIN | loss: 4.043687164866147, acc: 0.05131761442441054
2025-07-05 17:39:30,245 [INFO] [20] VALIDATION | acc: 0.03550295857988166
2025-07-05 17:39:56,689 [INFO] [21] TRAIN | loss: 4.022939805266927, acc: 0.049237170596393896
2025-07-05 17:39:56,689 [INFO] [21] VALIDATION | acc: 0.03254437869822485
2025-07-05 17:40:21,910 [INFO] [22] TRAIN | loss: 3.995582644387191, acc: 0.05617198335644938
2025-07-05 17:40:21,911 [INFO] [22] VALIDATION | acc: 0.038461538461538464
2025-07-05 17:40:47,810 [INFO] [23] TRAIN | loss: 4.0902327609955025, acc: 0.04160887656033287
2025-07-05 17:40:47,810 [INFO] [23] VALIDATION | acc: 0.029585798816568046
2025-07-05 17:41:15,305 [INFO] [24] TRAIN | loss: 4.093089629724187, acc: 0.04022191400832178
2025-07-05 17:41:15,305 [INFO] [24] VALIDATION | acc: 0.026627218934911243
2025-07-05 17:41:42,699 [INFO] [25] TRAIN | loss: 4.049724052005271, acc: 0.049237170596393896
2025-07-05 17:41:42,699 [INFO] [25] VALIDATION | acc: 0.03254437869822485
2025-07-05 17:42:09,932 [INFO] [26] TRAIN | loss: 3.970624148184317, acc: 0.054785020804438284
2025-07-05 17:42:09,932 [INFO] [26] VALIDATION | acc: 0.03254437869822485
2025-07-05 17:42:37,403 [INFO] [27] TRAIN | loss: 3.9096780341640427, acc: 0.06657420249653259
2025-07-05 17:42:37,403 [INFO] [27] VALIDATION | acc: 0.029585798816568046
2025-07-05 17:43:05,043 [INFO] [28] TRAIN | loss: 3.9608699733936508, acc: 0.06171983356449376
2025-07-05 17:43:05,043 [INFO] [28] VALIDATION | acc: 0.04437869822485207
2025-07-05 17:43:35,502 [INFO] [29] TRAIN | loss: 3.92666640625582, acc: 0.06934812760055478
2025-07-05 17:43:35,502 [INFO] [29] VALIDATION | acc: 0.03254437869822485
2025-07-05 17:44:03,062 [INFO] [30] TRAIN | loss: 3.9197377184723683, acc: 0.06449375866851595
2025-07-05 17:44:03,062 [INFO] [30] VALIDATION | acc: 0.029585798816568046
2025-07-05 17:44:30,911 [INFO] [31] TRAIN | loss: 3.8488853136477954, acc: 0.07073509015256588
2025-07-05 17:44:30,911 [INFO] [31] VALIDATION | acc: 0.029585798816568046
2025-07-05 17:44:58,448 [INFO] [32] TRAIN | loss: 3.798529942554839, acc: 0.07142857142857142
2025-07-05 17:44:58,448 [INFO] [32] VALIDATION | acc: 0.04142011834319527
2025-07-05 17:45:25,327 [INFO] [33] TRAIN | loss: 3.8223118368696407, acc: 0.07905686546463246
2025-07-05 17:45:25,327 [INFO] [33] VALIDATION | acc: 0.038461538461538464
2025-07-05 17:45:53,499 [INFO] [34] TRAIN | loss: 3.7523663945899095, acc: 0.08737864077669903
2025-07-05 17:45:53,499 [INFO] [34] VALIDATION | acc: 0.04437869822485207
2025-07-05 17:46:20,356 [INFO] [35] TRAIN | loss: 3.661667055213997, acc: 0.09223300970873786
2025-07-05 17:46:20,356 [INFO] [35] VALIDATION | acc: 0.047337278106508875
2025-07-05 17:46:47,458 [INFO] [36] TRAIN | loss: 3.575616303412825, acc: 0.09916782246879334
2025-07-05 17:46:47,458 [INFO] [36] VALIDATION | acc: 0.047337278106508875
2025-07-05 17:47:16,547 [INFO] [37] TRAIN | loss: 3.6027641021924275, acc: 0.09986130374479889
2025-07-05 17:47:16,547 [INFO] [37] VALIDATION | acc: 0.05325443786982249
2025-07-05 17:47:44,341 [INFO] [38] TRAIN | loss: 3.5455434750584724, acc: 0.09223300970873786
2025-07-05 17:47:44,341 [INFO] [38] VALIDATION | acc: 0.05029585798816568
2025-07-05 17:48:12,079 [INFO] [39] TRAIN | loss: 3.4697531233961474, acc: 0.13245492371705964
2025-07-05 17:48:12,080 [INFO] [39] VALIDATION | acc: 0.047337278106508875
2025-07-05 17:48:40,025 [INFO] [40] TRAIN | loss: 3.480766215040019, acc: 0.11026352288488211
2025-07-05 17:48:40,025 [INFO] [40] VALIDATION | acc: 0.05917159763313609
2025-07-05 17:49:07,553 [INFO] [41] TRAIN | loss: 3.4317858720950047, acc: 0.11165048543689321
2025-07-05 17:49:07,553 [INFO] [41] VALIDATION | acc: 0.05917159763313609
2025-07-05 17:49:38,073 [INFO] [42] TRAIN | loss: 3.374889225945724, acc: 0.12552011095700416
2025-07-05 17:49:38,073 [INFO] [42] VALIDATION | acc: 0.07396449704142012
2025-07-05 17:50:05,020 [INFO] [43] TRAIN | loss: 3.3326143716228156, acc: 0.13661581137309292
2025-07-05 17:50:05,020 [INFO] [43] VALIDATION | acc: 0.05029585798816568
2025-07-05 17:50:31,017 [INFO] [44] TRAIN | loss: 3.244875205951987, acc: 0.1463245492371706
2025-07-05 17:50:31,017 [INFO] [44] VALIDATION | acc: 0.06804733727810651
2025-07-05 17:50:57,311 [INFO] [45] TRAIN | loss: 3.1727748207964943, acc: 0.16019417475728157
2025-07-05 17:50:57,312 [INFO] [45] VALIDATION | acc: 0.05029585798816568
2025-07-05 17:51:23,606 [INFO] [46] TRAIN | loss: 3.178001272374565, acc: 0.17614424410540916
2025-07-05 17:51:23,607 [INFO] [46] VALIDATION | acc: 0.0621301775147929
2025-07-05 17:51:49,485 [INFO] [47] TRAIN | loss: 3.187435671315114, acc: 0.17128987517337033
2025-07-05 17:51:49,485 [INFO] [47] VALIDATION | acc: 0.0650887573964497
2025-07-05 17:52:16,157 [INFO] [48] TRAIN | loss: 3.08512960002343, acc: 0.18377253814147018
2025-07-05 17:52:16,157 [INFO] [48] VALIDATION | acc: 0.03550295857988166
2025-07-05 17:52:43,415 [INFO] [49] TRAIN | loss: 2.9998856048808844, acc: 0.18723994452149792
2025-07-05 17:52:43,415 [INFO] [49] VALIDATION | acc: 0.0650887573964497
2025-07-05 17:53:10,575 [INFO] [50] TRAIN | loss: 2.9582937591490897, acc: 0.19833564493758668
2025-07-05 17:53:10,575 [INFO] [50] VALIDATION | acc: 0.08284023668639054
2025-07-05 17:53:40,025 [INFO] [51] TRAIN | loss: 2.850069078819596, acc: 0.21567267683772537
2025-07-05 17:53:40,025 [INFO] [51] VALIDATION | acc: 0.07396449704142012
2025-07-05 17:54:06,350 [INFO] [52] TRAIN | loss: 2.85991402798114, acc: 0.23578363384188628
2025-07-05 17:54:06,350 [INFO] [52] VALIDATION | acc: 0.05917159763313609
2025-07-05 17:54:34,253 [INFO] [53] TRAIN | loss: 2.9371655892255237, acc: 0.2045769764216366
2025-07-05 17:54:34,253 [INFO] [53] VALIDATION | acc: 0.09763313609467456
2025-07-05 17:55:00,699 [INFO] [54] TRAIN | loss: 2.7844007290207395, acc: 0.2274618585298197
2025-07-05 17:55:00,699 [INFO] [54] VALIDATION | acc: 0.0650887573964497
2025-07-05 17:55:31,346 [INFO] [55] TRAIN | loss: 2.7147993836319397, acc: 0.2524271844660194
2025-07-05 17:55:31,346 [INFO] [55] VALIDATION | acc: 0.07988165680473373
2025-07-05 17:55:58,355 [INFO] [56] TRAIN | loss: 2.70857487612723, acc: 0.24410540915395285
2025-07-05 17:55:58,355 [INFO] [56] VALIDATION | acc: 0.08579881656804733
2025-07-05 17:56:24,588 [INFO] [57] TRAIN | loss: 2.6385802643867042, acc: 0.27184466019417475
2025-07-05 17:56:24,588 [INFO] [57] VALIDATION | acc: 0.10059171597633136
2025-07-05 17:56:51,077 [INFO] [58] TRAIN | loss: 2.587126992394871, acc: 0.2933425797503467
2025-07-05 17:56:51,078 [INFO] [58] VALIDATION | acc: 0.08284023668639054
2025-07-05 17:57:17,442 [INFO] [59] TRAIN | loss: 2.858467586204182, acc: 0.23300970873786409
2025-07-05 17:57:17,442 [INFO] [59] VALIDATION | acc: 0.09763313609467456
2025-07-05 17:57:44,182 [INFO] [60] TRAIN | loss: 2.7850904816376683, acc: 0.24757281553398058
2025-07-05 17:57:44,183 [INFO] [60] VALIDATION | acc: 0.06804733727810651
2025-07-05 17:58:11,418 [INFO] [61] TRAIN | loss: 2.638392392024088, acc: 0.27045769764216365
2025-07-05 17:58:11,418 [INFO] [61] VALIDATION | acc: 0.10355029585798817
2025-07-05 17:58:37,886 [INFO] [62] TRAIN | loss: 2.5246247725197, acc: 0.3092926490984743
2025-07-05 17:58:37,886 [INFO] [62] VALIDATION | acc: 0.10946745562130178
2025-07-05 17:59:03,379 [INFO] [63] TRAIN | loss: 2.401831106596656, acc: 0.3245492371705964
2025-07-05 17:59:03,379 [INFO] [63] VALIDATION | acc: 0.09763313609467456
2025-07-05 17:59:32,324 [INFO] [64] TRAIN | loss: 2.383141840695715, acc: 0.332871012482663
2025-07-05 17:59:32,324 [INFO] [64] VALIDATION | acc: 0.08875739644970414
2025-07-05 17:59:57,210 [INFO] [65] TRAIN | loss: 2.227510155523493, acc: 0.37309292649098474
2025-07-05 17:59:57,211 [INFO] [65] VALIDATION | acc: 0.10059171597633136
2025-07-05 18:00:23,609 [INFO] [66] TRAIN | loss: 2.216927153524657, acc: 0.3710124826629681
2025-07-05 18:00:23,609 [INFO] [66] VALIDATION | acc: 0.10059171597633136
2025-07-05 18:00:51,496 [INFO] [67] TRAIN | loss: 2.1094495914333944, acc: 0.4015256588072122
2025-07-05 18:00:51,496 [INFO] [67] VALIDATION | acc: 0.11538461538461539
2025-07-05 18:01:18,957 [INFO] [68] TRAIN | loss: 2.030155771627671, acc: 0.42718446601941745
2025-07-05 18:01:18,957 [INFO] [68] VALIDATION | acc: 0.1301775147928994
2025-07-05 18:01:46,410 [INFO] [69] TRAIN | loss: 1.980703550356023, acc: 0.41955617198335643
2025-07-05 18:01:46,410 [INFO] [69] VALIDATION | acc: 0.12130177514792899
2025-07-05 18:02:12,370 [INFO] [70] TRAIN | loss: 1.9483948465715706, acc: 0.45839112343966715
2025-07-05 18:02:12,371 [INFO] [70] VALIDATION | acc: 0.10650887573964497
2025-07-05 18:02:38,388 [INFO] [71] TRAIN | loss: 1.8030492105674976, acc: 0.49375866851595007
2025-07-05 18:02:38,388 [INFO] [71] VALIDATION | acc: 0.08579881656804733
2025-07-05 18:03:04,562 [INFO] [72] TRAIN | loss: 1.7630321196230043, acc: 0.4944521497919556
2025-07-05 18:03:04,562 [INFO] [72] VALIDATION | acc: 0.11242603550295859
2025-07-05 18:03:29,948 [INFO] [73] TRAIN | loss: 1.876271910536595, acc: 0.4798890429958391
2025-07-05 18:03:29,949 [INFO] [73] VALIDATION | acc: 0.11834319526627218
2025-07-05 18:03:59,510 [INFO] [74] TRAIN | loss: 1.8328646731649456, acc: 0.48335644937586686
2025-07-05 18:03:59,510 [INFO] [74] VALIDATION | acc: 0.09467455621301775
2025-07-05 18:04:24,988 [INFO] [75] TRAIN | loss: 1.8474196852397964, acc: 0.4694868238557559
2025-07-05 18:04:24,988 [INFO] [75] VALIDATION | acc: 0.11834319526627218
2025-07-05 18:04:51,292 [INFO] [76] TRAIN | loss: 1.6671789462630342, acc: 0.5298196948682385
2025-07-05 18:04:51,292 [INFO] [76] VALIDATION | acc: 0.10946745562130178
2025-07-05 18:05:17,536 [INFO] [77] TRAIN | loss: 1.593341645300285, acc: 0.5492371705963939
2025-07-05 18:05:17,536 [INFO] [77] VALIDATION | acc: 0.1301775147928994
2025-07-05 18:05:44,335 [INFO] [78] TRAIN | loss: 1.474825559887937, acc: 0.5922330097087378
2025-07-05 18:05:44,335 [INFO] [78] VALIDATION | acc: 0.12721893491124261
2025-07-05 18:06:09,263 [INFO] [79] TRAIN | loss: 1.5526565170676374, acc: 0.558252427184466
2025-07-05 18:06:09,263 [INFO] [79] VALIDATION | acc: 0.1301775147928994
2025-07-05 18:06:35,333 [INFO] [80] TRAIN | loss: 1.4067761716193903, acc: 0.6047156726768377
2025-07-05 18:06:35,333 [INFO] [80] VALIDATION | acc: 0.1301775147928994
2025-07-05 18:07:00,340 [INFO] [81] TRAIN | loss: 1.3880596527663136, acc: 0.6054091539528432
2025-07-05 18:07:00,340 [INFO] [81] VALIDATION | acc: 0.1390532544378698
2025-07-05 18:07:31,190 [INFO] [82] TRAIN | loss: 1.3157467037638269, acc: 0.6456310679611651
2025-07-05 18:07:31,190 [INFO] [82] VALIDATION | acc: 0.13609467455621302
2025-07-05 18:07:57,075 [INFO] [83] TRAIN | loss: 1.2636533190522745, acc: 0.6532593619972261
2025-07-05 18:07:57,075 [INFO] [83] VALIDATION | acc: 0.15384615384615385
2025-07-05 18:08:23,259 [INFO] [84] TRAIN | loss: 1.1942620395131192, acc: 0.6851595006934813
2025-07-05 18:08:23,259 [INFO] [84] VALIDATION | acc: 0.11242603550295859
2025-07-05 18:08:49,602 [INFO] [85] TRAIN | loss: 1.1705584676831964, acc: 0.6907073509015257
2025-07-05 18:08:49,602 [INFO] [85] VALIDATION | acc: 0.1390532544378698
2025-07-05 18:09:14,528 [INFO] [86] TRAIN | loss: 1.0643443973339712, acc: 0.7253814147018031
2025-07-05 18:09:14,528 [INFO] [86] VALIDATION | acc: 0.1301775147928994
2025-07-05 18:09:41,157 [INFO] [87] TRAIN | loss: 1.1013443590378862, acc: 0.7128987517337032
2025-07-05 18:09:41,157 [INFO] [87] VALIDATION | acc: 0.13609467455621302
2025-07-05 18:10:06,966 [INFO] [88] TRAIN | loss: 1.061962891459186, acc: 0.723994452149792
2025-07-05 18:10:06,966 [INFO] [88] VALIDATION | acc: 0.13609467455621302
2025-07-05 18:10:32,249 [INFO] [89] TRAIN | loss: 1.1392533410619556, acc: 0.6879334257975035
2025-07-05 18:10:32,250 [INFO] [89] VALIDATION | acc: 0.11834319526627218
2025-07-05 18:10:57,289 [INFO] [90] TRAIN | loss: 0.9369331233302872, acc: 0.7697642163661581
2025-07-05 18:10:57,289 [INFO] [90] VALIDATION | acc: 0.14792899408284024
2025-07-05 18:11:27,778 [INFO] [91] TRAIN | loss: 0.8485261692792105, acc: 0.8044382801664355
2025-07-05 18:11:27,778 [INFO] [91] VALIDATION | acc: 0.11834319526627218
2025-07-05 18:11:52,801 [INFO] [92] TRAIN | loss: 0.8380351797648513, acc: 0.7968099861303745
2025-07-05 18:11:52,801 [INFO] [92] VALIDATION | acc: 0.14497041420118342
2025-07-05 18:12:19,432 [INFO] [93] TRAIN | loss: 0.8292813833567847, acc: 0.8037447988904299
2025-07-05 18:12:19,432 [INFO] [93] VALIDATION | acc: 0.12721893491124261
2025-07-05 18:12:45,833 [INFO] [94] TRAIN | loss: 0.8906795031999156, acc: 0.776005547850208
2025-07-05 18:12:45,833 [INFO] [94] VALIDATION | acc: 0.14792899408284024
2025-07-05 18:13:13,438 [INFO] [95] TRAIN | loss: 0.8247680071374497, acc: 0.79750346740638
2025-07-05 18:13:13,438 [INFO] [95] VALIDATION | acc: 0.15384615384615385
2025-07-05 18:13:41,996 [INFO] [96] TRAIN | loss: 0.7332875590110082, acc: 0.8370319001386962
2025-07-05 18:13:41,996 [INFO] [96] VALIDATION | acc: 0.1390532544378698
2025-07-05 18:14:08,127 [INFO] [97] TRAIN | loss: 0.654360079343609, acc: 0.863384188626907
2025-07-05 18:14:08,127 [INFO] [97] VALIDATION | acc: 0.1301775147928994
2025-07-05 18:14:33,450 [INFO] [98] TRAIN | loss: 0.6285077914235216, acc: 0.869625520110957
2025-07-05 18:14:33,450 [INFO] [98] VALIDATION | acc: 0.13609467455621302
2025-07-05 18:14:58,259 [INFO] [99] TRAIN | loss: 0.5425669211008161, acc: 0.9022191400832178
2025-07-05 18:14:58,259 [INFO] [99] VALIDATION | acc: 0.1390532544378698
2025-07-05 18:15:24,520 [INFO] [100] TRAIN | loss: 0.5307712690688698, acc: 0.9029126213592233
2025-07-05 18:15:24,520 [INFO] [100] VALIDATION | acc: 0.1301775147928994
2025-07-05 18:15:24,520 [INFO] Testing checkpointed models starting...

2025-07-05 18:15:25,955 [INFO] checkpoint_t0  ->  0.015503875968992248
2025-07-05 18:15:27,471 [INFO] checkpoint_v0  ->  0.015503875968992248
2025-07-05 18:15:29,056 [INFO] checkpoint_t1  ->  0.027131782945736434
2025-07-05 18:15:30,758 [INFO] checkpoint_v1  ->  0.027131782945736434
2025-07-05 18:15:32,468 [INFO] checkpoint_t2  ->  0.03875968992248062
2025-07-05 18:15:34,241 [INFO] checkpoint_v2  ->  0.031007751937984496
2025-07-05 18:15:35,998 [INFO] checkpoint_t3  ->  0.050387596899224806
2025-07-05 18:15:37,718 [INFO] checkpoint_v3  ->  0.04263565891472868
2025-07-05 18:15:39,421 [INFO] checkpoint_t4  ->  0.07364341085271318
2025-07-05 18:15:41,112 [INFO] checkpoint_v4  ->  0.07751937984496124
2025-07-05 18:15:42,866 [INFO] checkpoint_t5  ->  0.08527131782945736
2025-07-05 18:15:44,626 [INFO] checkpoint_v5  ->  0.09689922480620156
2025-07-05 18:15:46,364 [INFO] checkpoint_t6  ->  0.12015503875968993
2025-07-05 18:15:48,163 [INFO] checkpoint_v6  ->  0.11627906976744186
2025-07-05 18:15:49,879 [INFO] checkpoint_t7  ->  0.12403100775193798
2025-07-05 18:15:51,521 [INFO] checkpoint_v7  ->  0.09689922480620156
2025-07-05 18:15:53,263 [INFO] checkpoint_t8  ->  0.13178294573643412
2025-07-05 18:15:55,016 [INFO] checkpoint_v8  ->  0.13178294573643412
2025-07-05 18:15:56,807 [INFO] checkpoint_t9  ->  0.1511627906976744
2025-07-05 18:15:58,701 [INFO] checkpoint_v9  ->  0.1434108527131783
2025-07-05 18:16:00,572 [INFO] checkpoint_t10  ->  0.13178294573643412
2025-07-05 18:16:02,453 [INFO] checkpoint_v10  ->  0.16279069767441862
2025-07-05 18:16:02,453 [INFO] 
=======================================
2025-07-05 18:16:02,453 [INFO] The best testing checkpoint: lstm/checkpoint_v_10:
2025-07-05 18:16:02,453 [INFO]    Testing accuracy: 0.163
2025-07-05 18:16:02,453 [INFO]    Macro F1 score: 0.133
2025-07-05 18:16:02,453 [INFO]    Weighted F1 score: 0.143
2025-07-05 18:16:02,453 [INFO]    Total trainable parameters: 162,756
2025-07-05 18:16:02,453 [INFO]    Elapsed time: 2728.92 sec
2025-07-05 18:16:02,453 [INFO] ----------------Config information----------------------- 
2025-07-05 18:16:02,453 [INFO]  - Experiment Args: dataset=WLASL100, features=HAND_POSE_LANDMARKS, include_blendshapes=0, fs=0, num_classes=100, model=lstm, mediapipe_holistic=True, dim=136, heads=8, n_layers=1, PE=0, pad=True, clip_weights=0, clip_gradients=0, opt=SGD, sgd_momentum=0.9, scheduler=cosine, bs=1, epochs=100, lr=1e-03, logfreq=1, checkpoints=True
2025-07-05 18:16:02,523 [INFO] 
Any desired statistics have been plotted.
The experiment is finished.
