2025-07-05 01:23:26,751 [INFO] [INFO] Starting experiment spoter_bs_1_sgd...


2025-07-05 01:25:54,633 [INFO] [1] TRAIN | loss: 4.692168571085936, acc: 0.014563106796116505
2025-07-05 01:25:54,633 [INFO] [1] VALIDATION | acc: 0.01775147928994083
2025-07-05 01:28:41,618 [INFO] [2] TRAIN | loss: 4.548809378553859, acc: 0.02011095700416089
2025-07-05 01:28:41,618 [INFO] [2] VALIDATION | acc: 0.008875739644970414
2025-07-05 01:31:28,809 [INFO] [3] TRAIN | loss: 4.39457280394439, acc: 0.03398058252427184
2025-07-05 01:31:28,810 [INFO] [3] VALIDATION | acc: 0.029585798816568046
2025-07-05 01:34:10,233 [INFO] [4] TRAIN | loss: 4.27852644123416, acc: 0.03536754507628294
2025-07-05 01:34:10,234 [INFO] [4] VALIDATION | acc: 0.026627218934911243
2025-07-05 01:37:01,650 [INFO] [5] TRAIN | loss: 4.191528464818629, acc: 0.040915395284327326
2025-07-05 01:37:01,650 [INFO] [5] VALIDATION | acc: 0.038461538461538464
2025-07-05 01:39:56,468 [INFO] [6] TRAIN | loss: 4.062858839554198, acc: 0.07073509015256588
2025-07-05 01:39:56,469 [INFO] [6] VALIDATION | acc: 0.05621301775147929
2025-07-05 01:42:50,420 [INFO] [7] TRAIN | loss: 3.915472321718642, acc: 0.07350901525658807
2025-07-05 01:42:50,420 [INFO] [7] VALIDATION | acc: 0.07692307692307693
2025-07-05 01:45:38,005 [INFO] [8] TRAIN | loss: 3.7945430905412207, acc: 0.08737864077669903
2025-07-05 01:45:38,005 [INFO] [8] VALIDATION | acc: 0.07396449704142012
2025-07-05 01:48:32,015 [INFO] [9] TRAIN | loss: 3.693429852738956, acc: 0.09639389736477115
2025-07-05 01:48:32,015 [INFO] [9] VALIDATION | acc: 0.0621301775147929
2025-07-05 01:51:32,538 [INFO] [10] TRAIN | loss: 3.5795332116078735, acc: 0.11026352288488211
2025-07-05 01:51:32,538 [INFO] [10] VALIDATION | acc: 0.10059171597633136
2025-07-05 01:54:28,118 [INFO] [11] TRAIN | loss: 3.4638242014320815, acc: 0.12343966712898752
2025-07-05 01:54:28,118 [INFO] [11] VALIDATION | acc: 0.10650887573964497
2025-07-05 01:57:23,072 [INFO] [12] TRAIN | loss: 3.354749671091815, acc: 0.1539528432732316
2025-07-05 01:57:23,072 [INFO] [12] VALIDATION | acc: 0.12721893491124261
2025-07-05 02:00:15,305 [INFO] [13] TRAIN | loss: 3.216078089671558, acc: 0.17753120665742025
2025-07-05 02:00:15,306 [INFO] [13] VALIDATION | acc: 0.15976331360946747
2025-07-05 02:03:03,283 [INFO] [14] TRAIN | loss: 3.0628366280403942, acc: 0.21151178918169208
2025-07-05 02:03:03,283 [INFO] [14] VALIDATION | acc: 0.15384615384615385
2025-07-05 02:05:58,634 [INFO] [15] TRAIN | loss: 2.926702886158484, acc: 0.23994452149791956
2025-07-05 02:05:58,634 [INFO] [15] VALIDATION | acc: 0.14497041420118342
2025-07-05 02:08:55,472 [INFO] [16] TRAIN | loss: 2.795946742517773, acc: 0.268377253814147
2025-07-05 02:08:55,472 [INFO] [16] VALIDATION | acc: 0.19822485207100593
2025-07-05 02:11:57,872 [INFO] [17] TRAIN | loss: 2.6460502963414965, acc: 0.3044382801664355
2025-07-05 02:11:57,872 [INFO] [17] VALIDATION | acc: 0.20414201183431951
2025-07-05 02:14:48,657 [INFO] [18] TRAIN | loss: 2.529485530055925, acc: 0.3273231622746186
2025-07-05 02:14:48,657 [INFO] [18] VALIDATION | acc: 0.23372781065088757
2025-07-05 02:17:43,720 [INFO] [19] TRAIN | loss: 2.392047499827059, acc: 0.35852981969486825
2025-07-05 02:17:43,720 [INFO] [19] VALIDATION | acc: 0.23076923076923078
2025-07-05 02:20:35,276 [INFO] [20] TRAIN | loss: 2.267073575050755, acc: 0.3945908460471567
2025-07-05 02:20:35,276 [INFO] [20] VALIDATION | acc: 0.2869822485207101
2025-07-05 02:23:26,190 [INFO] [21] TRAIN | loss: 2.1584658078621977, acc: 0.4160887656033287
2025-07-05 02:23:26,191 [INFO] [21] VALIDATION | acc: 0.27514792899408286
2025-07-05 02:26:19,620 [INFO] [22] TRAIN | loss: 2.0319707151089026, acc: 0.44798890429958393
2025-07-05 02:26:19,620 [INFO] [22] VALIDATION | acc: 0.28106508875739644
2025-07-05 02:29:11,523 [INFO] [23] TRAIN | loss: 1.9197266405233895, acc: 0.48058252427184467
2025-07-05 02:29:11,524 [INFO] [23] VALIDATION | acc: 0.3165680473372781
2025-07-05 02:32:06,209 [INFO] [24] TRAIN | loss: 1.830088413848791, acc: 0.49653259361997226
2025-07-05 02:32:06,209 [INFO] [24] VALIDATION | acc: 0.31952662721893493
2025-07-05 02:34:57,842 [INFO] [25] TRAIN | loss: 1.6828186813220072, acc: 0.5471567267683772
2025-07-05 02:34:57,842 [INFO] [25] VALIDATION | acc: 0.3609467455621302
2025-07-05 02:37:51,845 [INFO] [26] TRAIN | loss: 1.5830347767246993, acc: 0.5540915395284327
2025-07-05 02:37:51,846 [INFO] [26] VALIDATION | acc: 0.34615384615384615
2025-07-05 02:40:49,752 [INFO] [27] TRAIN | loss: 1.5230487609894405, acc: 0.579750346740638
2025-07-05 02:40:49,753 [INFO] [27] VALIDATION | acc: 0.363905325443787
2025-07-05 02:43:53,838 [INFO] [28] TRAIN | loss: 1.4165991892296712, acc: 0.5998613037447988
2025-07-05 02:43:53,838 [INFO] [28] VALIDATION | acc: 0.3668639053254438
2025-07-05 02:46:50,356 [INFO] [29] TRAIN | loss: 1.3205852915252585, acc: 0.6359223300970874
2025-07-05 02:46:50,356 [INFO] [29] VALIDATION | acc: 0.3668639053254438
2025-07-05 02:49:48,214 [INFO] [30] TRAIN | loss: 1.2261464527805546, acc: 0.6511789181692095
2025-07-05 02:49:48,214 [INFO] [30] VALIDATION | acc: 0.34023668639053256
2025-07-05 02:52:43,240 [INFO] [31] TRAIN | loss: 1.1442556221621956, acc: 0.665742024965326
2025-07-05 02:52:43,240 [INFO] [31] VALIDATION | acc: 0.34911242603550297
2025-07-05 02:55:37,119 [INFO] [32] TRAIN | loss: 1.0596412114589766, acc: 0.7135922330097088
2025-07-05 02:55:37,119 [INFO] [32] VALIDATION | acc: 0.42011834319526625
2025-07-05 02:58:35,718 [INFO] [33] TRAIN | loss: 0.9327300244176324, acc: 0.7572815533980582
2025-07-05 02:58:35,718 [INFO] [33] VALIDATION | acc: 0.41420118343195267
2025-07-05 03:01:38,739 [INFO] [34] TRAIN | loss: 0.8919091624851712, acc: 0.7614424410540915
2025-07-05 03:01:38,740 [INFO] [34] VALIDATION | acc: 0.39349112426035504
2025-07-05 03:04:35,995 [INFO] [35] TRAIN | loss: 0.7887518750839504, acc: 0.7919556171983356
2025-07-05 03:04:35,995 [INFO] [35] VALIDATION | acc: 0.39644970414201186
2025-07-05 03:07:37,393 [INFO] [36] TRAIN | loss: 0.7621874540912481, acc: 0.7947295423023578
2025-07-05 03:07:37,393 [INFO] [36] VALIDATION | acc: 0.40532544378698226
2025-07-05 03:10:29,278 [INFO] [37] TRAIN | loss: 0.7234236448266945, acc: 0.8037447988904299
2025-07-05 03:10:29,278 [INFO] [37] VALIDATION | acc: 0.45857988165680474
2025-07-05 03:13:32,376 [INFO] [38] TRAIN | loss: 0.6517325647013202, acc: 0.8259361997226075
2025-07-05 03:13:32,376 [INFO] [38] VALIDATION | acc: 0.4349112426035503
2025-07-05 03:16:19,794 [INFO] [39] TRAIN | loss: 0.5333179330092244, acc: 0.8661581137309292
2025-07-05 03:16:19,794 [INFO] [39] VALIDATION | acc: 0.4319526627218935
2025-07-05 03:19:14,224 [INFO] [40] TRAIN | loss: 0.5086713391570917, acc: 0.8751733703190014
2025-07-05 03:19:14,224 [INFO] [40] VALIDATION | acc: 0.4230769230769231
2025-07-05 03:22:11,261 [INFO] [41] TRAIN | loss: 0.4363597416660933, acc: 0.8987517337031901
2025-07-05 03:22:11,261 [INFO] [41] VALIDATION | acc: 0.47041420118343197
2025-07-05 03:25:09,369 [INFO] [42] TRAIN | loss: 0.40717385936231026, acc: 0.9029126213592233
2025-07-05 03:25:09,370 [INFO] [42] VALIDATION | acc: 0.46745562130177515
2025-07-05 03:28:04,983 [INFO] [43] TRAIN | loss: 0.36722543939025154, acc: 0.9112343966712899
2025-07-05 03:28:04,983 [INFO] [43] VALIDATION | acc: 0.47337278106508873
2025-07-05 03:31:01,408 [INFO] [44] TRAIN | loss: 0.3153406388309414, acc: 0.9251040221914009
2025-07-05 03:31:01,409 [INFO] [44] VALIDATION | acc: 0.4881656804733728
2025-07-05 03:34:01,387 [INFO] [45] TRAIN | loss: 0.2570302696537224, acc: 0.9445214979195562
2025-07-05 03:34:01,387 [INFO] [45] VALIDATION | acc: 0.46745562130177515
2025-07-05 03:36:57,446 [INFO] [46] TRAIN | loss: 0.19771700779162735, acc: 0.9660194174757282
2025-07-05 03:36:57,446 [INFO] [46] VALIDATION | acc: 0.5088757396449705
2025-07-05 03:39:54,129 [INFO] [47] TRAIN | loss: 0.1694258744478027, acc: 0.9715672676837726
2025-07-05 03:39:54,129 [INFO] [47] VALIDATION | acc: 0.5177514792899408
2025-07-05 03:42:49,702 [INFO] [48] TRAIN | loss: 0.16113899037897156, acc: 0.970873786407767
2025-07-05 03:42:49,702 [INFO] [48] VALIDATION | acc: 0.5088757396449705
2025-07-05 03:45:41,301 [INFO] [49] TRAIN | loss: 0.11817757986762384, acc: 0.9812760055478502
2025-07-05 03:45:41,301 [INFO] [49] VALIDATION | acc: 0.5177514792899408
2025-07-05 03:48:35,391 [INFO] [50] TRAIN | loss: 0.10225660625545517, acc: 0.986130374479889
2025-07-05 03:48:35,391 [INFO] [50] VALIDATION | acc: 0.5059171597633136
2025-07-05 03:51:27,085 [INFO] [51] TRAIN | loss: 0.1053374021042987, acc: 0.9854368932038835
2025-07-05 03:51:27,085 [INFO] [51] VALIDATION | acc: 0.5355029585798816
2025-07-05 03:54:15,721 [INFO] [52] TRAIN | loss: 0.08991684973174183, acc: 0.9868238557558946
2025-07-05 03:54:15,722 [INFO] [52] VALIDATION | acc: 0.5207100591715976
2025-07-05 03:57:16,014 [INFO] [53] TRAIN | loss: 0.09812186745867481, acc: 0.986130374479889
2025-07-05 03:57:16,014 [INFO] [53] VALIDATION | acc: 0.5473372781065089
2025-07-05 04:00:07,980 [INFO] [54] TRAIN | loss: 0.07098987358403469, acc: 0.9882108183079057
2025-07-05 04:00:07,980 [INFO] [54] VALIDATION | acc: 0.5414201183431953
2025-07-05 04:03:03,074 [INFO] [55] TRAIN | loss: 0.061844782756091565, acc: 0.9909847434119279
2025-07-05 04:03:03,074 [INFO] [55] VALIDATION | acc: 0.5414201183431953
2025-07-05 04:05:55,633 [INFO] [56] TRAIN | loss: 0.050927122762168715, acc: 0.992371705963939
2025-07-05 04:05:55,634 [INFO] [56] VALIDATION | acc: 0.4822485207100592
2025-07-05 04:08:48,852 [INFO] [57] TRAIN | loss: 0.053476692404736535, acc: 0.9902912621359223
2025-07-05 04:08:48,852 [INFO] [57] VALIDATION | acc: 0.5355029585798816
2025-07-05 04:11:44,084 [INFO] [58] TRAIN | loss: 0.046857601268689736, acc: 0.9944521497919556
2025-07-05 04:11:44,084 [INFO] [58] VALIDATION | acc: 0.5532544378698225
2025-07-05 04:14:48,555 [INFO] [59] TRAIN | loss: 0.04312221720033543, acc: 0.9937586685159501
2025-07-05 04:14:48,555 [INFO] [59] VALIDATION | acc: 0.5325443786982249
2025-07-05 04:17:46,788 [INFO] [60] TRAIN | loss: 0.04284558107207133, acc: 0.9937586685159501
2025-07-05 04:17:46,789 [INFO] [60] VALIDATION | acc: 0.5591715976331361
2025-07-05 04:20:40,137 [INFO] [61] TRAIN | loss: 0.041759077430469915, acc: 0.9916782246879334
2025-07-05 04:20:40,137 [INFO] [61] VALIDATION | acc: 0.5384615384615384
2025-07-05 04:23:33,201 [INFO] [62] TRAIN | loss: 0.038200936460263325, acc: 0.9930651872399445
2025-07-05 04:23:33,202 [INFO] [62] VALIDATION | acc: 0.5177514792899408
2025-07-05 04:26:27,841 [INFO] [63] TRAIN | loss: 0.03542401866615012, acc: 0.9937586685159501
2025-07-05 04:26:27,841 [INFO] [63] VALIDATION | acc: 0.5325443786982249
2025-07-05 04:29:23,142 [INFO] [64] TRAIN | loss: 0.03509776711784595, acc: 0.992371705963939
2025-07-05 04:29:23,142 [INFO] [64] VALIDATION | acc: 0.5532544378698225
2025-07-05 04:32:21,952 [INFO] [65] TRAIN | loss: 0.03213558825087797, acc: 0.9944521497919556
2025-07-05 04:32:21,953 [INFO] [65] VALIDATION | acc: 0.5473372781065089
2025-07-05 04:35:03,819 [INFO] [66] TRAIN | loss: 0.033192306612907285, acc: 0.992371705963939
2025-07-05 04:35:03,819 [INFO] [66] VALIDATION | acc: 0.5562130177514792
2025-07-05 04:38:04,772 [INFO] [67] TRAIN | loss: 0.02958871123863574, acc: 0.9944521497919556
2025-07-05 04:38:04,772 [INFO] [67] VALIDATION | acc: 0.5473372781065089
2025-07-05 04:40:59,561 [INFO] [68] TRAIN | loss: 0.02749301222415467, acc: 0.9958391123439667
2025-07-05 04:40:59,561 [INFO] [68] VALIDATION | acc: 0.5502958579881657
2025-07-05 04:44:03,903 [INFO] [69] TRAIN | loss: 0.027905691132691673, acc: 0.9944521497919556
2025-07-05 04:44:03,903 [INFO] [69] VALIDATION | acc: 0.5443786982248521
2025-07-05 04:46:49,816 [INFO] [70] TRAIN | loss: 0.026475207220317973, acc: 0.9951456310679612
2025-07-05 04:46:49,816 [INFO] [70] VALIDATION | acc: 0.5443786982248521
2025-07-05 04:49:44,748 [INFO] [71] TRAIN | loss: 0.026990556791022708, acc: 0.9937586685159501
2025-07-05 04:49:44,748 [INFO] [71] VALIDATION | acc: 0.5443786982248521
2025-07-05 04:52:38,117 [INFO] [72] TRAIN | loss: 0.025762260820897137, acc: 0.9944521497919556
2025-07-05 04:52:38,117 [INFO] [72] VALIDATION | acc: 0.5414201183431953
2025-07-05 04:55:32,316 [INFO] [73] TRAIN | loss: 0.024763261301108914, acc: 0.9951456310679612
2025-07-05 04:55:32,316 [INFO] [73] VALIDATION | acc: 0.5414201183431953
2025-07-05 04:58:28,910 [INFO] [74] TRAIN | loss: 0.02404179569707903, acc: 0.9951456310679612
2025-07-05 04:58:28,910 [INFO] [74] VALIDATION | acc: 0.5591715976331361
2025-07-05 05:01:26,469 [INFO] [75] TRAIN | loss: 0.022742821614321125, acc: 0.9951456310679612
2025-07-05 05:01:26,469 [INFO] [75] VALIDATION | acc: 0.5443786982248521
2025-07-05 05:04:18,159 [INFO] [76] TRAIN | loss: 0.02146724652395301, acc: 0.9958391123439667
2025-07-05 05:04:18,159 [INFO] [76] VALIDATION | acc: 0.5739644970414202
2025-07-05 05:07:16,140 [INFO] [77] TRAIN | loss: 0.022434262756873265, acc: 0.9944521497919556
2025-07-05 05:07:16,140 [INFO] [77] VALIDATION | acc: 0.5502958579881657
2025-07-05 05:10:20,947 [INFO] [78] TRAIN | loss: 0.02222456647358136, acc: 0.9937586685159501
2025-07-05 05:10:20,947 [INFO] [78] VALIDATION | acc: 0.5650887573964497
2025-07-05 05:13:19,989 [INFO] [79] TRAIN | loss: 0.021224570813657903, acc: 0.9951456310679612
2025-07-05 05:13:19,989 [INFO] [79] VALIDATION | acc: 0.5384615384615384
2025-07-05 05:16:27,014 [INFO] [80] TRAIN | loss: 0.02085674752647347, acc: 0.9944521497919556
2025-07-05 05:16:27,014 [INFO] [80] VALIDATION | acc: 0.5562130177514792
2025-07-05 05:19:23,409 [INFO] [81] TRAIN | loss: 0.021335669626719504, acc: 0.9944521497919556
2025-07-05 05:19:23,410 [INFO] [81] VALIDATION | acc: 0.5562130177514792
2025-07-05 05:22:19,127 [INFO] [82] TRAIN | loss: 0.020021981580785008, acc: 0.9951456310679612
2025-07-05 05:22:19,127 [INFO] [82] VALIDATION | acc: 0.5532544378698225
2025-07-05 05:25:16,506 [INFO] [83] TRAIN | loss: 0.01961605972057401, acc: 0.9944521497919556
2025-07-05 05:25:16,506 [INFO] [83] VALIDATION | acc: 0.5443786982248521
2025-07-05 05:28:06,909 [INFO] [84] TRAIN | loss: 0.019729729696440455, acc: 0.9951456310679612
2025-07-05 05:28:06,910 [INFO] [84] VALIDATION | acc: 0.5562130177514792
2025-07-05 05:31:04,432 [INFO] [85] TRAIN | loss: 0.01993988958619236, acc: 0.9958391123439667
2025-07-05 05:31:04,432 [INFO] [85] VALIDATION | acc: 0.5621301775147929
2025-07-05 05:33:50,815 [INFO] [86] TRAIN | loss: 0.01873775662004369, acc: 0.9944521497919556
2025-07-05 05:33:50,815 [INFO] [86] VALIDATION | acc: 0.5414201183431953
2025-07-05 05:36:41,682 [INFO] [87] TRAIN | loss: 0.018616722189807092, acc: 0.9951456310679612
2025-07-05 05:36:41,682 [INFO] [87] VALIDATION | acc: 0.5502958579881657
2025-07-05 05:39:30,497 [INFO] [88] TRAIN | loss: 0.01885723937992278, acc: 0.9951456310679612
2025-07-05 05:39:30,498 [INFO] [88] VALIDATION | acc: 0.5443786982248521
2025-07-05 05:42:23,441 [INFO] [89] TRAIN | loss: 0.018313280424302063, acc: 0.9951456310679612
2025-07-05 05:42:23,441 [INFO] [89] VALIDATION | acc: 0.5562130177514792
2025-07-05 05:45:20,222 [INFO] [90] TRAIN | loss: 0.018424220852239475, acc: 0.9944521497919556
2025-07-05 05:45:20,222 [INFO] [90] VALIDATION | acc: 0.5473372781065089
2025-07-05 05:48:14,361 [INFO] [91] TRAIN | loss: 0.018050228384394948, acc: 0.9930651872399445
2025-07-05 05:48:14,361 [INFO] [91] VALIDATION | acc: 0.5562130177514792
2025-07-05 05:51:20,581 [INFO] [92] TRAIN | loss: 0.016926858314296363, acc: 0.9958391123439667
2025-07-05 05:51:20,581 [INFO] [92] VALIDATION | acc: 0.5532544378698225
2025-07-05 05:54:15,350 [INFO] [93] TRAIN | loss: 0.017817504748360715, acc: 0.9930651872399445
2025-07-05 05:54:15,350 [INFO] [93] VALIDATION | acc: 0.5502958579881657
2025-07-05 05:57:10,131 [INFO] [94] TRAIN | loss: 0.01640644326947188, acc: 0.9951456310679612
2025-07-05 05:57:10,132 [INFO] [94] VALIDATION | acc: 0.5591715976331361
2025-07-05 06:00:02,049 [INFO] [95] TRAIN | loss: 0.016783943509844638, acc: 0.9944521497919556
2025-07-05 06:00:02,049 [INFO] [95] VALIDATION | acc: 0.5502958579881657
2025-07-05 06:02:59,888 [INFO] [96] TRAIN | loss: 0.01697321729859271, acc: 0.9944521497919556
2025-07-05 06:02:59,888 [INFO] [96] VALIDATION | acc: 0.5473372781065089
2025-07-05 06:05:55,640 [INFO] [97] TRAIN | loss: 0.01573116491647129, acc: 0.9965325936199723
2025-07-05 06:05:55,640 [INFO] [97] VALIDATION | acc: 0.5650887573964497
2025-07-05 06:08:48,261 [INFO] [98] TRAIN | loss: 0.01640659563722775, acc: 0.9937586685159501
2025-07-05 06:08:48,262 [INFO] [98] VALIDATION | acc: 0.5473372781065089
2025-07-05 06:11:43,504 [INFO] [99] TRAIN | loss: 0.015623234020276919, acc: 0.9951456310679612
2025-07-05 06:11:43,504 [INFO] [99] VALIDATION | acc: 0.5532544378698225
2025-07-05 06:14:39,701 [INFO] [100] TRAIN | loss: 0.016203679427065035, acc: 0.9944521497919556
2025-07-05 06:14:39,702 [INFO] [100] VALIDATION | acc: 0.5502958579881657
2025-07-05 06:14:39,702 [INFO] Testing checkpointed models starting...

2025-07-05 06:14:52,501 [INFO] checkpoint_t0  ->  0.027131782945736434
2025-07-05 06:15:05,127 [INFO] checkpoint_v0  ->  0.027131782945736434
2025-07-05 06:15:17,877 [INFO] checkpoint_t1  ->  0.10852713178294573
2025-07-05 06:15:30,193 [INFO] checkpoint_v1  ->  0.10852713178294573
2025-07-05 06:15:42,521 [INFO] checkpoint_t2  ->  0.313953488372093
2025-07-05 06:15:55,050 [INFO] checkpoint_v2  ->  0.2558139534883721
2025-07-05 06:16:08,501 [INFO] checkpoint_t3  ->  0.40310077519379844
2025-07-05 06:16:21,843 [INFO] checkpoint_v3  ->  0.43023255813953487
2025-07-05 06:16:35,050 [INFO] checkpoint_t4  ->  0.49612403100775193
2025-07-05 06:16:47,889 [INFO] checkpoint_v4  ->  0.49612403100775193
2025-07-05 06:17:00,547 [INFO] checkpoint_t5  ->  0.5310077519379846
2025-07-05 06:17:13,330 [INFO] checkpoint_v5  ->  0.5581395348837209
2025-07-05 06:17:26,052 [INFO] checkpoint_t6  ->  0.562015503875969
2025-07-05 06:17:38,816 [INFO] checkpoint_v6  ->  0.5775193798449613
2025-07-05 06:17:51,858 [INFO] checkpoint_t7  ->  0.5697674418604651
2025-07-05 06:18:04,737 [INFO] checkpoint_v7  ->  0.5736434108527132
2025-07-05 06:18:17,512 [INFO] checkpoint_t8  ->  0.5542635658914729
2025-07-05 06:18:30,596 [INFO] checkpoint_v8  ->  0.5542635658914729
2025-07-05 06:18:43,834 [INFO] checkpoint_t9  ->  0.5852713178294574
2025-07-05 06:18:57,009 [INFO] checkpoint_v9  ->  0.5852713178294574
2025-07-05 06:19:09,393 [INFO] checkpoint_t10  ->  0.5813953488372093
2025-07-05 06:19:22,633 [INFO] checkpoint_v10  ->  0.5813953488372093
2025-07-05 06:19:22,634 [INFO] 
=======================================
2025-07-05 06:19:22,634 [INFO] The best testing checkpoint: spoter_bs_1_sgd/checkpoint_t_9:
2025-07-05 06:19:22,634 [INFO]    Testing accuracy: 0.585
2025-07-05 06:19:22,634 [INFO]    Macro F1 score: 0.569
2025-07-05 06:19:22,634 [INFO]    Weighted F1 score: 0.571
2025-07-05 06:19:22,634 [INFO]    Total trainable parameters: 8,142,380
2025-07-05 06:19:22,634 [INFO]    Elapsed time: 17755.88 sec
2025-07-05 06:19:22,634 [INFO] ----------------Config information----------------------- 
2025-07-05 06:19:22,634 [INFO]  - Experiment Args: dataset=WLASL100, features=HAND_POSE_LANDMARKS, include_blendshapes=0, fs=0, num_classes=100, model=spoter, mediapipe_holistic=True, dim=136, heads=8, n_layers=6, PE=0, pad=True, clip_weights=0, clip_gradients=0, opt=SGD, sgd_momentum=0.0, scheduler=cosine, bs=1, epochs=100, lr=1e-03, logfreq=1, checkpoints=True
2025-07-05 06:19:22,839 [INFO] 
Any desired statistics have been plotted.
The experiment is finished.
