2025-07-08 15:03:23,982 [INFO] [INFO] Starting experiment encoder_hand_landmarks_fs1_pad_repeat...


2025-07-08 15:03:26,125 [INFO] [1] TRAIN | loss: 4.7605729517729385, acc: 0.015256588072122053
2025-07-08 15:03:26,126 [INFO] [1] VALIDATION | acc: 0.011834319526627219
2025-07-08 15:03:28,000 [INFO] [2] TRAIN | loss: 4.709473692852518, acc: 0.015256588072122053
2025-07-08 15:03:28,000 [INFO] [2] VALIDATION | acc: 0.011834319526627219
2025-07-08 15:03:29,870 [INFO] [3] TRAIN | loss: 4.6307365065035615, acc: 0.018030513176144243
2025-07-08 15:03:29,870 [INFO] [3] VALIDATION | acc: 0.020710059171597635
2025-07-08 15:03:31,739 [INFO] [4] TRAIN | loss: 4.549803215524425, acc: 0.02288488210818308
2025-07-08 15:03:31,739 [INFO] [4] VALIDATION | acc: 0.029585798816568046
2025-07-08 15:03:33,601 [INFO] [5] TRAIN | loss: 4.454509320466415, acc: 0.03536754507628294
2025-07-08 15:03:33,601 [INFO] [5] VALIDATION | acc: 0.038461538461538464
2025-07-08 15:03:35,464 [INFO] [6] TRAIN | loss: 4.355266114939814, acc: 0.04230235783633842
2025-07-08 15:03:35,464 [INFO] [6] VALIDATION | acc: 0.03550295857988166
2025-07-08 15:03:37,319 [INFO] [7] TRAIN | loss: 4.252845888552458, acc: 0.036061026352288486
2025-07-08 15:03:37,319 [INFO] [7] VALIDATION | acc: 0.038461538461538464
2025-07-08 15:03:39,197 [INFO] [8] TRAIN | loss: 4.180819200432819, acc: 0.0478502080443828
2025-07-08 15:03:39,197 [INFO] [8] VALIDATION | acc: 0.06804733727810651
2025-07-08 15:03:41,065 [INFO] [9] TRAIN | loss: 4.086149412652721, acc: 0.04854368932038835
2025-07-08 15:03:41,065 [INFO] [9] VALIDATION | acc: 0.09763313609467456
2025-07-08 15:03:42,934 [INFO] [10] TRAIN | loss: 4.017567489458167, acc: 0.0825242718446602
2025-07-08 15:03:42,934 [INFO] [10] VALIDATION | acc: 0.06804733727810651
2025-07-08 15:03:44,808 [INFO] [11] TRAIN | loss: 3.915697994439498, acc: 0.09153952843273232
2025-07-08 15:03:44,808 [INFO] [11] VALIDATION | acc: 0.10355029585798817
2025-07-08 15:03:46,678 [INFO] [12] TRAIN | loss: 3.8353476265202397, acc: 0.10402219140083217
2025-07-08 15:03:46,678 [INFO] [12] VALIDATION | acc: 0.1301775147928994
2025-07-08 15:03:48,543 [INFO] [13] TRAIN | loss: 3.7605363493380337, acc: 0.1158113730929265
2025-07-08 15:03:48,543 [INFO] [13] VALIDATION | acc: 0.13313609467455623
2025-07-08 15:03:50,396 [INFO] [14] TRAIN | loss: 3.645752082700315, acc: 0.1421636615811373
2025-07-08 15:03:50,397 [INFO] [14] VALIDATION | acc: 0.12130177514792899
2025-07-08 15:03:52,260 [INFO] [15] TRAIN | loss: 3.603565594424372, acc: 0.14771151178918168
2025-07-08 15:03:52,260 [INFO] [15] VALIDATION | acc: 0.11242603550295859
2025-07-08 15:03:54,137 [INFO] [16] TRAIN | loss: 3.544586902079375, acc: 0.16158113730929266
2025-07-08 15:03:54,137 [INFO] [16] VALIDATION | acc: 0.15680473372781065
2025-07-08 15:03:55,976 [INFO] [17] TRAIN | loss: 3.462843288546023, acc: 0.1796116504854369
2025-07-08 15:03:55,976 [INFO] [17] VALIDATION | acc: 0.17751479289940827
2025-07-08 15:03:57,808 [INFO] [18] TRAIN | loss: 3.3664057099300884, acc: 0.21151178918169208
2025-07-08 15:03:57,808 [INFO] [18] VALIDATION | acc: 0.17751479289940827
2025-07-08 15:03:59,638 [INFO] [19] TRAIN | loss: 3.334609524063442, acc: 0.22122052704576978
2025-07-08 15:03:59,638 [INFO] [19] VALIDATION | acc: 0.19822485207100593
2025-07-08 15:04:01,461 [INFO] [20] TRAIN | loss: 3.2210740369299184, acc: 0.2510402219140083
2025-07-08 15:04:01,461 [INFO] [20] VALIDATION | acc: 0.19230769230769232
2025-07-08 15:04:03,325 [INFO] [21] TRAIN | loss: 3.1701613042665566, acc: 0.2503467406380028
2025-07-08 15:04:03,325 [INFO] [21] VALIDATION | acc: 0.22485207100591717
2025-07-08 15:04:05,176 [INFO] [22] TRAIN | loss: 3.0346458580182945, acc: 0.26907073509015256
2025-07-08 15:04:05,176 [INFO] [22] VALIDATION | acc: 0.26627218934911245
2025-07-08 15:04:07,021 [INFO] [23] TRAIN | loss: 2.967192048611848, acc: 0.30097087378640774
2025-07-08 15:04:07,021 [INFO] [23] VALIDATION | acc: 0.1893491124260355
2025-07-08 15:04:08,884 [INFO] [24] TRAIN | loss: 2.933852729590043, acc: 0.3065187239944521
2025-07-08 15:04:08,884 [INFO] [24] VALIDATION | acc: 0.23668639053254437
2025-07-08 15:04:10,819 [INFO] [25] TRAIN | loss: 2.861463785171509, acc: 0.3217753120665742
2025-07-08 15:04:10,819 [INFO] [25] VALIDATION | acc: 0.28106508875739644
2025-07-08 15:04:12,675 [INFO] [26] TRAIN | loss: 2.7743503891903423, acc: 0.3488210818307906
2025-07-08 15:04:12,675 [INFO] [26] VALIDATION | acc: 0.23076923076923078
2025-07-08 15:04:14,527 [INFO] [27] TRAIN | loss: 2.792534403179003, acc: 0.3287101248266297
2025-07-08 15:04:14,527 [INFO] [27] VALIDATION | acc: 0.23076923076923078
2025-07-08 15:04:16,390 [INFO] [28] TRAIN | loss: 2.781150465426238, acc: 0.33217753120665744
2025-07-08 15:04:16,390 [INFO] [28] VALIDATION | acc: 0.30177514792899407
2025-07-08 15:04:18,328 [INFO] [29] TRAIN | loss: 2.6717221633247705, acc: 0.36130374479889044
2025-07-08 15:04:18,328 [INFO] [29] VALIDATION | acc: 0.3136094674556213
2025-07-08 15:04:20,170 [INFO] [30] TRAIN | loss: 2.588736889155015, acc: 0.38765603328710124
2025-07-08 15:04:20,170 [INFO] [30] VALIDATION | acc: 0.3224852071005917
2025-07-08 15:04:22,045 [INFO] [31] TRAIN | loss: 2.5198564062947812, acc: 0.4223300970873786
2025-07-08 15:04:22,045 [INFO] [31] VALIDATION | acc: 0.31952662721893493
2025-07-08 15:04:23,924 [INFO] [32] TRAIN | loss: 2.566637526387754, acc: 0.3710124826629681
2025-07-08 15:04:23,924 [INFO] [32] VALIDATION | acc: 0.3165680473372781
2025-07-08 15:04:25,840 [INFO] [33] TRAIN | loss: 2.5406134543211563, acc: 0.4077669902912621
2025-07-08 15:04:25,840 [INFO] [33] VALIDATION | acc: 0.3224852071005917
2025-07-08 15:04:27,739 [INFO] [34] TRAIN | loss: 2.389496852522311, acc: 0.4368932038834951
2025-07-08 15:04:27,739 [INFO] [34] VALIDATION | acc: 0.3254437869822485
2025-07-08 15:04:29,626 [INFO] [35] TRAIN | loss: 2.3310074391572373, acc: 0.45561719833564496
2025-07-08 15:04:29,626 [INFO] [35] VALIDATION | acc: 0.34615384615384615
2025-07-08 15:04:31,487 [INFO] [36] TRAIN | loss: 2.307589292526245, acc: 0.44798890429958393
2025-07-08 15:04:31,487 [INFO] [36] VALIDATION | acc: 0.3136094674556213
2025-07-08 15:04:33,337 [INFO] [37] TRAIN | loss: 2.291435376457546, acc: 0.44244105409153955
2025-07-08 15:04:33,337 [INFO] [37] VALIDATION | acc: 0.35798816568047337
2025-07-08 15:04:35,166 [INFO] [38] TRAIN | loss: 2.181744598824045, acc: 0.49167822468793343
2025-07-08 15:04:35,167 [INFO] [38] VALIDATION | acc: 0.3254437869822485
2025-07-08 15:04:36,999 [INFO] [39] TRAIN | loss: 2.1823785564173823, acc: 0.45977808599167824
2025-07-08 15:04:36,999 [INFO] [39] VALIDATION | acc: 0.3609467455621302
2025-07-08 15:04:38,851 [INFO] [40] TRAIN | loss: 2.146337135978367, acc: 0.4812760055478502
2025-07-08 15:04:38,851 [INFO] [40] VALIDATION | acc: 0.35798816568047337
2025-07-08 15:04:40,725 [INFO] [41] TRAIN | loss: 2.056665881820347, acc: 0.5131761442441054
2025-07-08 15:04:40,725 [INFO] [41] VALIDATION | acc: 0.3668639053254438
2025-07-08 15:04:42,568 [INFO] [42] TRAIN | loss: 2.0797733690427695, acc: 0.5090152565880721
2025-07-08 15:04:42,568 [INFO] [42] VALIDATION | acc: 0.41124260355029585
2025-07-08 15:04:44,390 [INFO] [43] TRAIN | loss: 2.001094065282656, acc: 0.5069348127600555
2025-07-08 15:04:44,390 [INFO] [43] VALIDATION | acc: 0.3905325443786982
2025-07-08 15:04:46,215 [INFO] [44] TRAIN | loss: 1.9138467026793438, acc: 0.5478502080443828
2025-07-08 15:04:46,215 [INFO] [44] VALIDATION | acc: 0.3875739644970414
2025-07-08 15:04:48,058 [INFO] [45] TRAIN | loss: 1.916992591774982, acc: 0.5249653259361997
2025-07-08 15:04:48,058 [INFO] [45] VALIDATION | acc: 0.38461538461538464
2025-07-08 15:04:49,873 [INFO] [46] TRAIN | loss: 1.884571814018747, acc: 0.5457697642163661
2025-07-08 15:04:49,873 [INFO] [46] VALIDATION | acc: 0.40532544378698226
2025-07-08 15:04:51,718 [INFO] [47] TRAIN | loss: 1.9026816655760226, acc: 0.5208044382801664
2025-07-08 15:04:51,718 [INFO] [47] VALIDATION | acc: 0.40236686390532544
2025-07-08 15:04:53,552 [INFO] [48] TRAIN | loss: 1.85949560870295, acc: 0.5790568654646324
2025-07-08 15:04:53,552 [INFO] [48] VALIDATION | acc: 0.3698224852071006
2025-07-08 15:04:55,386 [INFO] [49] TRAIN | loss: 1.78586317922758, acc: 0.5887656033287101
2025-07-08 15:04:55,386 [INFO] [49] VALIDATION | acc: 0.44970414201183434
2025-07-08 15:04:57,182 [INFO] [50] TRAIN | loss: 1.760481235773667, acc: 0.5693481276005548
2025-07-08 15:04:57,182 [INFO] [50] VALIDATION | acc: 0.4467455621301775
2025-07-08 15:04:59,004 [INFO] [51] TRAIN | loss: 1.7417830202890479, acc: 0.5742024965325936
2025-07-08 15:04:59,004 [INFO] [51] VALIDATION | acc: 0.4467455621301775
2025-07-08 15:05:00,840 [INFO] [52] TRAIN | loss: 1.6136047606882842, acc: 0.6262135922330098
2025-07-08 15:05:00,841 [INFO] [52] VALIDATION | acc: 0.47337278106508873
2025-07-08 15:05:02,676 [INFO] [53] TRAIN | loss: 1.5908506875452788, acc: 0.6199722607489597
2025-07-08 15:05:02,676 [INFO] [53] VALIDATION | acc: 0.5088757396449705
2025-07-08 15:05:04,495 [INFO] [54] TRAIN | loss: 1.5546820500622625, acc: 0.6324549237170597
2025-07-08 15:05:04,496 [INFO] [54] VALIDATION | acc: 0.4526627218934911
2025-07-08 15:05:06,298 [INFO] [55] TRAIN | loss: 1.6638858214668606, acc: 0.5984743411927878
2025-07-08 15:05:06,298 [INFO] [55] VALIDATION | acc: 0.4940828402366864
2025-07-08 15:05:08,116 [INFO] [56] TRAIN | loss: 1.5372676071913347, acc: 0.6421636615811374
2025-07-08 15:05:08,116 [INFO] [56] VALIDATION | acc: 0.4940828402366864
2025-07-08 15:05:09,920 [INFO] [57] TRAIN | loss: 1.4900014452312305, acc: 0.6359223300970874
2025-07-08 15:05:09,920 [INFO] [57] VALIDATION | acc: 0.46449704142011833
2025-07-08 15:05:11,732 [INFO] [58] TRAIN | loss: 1.5302576707757038, acc: 0.6269070735090153
2025-07-08 15:05:11,732 [INFO] [58] VALIDATION | acc: 0.47633136094674555
2025-07-08 15:05:13,561 [INFO] [59] TRAIN | loss: 1.4521242328312085, acc: 0.6525658807212206
2025-07-08 15:05:13,561 [INFO] [59] VALIDATION | acc: 0.4556213017751479
2025-07-08 15:05:15,376 [INFO] [60] TRAIN | loss: 1.5021991418755574, acc: 0.6317614424410541
2025-07-08 15:05:15,376 [INFO] [60] VALIDATION | acc: 0.4822485207100592
2025-07-08 15:05:17,193 [INFO] [61] TRAIN | loss: 1.5125703241514123, acc: 0.636615811373093
2025-07-08 15:05:17,193 [INFO] [61] VALIDATION | acc: 0.4171597633136095
2025-07-08 15:05:19,012 [INFO] [62] TRAIN | loss: 1.573265394438868, acc: 0.6199722607489597
2025-07-08 15:05:19,012 [INFO] [62] VALIDATION | acc: 0.4378698224852071
2025-07-08 15:05:20,845 [INFO] [63] TRAIN | loss: 1.3373471096805905, acc: 0.688626907073509
2025-07-08 15:05:20,845 [INFO] [63] VALIDATION | acc: 0.4970414201183432
2025-07-08 15:05:22,655 [INFO] [64] TRAIN | loss: 1.4419736654862114, acc: 0.6400832177531207
2025-07-08 15:05:22,655 [INFO] [64] VALIDATION | acc: 0.46153846153846156
2025-07-08 15:05:24,475 [INFO] [65] TRAIN | loss: 1.4366833023403003, acc: 0.6463245492371706
2025-07-08 15:05:24,475 [INFO] [65] VALIDATION | acc: 0.5443786982248521
2025-07-08 15:05:26,289 [INFO] [66] TRAIN | loss: 1.3126775920391083, acc: 0.6851595006934813
2025-07-08 15:05:26,289 [INFO] [66] VALIDATION | acc: 0.4940828402366864
2025-07-08 15:05:28,138 [INFO] [67] TRAIN | loss: 1.3430990887724834, acc: 0.6747572815533981
2025-07-08 15:05:28,138 [INFO] [67] VALIDATION | acc: 0.5532544378698225
2025-07-08 15:05:29,951 [INFO] [68] TRAIN | loss: 1.2608100344305453, acc: 0.6879334257975035
2025-07-08 15:05:29,951 [INFO] [68] VALIDATION | acc: 0.5177514792899408
2025-07-08 15:05:31,780 [INFO] [69] TRAIN | loss: 1.2274030356303505, acc: 0.7142857142857143
2025-07-08 15:05:31,781 [INFO] [69] VALIDATION | acc: 0.5414201183431953
2025-07-08 15:05:33,613 [INFO] [70] TRAIN | loss: 1.224653465592343, acc: 0.7073509015256588
2025-07-08 15:05:33,613 [INFO] [70] VALIDATION | acc: 0.5236686390532544
2025-07-08 15:05:35,432 [INFO] [71] TRAIN | loss: 1.242657632931419, acc: 0.6997226074895978
2025-07-08 15:05:35,432 [INFO] [71] VALIDATION | acc: 0.5473372781065089
2025-07-08 15:05:37,280 [INFO] [72] TRAIN | loss: 1.2082189438135729, acc: 0.6990291262135923
2025-07-08 15:05:37,280 [INFO] [72] VALIDATION | acc: 0.5502958579881657
2025-07-08 15:05:39,105 [INFO] [73] TRAIN | loss: 1.1619747993738756, acc: 0.7413314840499307
2025-07-08 15:05:39,105 [INFO] [73] VALIDATION | acc: 0.5059171597633136
2025-07-08 15:05:40,924 [INFO] [74] TRAIN | loss: 1.2446446574252585, acc: 0.6823855755894591
2025-07-08 15:05:40,924 [INFO] [74] VALIDATION | acc: 0.4911242603550296
2025-07-08 15:05:42,747 [INFO] [75] TRAIN | loss: 1.1330005837523418, acc: 0.7288488210818308
2025-07-08 15:05:42,747 [INFO] [75] VALIDATION | acc: 0.5443786982248521
2025-07-08 15:05:44,585 [INFO] [76] TRAIN | loss: 1.1657400273758431, acc: 0.723994452149792
2025-07-08 15:05:44,585 [INFO] [76] VALIDATION | acc: 0.5621301775147929
2025-07-08 15:05:46,405 [INFO] [77] TRAIN | loss: 1.0981391771979954, acc: 0.7330097087378641
2025-07-08 15:05:46,405 [INFO] [77] VALIDATION | acc: 0.5591715976331361
2025-07-08 15:05:48,243 [INFO] [78] TRAIN | loss: 1.0074510146742282, acc: 0.7628294036061026
2025-07-08 15:05:48,243 [INFO] [78] VALIDATION | acc: 0.5443786982248521
2025-07-08 15:05:50,086 [INFO] [79] TRAIN | loss: 1.0140932837258214, acc: 0.768377253814147
2025-07-08 15:05:50,086 [INFO] [79] VALIDATION | acc: 0.5710059171597633
2025-07-08 15:05:51,908 [INFO] [80] TRAIN | loss: 0.9618238728979359, acc: 0.7808599167822469
2025-07-08 15:05:51,908 [INFO] [80] VALIDATION | acc: 0.5621301775147929
2025-07-08 15:05:53,743 [INFO] [81] TRAIN | loss: 1.0270148969214896, acc: 0.7538141470180305
2025-07-08 15:05:53,743 [INFO] [81] VALIDATION | acc: 0.5769230769230769
2025-07-08 15:05:55,579 [INFO] [82] TRAIN | loss: 1.0063592610151872, acc: 0.760748959778086
2025-07-08 15:05:55,579 [INFO] [82] VALIDATION | acc: 0.5769230769230769
2025-07-08 15:05:57,421 [INFO] [83] TRAIN | loss: 0.9100246662678926, acc: 0.7871012482662968
2025-07-08 15:05:57,421 [INFO] [83] VALIDATION | acc: 0.591715976331361
2025-07-08 15:05:59,239 [INFO] [84] TRAIN | loss: 0.9246020381865294, acc: 0.782246879334258
2025-07-08 15:05:59,240 [INFO] [84] VALIDATION | acc: 0.5532544378698225
2025-07-08 15:06:01,069 [INFO] [85] TRAIN | loss: 0.883281783565231, acc: 0.7926490984743412
2025-07-08 15:06:01,069 [INFO] [85] VALIDATION | acc: 0.5857988165680473
2025-07-08 15:06:02,895 [INFO] [86] TRAIN | loss: 0.8308696371057759, acc: 0.8183079056865464
2025-07-08 15:06:02,895 [INFO] [86] VALIDATION | acc: 0.5857988165680473
2025-07-08 15:06:04,692 [INFO] [87] TRAIN | loss: 0.832560217898825, acc: 0.8106796116504854
2025-07-08 15:06:04,692 [INFO] [87] VALIDATION | acc: 0.5502958579881657
2025-07-08 15:06:06,504 [INFO] [88] TRAIN | loss: 0.8243527723395306, acc: 0.8176144244105409
2025-07-08 15:06:06,504 [INFO] [88] VALIDATION | acc: 0.5207100591715976
2025-07-08 15:06:08,303 [INFO] [89] TRAIN | loss: 0.9110127519006315, acc: 0.7704576976421637
2025-07-08 15:06:08,304 [INFO] [89] VALIDATION | acc: 0.591715976331361
2025-07-08 15:06:10,121 [INFO] [90] TRAIN | loss: 0.8619761765003204, acc: 0.8016643550624133
2025-07-08 15:06:10,121 [INFO] [90] VALIDATION | acc: 0.5769230769230769
2025-07-08 15:06:11,936 [INFO] [91] TRAIN | loss: 0.8029871051726134, acc: 0.8106796116504854
2025-07-08 15:06:11,937 [INFO] [91] VALIDATION | acc: 0.5710059171597633
2025-07-08 15:06:13,778 [INFO] [92] TRAIN | loss: 0.8745109775791997, acc: 0.8037447988904299
2025-07-08 15:06:13,778 [INFO] [92] VALIDATION | acc: 0.6094674556213018
2025-07-08 15:06:15,601 [INFO] [93] TRAIN | loss: 0.7627200908634973, acc: 0.826629680998613
2025-07-08 15:06:15,601 [INFO] [93] VALIDATION | acc: 0.5857988165680473
2025-07-08 15:06:17,423 [INFO] [94] TRAIN | loss: 0.7247350261263226, acc: 0.855755894590846
2025-07-08 15:06:17,423 [INFO] [94] VALIDATION | acc: 0.5680473372781065
2025-07-08 15:06:19,249 [INFO] [95] TRAIN | loss: 0.7083268340515054, acc: 0.8488210818307905
2025-07-08 15:06:19,249 [INFO] [95] VALIDATION | acc: 0.5976331360946746
2025-07-08 15:06:21,076 [INFO] [96] TRAIN | loss: 0.6996003842872122, acc: 0.8432732316227461
2025-07-08 15:06:21,076 [INFO] [96] VALIDATION | acc: 0.6301775147928994
2025-07-08 15:06:22,874 [INFO] [97] TRAIN | loss: 0.6757812033528867, acc: 0.8550624133148405
2025-07-08 15:06:22,874 [INFO] [97] VALIDATION | acc: 0.6183431952662722
2025-07-08 15:06:24,690 [INFO] [98] TRAIN | loss: 0.6982528036055358, acc: 0.8356449375866851
2025-07-08 15:06:24,690 [INFO] [98] VALIDATION | acc: 0.6124260355029586
2025-07-08 15:06:26,555 [INFO] [99] TRAIN | loss: 0.6555312424898148, acc: 0.8585298196948682
2025-07-08 15:06:26,556 [INFO] [99] VALIDATION | acc: 0.6005917159763313
2025-07-08 15:06:28,373 [INFO] [100] TRAIN | loss: 0.6365873897853105, acc: 0.8668515950069348
2025-07-08 15:06:28,373 [INFO] [100] VALIDATION | acc: 0.6272189349112426
2025-07-08 15:06:28,373 [INFO] Testing checkpointed models starting...

2025-07-08 15:06:29,751 [INFO] checkpoint_t0  ->  0.015503875968992248
2025-07-08 15:06:31,066 [INFO] checkpoint_v0  ->  0.015503875968992248
2025-07-08 15:06:32,423 [INFO] checkpoint_t1  ->  0.08914728682170543
2025-07-08 15:06:35,095 [INFO] checkpoint_v1  ->  0.08914728682170543
2025-07-08 15:06:40,811 [INFO] checkpoint_t2  ->  0.22093023255813954
2025-07-08 15:06:46,513 [INFO] checkpoint_v2  ->  0.23255813953488372
2025-07-08 15:06:51,971 [INFO] checkpoint_t3  ->  0.3643410852713178
2025-07-08 15:06:57,676 [INFO] checkpoint_v3  ->  0.3643410852713178
2025-07-08 15:07:03,731 [INFO] checkpoint_t4  ->  0.4186046511627907
2025-07-08 15:07:09,699 [INFO] checkpoint_v4  ->  0.4186046511627907
2025-07-08 15:07:15,766 [INFO] checkpoint_t5  ->  0.44573643410852715
2025-07-08 15:07:21,902 [INFO] checkpoint_v5  ->  0.44573643410852715
2025-07-08 15:07:27,635 [INFO] checkpoint_t6  ->  0.5077519379844961
2025-07-08 15:07:33,435 [INFO] checkpoint_v6  ->  0.5581395348837209
2025-07-08 15:07:39,082 [INFO] checkpoint_t7  ->  0.5658914728682171
2025-07-08 15:07:44,799 [INFO] checkpoint_v7  ->  0.5503875968992248
2025-07-08 15:07:50,575 [INFO] checkpoint_t8  ->  0.5581395348837209
2025-07-08 15:07:56,228 [INFO] checkpoint_v8  ->  0.6007751937984496
2025-07-08 15:08:01,826 [INFO] checkpoint_t9  ->  0.627906976744186
2025-07-08 15:08:07,640 [INFO] checkpoint_v9  ->  0.6124031007751938
2025-07-08 15:08:13,376 [INFO] checkpoint_t10  ->  0.6821705426356589
2025-07-08 15:08:19,272 [INFO] checkpoint_v10  ->  0.6550387596899225
2025-07-08 15:08:19,272 [INFO] 
=======================================
2025-07-08 15:08:19,272 [INFO] The best testing checkpoint: encoder_hand_landmarks_fs1_pad_repeat/checkpoint_t_10:
2025-07-08 15:08:19,272 [INFO]    Testing accuracy: 0.682
2025-07-08 15:08:19,272 [INFO]    Macro F1 score: 0.660
2025-07-08 15:08:19,272 [INFO]    Weighted F1 score: 0.661
2025-07-08 15:08:19,272 [INFO]    Total trainable parameters: 2,418,484
2025-07-08 15:08:19,272 [INFO]    Elapsed time: 295.29 sec
2025-07-08 15:08:19,272 [INFO] ----------------Config information----------------------- 
2025-07-08 15:08:19,272 [INFO]  - Experiment Args: {'dataset': 'WLASL100', 'features': 'HAND_LANDMARKS', 'include_blendshapes': 0, 'fs': 1, 'feature_padding_mode': 'repeat', 'num_classes': 100, 'model': 'encoder', 'mediapipe_holistic': True, 'dim': 88, 'heads': 8, 'n_layers': 6, 'PE': 0, 'pad': 'True', 'clip_weights': 0, 'clip_gradients': 0, 'opt': 'SGD', 'sgd_momentum': 0.9, 'scheduler': 'cosine', 'bs': 32, 'epochs': 100, 'lr': '1e-03', 'logfreq': 1, 'checkpoints': True}
2025-07-08 15:08:19,351 [INFO] 
Any desired statistics have been plotted.
The experiment is finished.
