2025-07-08 14:54:03,548 [INFO] [INFO] Starting experiment encoder_hand_landmarks_fs1_pad_truncate...


2025-07-08 14:54:05,346 [INFO] [1] TRAIN | loss: 4.773032229879628, acc: 0.0034674063800277394
2025-07-08 14:54:05,346 [INFO] [1] VALIDATION | acc: 0.005917159763313609
2025-07-08 14:54:06,984 [INFO] [2] TRAIN | loss: 4.703445247981859, acc: 0.005547850208044383
2025-07-08 14:54:06,984 [INFO] [2] VALIDATION | acc: 0.0029585798816568047
2025-07-08 14:54:08,602 [INFO] [3] TRAIN | loss: 4.5970156296439795, acc: 0.02011095700416089
2025-07-08 14:54:08,602 [INFO] [3] VALIDATION | acc: 0.014792899408284023
2025-07-08 14:54:10,236 [INFO] [4] TRAIN | loss: 4.488367941068566, acc: 0.026352288488210817
2025-07-08 14:54:10,236 [INFO] [4] VALIDATION | acc: 0.01775147928994083
2025-07-08 14:54:11,869 [INFO] [5] TRAIN | loss: 4.413061141967773, acc: 0.029819694868238558
2025-07-08 14:54:11,869 [INFO] [5] VALIDATION | acc: 0.029585798816568046
2025-07-08 14:54:13,477 [INFO] [6] TRAIN | loss: 4.322162825128307, acc: 0.03536754507628294
2025-07-08 14:54:13,477 [INFO] [6] VALIDATION | acc: 0.03550295857988166
2025-07-08 14:54:15,078 [INFO] [7] TRAIN | loss: 4.247575625129368, acc: 0.03744798890429958
2025-07-08 14:54:15,078 [INFO] [7] VALIDATION | acc: 0.03550295857988166
2025-07-08 14:54:16,694 [INFO] [8] TRAIN | loss: 4.155897042025691, acc: 0.04854368932038835
2025-07-08 14:54:16,694 [INFO] [8] VALIDATION | acc: 0.038461538461538464
2025-07-08 14:54:18,315 [INFO] [9] TRAIN | loss: 4.115416713382887, acc: 0.057558945908460474
2025-07-08 14:54:18,315 [INFO] [9] VALIDATION | acc: 0.05325443786982249
2025-07-08 14:54:19,915 [INFO] [10] TRAIN | loss: 4.009335108425306, acc: 0.06657420249653259
2025-07-08 14:54:19,915 [INFO] [10] VALIDATION | acc: 0.05325443786982249
2025-07-08 14:54:21,530 [INFO] [11] TRAIN | loss: 3.94435105116471, acc: 0.07766990291262135
2025-07-08 14:54:21,530 [INFO] [11] VALIDATION | acc: 0.05917159763313609
2025-07-08 14:54:23,135 [INFO] [12] TRAIN | loss: 3.8949143471925156, acc: 0.0839112343966713
2025-07-08 14:54:23,135 [INFO] [12] VALIDATION | acc: 0.06804733727810651
2025-07-08 14:54:24,777 [INFO] [13] TRAIN | loss: 3.828848025073176, acc: 0.08737864077669903
2025-07-08 14:54:24,777 [INFO] [13] VALIDATION | acc: 0.10059171597633136
2025-07-08 14:54:26,360 [INFO] [14] TRAIN | loss: 3.7548794746398926, acc: 0.10610263522884882
2025-07-08 14:54:26,360 [INFO] [14] VALIDATION | acc: 0.08875739644970414
2025-07-08 14:54:27,944 [INFO] [15] TRAIN | loss: 3.717803048050922, acc: 0.09986130374479889
2025-07-08 14:54:27,944 [INFO] [15] VALIDATION | acc: 0.09467455621301775
2025-07-08 14:54:29,552 [INFO] [16] TRAIN | loss: 3.639261473780093, acc: 0.1262135922330097
2025-07-08 14:54:29,552 [INFO] [16] VALIDATION | acc: 0.10355029585798817
2025-07-08 14:54:31,193 [INFO] [17] TRAIN | loss: 3.5809528464856357, acc: 0.13869625520110956
2025-07-08 14:54:31,193 [INFO] [17] VALIDATION | acc: 0.11242603550295859
2025-07-08 14:54:32,837 [INFO] [18] TRAIN | loss: 3.52884246473727, acc: 0.15880721220527047
2025-07-08 14:54:32,837 [INFO] [18] VALIDATION | acc: 0.15088757396449703
2025-07-08 14:54:34,454 [INFO] [19] TRAIN | loss: 3.4448964906775434, acc: 0.1823855755894591
2025-07-08 14:54:34,454 [INFO] [19] VALIDATION | acc: 0.14497041420118342
2025-07-08 14:54:36,070 [INFO] [20] TRAIN | loss: 3.4056071820466416, acc: 0.18654646324549237
2025-07-08 14:54:36,070 [INFO] [20] VALIDATION | acc: 0.1893491124260355
2025-07-08 14:54:37,693 [INFO] [21] TRAIN | loss: 3.323612653690836, acc: 0.21220527045769763
2025-07-08 14:54:37,693 [INFO] [21] VALIDATION | acc: 0.17159763313609466
2025-07-08 14:54:39,314 [INFO] [22] TRAIN | loss: 3.304661724878394, acc: 0.21220527045769763
2025-07-08 14:54:39,314 [INFO] [22] VALIDATION | acc: 0.1893491124260355
2025-07-08 14:54:40,925 [INFO] [23] TRAIN | loss: 3.2298404133838154, acc: 0.22330097087378642
2025-07-08 14:54:40,925 [INFO] [23] VALIDATION | acc: 0.19822485207100593
2025-07-08 14:54:42,535 [INFO] [24] TRAIN | loss: 3.1886014886524365, acc: 0.22191400832177532
2025-07-08 14:54:42,535 [INFO] [24] VALIDATION | acc: 0.1804733727810651
2025-07-08 14:54:44,179 [INFO] [25] TRAIN | loss: 3.1713851586632105, acc: 0.2288488210818308
2025-07-08 14:54:44,179 [INFO] [25] VALIDATION | acc: 0.20710059171597633
2025-07-08 14:54:45,816 [INFO] [26] TRAIN | loss: 2.9983869894691138, acc: 0.2947295423023578
2025-07-08 14:54:45,816 [INFO] [26] VALIDATION | acc: 0.27218934911242604
2025-07-08 14:54:47,446 [INFO] [27] TRAIN | loss: 2.9538807298826133, acc: 0.2988904299583911
2025-07-08 14:54:47,447 [INFO] [27] VALIDATION | acc: 0.21301775147928995
2025-07-08 14:54:49,107 [INFO] [28] TRAIN | loss: 2.891538179439047, acc: 0.2988904299583911
2025-07-08 14:54:49,107 [INFO] [28] VALIDATION | acc: 0.23964497041420119
2025-07-08 14:54:50,755 [INFO] [29] TRAIN | loss: 2.841751751692399, acc: 0.30998613037447986
2025-07-08 14:54:50,755 [INFO] [29] VALIDATION | acc: 0.27218934911242604
2025-07-08 14:54:52,389 [INFO] [30] TRAIN | loss: 2.773079991340637, acc: 0.3377253814147018
2025-07-08 14:54:52,389 [INFO] [30] VALIDATION | acc: 0.2514792899408284
2025-07-08 14:54:54,037 [INFO] [31] TRAIN | loss: 2.799122126206108, acc: 0.3169209431345354
2025-07-08 14:54:54,037 [INFO] [31] VALIDATION | acc: 0.22781065088757396
2025-07-08 14:54:55,655 [INFO] [32] TRAIN | loss: 2.7269520811412646, acc: 0.34535367545076284
2025-07-08 14:54:55,655 [INFO] [32] VALIDATION | acc: 0.28106508875739644
2025-07-08 14:54:57,250 [INFO] [33] TRAIN | loss: 2.580654880274897, acc: 0.3765603328710125
2025-07-08 14:54:57,250 [INFO] [33] VALIDATION | acc: 0.2692307692307692
2025-07-08 14:54:58,841 [INFO] [34] TRAIN | loss: 2.605050714119621, acc: 0.3855755894590846
2025-07-08 14:54:58,841 [INFO] [34] VALIDATION | acc: 0.27514792899408286
2025-07-08 14:55:00,449 [INFO] [35] TRAIN | loss: 2.4742664565210757, acc: 0.4042995839112344
2025-07-08 14:55:00,449 [INFO] [35] VALIDATION | acc: 0.3254437869822485
2025-07-08 14:55:02,036 [INFO] [36] TRAIN | loss: 2.4905316104059634, acc: 0.3925104022191401
2025-07-08 14:55:02,036 [INFO] [36] VALIDATION | acc: 0.2958579881656805
2025-07-08 14:55:03,635 [INFO] [37] TRAIN | loss: 2.449746339217476, acc: 0.406380027739251
2025-07-08 14:55:03,635 [INFO] [37] VALIDATION | acc: 0.30177514792899407
2025-07-08 14:55:05,243 [INFO] [38] TRAIN | loss: 2.371062879977019, acc: 0.42441054091539526
2025-07-08 14:55:05,243 [INFO] [38] VALIDATION | acc: 0.31952662721893493
2025-07-08 14:55:06,857 [INFO] [39] TRAIN | loss: 2.4055836356204487, acc: 0.40360610263522884
2025-07-08 14:55:06,857 [INFO] [39] VALIDATION | acc: 0.3520710059171598
2025-07-08 14:55:08,478 [INFO] [40] TRAIN | loss: 2.3206237710040547, acc: 0.4251040221914008
2025-07-08 14:55:08,478 [INFO] [40] VALIDATION | acc: 0.3343195266272189
2025-07-08 14:55:10,075 [INFO] [41] TRAIN | loss: 2.270249524842138, acc: 0.4563106796116505
2025-07-08 14:55:10,075 [INFO] [41] VALIDATION | acc: 0.33136094674556216
2025-07-08 14:55:11,695 [INFO] [42] TRAIN | loss: 2.191427116808684, acc: 0.470873786407767
2025-07-08 14:55:11,695 [INFO] [42] VALIDATION | acc: 0.3698224852071006
2025-07-08 14:55:13,290 [INFO] [43] TRAIN | loss: 2.15589381819186, acc: 0.4909847434119279
2025-07-08 14:55:13,290 [INFO] [43] VALIDATION | acc: 0.3875739644970414
2025-07-08 14:55:14,890 [INFO] [44] TRAIN | loss: 2.1769879978636038, acc: 0.4778085991678225
2025-07-08 14:55:14,890 [INFO] [44] VALIDATION | acc: 0.3727810650887574
2025-07-08 14:55:16,484 [INFO] [45] TRAIN | loss: 2.104977758034416, acc: 0.48335644937586686
2025-07-08 14:55:16,484 [INFO] [45] VALIDATION | acc: 0.40236686390532544
2025-07-08 14:55:18,097 [INFO] [46] TRAIN | loss: 2.0363220805707187, acc: 0.5436893203883495
2025-07-08 14:55:18,097 [INFO] [46] VALIDATION | acc: 0.40828402366863903
2025-07-08 14:55:19,681 [INFO] [47] TRAIN | loss: 1.989607800608096, acc: 0.5339805825242718
2025-07-08 14:55:19,681 [INFO] [47] VALIDATION | acc: 0.34023668639053256
2025-07-08 14:55:21,255 [INFO] [48] TRAIN | loss: 2.047595104445582, acc: 0.49167822468793343
2025-07-08 14:55:21,255 [INFO] [48] VALIDATION | acc: 0.3816568047337278
2025-07-08 14:55:22,857 [INFO] [49] TRAIN | loss: 1.916675609091054, acc: 0.5610263522884882
2025-07-08 14:55:22,857 [INFO] [49] VALIDATION | acc: 0.44970414201183434
2025-07-08 14:55:24,458 [INFO] [50] TRAIN | loss: 1.9308665757593901, acc: 0.5416088765603329
2025-07-08 14:55:24,458 [INFO] [50] VALIDATION | acc: 0.4556213017751479
2025-07-08 14:55:26,043 [INFO] [51] TRAIN | loss: 1.8805338455283123, acc: 0.5450762829403606
2025-07-08 14:55:26,043 [INFO] [51] VALIDATION | acc: 0.4289940828402367
2025-07-08 14:55:27,650 [INFO] [52] TRAIN | loss: 1.8360220893569614, acc: 0.5603328710124826
2025-07-08 14:55:27,650 [INFO] [52] VALIDATION | acc: 0.4260355029585799
2025-07-08 14:55:29,245 [INFO] [53] TRAIN | loss: 1.8780539191287497, acc: 0.5568654646324549
2025-07-08 14:55:29,245 [INFO] [53] VALIDATION | acc: 0.3816568047337278
2025-07-08 14:55:30,853 [INFO] [54] TRAIN | loss: 1.8054283248341603, acc: 0.5561719833564494
2025-07-08 14:55:30,853 [INFO] [54] VALIDATION | acc: 0.46153846153846156
2025-07-08 14:55:32,448 [INFO] [55] TRAIN | loss: 1.7391038459280264, acc: 0.59500693481276
2025-07-08 14:55:32,448 [INFO] [55] VALIDATION | acc: 0.45857988165680474
2025-07-08 14:55:34,064 [INFO] [56] TRAIN | loss: 1.675414195527201, acc: 0.6033287101248266
2025-07-08 14:55:34,064 [INFO] [56] VALIDATION | acc: 0.47337278106508873
2025-07-08 14:55:35,683 [INFO] [57] TRAIN | loss: 1.6155122052068296, acc: 0.6248266296809986
2025-07-08 14:55:35,683 [INFO] [57] VALIDATION | acc: 0.5
2025-07-08 14:55:37,266 [INFO] [58] TRAIN | loss: 1.6384790772977083, acc: 0.608876560332871
2025-07-08 14:55:37,266 [INFO] [58] VALIDATION | acc: 0.4378698224852071
2025-07-08 14:55:38,896 [INFO] [59] TRAIN | loss: 1.576983146045519, acc: 0.6324549237170597
2025-07-08 14:55:38,896 [INFO] [59] VALIDATION | acc: 0.5207100591715976
2025-07-08 14:55:40,496 [INFO] [60] TRAIN | loss: 1.5363150394481162, acc: 0.6636615811373093
2025-07-08 14:55:40,496 [INFO] [60] VALIDATION | acc: 0.45857988165680474
2025-07-08 14:55:42,091 [INFO] [61] TRAIN | loss: 1.5827683469523555, acc: 0.6331484049930652
2025-07-08 14:55:42,091 [INFO] [61] VALIDATION | acc: 0.47928994082840237
2025-07-08 14:55:43,702 [INFO] [62] TRAIN | loss: 1.5211483784343884, acc: 0.6463245492371706
2025-07-08 14:55:43,703 [INFO] [62] VALIDATION | acc: 0.4437869822485207
2025-07-08 14:55:45,317 [INFO] [63] TRAIN | loss: 1.5069293457528818, acc: 0.6532593619972261
2025-07-08 14:55:45,317 [INFO] [63] VALIDATION | acc: 0.4970414201183432
2025-07-08 14:55:46,913 [INFO] [64] TRAIN | loss: 1.503835530384727, acc: 0.6477115117891817
2025-07-08 14:55:46,913 [INFO] [64] VALIDATION | acc: 0.47633136094674555
2025-07-08 14:55:48,531 [INFO] [65] TRAIN | loss: 1.483084676058396, acc: 0.6386962552011096
2025-07-08 14:55:48,531 [INFO] [65] VALIDATION | acc: 0.5
2025-07-08 14:55:50,128 [INFO] [66] TRAIN | loss: 1.3714722705923992, acc: 0.6941747572815534
2025-07-08 14:55:50,128 [INFO] [66] VALIDATION | acc: 0.47041420118343197
2025-07-08 14:55:51,730 [INFO] [67] TRAIN | loss: 1.408721615438876, acc: 0.6768377253814147
2025-07-08 14:55:51,730 [INFO] [67] VALIDATION | acc: 0.5088757396449705
2025-07-08 14:55:53,329 [INFO] [68] TRAIN | loss: 1.3545763570329417, acc: 0.6858529819694869
2025-07-08 14:55:53,330 [INFO] [68] VALIDATION | acc: 0.5029585798816568
2025-07-08 14:55:54,959 [INFO] [69] TRAIN | loss: 1.3241892845734307, acc: 0.70249653259362
2025-07-08 14:55:54,959 [INFO] [69] VALIDATION | acc: 0.46449704142011833
2025-07-08 14:55:56,556 [INFO] [70] TRAIN | loss: 1.4020403792028842, acc: 0.6532593619972261
2025-07-08 14:55:56,556 [INFO] [70] VALIDATION | acc: 0.5088757396449705
2025-07-08 14:55:58,189 [INFO] [71] TRAIN | loss: 1.2343637075113214, acc: 0.7128987517337032
2025-07-08 14:55:58,190 [INFO] [71] VALIDATION | acc: 0.5591715976331361
2025-07-08 14:55:59,825 [INFO] [72] TRAIN | loss: 1.2215677655261497, acc: 0.7170596393897365
2025-07-08 14:55:59,825 [INFO] [72] VALIDATION | acc: 0.5
2025-07-08 14:56:01,453 [INFO] [73] TRAIN | loss: 1.1897586273110432, acc: 0.7233009708737864
2025-07-08 14:56:01,453 [INFO] [73] VALIDATION | acc: 0.5059171597633136
2025-07-08 14:56:03,064 [INFO] [74] TRAIN | loss: 1.2495369548382966, acc: 0.7163661581137309
2025-07-08 14:56:03,064 [INFO] [74] VALIDATION | acc: 0.4881656804733728
2025-07-08 14:56:04,686 [INFO] [75] TRAIN | loss: 1.1940267474754998, acc: 0.7343966712898752
2025-07-08 14:56:04,686 [INFO] [75] VALIDATION | acc: 0.47337278106508873
2025-07-08 14:56:06,311 [INFO] [76] TRAIN | loss: 1.3093133996362272, acc: 0.6914008321775312
2025-07-08 14:56:06,311 [INFO] [76] VALIDATION | acc: 0.5355029585798816
2025-07-08 14:56:07,918 [INFO] [77] TRAIN | loss: 1.1591487086337546, acc: 0.7205270457697642
2025-07-08 14:56:07,918 [INFO] [77] VALIDATION | acc: 0.5266272189349113
2025-07-08 14:56:09,542 [INFO] [78] TRAIN | loss: 1.1030918035818182, acc: 0.7496532593619972
2025-07-08 14:56:09,542 [INFO] [78] VALIDATION | acc: 0.5621301775147929
2025-07-08 14:56:11,164 [INFO] [79] TRAIN | loss: 1.0695191816143368, acc: 0.7517337031900139
2025-07-08 14:56:11,164 [INFO] [79] VALIDATION | acc: 0.5502958579881657
2025-07-08 14:56:12,777 [INFO] [80] TRAIN | loss: 1.0911914187928904, acc: 0.753120665742025
2025-07-08 14:56:12,777 [INFO] [80] VALIDATION | acc: 0.5118343195266272
2025-07-08 14:56:14,385 [INFO] [81] TRAIN | loss: 1.0433222327543341, acc: 0.760748959778086
2025-07-08 14:56:14,385 [INFO] [81] VALIDATION | acc: 0.5532544378698225
2025-07-08 14:56:16,024 [INFO] [82] TRAIN | loss: 0.9899169608302738, acc: 0.782246879334258
2025-07-08 14:56:16,024 [INFO] [82] VALIDATION | acc: 0.5562130177514792
2025-07-08 14:56:17,648 [INFO] [83] TRAIN | loss: 0.9828067681063777, acc: 0.7864077669902912
2025-07-08 14:56:17,648 [INFO] [83] VALIDATION | acc: 0.5
2025-07-08 14:56:19,256 [INFO] [84] TRAIN | loss: 1.028248895769534, acc: 0.7545076282940361
2025-07-08 14:56:19,256 [INFO] [84] VALIDATION | acc: 0.5532544378698225
2025-07-08 14:56:20,857 [INFO] [85] TRAIN | loss: 0.9704527258872986, acc: 0.7718446601941747
2025-07-08 14:56:20,857 [INFO] [85] VALIDATION | acc: 0.5502958579881657
2025-07-08 14:56:22,482 [INFO] [86] TRAIN | loss: 0.9473353028297424, acc: 0.7988904299583911
2025-07-08 14:56:22,482 [INFO] [86] VALIDATION | acc: 0.5236686390532544
2025-07-08 14:56:24,090 [INFO] [87] TRAIN | loss: 1.1510377344877825, acc: 0.7163661581137309
2025-07-08 14:56:24,090 [INFO] [87] VALIDATION | acc: 0.591715976331361
2025-07-08 14:56:25,705 [INFO] [88] TRAIN | loss: 0.9303623431402704, acc: 0.789875173370319
2025-07-08 14:56:25,705 [INFO] [88] VALIDATION | acc: 0.5650887573964497
2025-07-08 14:56:27,337 [INFO] [89] TRAIN | loss: 0.8848671453154605, acc: 0.7988904299583911
2025-07-08 14:56:27,337 [INFO] [89] VALIDATION | acc: 0.5650887573964497
2025-07-08 14:56:28,945 [INFO] [90] TRAIN | loss: 0.8537032374221346, acc: 0.8023578363384188
2025-07-08 14:56:28,945 [INFO] [90] VALIDATION | acc: 0.5562130177514792
2025-07-08 14:56:30,559 [INFO] [91] TRAIN | loss: 0.8511672214321468, acc: 0.811373092926491
2025-07-08 14:56:30,559 [INFO] [91] VALIDATION | acc: 0.5857988165680473
2025-07-08 14:56:32,184 [INFO] [92] TRAIN | loss: 0.8254385817310085, acc: 0.8099861303744799
2025-07-08 14:56:32,184 [INFO] [92] VALIDATION | acc: 0.6035502958579881
2025-07-08 14:56:33,813 [INFO] [93] TRAIN | loss: 0.791339877506961, acc: 0.8280166435506241
2025-07-08 14:56:33,813 [INFO] [93] VALIDATION | acc: 0.6005917159763313
2025-07-08 14:56:35,421 [INFO] [94] TRAIN | loss: 0.7787059247493744, acc: 0.8224687933425797
2025-07-08 14:56:35,421 [INFO] [94] VALIDATION | acc: 0.606508875739645
2025-07-08 14:56:37,042 [INFO] [95] TRAIN | loss: 0.7592171041861825, acc: 0.8398058252427184
2025-07-08 14:56:37,042 [INFO] [95] VALIDATION | acc: 0.6035502958579881
2025-07-08 14:56:38,656 [INFO] [96] TRAIN | loss: 0.8206768359826959, acc: 0.8245492371705964
2025-07-08 14:56:38,656 [INFO] [96] VALIDATION | acc: 0.5739644970414202
2025-07-08 14:56:40,263 [INFO] [97] TRAIN | loss: 0.8763317867465641, acc: 0.7877947295423023
2025-07-08 14:56:40,263 [INFO] [97] VALIDATION | acc: 0.5739644970414202
2025-07-08 14:56:41,846 [INFO] [98] TRAIN | loss: 0.7638075248054836, acc: 0.819001386962552
2025-07-08 14:56:41,846 [INFO] [98] VALIDATION | acc: 0.5798816568047337
2025-07-08 14:56:43,434 [INFO] [99] TRAIN | loss: 0.7574028178401615, acc: 0.8314840499306518
2025-07-08 14:56:43,434 [INFO] [99] VALIDATION | acc: 0.5798816568047337
2025-07-08 14:56:45,043 [INFO] [100] TRAIN | loss: 0.8281752506028051, acc: 0.8016643550624133
2025-07-08 14:56:45,043 [INFO] [100] VALIDATION | acc: 0.6242603550295858
2025-07-08 14:56:45,043 [INFO] Testing checkpointed models starting...

2025-07-08 14:56:46,387 [INFO] checkpoint_t0  ->  0.0
2025-07-08 14:56:47,722 [INFO] checkpoint_v0  ->  0.0
2025-07-08 14:56:49,035 [INFO] checkpoint_t1  ->  0.05426356589147287
2025-07-08 14:56:50,338 [INFO] checkpoint_v1  ->  0.05426356589147287
2025-07-08 14:56:55,613 [INFO] checkpoint_t2  ->  0.16666666666666666
2025-07-08 14:57:01,467 [INFO] checkpoint_v2  ->  0.1937984496124031
2025-07-08 14:57:06,628 [INFO] checkpoint_t3  ->  0.29457364341085274
2025-07-08 14:57:12,367 [INFO] checkpoint_v3  ->  0.2751937984496124
2025-07-08 14:57:17,736 [INFO] checkpoint_t4  ->  0.4186046511627907
2025-07-08 14:57:23,323 [INFO] checkpoint_v4  ->  0.3643410852713178
2025-07-08 14:57:28,951 [INFO] checkpoint_t5  ->  0.4844961240310077
2025-07-08 14:57:34,736 [INFO] checkpoint_v5  ->  0.49612403100775193
2025-07-08 14:57:40,425 [INFO] checkpoint_t6  ->  0.5193798449612403
2025-07-08 14:57:45,849 [INFO] checkpoint_v6  ->  0.5038759689922481
2025-07-08 14:57:51,477 [INFO] checkpoint_t7  ->  0.5503875968992248
2025-07-08 14:57:57,057 [INFO] checkpoint_v7  ->  0.5503875968992248
2025-07-08 14:58:02,816 [INFO] checkpoint_t8  ->  0.5581395348837209
2025-07-08 14:58:08,575 [INFO] checkpoint_v8  ->  0.5697674418604651
2025-07-08 14:58:14,599 [INFO] checkpoint_t9  ->  0.6085271317829457
2025-07-08 14:58:20,262 [INFO] checkpoint_v9  ->  0.6046511627906976
2025-07-08 14:58:25,991 [INFO] checkpoint_t10  ->  0.6124031007751938
2025-07-08 14:58:31,724 [INFO] checkpoint_v10  ->  0.6356589147286822
2025-07-08 14:58:31,725 [INFO] 
=======================================
2025-07-08 14:58:31,725 [INFO] The best testing checkpoint: encoder_hand_landmarks_fs1_pad_truncate/checkpoint_v_10:
2025-07-08 14:58:31,725 [INFO]    Testing accuracy: 0.636
2025-07-08 14:58:31,725 [INFO]    Macro F1 score: 0.624
2025-07-08 14:58:31,725 [INFO]    Weighted F1 score: 0.620
2025-07-08 14:58:31,725 [INFO]    Total trainable parameters: 2,184,388
2025-07-08 14:58:31,725 [INFO]    Elapsed time: 268.18 sec
2025-07-08 14:58:31,725 [INFO] ----------------Config information----------------------- 
2025-07-08 14:58:31,725 [INFO]  - Experiment Args: {'dataset': 'WLASL100', 'features': 'HAND_LANDMARKS', 'include_blendshapes': 0, 'fs': 1, 'feature_padding_mode': 'truncate', 'num_classes': 100, 'model': 'encoder', 'mediapipe_holistic': True, 'dim': 80, 'heads': 8, 'n_layers': 6, 'PE': 0, 'pad': 'True', 'clip_weights': 0, 'clip_gradients': 0, 'opt': 'SGD', 'sgd_momentum': 0.9, 'scheduler': 'cosine', 'bs': 32, 'epochs': 100, 'lr': '1e-03', 'logfreq': 1, 'checkpoints': True}
2025-07-08 14:58:31,845 [INFO] 
Any desired statistics have been plotted.
The experiment is finished.
