2025-07-04 20:03:40,408 [INFO] [INFO] Starting experiment spoter_w_sinusoidal_pe...


2025-07-04 20:03:43,658 [INFO] [1] TRAIN | loss: 4.721199077108632, acc: 0.014563106796116505
2025-07-04 20:03:43,658 [INFO] [1] VALIDATION | acc: 0.020710059171597635
2025-07-04 20:03:46,780 [INFO] [2] TRAIN | loss: 4.670362866443137, acc: 0.011789181692094313
2025-07-04 20:03:46,780 [INFO] [2] VALIDATION | acc: 0.023668639053254437
2025-07-04 20:03:49,838 [INFO] [3] TRAIN | loss: 4.620154795439347, acc: 0.0159500693481276
2025-07-04 20:03:49,838 [INFO] [3] VALIDATION | acc: 0.014792899408284023
2025-07-04 20:03:52,939 [INFO] [4] TRAIN | loss: 4.576238176097041, acc: 0.019417475728155338
2025-07-04 20:03:52,939 [INFO] [4] VALIDATION | acc: 0.014792899408284023
2025-07-04 20:03:56,045 [INFO] [5] TRAIN | loss: 4.518870706143587, acc: 0.027045769764216365
2025-07-04 20:03:56,046 [INFO] [5] VALIDATION | acc: 0.020710059171597635
2025-07-04 20:03:59,191 [INFO] [6] TRAIN | loss: 4.419321816900502, acc: 0.033287101248266296
2025-07-04 20:03:59,191 [INFO] [6] VALIDATION | acc: 0.020710059171597635
2025-07-04 20:04:02,269 [INFO] [7] TRAIN | loss: 4.338415944057962, acc: 0.024965325936199722
2025-07-04 20:04:02,269 [INFO] [7] VALIDATION | acc: 0.023668639053254437
2025-07-04 20:04:05,397 [INFO] [8] TRAIN | loss: 4.265371789102969, acc: 0.036754507628294034
2025-07-04 20:04:05,398 [INFO] [8] VALIDATION | acc: 0.01775147928994083
2025-07-04 20:04:08,538 [INFO] [9] TRAIN | loss: 4.2293349245320195, acc: 0.03952843273231623
2025-07-04 20:04:08,538 [INFO] [9] VALIDATION | acc: 0.026627218934911243
2025-07-04 20:04:11,654 [INFO] [10] TRAIN | loss: 4.204833352047464, acc: 0.03536754507628294
2025-07-04 20:04:11,654 [INFO] [10] VALIDATION | acc: 0.026627218934911243
2025-07-04 20:04:14,760 [INFO] [11] TRAIN | loss: 4.171289475067802, acc: 0.03744798890429958
2025-07-04 20:04:14,760 [INFO] [11] VALIDATION | acc: 0.03254437869822485
2025-07-04 20:04:17,925 [INFO] [12] TRAIN | loss: 4.17093975647636, acc: 0.04022191400832178
2025-07-04 20:04:17,925 [INFO] [12] VALIDATION | acc: 0.029585798816568046
2025-07-04 20:04:21,065 [INFO] [13] TRAIN | loss: 4.165663154228874, acc: 0.04160887656033287
2025-07-04 20:04:21,065 [INFO] [13] VALIDATION | acc: 0.03550295857988166
2025-07-04 20:04:24,139 [INFO] [14] TRAIN | loss: 4.106102870858234, acc: 0.049930651872399444
2025-07-04 20:04:24,139 [INFO] [14] VALIDATION | acc: 0.03254437869822485
2025-07-04 20:04:27,285 [INFO] [15] TRAIN | loss: 4.041515148204306, acc: 0.06310679611650485
2025-07-04 20:04:27,285 [INFO] [15] VALIDATION | acc: 0.04142011834319527
2025-07-04 20:04:30,287 [INFO] [16] TRAIN | loss: 3.9734967687855596, acc: 0.06102635228848821
2025-07-04 20:04:30,287 [INFO] [16] VALIDATION | acc: 0.05325443786982249
2025-07-04 20:04:33,349 [INFO] [17] TRAIN | loss: 3.9617263337840205, acc: 0.07212205270457697
2025-07-04 20:04:33,349 [INFO] [17] VALIDATION | acc: 0.047337278106508875
2025-07-04 20:04:36,354 [INFO] [18] TRAIN | loss: 3.911181683125703, acc: 0.07628294036061026
2025-07-04 20:04:36,355 [INFO] [18] VALIDATION | acc: 0.0621301775147929
2025-07-04 20:04:39,385 [INFO] [19] TRAIN | loss: 3.839250087738037, acc: 0.08460471567267684
2025-07-04 20:04:39,385 [INFO] [19] VALIDATION | acc: 0.047337278106508875
2025-07-04 20:04:42,379 [INFO] [20] TRAIN | loss: 3.870817262193431, acc: 0.07350901525658807
2025-07-04 20:04:42,379 [INFO] [20] VALIDATION | acc: 0.0621301775147929
2025-07-04 20:04:45,344 [INFO] [21] TRAIN | loss: 3.753142429434735, acc: 0.09223300970873786
2025-07-04 20:04:45,344 [INFO] [21] VALIDATION | acc: 0.05621301775147929
2025-07-04 20:04:48,395 [INFO] [22] TRAIN | loss: 3.733911711236705, acc: 0.0970873786407767
2025-07-04 20:04:48,395 [INFO] [22] VALIDATION | acc: 0.05917159763313609
2025-07-04 20:04:51,477 [INFO] [23] TRAIN | loss: 3.669042089711065, acc: 0.12482662968099861
2025-07-04 20:04:51,477 [INFO] [23] VALIDATION | acc: 0.05325443786982249
2025-07-04 20:04:54,550 [INFO] [24] TRAIN | loss: 3.621442286864571, acc: 0.12413314840499307
2025-07-04 20:04:54,550 [INFO] [24] VALIDATION | acc: 0.07396449704142012
2025-07-04 20:04:57,507 [INFO] [25] TRAIN | loss: 3.559580683708191, acc: 0.12482662968099861
2025-07-04 20:04:57,507 [INFO] [25] VALIDATION | acc: 0.06804733727810651
2025-07-04 20:05:00,581 [INFO] [26] TRAIN | loss: 3.5730456372965937, acc: 0.12135922330097088
2025-07-04 20:05:00,581 [INFO] [26] VALIDATION | acc: 0.07988165680473373
2025-07-04 20:05:03,682 [INFO] [27] TRAIN | loss: 3.5039244579232256, acc: 0.14701803051317613
2025-07-04 20:05:03,683 [INFO] [27] VALIDATION | acc: 0.06804733727810651
2025-07-04 20:05:06,795 [INFO] [28] TRAIN | loss: 3.4160633605459463, acc: 0.15464632454923716
2025-07-04 20:05:06,795 [INFO] [28] VALIDATION | acc: 0.07396449704142012
2025-07-04 20:05:09,809 [INFO] [29] TRAIN | loss: 3.426596657089565, acc: 0.13869625520110956
2025-07-04 20:05:09,809 [INFO] [29] VALIDATION | acc: 0.06804733727810651
2025-07-04 20:05:12,976 [INFO] [30] TRAIN | loss: 3.3441630342732305, acc: 0.17128987517337033
2025-07-04 20:05:12,976 [INFO] [30] VALIDATION | acc: 0.07692307692307693
2025-07-04 20:05:16,061 [INFO] [31] TRAIN | loss: 3.373128331225851, acc: 0.14771151178918168
2025-07-04 20:05:16,062 [INFO] [31] VALIDATION | acc: 0.07988165680473373
2025-07-04 20:05:19,179 [INFO] [32] TRAIN | loss: 3.3220370593278306, acc: 0.16851595006934814
2025-07-04 20:05:19,179 [INFO] [32] VALIDATION | acc: 0.07692307692307693
2025-07-04 20:05:22,324 [INFO] [33] TRAIN | loss: 3.283091933830925, acc: 0.17337031900138697
2025-07-04 20:05:22,324 [INFO] [33] VALIDATION | acc: 0.08579881656804733
2025-07-04 20:05:25,401 [INFO] [34] TRAIN | loss: 3.237777321234993, acc: 0.1796116504854369
2025-07-04 20:05:25,401 [INFO] [34] VALIDATION | acc: 0.07988165680473373
2025-07-04 20:05:28,509 [INFO] [35] TRAIN | loss: 3.2378840601962544, acc: 0.16851595006934814
2025-07-04 20:05:28,510 [INFO] [35] VALIDATION | acc: 0.03550295857988166
2025-07-04 20:05:31,544 [INFO] [36] TRAIN | loss: 3.6329606149507607, acc: 0.12205270457697642
2025-07-04 20:05:31,544 [INFO] [36] VALIDATION | acc: 0.07692307692307693
2025-07-04 20:05:34,730 [INFO] [37] TRAIN | loss: 3.1357038694879282, acc: 0.19694868238557559
2025-07-04 20:05:34,730 [INFO] [37] VALIDATION | acc: 0.08875739644970414
2025-07-04 20:05:37,852 [INFO] [38] TRAIN | loss: 3.1577502851900845, acc: 0.1914008321775312
2025-07-04 20:05:37,853 [INFO] [38] VALIDATION | acc: 0.08579881656804733
2025-07-04 20:05:40,912 [INFO] [39] TRAIN | loss: 3.196876971617989, acc: 0.16712898751733704
2025-07-04 20:05:40,912 [INFO] [39] VALIDATION | acc: 0.07100591715976332
2025-07-04 20:05:43,990 [INFO] [40] TRAIN | loss: 3.170039254686107, acc: 0.18446601941747573
2025-07-04 20:05:43,990 [INFO] [40] VALIDATION | acc: 0.0650887573964497
2025-07-04 20:05:47,088 [INFO] [41] TRAIN | loss: 3.166285841361336, acc: 0.18932038834951456
2025-07-04 20:05:47,088 [INFO] [41] VALIDATION | acc: 0.07988165680473373
2025-07-04 20:05:50,329 [INFO] [42] TRAIN | loss: 3.023952147235041, acc: 0.22538141470180306
2025-07-04 20:05:50,329 [INFO] [42] VALIDATION | acc: 0.08579881656804733
2025-07-04 20:05:53,473 [INFO] [43] TRAIN | loss: 2.9891920659853066, acc: 0.23092926490984744
2025-07-04 20:05:53,473 [INFO] [43] VALIDATION | acc: 0.08284023668639054
2025-07-04 20:05:56,579 [INFO] [44] TRAIN | loss: 3.0190092532531074, acc: 0.22052704576976423
2025-07-04 20:05:56,579 [INFO] [44] VALIDATION | acc: 0.06804733727810651
2025-07-04 20:05:59,567 [INFO] [45] TRAIN | loss: 2.9400731221489282, acc: 0.22122052704576978
2025-07-04 20:05:59,567 [INFO] [45] VALIDATION | acc: 0.07100591715976332
2025-07-04 20:06:02,724 [INFO] [46] TRAIN | loss: 2.9011046834613965, acc: 0.24271844660194175
2025-07-04 20:06:02,724 [INFO] [46] VALIDATION | acc: 0.11834319526627218
2025-07-04 20:06:05,836 [INFO] [47] TRAIN | loss: 2.8540850048479824, acc: 0.2552011095700416
2025-07-04 20:06:05,836 [INFO] [47] VALIDATION | acc: 0.08579881656804733
2025-07-04 20:06:08,891 [INFO] [48] TRAIN | loss: 2.9268878853839375, acc: 0.23092926490984744
2025-07-04 20:06:08,891 [INFO] [48] VALIDATION | acc: 0.10355029585798817
2025-07-04 20:06:11,945 [INFO] [49] TRAIN | loss: 2.8246364127034727, acc: 0.24895977808599168
2025-07-04 20:06:11,945 [INFO] [49] VALIDATION | acc: 0.12130177514792899
2025-07-04 20:06:15,095 [INFO] [50] TRAIN | loss: 2.7382216738617937, acc: 0.2766990291262136
2025-07-04 20:06:15,095 [INFO] [50] VALIDATION | acc: 0.13313609467455623
2025-07-04 20:06:18,097 [INFO] [51] TRAIN | loss: 2.7331674461779385, acc: 0.27045769764216365
2025-07-04 20:06:18,097 [INFO] [51] VALIDATION | acc: 0.09467455621301775
2025-07-04 20:06:21,218 [INFO] [52] TRAIN | loss: 2.749121360156847, acc: 0.2801664355062413
2025-07-04 20:06:21,218 [INFO] [52] VALIDATION | acc: 0.11538461538461539
2025-07-04 20:06:24,329 [INFO] [53] TRAIN | loss: 2.6946936120157656, acc: 0.2871012482662968
2025-07-04 20:06:24,329 [INFO] [53] VALIDATION | acc: 0.11834319526627218
2025-07-04 20:06:27,312 [INFO] [54] TRAIN | loss: 2.6373698193094004, acc: 0.32801664355062415
2025-07-04 20:06:27,312 [INFO] [54] VALIDATION | acc: 0.10355029585798817
2025-07-04 20:06:30,195 [INFO] [55] TRAIN | loss: 2.7530163267384404, acc: 0.2919556171983356
2025-07-04 20:06:30,195 [INFO] [55] VALIDATION | acc: 0.10946745562130178
2025-07-04 20:06:33,128 [INFO] [56] TRAIN | loss: 2.600222613500512, acc: 0.31761442441054094
2025-07-04 20:06:33,128 [INFO] [56] VALIDATION | acc: 0.1242603550295858
2025-07-04 20:06:36,081 [INFO] [57] TRAIN | loss: 2.502652759137361, acc: 0.34812760055478503
2025-07-04 20:06:36,081 [INFO] [57] VALIDATION | acc: 0.1301775147928994
2025-07-04 20:06:38,985 [INFO] [58] TRAIN | loss: 2.4405655394429746, acc: 0.35575589459084606
2025-07-04 20:06:38,986 [INFO] [58] VALIDATION | acc: 0.11538461538461539
2025-07-04 20:06:41,949 [INFO] [59] TRAIN | loss: 2.4537740272024404, acc: 0.36269070735090153
2025-07-04 20:06:41,949 [INFO] [59] VALIDATION | acc: 0.13313609467455623
2025-07-04 20:06:44,895 [INFO] [60] TRAIN | loss: 2.4085178582564644, acc: 0.37447988904299584
2025-07-04 20:06:44,895 [INFO] [60] VALIDATION | acc: 0.14201183431952663
2025-07-04 20:06:47,810 [INFO] [61] TRAIN | loss: 2.342424239801324, acc: 0.39181692094313453
2025-07-04 20:06:47,810 [INFO] [61] VALIDATION | acc: 0.10650887573964497
2025-07-04 20:06:50,726 [INFO] [62] TRAIN | loss: 2.509999562864718, acc: 0.3488210818307906
2025-07-04 20:06:50,726 [INFO] [62] VALIDATION | acc: 0.12721893491124261
2025-07-04 20:06:53,654 [INFO] [63] TRAIN | loss: 2.3850617020026497, acc: 0.37933425797503467
2025-07-04 20:06:53,654 [INFO] [63] VALIDATION | acc: 0.1301775147928994
2025-07-04 20:06:56,563 [INFO] [64] TRAIN | loss: 2.305528656296108, acc: 0.3828016643550624
2025-07-04 20:06:56,563 [INFO] [64] VALIDATION | acc: 0.17455621301775148
2025-07-04 20:06:59,607 [INFO] [65] TRAIN | loss: 2.164438881303953, acc: 0.420249653259362
2025-07-04 20:06:59,608 [INFO] [65] VALIDATION | acc: 0.14497041420118342
2025-07-04 20:07:02,730 [INFO] [66] TRAIN | loss: 2.153051065362018, acc: 0.4521497919556172
2025-07-04 20:07:02,730 [INFO] [66] VALIDATION | acc: 0.1242603550295858
2025-07-04 20:07:05,757 [INFO] [67] TRAIN | loss: 2.2160969376564026, acc: 0.41816920943134533
2025-07-04 20:07:05,757 [INFO] [67] VALIDATION | acc: 0.15976331360946747
2025-07-04 20:07:08,844 [INFO] [68] TRAIN | loss: 2.020320467326952, acc: 0.47295423023578365
2025-07-04 20:07:08,845 [INFO] [68] VALIDATION | acc: 0.15088757396449703
2025-07-04 20:07:11,934 [INFO] [69] TRAIN | loss: 2.051206780516583, acc: 0.46255201109570043
2025-07-04 20:07:11,934 [INFO] [69] VALIDATION | acc: 0.1390532544378698
2025-07-04 20:07:14,999 [INFO] [70] TRAIN | loss: 2.136985105016957, acc: 0.4368932038834951
2025-07-04 20:07:14,999 [INFO] [70] VALIDATION | acc: 0.15680473372781065
2025-07-04 20:07:18,026 [INFO] [71] TRAIN | loss: 2.03359615025313, acc: 0.43828016643550627
2025-07-04 20:07:18,026 [INFO] [71] VALIDATION | acc: 0.15088757396449703
2025-07-04 20:07:21,139 [INFO] [72] TRAIN | loss: 1.8896144550779592, acc: 0.5110957004160888
2025-07-04 20:07:21,139 [INFO] [72] VALIDATION | acc: 0.07692307692307693
2025-07-04 20:07:24,272 [INFO] [73] TRAIN | loss: 2.1079798885013745, acc: 0.44937586685159503
2025-07-04 20:07:24,272 [INFO] [73] VALIDATION | acc: 0.16568047337278108
2025-07-04 20:07:27,375 [INFO] [74] TRAIN | loss: 1.9030959113784458, acc: 0.5013869625520111
2025-07-04 20:07:27,375 [INFO] [74] VALIDATION | acc: 0.19230769230769232
2025-07-04 20:07:30,529 [INFO] [75] TRAIN | loss: 1.8187437549881313, acc: 0.5235783633841886
2025-07-04 20:07:30,529 [INFO] [75] VALIDATION | acc: 0.1863905325443787
2025-07-04 20:07:33,666 [INFO] [76] TRAIN | loss: 1.7755459287892217, acc: 0.542995839112344
2025-07-04 20:07:33,666 [INFO] [76] VALIDATION | acc: 0.16863905325443787
2025-07-04 20:07:36,766 [INFO] [77] TRAIN | loss: 1.7112578568251238, acc: 0.5471567267683772
2025-07-04 20:07:36,766 [INFO] [77] VALIDATION | acc: 0.11834319526627218
2025-07-04 20:07:39,930 [INFO] [78] TRAIN | loss: 1.7207911973414214, acc: 0.5478502080443828
2025-07-04 20:07:39,931 [INFO] [78] VALIDATION | acc: 0.11538461538461539
2025-07-04 20:07:43,097 [INFO] [79] TRAIN | loss: 1.8311041930447454, acc: 0.5041608876560333
2025-07-04 20:07:43,097 [INFO] [79] VALIDATION | acc: 0.1952662721893491
2025-07-04 20:07:46,273 [INFO] [80] TRAIN | loss: 1.6192635556925898, acc: 0.5957004160887656
2025-07-04 20:07:46,273 [INFO] [80] VALIDATION | acc: 0.21005917159763313
2025-07-04 20:07:49,362 [INFO] [81] TRAIN | loss: 1.5786857941876287, acc: 0.6151178918169209
2025-07-04 20:07:49,363 [INFO] [81] VALIDATION | acc: 0.1893491124260355
2025-07-04 20:07:52,537 [INFO] [82] TRAIN | loss: 1.6001423597335815, acc: 0.5922330097087378
2025-07-04 20:07:52,537 [INFO] [82] VALIDATION | acc: 0.19230769230769232
2025-07-04 20:07:55,671 [INFO] [83] TRAIN | loss: 1.3900146899016008, acc: 0.6726768377253814
2025-07-04 20:07:55,671 [INFO] [83] VALIDATION | acc: 0.16568047337278108
2025-07-04 20:07:58,782 [INFO] [84] TRAIN | loss: 1.5170006026392397, acc: 0.6213592233009708
2025-07-04 20:07:58,782 [INFO] [84] VALIDATION | acc: 0.15384615384615385
2025-07-04 20:08:01,849 [INFO] [85] TRAIN | loss: 1.5706733905750772, acc: 0.6116504854368932
2025-07-04 20:08:01,849 [INFO] [85] VALIDATION | acc: 0.20118343195266272
2025-07-04 20:08:04,809 [INFO] [86] TRAIN | loss: 1.4837635535260905, acc: 0.6276005547850209
2025-07-04 20:08:04,810 [INFO] [86] VALIDATION | acc: 0.19230769230769232
2025-07-04 20:08:07,898 [INFO] [87] TRAIN | loss: 1.3948508552882983, acc: 0.659500693481276
2025-07-04 20:08:07,898 [INFO] [87] VALIDATION | acc: 0.21005917159763313
2025-07-04 20:08:11,069 [INFO] [88] TRAIN | loss: 1.290485011494678, acc: 0.687239944521498
2025-07-04 20:08:11,069 [INFO] [88] VALIDATION | acc: 0.2485207100591716
2025-07-04 20:08:14,153 [INFO] [89] TRAIN | loss: 1.1304162481556768, acc: 0.7656033287101248
2025-07-04 20:08:14,154 [INFO] [89] VALIDATION | acc: 0.21597633136094674
2025-07-04 20:08:17,126 [INFO] [90] TRAIN | loss: 1.1356541941995206, acc: 0.7503467406380028
2025-07-04 20:08:17,126 [INFO] [90] VALIDATION | acc: 0.23076923076923078
2025-07-04 20:08:20,194 [INFO] [91] TRAIN | loss: 1.1522249994070635, acc: 0.760748959778086
2025-07-04 20:08:20,194 [INFO] [91] VALIDATION | acc: 0.22485207100591717
2025-07-04 20:08:23,329 [INFO] [92] TRAIN | loss: 1.0877900745557703, acc: 0.7614424410540915
2025-07-04 20:08:23,329 [INFO] [92] VALIDATION | acc: 0.23076923076923078
2025-07-04 20:08:26,448 [INFO] [93] TRAIN | loss: 1.056012942739155, acc: 0.7780859916782247
2025-07-04 20:08:26,448 [INFO] [93] VALIDATION | acc: 0.2455621301775148
2025-07-04 20:08:29,464 [INFO] [94] TRAIN | loss: 1.0789305982382402, acc: 0.7579750346740638
2025-07-04 20:08:29,464 [INFO] [94] VALIDATION | acc: 0.26627218934911245
2025-07-04 20:08:32,387 [INFO] [95] TRAIN | loss: 1.0608077023340308, acc: 0.7725381414701803
2025-07-04 20:08:32,387 [INFO] [95] VALIDATION | acc: 0.23076923076923078
2025-07-04 20:08:35,381 [INFO] [96] TRAIN | loss: 1.0843847121881403, acc: 0.760748959778086
2025-07-04 20:08:35,382 [INFO] [96] VALIDATION | acc: 0.2692307692307692
2025-07-04 20:08:38,321 [INFO] [97] TRAIN | loss: 0.9512059014776478, acc: 0.8106796116504854
2025-07-04 20:08:38,322 [INFO] [97] VALIDATION | acc: 0.257396449704142
2025-07-04 20:08:41,287 [INFO] [98] TRAIN | loss: 0.8718712109586467, acc: 0.840499306518724
2025-07-04 20:08:41,287 [INFO] [98] VALIDATION | acc: 0.2455621301775148
2025-07-04 20:08:44,287 [INFO] [99] TRAIN | loss: 0.8620819326328195, acc: 0.8550624133148405
2025-07-04 20:08:44,287 [INFO] [99] VALIDATION | acc: 0.2455621301775148
2025-07-04 20:08:47,243 [INFO] [100] TRAIN | loss: 1.0186969754488573, acc: 0.7926490984743412
2025-07-04 20:08:47,243 [INFO] [100] VALIDATION | acc: 0.24260355029585798
2025-07-04 20:08:47,243 [INFO] Testing checkpointed models starting...

2025-07-04 20:08:50,377 [INFO] checkpoint_t0  ->  0.023255813953488372
2025-07-04 20:08:59,816 [INFO] checkpoint_v0  ->  0.023255813953488372
2025-07-04 20:09:12,680 [INFO] checkpoint_t1  ->  0.027131782945736434
2025-07-04 20:09:25,332 [INFO] checkpoint_v1  ->  0.031007751937984496
2025-07-04 20:09:38,252 [INFO] checkpoint_t2  ->  0.05813953488372093
2025-07-04 20:09:51,327 [INFO] checkpoint_v2  ->  0.050387596899224806
2025-07-04 20:10:04,743 [INFO] checkpoint_t3  ->  0.08914728682170543
2025-07-04 20:10:18,318 [INFO] checkpoint_v3  ->  0.08527131782945736
2025-07-04 20:10:31,415 [INFO] checkpoint_t4  ->  0.13178294573643412
2025-07-04 20:10:44,070 [INFO] checkpoint_v4  ->  0.13178294573643412
2025-07-04 20:10:57,186 [INFO] checkpoint_t5  ->  0.1124031007751938
2025-07-04 20:11:10,464 [INFO] checkpoint_v5  ->  0.1124031007751938
2025-07-04 20:11:23,960 [INFO] checkpoint_t6  ->  0.12015503875968993
2025-07-04 20:11:37,505 [INFO] checkpoint_v6  ->  0.1434108527131783
2025-07-04 20:11:50,787 [INFO] checkpoint_t7  ->  0.1511627906976744
2025-07-04 20:12:03,547 [INFO] checkpoint_v7  ->  0.16666666666666666
2025-07-04 20:12:16,962 [INFO] checkpoint_t8  ->  0.18992248062015504
2025-07-04 20:12:30,394 [INFO] checkpoint_v8  ->  0.21705426356589147
2025-07-04 20:12:43,073 [INFO] checkpoint_t9  ->  0.20930232558139536
2025-07-04 20:12:55,712 [INFO] checkpoint_v9  ->  0.22868217054263565
2025-07-04 20:13:09,325 [INFO] checkpoint_t10  ->  0.2364341085271318
2025-07-04 20:13:23,219 [INFO] checkpoint_v10  ->  0.26744186046511625
2025-07-04 20:13:23,220 [INFO] 
=======================================
2025-07-04 20:13:23,220 [INFO] The best testing checkpoint: spoter_w_sinusoidal_pe/checkpoint_v_10:
2025-07-04 20:13:23,220 [INFO]    Testing accuracy: 0.267
2025-07-04 20:13:23,220 [INFO]    Macro F1 score: 0.230
2025-07-04 20:13:23,220 [INFO]    Weighted F1 score: 0.236
2025-07-04 20:13:23,220 [INFO]    Total trainable parameters: 8,142,380
2025-07-04 20:13:23,220 [INFO]    Elapsed time: 582.81 sec
2025-07-04 20:13:23,220 [INFO] ----------------Config information----------------------- 
2025-07-04 20:13:23,220 [INFO]  - Experiment Args: dataset=WLASL100, features=HAND_POSE_LANDMARKS, include_blendshapes=0, fs=0, num_classes=100, model=spoter, mediapipe_holistic=True, dim=136, heads=8, n_layers=6, PE=1, pad=True, clip_weights=0, clip_gradients=0, opt=SGD, sgd_momentum=0.9, scheduler=cosine, bs=32, epochs=100, lr=1e-03, logfreq=1, checkpoints=True
2025-07-04 20:13:23,411 [INFO] 
Any desired statistics have been plotted.
The experiment is finished.
