2025-07-04 19:52:29,686 [INFO] [INFO] Starting experiment spoter_w_learnable_pe...


2025-07-04 19:52:32,780 [INFO] [1] TRAIN | loss: 4.739593485127324, acc: 0.009015256588072122
2025-07-04 19:52:32,780 [INFO] [1] VALIDATION | acc: 0.011834319526627219
2025-07-04 19:52:35,694 [INFO] [2] TRAIN | loss: 4.677244725434677, acc: 0.011095700416088766
2025-07-04 19:52:35,694 [INFO] [2] VALIDATION | acc: 0.008875739644970414
2025-07-04 19:52:38,639 [INFO] [3] TRAIN | loss: 4.6262969970703125, acc: 0.011789181692094313
2025-07-04 19:52:38,639 [INFO] [3] VALIDATION | acc: 0.014792899408284023
2025-07-04 19:52:41,669 [INFO] [4] TRAIN | loss: 4.585405795470528, acc: 0.022191400832177532
2025-07-04 19:52:41,669 [INFO] [4] VALIDATION | acc: 0.011834319526627219
2025-07-04 19:52:44,640 [INFO] [5] TRAIN | loss: 4.5295334069625195, acc: 0.029819694868238558
2025-07-04 19:52:44,640 [INFO] [5] VALIDATION | acc: 0.029585798816568046
2025-07-04 19:52:47,558 [INFO] [6] TRAIN | loss: 4.447847635849662, acc: 0.03467406380027739
2025-07-04 19:52:47,558 [INFO] [6] VALIDATION | acc: 0.020710059171597635
2025-07-04 19:52:50,436 [INFO] [7] TRAIN | loss: 4.363486310710078, acc: 0.02565880721220527
2025-07-04 19:52:50,436 [INFO] [7] VALIDATION | acc: 0.029585798816568046
2025-07-04 19:52:53,347 [INFO] [8] TRAIN | loss: 4.281166118124257, acc: 0.036754507628294034
2025-07-04 19:52:53,347 [INFO] [8] VALIDATION | acc: 0.020710059171597635
2025-07-04 19:52:56,271 [INFO] [9] TRAIN | loss: 4.245600627816242, acc: 0.03744798890429958
2025-07-04 19:52:56,271 [INFO] [9] VALIDATION | acc: 0.03254437869822485
2025-07-04 19:52:59,273 [INFO] [10] TRAIN | loss: 4.227187353631725, acc: 0.029819694868238558
2025-07-04 19:52:59,273 [INFO] [10] VALIDATION | acc: 0.023668639053254437
2025-07-04 19:53:02,259 [INFO] [11] TRAIN | loss: 4.202028855033543, acc: 0.029819694868238558
2025-07-04 19:53:02,259 [INFO] [11] VALIDATION | acc: 0.020710059171597635
2025-07-04 19:53:05,375 [INFO] [12] TRAIN | loss: 4.1997804382573, acc: 0.0319001386962552
2025-07-04 19:53:05,375 [INFO] [12] VALIDATION | acc: 0.029585798816568046
2025-07-04 19:53:08,465 [INFO] [13] TRAIN | loss: 4.191855814145959, acc: 0.03952843273231623
2025-07-04 19:53:08,465 [INFO] [13] VALIDATION | acc: 0.03254437869822485
2025-07-04 19:53:11,495 [INFO] [14] TRAIN | loss: 4.1551860104436456, acc: 0.033287101248266296
2025-07-04 19:53:11,496 [INFO] [14] VALIDATION | acc: 0.029585798816568046
2025-07-04 19:53:14,561 [INFO] [15] TRAIN | loss: 4.113664062126823, acc: 0.0478502080443828
2025-07-04 19:53:14,561 [INFO] [15] VALIDATION | acc: 0.03550295857988166
2025-07-04 19:53:17,641 [INFO] [16] TRAIN | loss: 4.080681474312492, acc: 0.047156726768377254
2025-07-04 19:53:17,642 [INFO] [16] VALIDATION | acc: 0.05325443786982249
2025-07-04 19:53:20,682 [INFO] [17] TRAIN | loss: 4.061926618866298, acc: 0.05547850208044383
2025-07-04 19:53:20,682 [INFO] [17] VALIDATION | acc: 0.05621301775147929
2025-07-04 19:53:23,731 [INFO] [18] TRAIN | loss: 4.001025205073149, acc: 0.07489597780859916
2025-07-04 19:53:23,731 [INFO] [18] VALIDATION | acc: 0.05029585798816568
2025-07-04 19:53:26,843 [INFO] [19] TRAIN | loss: 3.950298900189607, acc: 0.07558945908460471
2025-07-04 19:53:26,843 [INFO] [19] VALIDATION | acc: 0.0650887573964497
2025-07-04 19:53:29,898 [INFO] [20] TRAIN | loss: 3.867264104926068, acc: 0.08599167822468794
2025-07-04 19:53:29,899 [INFO] [20] VALIDATION | acc: 0.0621301775147929
2025-07-04 19:53:32,919 [INFO] [21] TRAIN | loss: 3.8629200043885605, acc: 0.08876560332871013
2025-07-04 19:53:32,919 [INFO] [21] VALIDATION | acc: 0.04437869822485207
2025-07-04 19:53:36,070 [INFO] [22] TRAIN | loss: 4.040602673654971, acc: 0.05894590846047157
2025-07-04 19:53:36,070 [INFO] [22] VALIDATION | acc: 0.04437869822485207
2025-07-04 19:53:39,144 [INFO] [23] TRAIN | loss: 3.8319226192391436, acc: 0.08599167822468794
2025-07-04 19:53:39,144 [INFO] [23] VALIDATION | acc: 0.038461538461538464
2025-07-04 19:53:42,255 [INFO] [24] TRAIN | loss: 3.8432959732802017, acc: 0.0825242718446602
2025-07-04 19:53:42,255 [INFO] [24] VALIDATION | acc: 0.05029585798816568
2025-07-04 19:53:45,309 [INFO] [25] TRAIN | loss: 3.7938483694325322, acc: 0.08460471567267684
2025-07-04 19:53:45,309 [INFO] [25] VALIDATION | acc: 0.07100591715976332
2025-07-04 19:53:48,464 [INFO] [26] TRAIN | loss: 3.7673720536024673, acc: 0.10194174757281553
2025-07-04 19:53:48,464 [INFO] [26] VALIDATION | acc: 0.06804733727810651
2025-07-04 19:53:51,560 [INFO] [27] TRAIN | loss: 3.653625384620998, acc: 0.11511789181692095
2025-07-04 19:53:51,560 [INFO] [27] VALIDATION | acc: 0.07692307692307693
2025-07-04 19:53:54,611 [INFO] [28] TRAIN | loss: 3.5844878528429116, acc: 0.12135922330097088
2025-07-04 19:53:54,611 [INFO] [28] VALIDATION | acc: 0.0621301775147929
2025-07-04 19:53:57,574 [INFO] [29] TRAIN | loss: 3.569466373194819, acc: 0.11511789181692095
2025-07-04 19:53:57,574 [INFO] [29] VALIDATION | acc: 0.07100591715976332
2025-07-04 19:54:00,532 [INFO] [30] TRAIN | loss: 3.528144017509792, acc: 0.11927877947295423
2025-07-04 19:54:00,532 [INFO] [30] VALIDATION | acc: 0.0650887573964497
2025-07-04 19:54:03,539 [INFO] [31] TRAIN | loss: 3.5284556824228037, acc: 0.11373092926490985
2025-07-04 19:54:03,540 [INFO] [31] VALIDATION | acc: 0.07692307692307693
2025-07-04 19:54:06,607 [INFO] [32] TRAIN | loss: 3.524012565612793, acc: 0.1276005547850208
2025-07-04 19:54:06,607 [INFO] [32] VALIDATION | acc: 0.07100591715976332
2025-07-04 19:54:09,627 [INFO] [33] TRAIN | loss: 3.503473722416422, acc: 0.13592233009708737
2025-07-04 19:54:09,627 [INFO] [33] VALIDATION | acc: 0.05621301775147929
2025-07-04 19:54:12,677 [INFO] [34] TRAIN | loss: 3.451788658681123, acc: 0.1421636615811373
2025-07-04 19:54:12,677 [INFO] [34] VALIDATION | acc: 0.07396449704142012
2025-07-04 19:54:15,658 [INFO] [35] TRAIN | loss: 3.4574714069781094, acc: 0.13661581137309292
2025-07-04 19:54:15,658 [INFO] [35] VALIDATION | acc: 0.047337278106508875
2025-07-04 19:54:18,666 [INFO] [36] TRAIN | loss: 3.5180989244709844, acc: 0.13314840499306518
2025-07-04 19:54:18,666 [INFO] [36] VALIDATION | acc: 0.07100591715976332
2025-07-04 19:54:21,744 [INFO] [37] TRAIN | loss: 3.325410837712495, acc: 0.16435506241331485
2025-07-04 19:54:21,744 [INFO] [37] VALIDATION | acc: 0.07100591715976332
2025-07-04 19:54:24,766 [INFO] [38] TRAIN | loss: 3.3711972547614057, acc: 0.1539528432732316
2025-07-04 19:54:24,766 [INFO] [38] VALIDATION | acc: 0.0650887573964497
2025-07-04 19:54:27,664 [INFO] [39] TRAIN | loss: 3.359003906664641, acc: 0.1435506241331484
2025-07-04 19:54:27,664 [INFO] [39] VALIDATION | acc: 0.06804733727810651
2025-07-04 19:54:30,497 [INFO] [40] TRAIN | loss: 3.315022022827812, acc: 0.1650485436893204
2025-07-04 19:54:30,498 [INFO] [40] VALIDATION | acc: 0.06804733727810651
2025-07-04 19:54:33,414 [INFO] [41] TRAIN | loss: 3.35279787623364, acc: 0.14771151178918168
2025-07-04 19:54:33,414 [INFO] [41] VALIDATION | acc: 0.08875739644970414
2025-07-04 19:54:36,331 [INFO] [42] TRAIN | loss: 3.276897212733393, acc: 0.16712898751733704
2025-07-04 19:54:36,331 [INFO] [42] VALIDATION | acc: 0.07988165680473373
2025-07-04 19:54:39,228 [INFO] [43] TRAIN | loss: 3.215424522109654, acc: 0.17753120665742025
2025-07-04 19:54:39,229 [INFO] [43] VALIDATION | acc: 0.09171597633136094
2025-07-04 19:54:42,054 [INFO] [44] TRAIN | loss: 3.263584950695867, acc: 0.1678224687933426
2025-07-04 19:54:42,054 [INFO] [44] VALIDATION | acc: 0.06804733727810651
2025-07-04 19:54:44,878 [INFO] [45] TRAIN | loss: 3.2377141403115313, acc: 0.1782246879334258
2025-07-04 19:54:44,878 [INFO] [45] VALIDATION | acc: 0.07692307692307693
2025-07-04 19:54:47,719 [INFO] [46] TRAIN | loss: 3.221199227415997, acc: 0.16158113730929266
2025-07-04 19:54:47,720 [INFO] [46] VALIDATION | acc: 0.08284023668639054
2025-07-04 19:54:50,611 [INFO] [47] TRAIN | loss: 3.144261919933817, acc: 0.18793342579750347
2025-07-04 19:54:50,611 [INFO] [47] VALIDATION | acc: 0.07100591715976332
2025-07-04 19:54:53,451 [INFO] [48] TRAIN | loss: 3.204660576322804, acc: 0.17475728155339806
2025-07-04 19:54:53,451 [INFO] [48] VALIDATION | acc: 0.07396449704142012
2025-07-04 19:54:56,351 [INFO] [49] TRAIN | loss: 3.1492628792057866, acc: 0.17198335644937587
2025-07-04 19:54:56,351 [INFO] [49] VALIDATION | acc: 0.09467455621301775
2025-07-04 19:54:59,406 [INFO] [50] TRAIN | loss: 3.096020309821419, acc: 0.19972260748959778
2025-07-04 19:54:59,406 [INFO] [50] VALIDATION | acc: 0.08284023668639054
2025-07-04 19:55:02,413 [INFO] [51] TRAIN | loss: 3.1226507736288984, acc: 0.18169209431345354
2025-07-04 19:55:02,413 [INFO] [51] VALIDATION | acc: 0.09467455621301775
2025-07-04 19:55:05,449 [INFO] [52] TRAIN | loss: 3.0906008792960127, acc: 0.1941747572815534
2025-07-04 19:55:05,450 [INFO] [52] VALIDATION | acc: 0.07988165680473373
2025-07-04 19:55:08,427 [INFO] [53] TRAIN | loss: 3.0930030760557754, acc: 0.18793342579750347
2025-07-04 19:55:08,427 [INFO] [53] VALIDATION | acc: 0.0650887573964497
2025-07-04 19:55:11,573 [INFO] [54] TRAIN | loss: 3.076965409776439, acc: 0.2087378640776699
2025-07-04 19:55:11,574 [INFO] [54] VALIDATION | acc: 0.10355029585798817
2025-07-04 19:55:14,613 [INFO] [55] TRAIN | loss: 3.0883631654407666, acc: 0.21359223300970873
2025-07-04 19:55:14,613 [INFO] [55] VALIDATION | acc: 0.08284023668639054
2025-07-04 19:55:17,577 [INFO] [56] TRAIN | loss: 2.980232368344846, acc: 0.22052704576976423
2025-07-04 19:55:17,577 [INFO] [56] VALIDATION | acc: 0.09171597633136094
2025-07-04 19:55:20,651 [INFO] [57] TRAIN | loss: 3.0156602652176567, acc: 0.2087378640776699
2025-07-04 19:55:20,651 [INFO] [57] VALIDATION | acc: 0.08875739644970414
2025-07-04 19:55:23,691 [INFO] [58] TRAIN | loss: 2.9666536787281865, acc: 0.21983356449375868
2025-07-04 19:55:23,691 [INFO] [58] VALIDATION | acc: 0.08284023668639054
2025-07-04 19:55:26,817 [INFO] [59] TRAIN | loss: 2.9827930771786235, acc: 0.210124826629681
2025-07-04 19:55:26,817 [INFO] [59] VALIDATION | acc: 0.10355029585798817
2025-07-04 19:55:29,771 [INFO] [60] TRAIN | loss: 2.935695171356201, acc: 0.21844660194174756
2025-07-04 19:55:29,772 [INFO] [60] VALIDATION | acc: 0.10059171597633136
2025-07-04 19:55:32,769 [INFO] [61] TRAIN | loss: 2.9064916735110073, acc: 0.24133148404993066
2025-07-04 19:55:32,769 [INFO] [61] VALIDATION | acc: 0.08579881656804733
2025-07-04 19:55:35,859 [INFO] [62] TRAIN | loss: 2.921493411064148, acc: 0.21497919556171982
2025-07-04 19:55:35,859 [INFO] [62] VALIDATION | acc: 0.08875739644970414
2025-07-04 19:55:38,901 [INFO] [63] TRAIN | loss: 2.871325726094453, acc: 0.22330097087378642
2025-07-04 19:55:38,901 [INFO] [63] VALIDATION | acc: 0.09171597633136094
2025-07-04 19:55:42,016 [INFO] [64] TRAIN | loss: 2.846374713856241, acc: 0.23300970873786409
2025-07-04 19:55:42,016 [INFO] [64] VALIDATION | acc: 0.10059171597633136
2025-07-04 19:55:45,045 [INFO] [65] TRAIN | loss: 2.8260892266812534, acc: 0.22538141470180306
2025-07-04 19:55:45,046 [INFO] [65] VALIDATION | acc: 0.08284023668639054
2025-07-04 19:55:48,186 [INFO] [66] TRAIN | loss: 2.8566406965255737, acc: 0.24133148404993066
2025-07-04 19:55:48,186 [INFO] [66] VALIDATION | acc: 0.11242603550295859
2025-07-04 19:55:51,300 [INFO] [67] TRAIN | loss: 2.8321829101313716, acc: 0.22399445214979197
2025-07-04 19:55:51,300 [INFO] [67] VALIDATION | acc: 0.09467455621301775
2025-07-04 19:55:54,345 [INFO] [68] TRAIN | loss: 2.8096757038779883, acc: 0.23647711511789182
2025-07-04 19:55:54,345 [INFO] [68] VALIDATION | acc: 0.08579881656804733
2025-07-04 19:55:57,378 [INFO] [69] TRAIN | loss: 2.85784271489019, acc: 0.22052704576976423
2025-07-04 19:55:57,378 [INFO] [69] VALIDATION | acc: 0.10355029585798817
2025-07-04 19:56:00,474 [INFO] [70] TRAIN | loss: 2.759699215059695, acc: 0.2406380027739251
2025-07-04 19:56:00,474 [INFO] [70] VALIDATION | acc: 0.11834319526627218
2025-07-04 19:56:03,495 [INFO] [71] TRAIN | loss: 2.71200764697531, acc: 0.2669902912621359
2025-07-04 19:56:03,495 [INFO] [71] VALIDATION | acc: 0.10059171597633136
2025-07-04 19:56:06,545 [INFO] [72] TRAIN | loss: 2.7574642041455144, acc: 0.2503467406380028
2025-07-04 19:56:06,545 [INFO] [72] VALIDATION | acc: 0.08284023668639054
2025-07-04 19:56:09,607 [INFO] [73] TRAIN | loss: 2.7442472447519717, acc: 0.26282940360610263
2025-07-04 19:56:09,607 [INFO] [73] VALIDATION | acc: 0.09467455621301775
2025-07-04 19:56:12,687 [INFO] [74] TRAIN | loss: 2.7191807964573735, acc: 0.2739251040221914
2025-07-04 19:56:12,687 [INFO] [74] VALIDATION | acc: 0.11242603550295859
2025-07-04 19:56:15,681 [INFO] [75] TRAIN | loss: 2.7353059779042783, acc: 0.2552011095700416
2025-07-04 19:56:15,681 [INFO] [75] VALIDATION | acc: 0.08875739644970414
2025-07-04 19:56:18,701 [INFO] [76] TRAIN | loss: 2.6611726854158486, acc: 0.2524271844660194
2025-07-04 19:56:18,701 [INFO] [76] VALIDATION | acc: 0.10650887573964497
2025-07-04 19:56:21,714 [INFO] [77] TRAIN | loss: 2.5935711057289788, acc: 0.29403606102635227
2025-07-04 19:56:21,714 [INFO] [77] VALIDATION | acc: 0.08579881656804733
2025-07-04 19:56:24,720 [INFO] [78] TRAIN | loss: 2.63294778181159, acc: 0.27600554785020803
2025-07-04 19:56:24,721 [INFO] [78] VALIDATION | acc: 0.07100591715976332
2025-07-04 19:56:27,700 [INFO] [79] TRAIN | loss: 2.8113874456156855, acc: 0.2420249653259362
2025-07-04 19:56:27,700 [INFO] [79] VALIDATION | acc: 0.10946745562130178
2025-07-04 19:56:30,569 [INFO] [80] TRAIN | loss: 2.683972477912903, acc: 0.26005547850208044
2025-07-04 19:56:30,569 [INFO] [80] VALIDATION | acc: 0.10946745562130178
2025-07-04 19:56:33,485 [INFO] [81] TRAIN | loss: 2.561965926833775, acc: 0.30097087378640774
2025-07-04 19:56:33,485 [INFO] [81] VALIDATION | acc: 0.07988165680473373
2025-07-04 19:56:36,433 [INFO] [82] TRAIN | loss: 2.5856636296147886, acc: 0.28502080443828015
2025-07-04 19:56:36,434 [INFO] [82] VALIDATION | acc: 0.08284023668639054
2025-07-04 19:56:39,411 [INFO] [83] TRAIN | loss: 2.4753661259360937, acc: 0.31761442441054094
2025-07-04 19:56:39,411 [INFO] [83] VALIDATION | acc: 0.10650887573964497
2025-07-04 19:56:42,285 [INFO] [84] TRAIN | loss: 2.4786268317181133, acc: 0.3259361997226075
2025-07-04 19:56:42,285 [INFO] [84] VALIDATION | acc: 0.10355029585798817
2025-07-04 19:56:45,178 [INFO] [85] TRAIN | loss: 2.501842177432516, acc: 0.31137309292649096
2025-07-04 19:56:45,178 [INFO] [85] VALIDATION | acc: 0.1301775147928994
2025-07-04 19:56:48,053 [INFO] [86] TRAIN | loss: 2.477845036465189, acc: 0.31484049930651875
2025-07-04 19:56:48,053 [INFO] [86] VALIDATION | acc: 0.11834319526627218
2025-07-04 19:56:50,895 [INFO] [87] TRAIN | loss: 2.5117567052011904, acc: 0.30513176144244103
2025-07-04 19:56:50,895 [INFO] [87] VALIDATION | acc: 0.09763313609467456
2025-07-04 19:56:53,739 [INFO] [88] TRAIN | loss: 2.491030462410139, acc: 0.3106796116504854
2025-07-04 19:56:53,740 [INFO] [88] VALIDATION | acc: 0.12721893491124261
2025-07-04 19:56:56,699 [INFO] [89] TRAIN | loss: 2.331696735775989, acc: 0.3550624133148405
2025-07-04 19:56:56,699 [INFO] [89] VALIDATION | acc: 0.1301775147928994
2025-07-04 19:56:59,731 [INFO] [90] TRAIN | loss: 2.3769560482191, acc: 0.35575589459084606
2025-07-04 19:56:59,731 [INFO] [90] VALIDATION | acc: 0.12130177514792899
2025-07-04 19:57:02,755 [INFO] [91] TRAIN | loss: 2.4408830041470737, acc: 0.33356449375866853
2025-07-04 19:57:02,755 [INFO] [91] VALIDATION | acc: 0.10059171597633136
2025-07-04 19:57:05,866 [INFO] [92] TRAIN | loss: 2.30028380000073, acc: 0.3564493758668516
2025-07-04 19:57:05,866 [INFO] [92] VALIDATION | acc: 0.12721893491124261
2025-07-04 19:57:09,018 [INFO] [93] TRAIN | loss: 2.3210029006004333, acc: 0.35852981969486825
2025-07-04 19:57:09,018 [INFO] [93] VALIDATION | acc: 0.16272189349112426
2025-07-04 19:57:12,093 [INFO] [94] TRAIN | loss: 2.3033952998078386, acc: 0.3640776699029126
2025-07-04 19:57:12,093 [INFO] [94] VALIDATION | acc: 0.13313609467455623
2025-07-04 19:57:15,191 [INFO] [95] TRAIN | loss: 2.307202240695124, acc: 0.3564493758668516
2025-07-04 19:57:15,192 [INFO] [95] VALIDATION | acc: 0.10946745562130178
2025-07-04 19:57:18,219 [INFO] [96] TRAIN | loss: 2.3242094905480095, acc: 0.35159500693481277
2025-07-04 19:57:18,219 [INFO] [96] VALIDATION | acc: 0.13609467455621302
2025-07-04 19:57:21,221 [INFO] [97] TRAIN | loss: 2.1799921056498652, acc: 0.4160887656033287
2025-07-04 19:57:21,221 [INFO] [97] VALIDATION | acc: 0.12130177514792899
2025-07-04 19:57:24,142 [INFO] [98] TRAIN | loss: 2.1838442268578904, acc: 0.39667128987517336
2025-07-04 19:57:24,143 [INFO] [98] VALIDATION | acc: 0.14201183431952663
2025-07-04 19:57:27,090 [INFO] [99] TRAIN | loss: 2.2034423558608345, acc: 0.41123439667128986
2025-07-04 19:57:27,090 [INFO] [99] VALIDATION | acc: 0.11538461538461539
2025-07-04 19:57:30,028 [INFO] [100] TRAIN | loss: 2.287579699702885, acc: 0.35575589459084606
2025-07-04 19:57:30,028 [INFO] [100] VALIDATION | acc: 0.11834319526627218
2025-07-04 19:57:30,028 [INFO] Testing checkpointed models starting...

2025-07-04 19:57:33,206 [INFO] checkpoint_t0  ->  0.01937984496124031
2025-07-04 19:57:44,673 [INFO] checkpoint_v0  ->  0.01937984496124031
2025-07-04 19:57:59,466 [INFO] checkpoint_t1  ->  0.027131782945736434
2025-07-04 19:58:14,628 [INFO] checkpoint_v1  ->  0.027131782945736434
2025-07-04 19:58:29,254 [INFO] checkpoint_t2  ->  0.046511627906976744
2025-07-04 19:58:42,080 [INFO] checkpoint_v2  ->  0.06201550387596899
2025-07-04 19:58:54,830 [INFO] checkpoint_t3  ->  0.08527131782945736
2025-07-04 19:59:07,360 [INFO] checkpoint_v3  ->  0.08914728682170543
2025-07-04 19:59:20,414 [INFO] checkpoint_t4  ->  0.10852713178294573
2025-07-04 19:59:33,658 [INFO] checkpoint_v4  ->  0.1124031007751938
2025-07-04 19:59:46,965 [INFO] checkpoint_t5  ->  0.08139534883720931
2025-07-04 19:59:59,817 [INFO] checkpoint_v5  ->  0.09302325581395349
2025-07-04 20:00:13,153 [INFO] checkpoint_t6  ->  0.12403100775193798
2025-07-04 20:00:26,334 [INFO] checkpoint_v6  ->  0.10465116279069768
2025-07-04 20:00:39,019 [INFO] checkpoint_t7  ->  0.08139534883720931
2025-07-04 20:00:51,752 [INFO] checkpoint_v7  ->  0.09689922480620156
2025-07-04 20:01:05,287 [INFO] checkpoint_t8  ->  0.10465116279069768
2025-07-04 20:01:18,361 [INFO] checkpoint_v8  ->  0.08527131782945736
2025-07-04 20:01:31,556 [INFO] checkpoint_t9  ->  0.10465116279069768
2025-07-04 20:01:45,143 [INFO] checkpoint_v9  ->  0.09689922480620156
2025-07-04 20:01:58,337 [INFO] checkpoint_t10  ->  0.1124031007751938
2025-07-04 20:02:10,521 [INFO] checkpoint_v10  ->  0.12015503875968993
2025-07-04 20:02:10,522 [INFO] 
=======================================
2025-07-04 20:02:10,522 [INFO] The best testing checkpoint: spoter_w_learnable_pe/checkpoint_t_6:
2025-07-04 20:02:10,522 [INFO]    Testing accuracy: 0.124
2025-07-04 20:02:10,522 [INFO]    Macro F1 score: 0.095
2025-07-04 20:02:10,522 [INFO]    Weighted F1 score: 0.092
2025-07-04 20:02:10,522 [INFO]    Total trainable parameters: 8,142,380
2025-07-04 20:02:10,522 [INFO]    Elapsed time: 580.83 sec
2025-07-04 20:02:10,522 [INFO] ----------------Config information----------------------- 
2025-07-04 20:02:10,522 [INFO]  - Experiment Args: dataset=WLASL100, features=HAND_POSE_LANDMARKS, include_blendshapes=0, fs=0, num_classes=100, model=spoter, mediapipe_holistic=True, dim=136, heads=8, n_layers=6, PE=1, pad=True, clip_weights=0, clip_gradients=0, opt=SGD, sgd_momentum=0.9, scheduler=cosine, bs=32, epochs=100, lr=1e-03, logfreq=1, checkpoints=True
2025-07-04 20:02:10,722 [INFO] 
Any desired statistics have been plotted.
The experiment is finished.
