2025-07-05 09:30:04,639 [INFO] [INFO] Starting experiment spoter_without_scheduler...


2025-07-05 09:30:07,846 [INFO] [1] TRAIN | loss: 4.593183009520821, acc: 0.016643550624133148
2025-07-05 09:30:07,846 [INFO] [1] VALIDATION | acc: 0.01775147928994083
2025-07-05 09:30:10,932 [INFO] [2] TRAIN | loss: 4.382200178892716, acc: 0.024271844660194174
2025-07-05 09:30:10,932 [INFO] [2] VALIDATION | acc: 0.03254437869822485
2025-07-05 09:30:13,953 [INFO] [3] TRAIN | loss: 4.2653944699660595, acc: 0.03814147018030513
2025-07-05 09:30:13,953 [INFO] [3] VALIDATION | acc: 0.03254437869822485
2025-07-05 09:30:17,079 [INFO] [4] TRAIN | loss: 4.1892131877982095, acc: 0.043689320388349516
2025-07-05 09:30:17,079 [INFO] [4] VALIDATION | acc: 0.03254437869822485
2025-07-05 09:30:20,165 [INFO] [5] TRAIN | loss: 4.131510371747225, acc: 0.054785020804438284
2025-07-05 09:30:20,165 [INFO] [5] VALIDATION | acc: 0.0621301775147929
2025-07-05 09:30:23,264 [INFO] [6] TRAIN | loss: 4.012636106947194, acc: 0.06657420249653259
2025-07-05 09:30:23,264 [INFO] [6] VALIDATION | acc: 0.05917159763313609
2025-07-05 09:30:26,376 [INFO] [7] TRAIN | loss: 3.9532195588816768, acc: 0.07420249653259361
2025-07-05 09:30:26,376 [INFO] [7] VALIDATION | acc: 0.0621301775147929
2025-07-05 09:30:29,316 [INFO] [8] TRAIN | loss: 3.8297664860020513, acc: 0.08876560332871013
2025-07-05 09:30:29,316 [INFO] [8] VALIDATION | acc: 0.07396449704142012
2025-07-05 09:30:32,189 [INFO] [9] TRAIN | loss: 3.7286100024762363, acc: 0.10332871012482663
2025-07-05 09:30:32,189 [INFO] [9] VALIDATION | acc: 0.07396449704142012
2025-07-05 09:30:35,098 [INFO] [10] TRAIN | loss: 3.6897936022799946, acc: 0.10818307905686546
2025-07-05 09:30:35,098 [INFO] [10] VALIDATION | acc: 0.07692307692307693
2025-07-05 09:30:38,020 [INFO] [11] TRAIN | loss: 3.600188644036003, acc: 0.11719833564493759
2025-07-05 09:30:38,020 [INFO] [11] VALIDATION | acc: 0.07396449704142012
2025-07-05 09:30:40,917 [INFO] [12] TRAIN | loss: 3.593911347181901, acc: 0.130374479889043
2025-07-05 09:30:40,917 [INFO] [12] VALIDATION | acc: 0.08579881656804733
2025-07-05 09:30:43,805 [INFO] [13] TRAIN | loss: 3.5700162130853403, acc: 0.12205270457697642
2025-07-05 09:30:43,805 [INFO] [13] VALIDATION | acc: 0.08875739644970414
2025-07-05 09:30:46,709 [INFO] [14] TRAIN | loss: 3.4525266263795937, acc: 0.1463245492371706
2025-07-05 09:30:46,709 [INFO] [14] VALIDATION | acc: 0.09763313609467456
2025-07-05 09:30:49,605 [INFO] [15] TRAIN | loss: 3.3788371708082114, acc: 0.17059639389736478
2025-07-05 09:30:49,606 [INFO] [15] VALIDATION | acc: 0.11538461538461539
2025-07-05 09:30:52,509 [INFO] [16] TRAIN | loss: 3.276666444280873, acc: 0.17753120665742025
2025-07-05 09:30:52,509 [INFO] [16] VALIDATION | acc: 0.10355029585798817
2025-07-05 09:30:55,417 [INFO] [17] TRAIN | loss: 3.2745523608249165, acc: 0.19625520110957004
2025-07-05 09:30:55,417 [INFO] [17] VALIDATION | acc: 0.11538461538461539
2025-07-05 09:30:58,499 [INFO] [18] TRAIN | loss: 3.2392139123833696, acc: 0.20180305131761442
2025-07-05 09:30:58,499 [INFO] [18] VALIDATION | acc: 0.12130177514792899
2025-07-05 09:31:01,539 [INFO] [19] TRAIN | loss: 3.1021597333576367, acc: 0.217753120665742
2025-07-05 09:31:01,539 [INFO] [19] VALIDATION | acc: 0.11834319526627218
2025-07-05 09:31:04,639 [INFO] [20] TRAIN | loss: 3.0813559449237324, acc: 0.23231622746185854
2025-07-05 09:31:04,640 [INFO] [20] VALIDATION | acc: 0.15384615384615385
2025-07-05 09:31:07,739 [INFO] [21] TRAIN | loss: 2.9282339655834697, acc: 0.2766990291262136
2025-07-05 09:31:07,740 [INFO] [21] VALIDATION | acc: 0.17455621301775148
2025-07-05 09:31:10,852 [INFO] [22] TRAIN | loss: 2.8695917077686475, acc: 0.2961165048543689
2025-07-05 09:31:10,852 [INFO] [22] VALIDATION | acc: 0.1804733727810651
2025-07-05 09:31:13,944 [INFO] [23] TRAIN | loss: 2.789829404457756, acc: 0.3300970873786408
2025-07-05 09:31:13,944 [INFO] [23] VALIDATION | acc: 0.1390532544378698
2025-07-05 09:31:16,958 [INFO] [24] TRAIN | loss: 2.776675338330476, acc: 0.31622746185852985
2025-07-05 09:31:16,959 [INFO] [24] VALIDATION | acc: 0.1804733727810651
2025-07-05 09:31:20,041 [INFO] [25] TRAIN | loss: 2.6217587797538093, acc: 0.340499306518724
2025-07-05 09:31:20,041 [INFO] [25] VALIDATION | acc: 0.19230769230769232
2025-07-05 09:31:23,110 [INFO] [26] TRAIN | loss: 2.6071880744851152, acc: 0.3474341192787795
2025-07-05 09:31:23,110 [INFO] [26] VALIDATION | acc: 0.1952662721893491
2025-07-05 09:31:26,304 [INFO] [27] TRAIN | loss: 2.566484114398127, acc: 0.361997226074896
2025-07-05 09:31:26,304 [INFO] [27] VALIDATION | acc: 0.22189349112426035
2025-07-05 09:31:29,425 [INFO] [28] TRAIN | loss: 2.4556962821794595, acc: 0.39667128987517336
2025-07-05 09:31:29,425 [INFO] [28] VALIDATION | acc: 0.2603550295857988
2025-07-05 09:31:32,540 [INFO] [29] TRAIN | loss: 2.320297842440398, acc: 0.4375866851595007
2025-07-05 09:31:32,540 [INFO] [29] VALIDATION | acc: 0.23668639053254437
2025-07-05 09:31:35,568 [INFO] [30] TRAIN | loss: 2.2502190652100937, acc: 0.4563106796116505
2025-07-05 09:31:35,569 [INFO] [30] VALIDATION | acc: 0.257396449704142
2025-07-05 09:31:38,640 [INFO] [31] TRAIN | loss: 2.182569620401963, acc: 0.47434119278779474
2025-07-05 09:31:38,640 [INFO] [31] VALIDATION | acc: 0.26627218934911245
2025-07-05 09:31:41,781 [INFO] [32] TRAIN | loss: 2.160655169383339, acc: 0.47434119278779474
2025-07-05 09:31:41,781 [INFO] [32] VALIDATION | acc: 0.28106508875739644
2025-07-05 09:31:44,915 [INFO] [33] TRAIN | loss: 2.142997850542483, acc: 0.4736477115117892
2025-07-05 09:31:44,915 [INFO] [33] VALIDATION | acc: 0.2455621301775148
2025-07-05 09:31:47,987 [INFO] [34] TRAIN | loss: 1.9680550849956016, acc: 0.529126213592233
2025-07-05 09:31:47,987 [INFO] [34] VALIDATION | acc: 0.23076923076923078
2025-07-05 09:31:51,063 [INFO] [35] TRAIN | loss: 2.0256424934967705, acc: 0.5034674063800277
2025-07-05 09:31:51,063 [INFO] [35] VALIDATION | acc: 0.3106508875739645
2025-07-05 09:31:54,141 [INFO] [36] TRAIN | loss: 1.887237795021223, acc: 0.5547850208044383
2025-07-05 09:31:54,141 [INFO] [36] VALIDATION | acc: 0.28106508875739644
2025-07-05 09:31:57,216 [INFO] [37] TRAIN | loss: 1.9918832001478777, acc: 0.5
2025-07-05 09:31:57,216 [INFO] [37] VALIDATION | acc: 0.29289940828402367
2025-07-05 09:32:00,267 [INFO] [38] TRAIN | loss: 1.903185758901679, acc: 0.5173370319001387
2025-07-05 09:32:00,267 [INFO] [38] VALIDATION | acc: 0.3047337278106509
2025-07-05 09:32:03,379 [INFO] [39] TRAIN | loss: 1.7180752831956614, acc: 0.5894590846047156
2025-07-05 09:32:03,379 [INFO] [39] VALIDATION | acc: 0.2988165680473373
2025-07-05 09:32:06,453 [INFO] [40] TRAIN | loss: 1.7618970378585483, acc: 0.5728155339805825
2025-07-05 09:32:06,453 [INFO] [40] VALIDATION | acc: 0.3224852071005917
2025-07-05 09:32:09,474 [INFO] [41] TRAIN | loss: 1.6318609559017678, acc: 0.6067961165048543
2025-07-05 09:32:09,474 [INFO] [41] VALIDATION | acc: 0.2988165680473373
2025-07-05 09:32:12,521 [INFO] [42] TRAIN | loss: 1.581156795439513, acc: 0.6185852981969486
2025-07-05 09:32:12,521 [INFO] [42] VALIDATION | acc: 0.33727810650887574
2025-07-05 09:32:15,591 [INFO] [43] TRAIN | loss: 1.4114897613940032, acc: 0.6796116504854369
2025-07-05 09:32:15,591 [INFO] [43] VALIDATION | acc: 0.3136094674556213
2025-07-05 09:32:18,621 [INFO] [44] TRAIN | loss: 1.4381476757319078, acc: 0.673370319001387
2025-07-05 09:32:18,621 [INFO] [44] VALIDATION | acc: 0.3698224852071006
2025-07-05 09:32:21,734 [INFO] [45] TRAIN | loss: 1.3957242551057234, acc: 0.6816920943134536
2025-07-05 09:32:21,734 [INFO] [45] VALIDATION | acc: 0.3757396449704142
2025-07-05 09:32:24,728 [INFO] [46] TRAIN | loss: 1.2995008243166881, acc: 0.6851595006934813
2025-07-05 09:32:24,729 [INFO] [46] VALIDATION | acc: 0.3609467455621302
2025-07-05 09:32:27,740 [INFO] [47] TRAIN | loss: 1.1601999609366707, acc: 0.7538141470180305
2025-07-05 09:32:27,741 [INFO] [47] VALIDATION | acc: 0.35502958579881655
2025-07-05 09:32:30,699 [INFO] [48] TRAIN | loss: 1.3273654683776523, acc: 0.6830790568654647
2025-07-05 09:32:30,699 [INFO] [48] VALIDATION | acc: 0.3609467455621302
2025-07-05 09:32:33,663 [INFO] [49] TRAIN | loss: 1.2621527067993, acc: 0.6893203883495146
2025-07-05 09:32:33,663 [INFO] [49] VALIDATION | acc: 0.39349112426035504
2025-07-05 09:32:36,698 [INFO] [50] TRAIN | loss: 1.078826297884402, acc: 0.7614424410540915
2025-07-05 09:32:36,698 [INFO] [50] VALIDATION | acc: 0.3994082840236686
2025-07-05 09:32:39,651 [INFO] [51] TRAIN | loss: 0.990626274243645, acc: 0.7829403606102635
2025-07-05 09:32:39,652 [INFO] [51] VALIDATION | acc: 0.39349112426035504
2025-07-05 09:32:42,645 [INFO] [52] TRAIN | loss: 0.9525085946787959, acc: 0.7995839112343966
2025-07-05 09:32:42,645 [INFO] [52] VALIDATION | acc: 0.4230769230769231
2025-07-05 09:32:45,611 [INFO] [53] TRAIN | loss: 1.0069515731023706, acc: 0.7773925104022191
2025-07-05 09:32:45,611 [INFO] [53] VALIDATION | acc: 0.39349112426035504
2025-07-05 09:32:48,554 [INFO] [54] TRAIN | loss: 1.0560999149861543, acc: 0.7614424410540915
2025-07-05 09:32:48,554 [INFO] [54] VALIDATION | acc: 0.378698224852071
2025-07-05 09:32:51,502 [INFO] [55] TRAIN | loss: 0.9641022021355836, acc: 0.7808599167822469
2025-07-05 09:32:51,502 [INFO] [55] VALIDATION | acc: 0.46153846153846156
2025-07-05 09:32:54,493 [INFO] [56] TRAIN | loss: 0.8643219937448916, acc: 0.8176144244105409
2025-07-05 09:32:54,493 [INFO] [56] VALIDATION | acc: 0.363905325443787
2025-07-05 09:32:57,503 [INFO] [57] TRAIN | loss: 1.1032422107198965, acc: 0.7233009708737864
2025-07-05 09:32:57,504 [INFO] [57] VALIDATION | acc: 0.3757396449704142
2025-07-05 09:33:00,496 [INFO] [58] TRAIN | loss: 0.9517064573972122, acc: 0.7829403606102635
2025-07-05 09:33:00,496 [INFO] [58] VALIDATION | acc: 0.41420118343195267
2025-07-05 09:33:03,606 [INFO] [59] TRAIN | loss: 0.8284539586823919, acc: 0.8294036061026352
2025-07-05 09:33:03,607 [INFO] [59] VALIDATION | acc: 0.4467455621301775
2025-07-05 09:33:07,155 [INFO] [60] TRAIN | loss: 0.6756661586139513, acc: 0.869625520110957
2025-07-05 09:33:07,155 [INFO] [60] VALIDATION | acc: 0.47041420118343197
2025-07-05 09:33:10,159 [INFO] [61] TRAIN | loss: 0.6210557351941648, acc: 0.9036061026352289
2025-07-05 09:33:10,159 [INFO] [61] VALIDATION | acc: 0.42011834319526625
2025-07-05 09:33:13,273 [INFO] [62] TRAIN | loss: 0.8138367235660553, acc: 0.8203883495145631
2025-07-05 09:33:13,273 [INFO] [62] VALIDATION | acc: 0.4467455621301775
2025-07-05 09:33:16,390 [INFO] [63] TRAIN | loss: 0.8529692658263704, acc: 0.8002773925104022
2025-07-05 09:33:16,390 [INFO] [63] VALIDATION | acc: 0.4260355029585799
2025-07-05 09:33:19,499 [INFO] [64] TRAIN | loss: 0.5566982834235482, acc: 0.8994452149791956
2025-07-05 09:33:19,499 [INFO] [64] VALIDATION | acc: 0.4526627218934911
2025-07-05 09:33:22,587 [INFO] [65] TRAIN | loss: 0.4688444118136945, acc: 0.9209431345353676
2025-07-05 09:33:22,587 [INFO] [65] VALIDATION | acc: 0.47041420118343197
2025-07-05 09:33:25,670 [INFO] [66] TRAIN | loss: 0.413446513854939, acc: 0.9396671289875174
2025-07-05 09:33:25,671 [INFO] [66] VALIDATION | acc: 0.46449704142011833
2025-07-05 09:33:28,808 [INFO] [67] TRAIN | loss: 0.3972365384840447, acc: 0.9472954230235784
2025-07-05 09:33:28,808 [INFO] [67] VALIDATION | acc: 0.4911242603550296
2025-07-05 09:33:31,927 [INFO] [68] TRAIN | loss: 0.3499970662852992, acc: 0.9597780859916782
2025-07-05 09:33:31,927 [INFO] [68] VALIDATION | acc: 0.47041420118343197
2025-07-05 09:33:35,029 [INFO] [69] TRAIN | loss: 0.3391151784554772, acc: 0.9674063800277393
2025-07-05 09:33:35,029 [INFO] [69] VALIDATION | acc: 0.44970414201183434
2025-07-05 09:33:38,066 [INFO] [70] TRAIN | loss: 0.3744636139144068, acc: 0.9459084604715673
2025-07-05 09:33:38,067 [INFO] [70] VALIDATION | acc: 0.46449704142011833
2025-07-05 09:33:41,172 [INFO] [71] TRAIN | loss: 0.3314741992432138, acc: 0.957004160887656
2025-07-05 09:33:41,172 [INFO] [71] VALIDATION | acc: 0.4940828402366864
2025-07-05 09:33:44,328 [INFO] [72] TRAIN | loss: 0.3557118310228638, acc: 0.9549237170596394
2025-07-05 09:33:44,328 [INFO] [72] VALIDATION | acc: 0.5
2025-07-05 09:33:47,463 [INFO] [73] TRAIN | loss: 0.2708297614818034, acc: 0.970873786407767
2025-07-05 09:33:47,464 [INFO] [73] VALIDATION | acc: 0.5029585798816568
2025-07-05 09:33:50,622 [INFO] [74] TRAIN | loss: 0.22013265283211417, acc: 0.9819694868238558
2025-07-05 09:33:50,622 [INFO] [74] VALIDATION | acc: 0.5118343195266272
2025-07-05 09:33:53,802 [INFO] [75] TRAIN | loss: 0.19193906887717868, acc: 0.986130374479889
2025-07-05 09:33:53,802 [INFO] [75] VALIDATION | acc: 0.5295857988165681
2025-07-05 09:33:56,829 [INFO] [76] TRAIN | loss: 0.17305495363214743, acc: 0.986130374479889
2025-07-05 09:33:56,829 [INFO] [76] VALIDATION | acc: 0.514792899408284
2025-07-05 09:33:59,877 [INFO] [77] TRAIN | loss: 0.17896447476485502, acc: 0.9840499306518724
2025-07-05 09:33:59,877 [INFO] [77] VALIDATION | acc: 0.5059171597633136
2025-07-05 09:34:02,927 [INFO] [78] TRAIN | loss: 0.26097225624582043, acc: 0.9639389736477115
2025-07-05 09:34:02,927 [INFO] [78] VALIDATION | acc: 0.5118343195266272
2025-07-05 09:34:05,901 [INFO] [79] TRAIN | loss: 0.1690156741634659, acc: 0.9854368932038835
2025-07-05 09:34:05,901 [INFO] [79] VALIDATION | acc: 0.5088757396449705
2025-07-05 09:34:08,981 [INFO] [80] TRAIN | loss: 0.1384486643516499, acc: 0.992371705963939
2025-07-05 09:34:08,982 [INFO] [80] VALIDATION | acc: 0.5177514792899408
2025-07-05 09:34:12,001 [INFO] [81] TRAIN | loss: 0.16287957261437955, acc: 0.9833564493758669
2025-07-05 09:34:12,001 [INFO] [81] VALIDATION | acc: 0.4911242603550296
2025-07-05 09:34:15,149 [INFO] [82] TRAIN | loss: 0.1846180022086786, acc: 0.9764216366158114
2025-07-05 09:34:15,149 [INFO] [82] VALIDATION | acc: 0.5
2025-07-05 09:34:18,245 [INFO] [83] TRAIN | loss: 0.1639055829981099, acc: 0.9812760055478502
2025-07-05 09:34:18,245 [INFO] [83] VALIDATION | acc: 0.4940828402366864
2025-07-05 09:34:21,345 [INFO] [84] TRAIN | loss: 0.12799605905361797, acc: 0.9902912621359223
2025-07-05 09:34:21,345 [INFO] [84] VALIDATION | acc: 0.5029585798816568
2025-07-05 09:34:24,433 [INFO] [85] TRAIN | loss: 0.09833526190208353, acc: 0.9937586685159501
2025-07-05 09:34:24,433 [INFO] [85] VALIDATION | acc: 0.514792899408284
2025-07-05 09:34:27,419 [INFO] [86] TRAIN | loss: 0.10830493635781434, acc: 0.9930651872399445
2025-07-05 09:34:27,419 [INFO] [86] VALIDATION | acc: 0.4260355029585799
2025-07-05 09:34:30,330 [INFO] [87] TRAIN | loss: 0.5007648578156596, acc: 0.9001386962552012
2025-07-05 09:34:30,331 [INFO] [87] VALIDATION | acc: 0.46745562130177515
2025-07-05 09:34:33,248 [INFO] [88] TRAIN | loss: 0.2668454787977364, acc: 0.9597780859916782
2025-07-05 09:34:33,249 [INFO] [88] VALIDATION | acc: 0.4822485207100592
2025-07-05 09:34:36,122 [INFO] [89] TRAIN | loss: 0.1384521678454526, acc: 0.9875173370319001
2025-07-05 09:34:36,122 [INFO] [89] VALIDATION | acc: 0.5029585798816568
2025-07-05 09:34:39,001 [INFO] [90] TRAIN | loss: 0.10292786084439444, acc: 0.9930651872399445
2025-07-05 09:34:39,001 [INFO] [90] VALIDATION | acc: 0.5059171597633136
2025-07-05 09:34:41,899 [INFO] [91] TRAIN | loss: 0.10703587653520315, acc: 0.9916782246879334
2025-07-05 09:34:41,899 [INFO] [91] VALIDATION | acc: 0.4911242603550296
2025-07-05 09:34:44,829 [INFO] [92] TRAIN | loss: 0.15973365865647793, acc: 0.986130374479889
2025-07-05 09:34:44,829 [INFO] [92] VALIDATION | acc: 0.5029585798816568
2025-07-05 09:34:47,794 [INFO] [93] TRAIN | loss: 0.09733757773495239, acc: 0.9916782246879334
2025-07-05 09:34:47,794 [INFO] [93] VALIDATION | acc: 0.5088757396449705
2025-07-05 09:34:50,698 [INFO] [94] TRAIN | loss: 0.08222882538709951, acc: 0.992371705963939
2025-07-05 09:34:50,698 [INFO] [94] VALIDATION | acc: 0.4970414201183432
2025-07-05 09:34:53,601 [INFO] [95] TRAIN | loss: 0.07721366660426492, acc: 0.9951456310679612
2025-07-05 09:34:53,601 [INFO] [95] VALIDATION | acc: 0.4911242603550296
2025-07-05 09:34:56,489 [INFO] [96] TRAIN | loss: 0.06976659182945023, acc: 0.9930651872399445
2025-07-05 09:34:56,489 [INFO] [96] VALIDATION | acc: 0.5088757396449705
2025-07-05 09:34:59,587 [INFO] [97] TRAIN | loss: 0.0640435061700966, acc: 0.9937586685159501
2025-07-05 09:34:59,587 [INFO] [97] VALIDATION | acc: 0.5118343195266272
2025-07-05 09:35:02,671 [INFO] [98] TRAIN | loss: 0.06598247964259076, acc: 0.9944521497919556
2025-07-05 09:35:02,672 [INFO] [98] VALIDATION | acc: 0.5118343195266272
2025-07-05 09:35:05,703 [INFO] [99] TRAIN | loss: 0.058372034245859024, acc: 0.9937586685159501
2025-07-05 09:35:05,703 [INFO] [99] VALIDATION | acc: 0.5059171597633136
2025-07-05 09:35:08,690 [INFO] [100] TRAIN | loss: 0.0564371136057636, acc: 0.9951456310679612
2025-07-05 09:35:08,690 [INFO] [100] VALIDATION | acc: 0.5118343195266272
2025-07-05 09:35:08,691 [INFO] Testing checkpointed models starting...

2025-07-05 09:35:11,766 [INFO] checkpoint_t0  ->  0.023255813953488372
2025-07-05 09:35:22,460 [INFO] checkpoint_v0  ->  0.023255813953488372
2025-07-05 09:35:35,385 [INFO] checkpoint_t1  ->  0.1124031007751938
2025-07-05 09:35:48,492 [INFO] checkpoint_v1  ->  0.10077519379844961
2025-07-05 09:36:01,862 [INFO] checkpoint_t2  ->  0.17054263565891473
2025-07-05 09:36:15,091 [INFO] checkpoint_v2  ->  0.17054263565891473
2025-07-05 09:36:28,525 [INFO] checkpoint_t3  ->  0.3023255813953488
2025-07-05 09:36:41,178 [INFO] checkpoint_v3  ->  0.3023255813953488
2025-07-05 09:36:54,101 [INFO] checkpoint_t4  ->  0.32170542635658916
2025-07-05 09:37:07,645 [INFO] checkpoint_v4  ->  0.3333333333333333
2025-07-05 09:37:21,999 [INFO] checkpoint_t5  ->  0.4496124031007752
2025-07-05 09:37:35,179 [INFO] checkpoint_v5  ->  0.3953488372093023
2025-07-05 09:37:48,365 [INFO] checkpoint_t6  ->  0.45348837209302323
2025-07-05 09:38:01,546 [INFO] checkpoint_v6  ->  0.4418604651162791
2025-07-05 09:38:14,264 [INFO] checkpoint_t7  ->  0.4689922480620155
2025-07-05 09:38:27,036 [INFO] checkpoint_v7  ->  0.5116279069767442
2025-07-05 09:38:39,939 [INFO] checkpoint_t8  ->  0.5193798449612403
2025-07-05 09:38:52,622 [INFO] checkpoint_v8  ->  0.5
2025-07-05 09:39:05,534 [INFO] checkpoint_t9  ->  0.5
2025-07-05 09:39:18,529 [INFO] checkpoint_v9  ->  0.5
2025-07-05 09:39:31,521 [INFO] checkpoint_t10  ->  0.5271317829457365
2025-07-05 09:39:44,368 [INFO] checkpoint_v10  ->  0.5271317829457365
2025-07-05 09:39:44,369 [INFO] 
=======================================
2025-07-05 09:39:44,369 [INFO] The best testing checkpoint: spoter_without_scheduler/checkpoint_t_10:
2025-07-05 09:39:44,369 [INFO]    Testing accuracy: 0.527
2025-07-05 09:39:44,369 [INFO]    Macro F1 score: 0.506
2025-07-05 09:39:44,369 [INFO]    Weighted F1 score: 0.509
2025-07-05 09:39:44,369 [INFO]    Total trainable parameters: 8,142,380
2025-07-05 09:39:44,369 [INFO]    Elapsed time: 579.73 sec
2025-07-05 09:39:44,369 [INFO] ----------------Config information----------------------- 
2025-07-05 09:39:44,369 [INFO]  - Experiment Args: dataset=WLASL100, features=HAND_POSE_LANDMARKS, include_blendshapes=0, fs=0, num_classes=100, model=spoter, mediapipe_holistic=True, dim=136, heads=8, n_layers=6, PE=0, pad=True, clip_weights=0, clip_gradients=0, opt=SGD, sgd_momentum=0.9, scheduler=none, bs=32, epochs=100, lr=1e-03, logfreq=1, checkpoints=True
2025-07-05 09:39:44,570 [INFO] 
Any desired statistics have been plotted.
The experiment is finished.
