2025-07-07 22:07:50,845 [INFO] [INFO] Starting experiment encoder_hand_pose_landmarks_fs1_pad_truncate...


2025-07-07 22:07:52,878 [INFO] [1] TRAIN | loss: 4.747229130371757, acc: 0.005547850208044383
2025-07-07 22:07:52,878 [INFO] [1] VALIDATION | acc: 0.011834319526627219
2025-07-07 22:07:54,748 [INFO] [2] TRAIN | loss: 4.686524173487788, acc: 0.009015256588072122
2025-07-07 22:07:54,749 [INFO] [2] VALIDATION | acc: 0.01775147928994083
2025-07-07 22:07:56,633 [INFO] [3] TRAIN | loss: 4.624796483827674, acc: 0.022191400832177532
2025-07-07 22:07:56,644 [INFO] [3] VALIDATION | acc: 0.01775147928994083
2025-07-07 22:07:58,512 [INFO] [4] TRAIN | loss: 4.569302558898926, acc: 0.024965325936199722
2025-07-07 22:07:58,512 [INFO] [4] VALIDATION | acc: 0.020710059171597635
2025-07-07 22:08:00,390 [INFO] [5] TRAIN | loss: 4.504372534544571, acc: 0.03259361997226075
2025-07-07 22:08:00,390 [INFO] [5] VALIDATION | acc: 0.029585798816568046
2025-07-07 22:08:02,242 [INFO] [6] TRAIN | loss: 4.41378787289495, acc: 0.040915395284327326
2025-07-07 22:08:02,242 [INFO] [6] VALIDATION | acc: 0.029585798816568046
2025-07-07 22:08:04,089 [INFO] [7] TRAIN | loss: 4.306750411572664, acc: 0.038834951456310676
2025-07-07 22:08:04,089 [INFO] [7] VALIDATION | acc: 0.04142011834319527
2025-07-07 22:08:05,957 [INFO] [8] TRAIN | loss: 4.220276371292446, acc: 0.044382801664355064
2025-07-07 22:08:05,957 [INFO] [8] VALIDATION | acc: 0.04437869822485207
2025-07-07 22:08:07,804 [INFO] [9] TRAIN | loss: 4.147457444149515, acc: 0.0478502080443828
2025-07-07 22:08:07,804 [INFO] [9] VALIDATION | acc: 0.038461538461538464
2025-07-07 22:08:09,680 [INFO] [10] TRAIN | loss: 4.060727751773337, acc: 0.06171983356449376
2025-07-07 22:08:09,680 [INFO] [10] VALIDATION | acc: 0.07100591715976332
2025-07-07 22:08:11,537 [INFO] [11] TRAIN | loss: 3.9586337441983432, acc: 0.07212205270457697
2025-07-07 22:08:11,537 [INFO] [11] VALIDATION | acc: 0.06804733727810651
2025-07-07 22:08:13,424 [INFO] [12] TRAIN | loss: 3.8721493586249975, acc: 0.0811373092926491
2025-07-07 22:08:13,424 [INFO] [12] VALIDATION | acc: 0.08875739644970414
2025-07-07 22:08:15,269 [INFO] [13] TRAIN | loss: 3.805554431417714, acc: 0.09431345353675451
2025-07-07 22:08:15,269 [INFO] [13] VALIDATION | acc: 0.08579881656804733
2025-07-07 22:08:17,152 [INFO] [14] TRAIN | loss: 3.7305414987647016, acc: 0.10957004160887657
2025-07-07 22:08:17,152 [INFO] [14] VALIDATION | acc: 0.09467455621301775
2025-07-07 22:08:19,008 [INFO] [15] TRAIN | loss: 3.693232406740603, acc: 0.11373092926490985
2025-07-07 22:08:19,009 [INFO] [15] VALIDATION | acc: 0.09171597633136094
2025-07-07 22:08:20,881 [INFO] [16] TRAIN | loss: 3.6287586274354355, acc: 0.13661581137309292
2025-07-07 22:08:20,881 [INFO] [16] VALIDATION | acc: 0.10059171597633136
2025-07-07 22:08:22,776 [INFO] [17] TRAIN | loss: 3.5448686558267344, acc: 0.14563106796116504
2025-07-07 22:08:22,776 [INFO] [17] VALIDATION | acc: 0.12130177514792899
2025-07-07 22:08:24,628 [INFO] [18] TRAIN | loss: 3.5103582299273945, acc: 0.1449375866851595
2025-07-07 22:08:24,628 [INFO] [18] VALIDATION | acc: 0.12721893491124261
2025-07-07 22:08:26,488 [INFO] [19] TRAIN | loss: 3.45908262418664, acc: 0.1539528432732316
2025-07-07 22:08:26,488 [INFO] [19] VALIDATION | acc: 0.1242603550295858
2025-07-07 22:08:28,351 [INFO] [20] TRAIN | loss: 3.3938424898230513, acc: 0.16158113730929266
2025-07-07 22:08:28,351 [INFO] [20] VALIDATION | acc: 0.14792899408284024
2025-07-07 22:08:30,197 [INFO] [21] TRAIN | loss: 3.2989830037821894, acc: 0.1914008321775312
2025-07-07 22:08:30,197 [INFO] [21] VALIDATION | acc: 0.1242603550295858
2025-07-07 22:08:32,053 [INFO] [22] TRAIN | loss: 3.223921298980713, acc: 0.21497919556171982
2025-07-07 22:08:32,053 [INFO] [22] VALIDATION | acc: 0.15976331360946747
2025-07-07 22:08:33,902 [INFO] [23] TRAIN | loss: 3.208294427913168, acc: 0.18654646324549237
2025-07-07 22:08:33,902 [INFO] [23] VALIDATION | acc: 0.16272189349112426
2025-07-07 22:08:35,775 [INFO] [24] TRAIN | loss: 3.1070714826169223, acc: 0.21983356449375868
2025-07-07 22:08:35,775 [INFO] [24] VALIDATION | acc: 0.17159763313609466
2025-07-07 22:08:37,622 [INFO] [25] TRAIN | loss: 3.0531044835629673, acc: 0.24549237170596394
2025-07-07 22:08:37,622 [INFO] [25] VALIDATION | acc: 0.16272189349112426
2025-07-07 22:08:39,481 [INFO] [26] TRAIN | loss: 3.0708158482675967, acc: 0.24895977808599168
2025-07-07 22:08:39,481 [INFO] [26] VALIDATION | acc: 0.1893491124260355
2025-07-07 22:08:41,348 [INFO] [27] TRAIN | loss: 2.953243245249209, acc: 0.28640776699029125
2025-07-07 22:08:41,348 [INFO] [27] VALIDATION | acc: 0.20118343195266272
2025-07-07 22:08:43,200 [INFO] [28] TRAIN | loss: 2.8737882323887036, acc: 0.30097087378640774
2025-07-07 22:08:43,200 [INFO] [28] VALIDATION | acc: 0.13609467455621302
2025-07-07 22:08:45,041 [INFO] [29] TRAIN | loss: 2.8576594072839487, acc: 0.2933425797503467
2025-07-07 22:08:45,041 [INFO] [29] VALIDATION | acc: 0.20118343195266272
2025-07-07 22:08:46,910 [INFO] [30] TRAIN | loss: 2.735278844833374, acc: 0.32940360610263525
2025-07-07 22:08:46,910 [INFO] [30] VALIDATION | acc: 0.2692307692307692
2025-07-07 22:08:48,768 [INFO] [31] TRAIN | loss: 2.6808679725812827, acc: 0.3668515950069348
2025-07-07 22:08:48,768 [INFO] [31] VALIDATION | acc: 0.24260355029585798
2025-07-07 22:08:50,629 [INFO] [32] TRAIN | loss: 2.708598810693492, acc: 0.33841886269070737
2025-07-07 22:08:50,629 [INFO] [32] VALIDATION | acc: 0.21005917159763313
2025-07-07 22:08:52,493 [INFO] [33] TRAIN | loss: 2.6592600190121196, acc: 0.340499306518724
2025-07-07 22:08:52,493 [INFO] [33] VALIDATION | acc: 0.22485207100591717
2025-07-07 22:08:54,348 [INFO] [34] TRAIN | loss: 2.5629380008448726, acc: 0.38765603328710124
2025-07-07 22:08:54,348 [INFO] [34] VALIDATION | acc: 0.29289940828402367
2025-07-07 22:08:56,189 [INFO] [35] TRAIN | loss: 2.4703132898911186, acc: 0.40083217753120665
2025-07-07 22:08:56,189 [INFO] [35] VALIDATION | acc: 0.28994082840236685
2025-07-07 22:08:58,040 [INFO] [36] TRAIN | loss: 2.429970938226451, acc: 0.406380027739251
2025-07-07 22:08:58,040 [INFO] [36] VALIDATION | acc: 0.2869822485207101
2025-07-07 22:08:59,900 [INFO] [37] TRAIN | loss: 2.3805457146271416, acc: 0.41539528432732314
2025-07-07 22:08:59,900 [INFO] [37] VALIDATION | acc: 0.3136094674556213
2025-07-07 22:09:01,785 [INFO] [38] TRAIN | loss: 2.28046664206878, acc: 0.4604715672676838
2025-07-07 22:09:01,785 [INFO] [38] VALIDATION | acc: 0.3254437869822485
2025-07-07 22:09:03,645 [INFO] [39] TRAIN | loss: 2.1927011013031006, acc: 0.4791955617198336
2025-07-07 22:09:03,645 [INFO] [39] VALIDATION | acc: 0.30177514792899407
2025-07-07 22:09:05,488 [INFO] [40] TRAIN | loss: 2.2515524159307065, acc: 0.43828016643550627
2025-07-07 22:09:05,488 [INFO] [40] VALIDATION | acc: 0.33136094674556216
2025-07-07 22:09:07,349 [INFO] [41] TRAIN | loss: 2.159768065680628, acc: 0.4812760055478502
2025-07-07 22:09:07,349 [INFO] [41] VALIDATION | acc: 0.34615384615384615
2025-07-07 22:09:09,223 [INFO] [42] TRAIN | loss: 2.0970867431682088, acc: 0.5201109570041609
2025-07-07 22:09:09,223 [INFO] [42] VALIDATION | acc: 0.30177514792899407
2025-07-07 22:09:11,070 [INFO] [43] TRAIN | loss: 2.1653445155724236, acc: 0.4764216366158114
2025-07-07 22:09:11,070 [INFO] [43] VALIDATION | acc: 0.3224852071005917
2025-07-07 22:09:12,912 [INFO] [44] TRAIN | loss: 2.065169635026351, acc: 0.5027739251040222
2025-07-07 22:09:12,912 [INFO] [44] VALIDATION | acc: 0.33136094674556216
2025-07-07 22:09:14,767 [INFO] [45] TRAIN | loss: 2.089718090451282, acc: 0.4944521497919556
2025-07-07 22:09:14,767 [INFO] [45] VALIDATION | acc: 0.3757396449704142
2025-07-07 22:09:16,624 [INFO] [46] TRAIN | loss: 1.959378447221673, acc: 0.5346740638002774
2025-07-07 22:09:16,624 [INFO] [46] VALIDATION | acc: 0.3520710059171598
2025-07-07 22:09:18,480 [INFO] [47] TRAIN | loss: 1.8931608718374502, acc: 0.5589459084604715
2025-07-07 22:09:18,480 [INFO] [47] VALIDATION | acc: 0.33136094674556216
2025-07-07 22:09:20,358 [INFO] [48] TRAIN | loss: 1.8956729329150657, acc: 0.5381414701803051
2025-07-07 22:09:20,358 [INFO] [48] VALIDATION | acc: 0.3757396449704142
2025-07-07 22:09:22,235 [INFO] [49] TRAIN | loss: 1.7884240357772163, acc: 0.5748959778085991
2025-07-07 22:09:22,235 [INFO] [49] VALIDATION | acc: 0.40236686390532544
2025-07-07 22:09:24,078 [INFO] [50] TRAIN | loss: 1.8254512807597285, acc: 0.5936199722607489
2025-07-07 22:09:24,078 [INFO] [50] VALIDATION | acc: 0.33727810650887574
2025-07-07 22:09:25,899 [INFO] [51] TRAIN | loss: 1.9055181275243345, acc: 0.5277392510402219
2025-07-07 22:09:25,899 [INFO] [51] VALIDATION | acc: 0.3698224852071006
2025-07-07 22:09:27,703 [INFO] [52] TRAIN | loss: 1.7464124845421833, acc: 0.5783633841886269
2025-07-07 22:09:27,703 [INFO] [52] VALIDATION | acc: 0.4260355029585799
2025-07-07 22:09:29,488 [INFO] [53] TRAIN | loss: 1.7088265289431033, acc: 0.5811373092926491
2025-07-07 22:09:29,488 [INFO] [53] VALIDATION | acc: 0.3727810650887574
2025-07-07 22:09:31,292 [INFO] [54] TRAIN | loss: 1.6334264485732368, acc: 0.6151178918169209
2025-07-07 22:09:31,292 [INFO] [54] VALIDATION | acc: 0.3816568047337278
2025-07-07 22:09:33,109 [INFO] [55] TRAIN | loss: 1.6720967817565668, acc: 0.5984743411927878
2025-07-07 22:09:33,109 [INFO] [55] VALIDATION | acc: 0.4349112426035503
2025-07-07 22:09:34,914 [INFO] [56] TRAIN | loss: 1.5051625526469687, acc: 0.6636615811373093
2025-07-07 22:09:34,914 [INFO] [56] VALIDATION | acc: 0.41124260355029585
2025-07-07 22:09:36,708 [INFO] [57] TRAIN | loss: 1.5749032912047014, acc: 0.616504854368932
2025-07-07 22:09:36,709 [INFO] [57] VALIDATION | acc: 0.4230769230769231
2025-07-07 22:09:38,530 [INFO] [58] TRAIN | loss: 1.489402042782825, acc: 0.651872399445215
2025-07-07 22:09:38,530 [INFO] [58] VALIDATION | acc: 0.3875739644970414
2025-07-07 22:09:40,340 [INFO] [59] TRAIN | loss: 1.4696478765943777, acc: 0.6504854368932039
2025-07-07 22:09:40,340 [INFO] [59] VALIDATION | acc: 0.44970414201183434
2025-07-07 22:09:42,144 [INFO] [60] TRAIN | loss: 1.425874518311542, acc: 0.6705963938973648
2025-07-07 22:09:42,144 [INFO] [60] VALIDATION | acc: 0.4171597633136095
2025-07-07 22:09:43,940 [INFO] [61] TRAIN | loss: 1.426168397716854, acc: 0.6699029126213593
2025-07-07 22:09:43,940 [INFO] [61] VALIDATION | acc: 0.4319526627218935
2025-07-07 22:09:45,769 [INFO] [62] TRAIN | loss: 1.3496583272581515, acc: 0.6879334257975035
2025-07-07 22:09:45,769 [INFO] [62] VALIDATION | acc: 0.4319526627218935
2025-07-07 22:09:47,581 [INFO] [63] TRAIN | loss: 1.3095944562683934, acc: 0.7233009708737864
2025-07-07 22:09:47,581 [INFO] [63] VALIDATION | acc: 0.4319526627218935
2025-07-07 22:09:49,369 [INFO] [64] TRAIN | loss: 1.4108733223832173, acc: 0.6567267683772539
2025-07-07 22:09:49,369 [INFO] [64] VALIDATION | acc: 0.4319526627218935
2025-07-07 22:09:51,182 [INFO] [65] TRAIN | loss: 1.2897280700828717, acc: 0.7045769764216366
2025-07-07 22:09:51,182 [INFO] [65] VALIDATION | acc: 0.4526627218934911
2025-07-07 22:09:52,985 [INFO] [66] TRAIN | loss: 1.274071189372436, acc: 0.70249653259362
2025-07-07 22:09:52,985 [INFO] [66] VALIDATION | acc: 0.45857988165680474
2025-07-07 22:09:54,786 [INFO] [67] TRAIN | loss: 1.2180106238178585, acc: 0.7343966712898752
2025-07-07 22:09:54,786 [INFO] [67] VALIDATION | acc: 0.4230769230769231
2025-07-07 22:09:56,582 [INFO] [68] TRAIN | loss: 1.263173142205114, acc: 0.6920943134535368
2025-07-07 22:09:56,582 [INFO] [68] VALIDATION | acc: 0.47041420118343197
2025-07-07 22:09:58,388 [INFO] [69] TRAIN | loss: 1.169521584458973, acc: 0.7371705963938974
2025-07-07 22:09:58,388 [INFO] [69] VALIDATION | acc: 0.47928994082840237
2025-07-07 22:10:00,177 [INFO] [70] TRAIN | loss: 1.1755301382230676, acc: 0.7170596393897365
2025-07-07 22:10:00,177 [INFO] [70] VALIDATION | acc: 0.4822485207100592
2025-07-07 22:10:01,974 [INFO] [71] TRAIN | loss: 1.0980150492294976, acc: 0.7614424410540915
2025-07-07 22:10:01,974 [INFO] [71] VALIDATION | acc: 0.5118343195266272
2025-07-07 22:10:03,780 [INFO] [72] TRAIN | loss: 1.0856741161450096, acc: 0.7565880721220527
2025-07-07 22:10:03,780 [INFO] [72] VALIDATION | acc: 0.4970414201183432
2025-07-07 22:10:05,586 [INFO] [73] TRAIN | loss: 1.0387722318587096, acc: 0.7739251040221914
2025-07-07 22:10:05,586 [INFO] [73] VALIDATION | acc: 0.5088757396449705
2025-07-07 22:10:07,384 [INFO] [74] TRAIN | loss: 1.0021897826505743, acc: 0.7843273231622746
2025-07-07 22:10:07,384 [INFO] [74] VALIDATION | acc: 0.47928994082840237
2025-07-07 22:10:09,163 [INFO] [75] TRAIN | loss: 0.9809419422045998, acc: 0.7850208044382802
2025-07-07 22:10:09,163 [INFO] [75] VALIDATION | acc: 0.5059171597633136
2025-07-07 22:10:10,951 [INFO] [76] TRAIN | loss: 0.9543015425619872, acc: 0.7940360610263523
2025-07-07 22:10:10,951 [INFO] [76] VALIDATION | acc: 0.47337278106508873
2025-07-07 22:10:12,733 [INFO] [77] TRAIN | loss: 1.0355727957642598, acc: 0.7711511789181692
2025-07-07 22:10:12,733 [INFO] [77] VALIDATION | acc: 0.5029585798816568
2025-07-07 22:10:14,501 [INFO] [78] TRAIN | loss: 0.9994414419583653, acc: 0.7725381414701803
2025-07-07 22:10:14,501 [INFO] [78] VALIDATION | acc: 0.4822485207100592
2025-07-07 22:10:16,299 [INFO] [79] TRAIN | loss: 0.874373540930126, acc: 0.8162274618585298
2025-07-07 22:10:16,299 [INFO] [79] VALIDATION | acc: 0.4970414201183432
2025-07-07 22:10:18,106 [INFO] [80] TRAIN | loss: 0.848943548358005, acc: 0.8294036061026352
2025-07-07 22:10:18,106 [INFO] [80] VALIDATION | acc: 0.5414201183431953
2025-07-07 22:10:19,910 [INFO] [81] TRAIN | loss: 0.8392171639463176, acc: 0.8307905686546463
2025-07-07 22:10:19,910 [INFO] [81] VALIDATION | acc: 0.5118343195266272
2025-07-07 22:10:21,721 [INFO] [82] TRAIN | loss: 0.8187900742758876, acc: 0.8280166435506241
2025-07-07 22:10:21,721 [INFO] [82] VALIDATION | acc: 0.4970414201183432
2025-07-07 22:10:23,512 [INFO] [83] TRAIN | loss: 0.8023635213789733, acc: 0.8377253814147018
2025-07-07 22:10:23,512 [INFO] [83] VALIDATION | acc: 0.5562130177514792
2025-07-07 22:10:25,306 [INFO] [84] TRAIN | loss: 0.7413926059785096, acc: 0.8509015256588072
2025-07-07 22:10:25,306 [INFO] [84] VALIDATION | acc: 0.5473372781065089
2025-07-07 22:10:27,103 [INFO] [85] TRAIN | loss: 0.7530303668716679, acc: 0.863384188626907
2025-07-07 22:10:27,103 [INFO] [85] VALIDATION | acc: 0.5266272189349113
2025-07-07 22:10:28,868 [INFO] [86] TRAIN | loss: 0.8206754508225814, acc: 0.8162274618585298
2025-07-07 22:10:28,868 [INFO] [86] VALIDATION | acc: 0.514792899408284
2025-07-07 22:10:30,647 [INFO] [87] TRAIN | loss: 0.714093804359436, acc: 0.863384188626907
2025-07-07 22:10:30,648 [INFO] [87] VALIDATION | acc: 0.5384615384615384
2025-07-07 22:10:32,420 [INFO] [88] TRAIN | loss: 0.6957576624725176, acc: 0.8585298196948682
2025-07-07 22:10:32,420 [INFO] [88] VALIDATION | acc: 0.5266272189349113
2025-07-07 22:10:34,221 [INFO] [89] TRAIN | loss: 0.6560295133487039, acc: 0.8765603328710125
2025-07-07 22:10:34,221 [INFO] [89] VALIDATION | acc: 0.5621301775147929
2025-07-07 22:10:36,014 [INFO] [90] TRAIN | loss: 0.6859169712533122, acc: 0.8800277392510403
2025-07-07 22:10:36,015 [INFO] [90] VALIDATION | acc: 0.5236686390532544
2025-07-07 22:10:37,788 [INFO] [91] TRAIN | loss: 0.715050682425499, acc: 0.8613037447988904
2025-07-07 22:10:37,788 [INFO] [91] VALIDATION | acc: 0.5325443786982249
2025-07-07 22:10:39,586 [INFO] [92] TRAIN | loss: 0.7204539873029875, acc: 0.8578363384188626
2025-07-07 22:10:39,587 [INFO] [92] VALIDATION | acc: 0.5295857988165681
2025-07-07 22:10:41,380 [INFO] [93] TRAIN | loss: 0.7503227222224941, acc: 0.8356449375866851
2025-07-07 22:10:41,380 [INFO] [93] VALIDATION | acc: 0.5414201183431953
2025-07-07 22:10:43,160 [INFO] [94] TRAIN | loss: 0.6929431836242261, acc: 0.8529819694868238
2025-07-07 22:10:43,160 [INFO] [94] VALIDATION | acc: 0.5355029585798816
2025-07-07 22:10:44,953 [INFO] [95] TRAIN | loss: 0.6241975238789683, acc: 0.8876560332871013
2025-07-07 22:10:44,953 [INFO] [95] VALIDATION | acc: 0.5650887573964497
2025-07-07 22:10:46,734 [INFO] [96] TRAIN | loss: 0.597494992872943, acc: 0.8904299583911235
2025-07-07 22:10:46,734 [INFO] [96] VALIDATION | acc: 0.5621301775147929
2025-07-07 22:10:48,531 [INFO] [97] TRAIN | loss: 0.5495604652425518, acc: 0.90499306518724
2025-07-07 22:10:48,531 [INFO] [97] VALIDATION | acc: 0.5710059171597633
2025-07-07 22:10:50,302 [INFO] [98] TRAIN | loss: 0.5817950724259667, acc: 0.8904299583911235
2025-07-07 22:10:50,302 [INFO] [98] VALIDATION | acc: 0.5502958579881657
2025-07-07 22:10:52,091 [INFO] [99] TRAIN | loss: 0.547498380360396, acc: 0.9077669902912622
2025-07-07 22:10:52,091 [INFO] [99] VALIDATION | acc: 0.5325443786982249
2025-07-07 22:10:53,870 [INFO] [100] TRAIN | loss: 0.5415105456891267, acc: 0.9063800277392511
2025-07-07 22:10:53,870 [INFO] [100] VALIDATION | acc: 0.5177514792899408
2025-07-07 22:10:53,870 [INFO] Testing checkpointed models starting...

2025-07-07 22:10:55,270 [INFO] checkpoint_t0  ->  0.007751937984496124
2025-07-07 22:10:56,678 [INFO] checkpoint_v0  ->  0.007751937984496124
2025-07-07 22:10:58,056 [INFO] checkpoint_t1  ->  0.07364341085271318
2025-07-07 22:11:00,471 [INFO] checkpoint_v1  ->  0.07364341085271318
2025-07-07 22:11:06,096 [INFO] checkpoint_t2  ->  0.12790697674418605
2025-07-07 22:11:11,703 [INFO] checkpoint_v2  ->  0.12403100775193798
2025-07-07 22:11:17,382 [INFO] checkpoint_t3  ->  0.23255813953488372
2025-07-07 22:11:23,103 [INFO] checkpoint_v3  ->  0.2558139534883721
2025-07-07 22:11:28,643 [INFO] checkpoint_t4  ->  0.36046511627906974
2025-07-07 22:11:34,077 [INFO] checkpoint_v4  ->  0.36046511627906974
2025-07-07 22:11:39,583 [INFO] checkpoint_t5  ->  0.35658914728682173
2025-07-07 22:11:45,016 [INFO] checkpoint_v5  ->  0.42248062015503873
2025-07-07 22:11:50,576 [INFO] checkpoint_t6  ->  0.44573643410852715
2025-07-07 22:11:56,051 [INFO] checkpoint_v6  ->  0.5
2025-07-07 22:12:01,694 [INFO] checkpoint_t7  ->  0.49224806201550386
2025-07-07 22:12:07,196 [INFO] checkpoint_v7  ->  0.49224806201550386
2025-07-07 22:12:12,732 [INFO] checkpoint_t8  ->  0.5503875968992248
2025-07-07 22:12:18,264 [INFO] checkpoint_v8  ->  0.5232558139534884
2025-07-07 22:12:23,757 [INFO] checkpoint_t9  ->  0.5271317829457365
2025-07-07 22:12:29,451 [INFO] checkpoint_v9  ->  0.5697674418604651
2025-07-07 22:12:35,022 [INFO] checkpoint_t10  ->  0.5813953488372093
2025-07-07 22:12:40,720 [INFO] checkpoint_v10  ->  0.5348837209302325
2025-07-07 22:12:40,720 [INFO] 
=======================================
2025-07-07 22:12:40,720 [INFO] The best testing checkpoint: encoder_hand_pose_landmarks_fs1_pad_truncate/checkpoint_t_10:
2025-07-07 22:12:40,720 [INFO]    Testing accuracy: 0.581
2025-07-07 22:12:40,720 [INFO]    Macro F1 score: 0.551
2025-07-07 22:12:40,721 [INFO]    Weighted F1 score: 0.548
2025-07-07 22:12:40,721 [INFO]    Total trainable parameters: 3,385,588
2025-07-07 22:12:40,721 [INFO]    Elapsed time: 289.87 sec
2025-07-07 22:12:40,721 [INFO] ----------------Config information----------------------- 
2025-07-07 22:12:40,721 [INFO]  - Experiment Args: {'dataset': 'WLASL100', 'features': 'HAND_POSE_LANDMARKS', 'include_blendshapes': 0, 'fs': 1, 'feature_padding_mode': 'truncate', 'num_classes': 100, 'model': 'encoder', 'mediapipe_holistic': True, 'dim': 120, 'heads': 8, 'n_layers': 6, 'PE': 0, 'pad': 'True', 'clip_weights': 0, 'clip_gradients': 0, 'opt': 'SGD', 'sgd_momentum': 0.9, 'scheduler': 'cosine', 'bs': 32, 'epochs': 100, 'lr': '1e-03', 'logfreq': 1, 'checkpoints': True}
2025-07-07 22:12:40,807 [INFO] 
Any desired statistics have been plotted.
The experiment is finished.
