2025-07-07 22:17:19,854 [INFO] [INFO] Starting experiment encoder_hand_pose_landmarks_fs1_pad_repeat...


2025-07-07 22:17:22,002 [INFO] [1] TRAIN | loss: 4.7277471189913545, acc: 0.008321775312066574
2025-07-07 22:17:22,002 [INFO] [1] VALIDATION | acc: 0.0029585798816568047
2025-07-07 22:17:23,976 [INFO] [2] TRAIN | loss: 4.664723064588464, acc: 0.009015256588072122
2025-07-07 22:17:23,976 [INFO] [2] VALIDATION | acc: 0.0029585798816568047
2025-07-07 22:17:25,943 [INFO] [3] TRAIN | loss: 4.603121881899626, acc: 0.020804438280166437
2025-07-07 22:17:25,945 [INFO] [3] VALIDATION | acc: 0.011834319526627219
2025-07-07 22:17:27,904 [INFO] [4] TRAIN | loss: 4.53849022284798, acc: 0.033287101248266296
2025-07-07 22:17:27,904 [INFO] [4] VALIDATION | acc: 0.01775147928994083
2025-07-07 22:17:29,847 [INFO] [5] TRAIN | loss: 4.479162413141002, acc: 0.02912621359223301
2025-07-07 22:17:29,847 [INFO] [5] VALIDATION | acc: 0.03254437869822485
2025-07-07 22:17:31,791 [INFO] [6] TRAIN | loss: 4.381735832794853, acc: 0.03467406380027739
2025-07-07 22:17:31,791 [INFO] [6] VALIDATION | acc: 0.020710059171597635
2025-07-07 22:17:33,755 [INFO] [7] TRAIN | loss: 4.2919384189274, acc: 0.03536754507628294
2025-07-07 22:17:33,755 [INFO] [7] VALIDATION | acc: 0.04142011834319527
2025-07-07 22:17:35,707 [INFO] [8] TRAIN | loss: 4.198944610098134, acc: 0.03814147018030513
2025-07-07 22:17:35,707 [INFO] [8] VALIDATION | acc: 0.03550295857988166
2025-07-07 22:17:37,661 [INFO] [9] TRAIN | loss: 4.1365993644880215, acc: 0.043689320388349516
2025-07-07 22:17:37,661 [INFO] [9] VALIDATION | acc: 0.038461538461538464
2025-07-07 22:17:39,624 [INFO] [10] TRAIN | loss: 4.047285328740659, acc: 0.06934812760055478
2025-07-07 22:17:39,625 [INFO] [10] VALIDATION | acc: 0.04437869822485207
2025-07-07 22:17:41,586 [INFO] [11] TRAIN | loss: 3.9558690475380938, acc: 0.07004160887656033
2025-07-07 22:17:41,586 [INFO] [11] VALIDATION | acc: 0.05621301775147929
2025-07-07 22:17:43,550 [INFO] [12] TRAIN | loss: 3.8675336319467295, acc: 0.09431345353675451
2025-07-07 22:17:43,550 [INFO] [12] VALIDATION | acc: 0.0621301775147929
2025-07-07 22:17:45,505 [INFO] [13] TRAIN | loss: 3.7955102972362353, acc: 0.09431345353675451
2025-07-07 22:17:45,505 [INFO] [13] VALIDATION | acc: 0.09467455621301775
2025-07-07 22:17:47,443 [INFO] [14] TRAIN | loss: 3.7608373735262, acc: 0.09431345353675451
2025-07-07 22:17:47,443 [INFO] [14] VALIDATION | acc: 0.07100591715976332
2025-07-07 22:17:49,403 [INFO] [15] TRAIN | loss: 3.667117362437041, acc: 0.09916782246879334
2025-07-07 22:17:49,403 [INFO] [15] VALIDATION | acc: 0.09467455621301775
2025-07-07 22:17:51,347 [INFO] [16] TRAIN | loss: 3.5961825795795606, acc: 0.12205270457697642
2025-07-07 22:17:51,347 [INFO] [16] VALIDATION | acc: 0.07692307692307693
2025-07-07 22:17:53,306 [INFO] [17] TRAIN | loss: 3.5699135946190874, acc: 0.1317614424410541
2025-07-07 22:17:53,306 [INFO] [17] VALIDATION | acc: 0.10355029585798817
2025-07-07 22:17:55,263 [INFO] [18] TRAIN | loss: 3.52633029481639, acc: 0.13869625520110956
2025-07-07 22:17:55,263 [INFO] [18] VALIDATION | acc: 0.10355029585798817
2025-07-07 22:17:57,238 [INFO] [19] TRAIN | loss: 3.445722818374634, acc: 0.15742024965325938
2025-07-07 22:17:57,238 [INFO] [19] VALIDATION | acc: 0.12130177514792899
2025-07-07 22:17:59,202 [INFO] [20] TRAIN | loss: 3.4030066780422046, acc: 0.14563106796116504
2025-07-07 22:17:59,202 [INFO] [20] VALIDATION | acc: 0.1242603550295858
2025-07-07 22:18:01,166 [INFO] [21] TRAIN | loss: 3.3603319914444634, acc: 0.17267683772538142
2025-07-07 22:18:01,166 [INFO] [21] VALIDATION | acc: 0.13313609467455623
2025-07-07 22:18:03,135 [INFO] [22] TRAIN | loss: 3.3591217683709185, acc: 0.16920943134535368
2025-07-07 22:18:03,135 [INFO] [22] VALIDATION | acc: 0.14792899408284024
2025-07-07 22:18:05,133 [INFO] [23] TRAIN | loss: 3.2832604543022486, acc: 0.1796116504854369
2025-07-07 22:18:05,133 [INFO] [23] VALIDATION | acc: 0.15088757396449703
2025-07-07 22:18:07,160 [INFO] [24] TRAIN | loss: 3.147736984750499, acc: 0.217753120665742
2025-07-07 22:18:07,161 [INFO] [24] VALIDATION | acc: 0.15384615384615385
2025-07-07 22:18:09,197 [INFO] [25] TRAIN | loss: 3.070692020913829, acc: 0.23994452149791956
2025-07-07 22:18:09,198 [INFO] [25] VALIDATION | acc: 0.15680473372781065
2025-07-07 22:18:11,168 [INFO] [26] TRAIN | loss: 3.0372605582942134, acc: 0.2461858529819695
2025-07-07 22:18:11,169 [INFO] [26] VALIDATION | acc: 0.15680473372781065
2025-07-07 22:18:13,142 [INFO] [27] TRAIN | loss: 2.98327390525652, acc: 0.2739251040221914
2025-07-07 22:18:13,142 [INFO] [27] VALIDATION | acc: 0.15088757396449703
2025-07-07 22:18:15,140 [INFO] [28] TRAIN | loss: 2.9612341704575913, acc: 0.2787794729542302
2025-07-07 22:18:15,140 [INFO] [28] VALIDATION | acc: 0.14497041420118342
2025-07-07 22:18:17,118 [INFO] [29] TRAIN | loss: 2.8783543420874556, acc: 0.2926490984743412
2025-07-07 22:18:17,118 [INFO] [29] VALIDATION | acc: 0.20710059171597633
2025-07-07 22:18:19,097 [INFO] [30] TRAIN | loss: 2.772388002146845, acc: 0.32385575589459087
2025-07-07 22:18:19,097 [INFO] [30] VALIDATION | acc: 0.23076923076923078
2025-07-07 22:18:21,054 [INFO] [31] TRAIN | loss: 2.738605535548666, acc: 0.3300970873786408
2025-07-07 22:18:21,054 [INFO] [31] VALIDATION | acc: 0.22781065088757396
2025-07-07 22:18:23,021 [INFO] [32] TRAIN | loss: 2.647071449652962, acc: 0.35714285714285715
2025-07-07 22:18:23,021 [INFO] [32] VALIDATION | acc: 0.22189349112426035
2025-07-07 22:18:24,971 [INFO] [33] TRAIN | loss: 2.614038690276768, acc: 0.3633841886269071
2025-07-07 22:18:24,971 [INFO] [33] VALIDATION | acc: 0.20414201183431951
2025-07-07 22:18:26,972 [INFO] [34] TRAIN | loss: 2.543747368066207, acc: 0.3869625520110957
2025-07-07 22:18:26,973 [INFO] [34] VALIDATION | acc: 0.21301775147928995
2025-07-07 22:18:29,032 [INFO] [35] TRAIN | loss: 2.4685278716294663, acc: 0.4209431345353675
2025-07-07 22:18:29,032 [INFO] [35] VALIDATION | acc: 0.24260355029585798
2025-07-07 22:18:31,026 [INFO] [36] TRAIN | loss: 2.419326740762462, acc: 0.4251040221914008
2025-07-07 22:18:31,026 [INFO] [36] VALIDATION | acc: 0.257396449704142
2025-07-07 22:18:32,996 [INFO] [37] TRAIN | loss: 2.457540019698765, acc: 0.4001386962552011
2025-07-07 22:18:32,996 [INFO] [37] VALIDATION | acc: 0.26627218934911245
2025-07-07 22:18:34,952 [INFO] [38] TRAIN | loss: 2.3156396021013674, acc: 0.4549237170596394
2025-07-07 22:18:34,953 [INFO] [38] VALIDATION | acc: 0.257396449704142
2025-07-07 22:18:37,086 [INFO] [39] TRAIN | loss: 2.341381935969643, acc: 0.4251040221914008
2025-07-07 22:18:37,087 [INFO] [39] VALIDATION | acc: 0.22781065088757396
2025-07-07 22:18:39,084 [INFO] [40] TRAIN | loss: 2.250048868034197, acc: 0.45839112343966715
2025-07-07 22:18:39,084 [INFO] [40] VALIDATION | acc: 0.2869822485207101
2025-07-07 22:18:41,060 [INFO] [41] TRAIN | loss: 2.1175481910290928, acc: 0.5097087378640777
2025-07-07 22:18:41,060 [INFO] [41] VALIDATION | acc: 0.29289940828402367
2025-07-07 22:18:43,021 [INFO] [42] TRAIN | loss: 2.0995813945065374, acc: 0.4840499306518724
2025-07-07 22:18:43,022 [INFO] [42] VALIDATION | acc: 0.3254437869822485
2025-07-07 22:18:45,020 [INFO] [43] TRAIN | loss: 2.070235226465308, acc: 0.5312066574202496
2025-07-07 22:18:45,020 [INFO] [43] VALIDATION | acc: 0.33727810650887574
2025-07-07 22:18:46,957 [INFO] [44] TRAIN | loss: 2.0655603046002597, acc: 0.5235783633841886
2025-07-07 22:18:46,958 [INFO] [44] VALIDATION | acc: 0.27218934911242604
2025-07-07 22:18:48,895 [INFO] [45] TRAIN | loss: 2.053445984487948, acc: 0.5131761442441054
2025-07-07 22:18:48,895 [INFO] [45] VALIDATION | acc: 0.31952662721893493
2025-07-07 22:18:50,849 [INFO] [46] TRAIN | loss: 1.9103935049927754, acc: 0.5589459084604715
2025-07-07 22:18:50,849 [INFO] [46] VALIDATION | acc: 0.3520710059171598
2025-07-07 22:18:52,781 [INFO] [47] TRAIN | loss: 1.9024034323899641, acc: 0.5554785020804438
2025-07-07 22:18:52,781 [INFO] [47] VALIDATION | acc: 0.31952662721893493
2025-07-07 22:18:54,714 [INFO] [48] TRAIN | loss: 2.0228763585505276, acc: 0.49167822468793343
2025-07-07 22:18:54,714 [INFO] [48] VALIDATION | acc: 0.32840236686390534
2025-07-07 22:18:56,652 [INFO] [49] TRAIN | loss: 1.8707939878753994, acc: 0.544382801664355
2025-07-07 22:18:56,652 [INFO] [49] VALIDATION | acc: 0.3047337278106509
2025-07-07 22:18:58,639 [INFO] [50] TRAIN | loss: 1.8051134762556658, acc: 0.5846047156726768
2025-07-07 22:18:58,639 [INFO] [50] VALIDATION | acc: 0.363905325443787
2025-07-07 22:19:00,566 [INFO] [51] TRAIN | loss: 1.7376782660898955, acc: 0.6081830790568654
2025-07-07 22:19:00,566 [INFO] [51] VALIDATION | acc: 0.35798816568047337
2025-07-07 22:19:02,588 [INFO] [52] TRAIN | loss: 1.7055319340332695, acc: 0.5991678224687933
2025-07-07 22:19:02,588 [INFO] [52] VALIDATION | acc: 0.3668639053254438
2025-07-07 22:19:04,608 [INFO] [53] TRAIN | loss: 1.6592524699542834, acc: 0.6227461858529819
2025-07-07 22:19:04,609 [INFO] [53] VALIDATION | acc: 0.3816568047337278
2025-07-07 22:19:06,864 [INFO] [54] TRAIN | loss: 1.6056564605754355, acc: 0.628987517337032
2025-07-07 22:19:06,864 [INFO] [54] VALIDATION | acc: 0.3994082840236686
2025-07-07 22:19:08,816 [INFO] [55] TRAIN | loss: 1.5640307846276655, acc: 0.6421636615811374
2025-07-07 22:19:08,816 [INFO] [55] VALIDATION | acc: 0.3727810650887574
2025-07-07 22:19:10,749 [INFO] [56] TRAIN | loss: 1.5064385507417761, acc: 0.6608876560332871
2025-07-07 22:19:10,749 [INFO] [56] VALIDATION | acc: 0.4171597633136095
2025-07-07 22:19:12,646 [INFO] [57] TRAIN | loss: 1.4817553991856782, acc: 0.6608876560332871
2025-07-07 22:19:12,646 [INFO] [57] VALIDATION | acc: 0.40236686390532544
2025-07-07 22:19:14,549 [INFO] [58] TRAIN | loss: 1.5432345737581667, acc: 0.6497919556171984
2025-07-07 22:19:14,549 [INFO] [58] VALIDATION | acc: 0.3609467455621302
2025-07-07 22:19:16,445 [INFO] [59] TRAIN | loss: 1.5319074832874795, acc: 0.6345353675450763
2025-07-07 22:19:16,445 [INFO] [59] VALIDATION | acc: 0.40236686390532544
2025-07-07 22:19:18,330 [INFO] [60] TRAIN | loss: 1.5296266260354414, acc: 0.6400832177531207
2025-07-07 22:19:18,330 [INFO] [60] VALIDATION | acc: 0.3431952662721893
2025-07-07 22:19:20,238 [INFO] [61] TRAIN | loss: 1.5106661125369694, acc: 0.6310679611650486
2025-07-07 22:19:20,238 [INFO] [61] VALIDATION | acc: 0.4408284023668639
2025-07-07 22:19:22,163 [INFO] [62] TRAIN | loss: 1.2845390711141669, acc: 0.7205270457697642
2025-07-07 22:19:22,163 [INFO] [62] VALIDATION | acc: 0.40236686390532544
2025-07-07 22:19:24,064 [INFO] [63] TRAIN | loss: 1.2755685085835664, acc: 0.7198335644937587
2025-07-07 22:19:24,064 [INFO] [63] VALIDATION | acc: 0.4230769230769231
2025-07-07 22:19:25,972 [INFO] [64] TRAIN | loss: 1.2602551164834395, acc: 0.7337031900138696
2025-07-07 22:19:25,972 [INFO] [64] VALIDATION | acc: 0.46153846153846156
2025-07-07 22:19:27,864 [INFO] [65] TRAIN | loss: 1.181421575338944, acc: 0.7475728155339806
2025-07-07 22:19:27,864 [INFO] [65] VALIDATION | acc: 0.46153846153846156
2025-07-07 22:19:29,749 [INFO] [66] TRAIN | loss: 1.217204160016516, acc: 0.7219140083217753
2025-07-07 22:19:29,749 [INFO] [66] VALIDATION | acc: 0.4408284023668639
2025-07-07 22:19:31,632 [INFO] [67] TRAIN | loss: 1.187424562547518, acc: 0.7253814147018031
2025-07-07 22:19:31,632 [INFO] [67] VALIDATION | acc: 0.4289940828402367
2025-07-07 22:19:33,531 [INFO] [68] TRAIN | loss: 1.25675804718681, acc: 0.7246879334257975
2025-07-07 22:19:33,531 [INFO] [68] VALIDATION | acc: 0.4822485207100592
2025-07-07 22:19:35,432 [INFO] [69] TRAIN | loss: 1.1029178500175476, acc: 0.7746185852981969
2025-07-07 22:19:35,432 [INFO] [69] VALIDATION | acc: 0.4822485207100592
2025-07-07 22:19:37,308 [INFO] [70] TRAIN | loss: 1.116166985553244, acc: 0.7441054091539528
2025-07-07 22:19:37,308 [INFO] [70] VALIDATION | acc: 0.47337278106508873
2025-07-07 22:19:39,197 [INFO] [71] TRAIN | loss: 1.0410420246746228, acc: 0.7926490984743412
2025-07-07 22:19:39,197 [INFO] [71] VALIDATION | acc: 0.40828402366863903
2025-07-07 22:19:41,106 [INFO] [72] TRAIN | loss: 1.4337190273015394, acc: 0.6317614424410541
2025-07-07 22:19:41,106 [INFO] [72] VALIDATION | acc: 0.4526627218934911
2025-07-07 22:19:43,012 [INFO] [73] TRAIN | loss: 1.0499594639176908, acc: 0.7815533980582524
2025-07-07 22:19:43,012 [INFO] [73] VALIDATION | acc: 0.4940828402366864
2025-07-07 22:19:44,911 [INFO] [74] TRAIN | loss: 0.9809315502643585, acc: 0.7995839112343966
2025-07-07 22:19:44,911 [INFO] [74] VALIDATION | acc: 0.514792899408284
2025-07-07 22:19:46,789 [INFO] [75] TRAIN | loss: 0.9511005528595137, acc: 0.7891816920943134
2025-07-07 22:19:46,789 [INFO] [75] VALIDATION | acc: 0.4881656804733728
2025-07-07 22:19:48,690 [INFO] [76] TRAIN | loss: 0.9386016493258269, acc: 0.8120665742024965
2025-07-07 22:19:48,690 [INFO] [76] VALIDATION | acc: 0.46745562130177515
2025-07-07 22:19:50,585 [INFO] [77] TRAIN | loss: 0.9200678493665613, acc: 0.8079056865464632
2025-07-07 22:19:50,585 [INFO] [77] VALIDATION | acc: 0.514792899408284
2025-07-07 22:19:52,504 [INFO] [78] TRAIN | loss: 0.8366670776968417, acc: 0.8432732316227461
2025-07-07 22:19:52,504 [INFO] [78] VALIDATION | acc: 0.5325443786982249
2025-07-07 22:19:54,385 [INFO] [79] TRAIN | loss: 0.8306774795055389, acc: 0.8356449375866851
2025-07-07 22:19:54,385 [INFO] [79] VALIDATION | acc: 0.5266272189349113
2025-07-07 22:19:56,269 [INFO] [80] TRAIN | loss: 0.8509603894275167, acc: 0.8280166435506241
2025-07-07 22:19:56,269 [INFO] [80] VALIDATION | acc: 0.5207100591715976
2025-07-07 22:19:58,168 [INFO] [81] TRAIN | loss: 0.8564291855563289, acc: 0.8106796116504854
2025-07-07 22:19:58,168 [INFO] [81] VALIDATION | acc: 0.5118343195266272
2025-07-07 22:20:00,082 [INFO] [82] TRAIN | loss: 0.8064729312191838, acc: 0.8467406380027739
2025-07-07 22:20:00,083 [INFO] [82] VALIDATION | acc: 0.5029585798816568
2025-07-07 22:20:01,966 [INFO] [83] TRAIN | loss: 0.799401440050291, acc: 0.8314840499306518
2025-07-07 22:20:01,966 [INFO] [83] VALIDATION | acc: 0.4881656804733728
2025-07-07 22:20:03,859 [INFO] [84] TRAIN | loss: 0.7978253753288932, acc: 0.8391123439667129
2025-07-07 22:20:03,859 [INFO] [84] VALIDATION | acc: 0.4911242603550296
2025-07-07 22:20:05,770 [INFO] [85] TRAIN | loss: 0.7051820942889089, acc: 0.8730929264909847
2025-07-07 22:20:05,770 [INFO] [85] VALIDATION | acc: 0.5
2025-07-07 22:20:07,673 [INFO] [86] TRAIN | loss: 0.7412870733634286, acc: 0.8439667128987517
2025-07-07 22:20:07,673 [INFO] [86] VALIDATION | acc: 0.5473372781065089
2025-07-07 22:20:09,577 [INFO] [87] TRAIN | loss: 0.6478933125086452, acc: 0.8876560332871013
2025-07-07 22:20:09,577 [INFO] [87] VALIDATION | acc: 0.5266272189349113
2025-07-07 22:20:11,472 [INFO] [88] TRAIN | loss: 0.6387953758239746, acc: 0.8945908460471568
2025-07-07 22:20:11,472 [INFO] [88] VALIDATION | acc: 0.5325443786982249
2025-07-07 22:20:13,357 [INFO] [89] TRAIN | loss: 0.6796976600004279, acc: 0.8862690707350902
2025-07-07 22:20:13,357 [INFO] [89] VALIDATION | acc: 0.4970414201183432
2025-07-07 22:20:15,250 [INFO] [90] TRAIN | loss: 0.7205605804920197, acc: 0.8488210818307905
2025-07-07 22:20:15,250 [INFO] [90] VALIDATION | acc: 0.5295857988165681
2025-07-07 22:20:17,164 [INFO] [91] TRAIN | loss: 0.6078594514857167, acc: 0.8987517337031901
2025-07-07 22:20:17,164 [INFO] [91] VALIDATION | acc: 0.5355029585798816
2025-07-07 22:20:19,088 [INFO] [92] TRAIN | loss: 0.5664551151187524, acc: 0.90499306518724
2025-07-07 22:20:19,088 [INFO] [92] VALIDATION | acc: 0.5443786982248521
2025-07-07 22:20:20,994 [INFO] [93] TRAIN | loss: 0.5608324763243613, acc: 0.9029126213592233
2025-07-07 22:20:20,994 [INFO] [93] VALIDATION | acc: 0.5443786982248521
2025-07-07 22:20:22,930 [INFO] [94] TRAIN | loss: 0.54638530249181, acc: 0.912621359223301
2025-07-07 22:20:22,930 [INFO] [94] VALIDATION | acc: 0.5473372781065089
2025-07-07 22:20:24,833 [INFO] [95] TRAIN | loss: 0.556143168521964, acc: 0.9056865464632455
2025-07-07 22:20:24,833 [INFO] [95] VALIDATION | acc: 0.5650887573964497
2025-07-07 22:20:26,745 [INFO] [96] TRAIN | loss: 0.5387735774983531, acc: 0.9160887656033287
2025-07-07 22:20:26,745 [INFO] [96] VALIDATION | acc: 0.5355029585798816
2025-07-07 22:20:28,652 [INFO] [97] TRAIN | loss: 0.6159933147870976, acc: 0.8751733703190014
2025-07-07 22:20:28,652 [INFO] [97] VALIDATION | acc: 0.5473372781065089
2025-07-07 22:20:30,562 [INFO] [98] TRAIN | loss: 0.5036325091901033, acc: 0.9195561719833565
2025-07-07 22:20:30,562 [INFO] [98] VALIDATION | acc: 0.5532544378698225
2025-07-07 22:20:32,460 [INFO] [99] TRAIN | loss: 0.5129594958346823, acc: 0.9112343966712899
2025-07-07 22:20:32,460 [INFO] [99] VALIDATION | acc: 0.5591715976331361
2025-07-07 22:20:34,384 [INFO] [100] TRAIN | loss: 0.485418637647577, acc: 0.9188626907073509
2025-07-07 22:20:34,384 [INFO] [100] VALIDATION | acc: 0.5710059171597633
2025-07-07 22:20:34,384 [INFO] Testing checkpointed models starting...

2025-07-07 22:20:35,541 [INFO] checkpoint_t0  ->  0.007751937984496124
2025-07-07 22:20:36,668 [INFO] checkpoint_v0  ->  0.007751937984496124
2025-07-07 22:20:37,769 [INFO] checkpoint_t1  ->  0.06976744186046512
2025-07-07 22:20:39,849 [INFO] checkpoint_v1  ->  0.06976744186046512
2025-07-07 22:20:44,360 [INFO] checkpoint_t2  ->  0.12015503875968993
2025-07-07 22:20:49,651 [INFO] checkpoint_v2  ->  0.12015503875968993
2025-07-07 22:20:54,874 [INFO] checkpoint_t3  ->  0.23255813953488372
2025-07-07 22:20:59,550 [INFO] checkpoint_v3  ->  0.20930232558139536
2025-07-07 22:21:04,086 [INFO] checkpoint_t4  ->  0.32170542635658916
2025-07-07 22:21:08,511 [INFO] checkpoint_v4  ->  0.32170542635658916
2025-07-07 22:21:12,722 [INFO] checkpoint_t5  ->  0.3953488372093023
2025-07-07 22:21:16,960 [INFO] checkpoint_v5  ->  0.4263565891472868
2025-07-07 22:21:21,288 [INFO] checkpoint_t6  ->  0.46511627906976744
2025-07-07 22:21:25,549 [INFO] checkpoint_v6  ->  0.4806201550387597
2025-07-07 22:21:29,794 [INFO] checkpoint_t7  ->  0.4263565891472868
2025-07-07 22:21:34,117 [INFO] checkpoint_v7  ->  0.5465116279069767
2025-07-07 22:21:38,316 [INFO] checkpoint_t8  ->  0.5310077519379846
2025-07-07 22:21:42,582 [INFO] checkpoint_v8  ->  0.5310077519379846
2025-07-07 22:21:46,863 [INFO] checkpoint_t9  ->  0.5465116279069767
2025-07-07 22:21:51,043 [INFO] checkpoint_v9  ->  0.5542635658914729
2025-07-07 22:21:55,242 [INFO] checkpoint_t10  ->  0.562015503875969
2025-07-07 22:21:59,535 [INFO] checkpoint_v10  ->  0.5542635658914729
2025-07-07 22:21:59,535 [INFO] 
=======================================
2025-07-07 22:21:59,535 [INFO] The best testing checkpoint: encoder_hand_pose_landmarks_fs1_pad_repeat/checkpoint_t_10:
2025-07-07 22:21:59,535 [INFO]    Testing accuracy: 0.562
2025-07-07 22:21:59,535 [INFO]    Macro F1 score: 0.536
2025-07-07 22:21:59,535 [INFO]    Weighted F1 score: 0.538
2025-07-07 22:21:59,535 [INFO]    Total trainable parameters: 3,635,044
2025-07-07 22:21:59,535 [INFO]    Elapsed time: 279.68 sec
2025-07-07 22:21:59,536 [INFO] ----------------Config information----------------------- 
2025-07-07 22:21:59,536 [INFO]  - Experiment Args: {'dataset': 'WLASL100', 'features': 'HAND_POSE_LANDMARKS', 'include_blendshapes': 0, 'fs': 1, 'feature_padding_mode': 'repeat', 'num_classes': 100, 'model': 'encoder', 'mediapipe_holistic': True, 'dim': 128, 'heads': 8, 'n_layers': 6, 'PE': 0, 'pad': 'True', 'clip_weights': 0, 'clip_gradients': 0, 'opt': 'SGD', 'sgd_momentum': 0.9, 'scheduler': 'cosine', 'bs': 32, 'epochs': 100, 'lr': '1e-03', 'logfreq': 1, 'checkpoints': True}
2025-07-07 22:21:59,605 [INFO] 
Any desired statistics have been plotted.
The experiment is finished.
