2025-07-06 20:14:49,894 [INFO] [INFO] Starting experiment encoder_hand_pose_landmarks_fs1...


2025-07-06 20:15:01,207 [INFO] [1] TRAIN | loss: 4.7230893217999, acc: 0.010402219140083218
2025-07-06 20:15:01,207 [INFO] [1] VALIDATION | acc: 0.023668639053254437
2025-07-06 20:15:14,553 [INFO] [2] TRAIN | loss: 4.629669355309528, acc: 0.024965325936199722
2025-07-06 20:15:14,553 [INFO] [2] VALIDATION | acc: 0.03254437869822485
2025-07-06 20:15:27,982 [INFO] [3] TRAIN | loss: 4.476336686507516, acc: 0.04299583911234397
2025-07-06 20:15:27,983 [INFO] [3] VALIDATION | acc: 0.04142011834319527
2025-07-06 20:15:41,557 [INFO] [4] TRAIN | loss: 4.266100551771081, acc: 0.06588072122052704
2025-07-06 20:15:41,557 [INFO] [4] VALIDATION | acc: 0.05917159763313609
2025-07-06 20:15:55,097 [INFO] [5] TRAIN | loss: 3.983966780745465, acc: 0.10679611650485436
2025-07-06 20:15:55,097 [INFO] [5] VALIDATION | acc: 0.1301775147928994
2025-07-06 20:16:08,861 [INFO] [6] TRAIN | loss: 3.655276982680611, acc: 0.17059639389736478
2025-07-06 20:16:08,861 [INFO] [6] VALIDATION | acc: 0.15976331360946747
2025-07-06 20:16:22,460 [INFO] [7] TRAIN | loss: 3.3541908626971035, acc: 0.23786407766990292
2025-07-06 20:16:22,460 [INFO] [7] VALIDATION | acc: 0.19822485207100593
2025-07-06 20:16:35,937 [INFO] [8] TRAIN | loss: 3.0600410855334736, acc: 0.3002773925104022
2025-07-06 20:16:35,937 [INFO] [8] VALIDATION | acc: 0.26331360946745563
2025-07-06 20:16:49,407 [INFO] [9] TRAIN | loss: 2.788355210553045, acc: 0.36269070735090153
2025-07-06 20:16:49,407 [INFO] [9] VALIDATION | acc: 0.3136094674556213
2025-07-06 20:17:03,060 [INFO] [10] TRAIN | loss: 2.500541407129039, acc: 0.4500693481276006
2025-07-06 20:17:03,061 [INFO] [10] VALIDATION | acc: 0.3668639053254438
2025-07-06 20:17:16,771 [INFO] [11] TRAIN | loss: 2.248892613079237, acc: 0.4826629680998613
2025-07-06 20:17:16,772 [INFO] [11] VALIDATION | acc: 0.40236686390532544
2025-07-06 20:17:30,352 [INFO] [12] TRAIN | loss: 1.9970094250596089, acc: 0.5533980582524272
2025-07-06 20:17:30,352 [INFO] [12] VALIDATION | acc: 0.4437869822485207
2025-07-06 20:17:43,791 [INFO] [13] TRAIN | loss: 1.7943065062813137, acc: 0.6109570041608876
2025-07-06 20:17:43,792 [INFO] [13] VALIDATION | acc: 0.46745562130177515
2025-07-06 20:17:57,311 [INFO] [14] TRAIN | loss: 1.6163388594337131, acc: 0.6421636615811374
2025-07-06 20:17:57,311 [INFO] [14] VALIDATION | acc: 0.4940828402366864
2025-07-06 20:18:10,872 [INFO] [15] TRAIN | loss: 1.476157950318378, acc: 0.6879334257975035
2025-07-06 20:18:10,873 [INFO] [15] VALIDATION | acc: 0.5177514792899408
2025-07-06 20:18:24,359 [INFO] [16] TRAIN | loss: 1.3860808092614878, acc: 0.7142857142857143
2025-07-06 20:18:24,359 [INFO] [16] VALIDATION | acc: 0.5118343195266272
2025-07-06 20:18:37,711 [INFO] [17] TRAIN | loss: 1.25570863355761, acc: 0.7454923717059639
2025-07-06 20:18:37,711 [INFO] [17] VALIDATION | acc: 0.5236686390532544
2025-07-06 20:18:50,300 [INFO] [18] TRAIN | loss: 1.147102714880653, acc: 0.7732316227461858
2025-07-06 20:18:50,300 [INFO] [18] VALIDATION | acc: 0.5384615384615384
2025-07-06 20:19:02,468 [INFO] [19] TRAIN | loss: 1.07837879916896, acc: 0.7753120665742025
2025-07-06 20:19:02,468 [INFO] [19] VALIDATION | acc: 0.5680473372781065
2025-07-06 20:19:14,501 [INFO] [20] TRAIN | loss: 0.9690326309722402, acc: 0.8058252427184466
2025-07-06 20:19:14,501 [INFO] [20] VALIDATION | acc: 0.5562130177514792
2025-07-06 20:19:26,945 [INFO] [21] TRAIN | loss: 0.9035570297552191, acc: 0.8231622746185853
2025-07-06 20:19:26,945 [INFO] [21] VALIDATION | acc: 0.5739644970414202
2025-07-06 20:19:40,323 [INFO] [22] TRAIN | loss: 0.8505939063818558, acc: 0.8377253814147018
2025-07-06 20:19:40,323 [INFO] [22] VALIDATION | acc: 0.5414201183431953
2025-07-06 20:19:53,617 [INFO] [23] TRAIN | loss: 0.8205738721982293, acc: 0.8231622746185853
2025-07-06 20:19:53,618 [INFO] [23] VALIDATION | acc: 0.5976331360946746
2025-07-06 20:20:06,984 [INFO] [24] TRAIN | loss: 0.6746443283298741, acc: 0.8779472954230236
2025-07-06 20:20:06,985 [INFO] [24] VALIDATION | acc: 0.5857988165680473
2025-07-06 20:20:20,171 [INFO] [25] TRAIN | loss: 0.6645239717934442, acc: 0.8890429958391124
2025-07-06 20:20:20,172 [INFO] [25] VALIDATION | acc: 0.5769230769230769
2025-07-06 20:20:33,295 [INFO] [26] TRAIN | loss: 0.6087828343329222, acc: 0.9001386962552012
2025-07-06 20:20:33,295 [INFO] [26] VALIDATION | acc: 0.621301775147929
2025-07-06 20:20:46,301 [INFO] [27] TRAIN | loss: 0.6421156512654346, acc: 0.8807212205270458
2025-07-06 20:20:46,302 [INFO] [27] VALIDATION | acc: 0.6005917159763313
2025-07-06 20:20:59,523 [INFO] [28] TRAIN | loss: 0.5509985523379367, acc: 0.8980582524271845
2025-07-06 20:20:59,524 [INFO] [28] VALIDATION | acc: 0.6094674556213018
2025-07-06 20:21:12,875 [INFO] [29] TRAIN | loss: 0.5308071138418239, acc: 0.8959778085991679
2025-07-06 20:21:12,875 [INFO] [29] VALIDATION | acc: 0.6153846153846154
2025-07-06 20:21:26,487 [INFO] [30] TRAIN | loss: 0.4378720204467359, acc: 0.9278779472954231
2025-07-06 20:21:26,487 [INFO] [30] VALIDATION | acc: 0.6005917159763313
2025-07-06 20:21:39,883 [INFO] [31] TRAIN | loss: 0.4143911768560824, acc: 0.9410540915395285
2025-07-06 20:21:39,884 [INFO] [31] VALIDATION | acc: 0.6005917159763313
2025-07-06 20:21:53,317 [INFO] [32] TRAIN | loss: 0.4409207591544027, acc: 0.9410540915395285
2025-07-06 20:21:53,318 [INFO] [32] VALIDATION | acc: 0.6094674556213018
2025-07-06 20:22:06,560 [INFO] [33] TRAIN | loss: 0.4520437124630679, acc: 0.920249653259362
2025-07-06 20:22:06,560 [INFO] [33] VALIDATION | acc: 0.6035502958579881
2025-07-06 20:22:20,022 [INFO] [34] TRAIN | loss: 0.3331749160652575, acc: 0.9542302357836339
2025-07-06 20:22:20,022 [INFO] [34] VALIDATION | acc: 0.6272189349112426
2025-07-06 20:22:33,443 [INFO] [35] TRAIN | loss: 0.3513767353218535, acc: 0.9479889042995839
2025-07-06 20:22:33,443 [INFO] [35] VALIDATION | acc: 0.6183431952662722
2025-07-06 20:22:46,899 [INFO] [36] TRAIN | loss: 0.32166139165992325, acc: 0.9583911234396671
2025-07-06 20:22:46,899 [INFO] [36] VALIDATION | acc: 0.6301775147928994
2025-07-06 20:23:00,403 [INFO] [37] TRAIN | loss: 0.2937922503637231, acc: 0.9715672676837726
2025-07-06 20:23:00,404 [INFO] [37] VALIDATION | acc: 0.636094674556213
2025-07-06 20:23:13,693 [INFO] [38] TRAIN | loss: 0.36473172125609027, acc: 0.9459084604715673
2025-07-06 20:23:13,694 [INFO] [38] VALIDATION | acc: 0.6242603550295858
2025-07-06 20:23:27,260 [INFO] [39] TRAIN | loss: 0.2463317426002544, acc: 0.9715672676837726
2025-07-06 20:23:27,260 [INFO] [39] VALIDATION | acc: 0.6153846153846154
2025-07-06 20:23:40,829 [INFO] [40] TRAIN | loss: 0.2193003756844479, acc: 0.9805825242718447
2025-07-06 20:23:40,829 [INFO] [40] VALIDATION | acc: 0.6390532544378699
2025-07-06 20:23:54,283 [INFO] [41] TRAIN | loss: 0.21959601439859555, acc: 0.9778085991678225
2025-07-06 20:23:54,283 [INFO] [41] VALIDATION | acc: 0.636094674556213
2025-07-06 20:24:07,810 [INFO] [42] TRAIN | loss: 0.18326862245474174, acc: 0.9854368932038835
2025-07-06 20:24:07,810 [INFO] [42] VALIDATION | acc: 0.650887573964497
2025-07-06 20:24:21,253 [INFO] [43] TRAIN | loss: 0.16228451757975246, acc: 0.9882108183079057
2025-07-06 20:24:21,253 [INFO] [43] VALIDATION | acc: 0.6390532544378699
2025-07-06 20:24:34,729 [INFO] [44] TRAIN | loss: 0.15897354013893916, acc: 0.9909847434119279
2025-07-06 20:24:34,729 [INFO] [44] VALIDATION | acc: 0.636094674556213
2025-07-06 20:24:48,054 [INFO] [45] TRAIN | loss: 0.14751169449933196, acc: 0.9902912621359223
2025-07-06 20:24:48,054 [INFO] [45] VALIDATION | acc: 0.6479289940828402
2025-07-06 20:25:01,321 [INFO] [46] TRAIN | loss: 0.13832961217216824, acc: 0.9916782246879334
2025-07-06 20:25:01,321 [INFO] [46] VALIDATION | acc: 0.636094674556213
2025-07-06 20:25:14,901 [INFO] [47] TRAIN | loss: 0.12934862417371376, acc: 0.9930651872399445
2025-07-06 20:25:14,901 [INFO] [47] VALIDATION | acc: 0.6597633136094675
2025-07-06 20:25:28,177 [INFO] [48] TRAIN | loss: 0.12860805816624477, acc: 0.9930651872399445
2025-07-06 20:25:28,177 [INFO] [48] VALIDATION | acc: 0.6420118343195266
2025-07-06 20:25:41,779 [INFO] [49] TRAIN | loss: 0.13804517427216406, acc: 0.9895977808599168
2025-07-06 20:25:41,779 [INFO] [49] VALIDATION | acc: 0.6479289940828402
2025-07-06 20:25:55,190 [INFO] [50] TRAIN | loss: 0.11266725089239038, acc: 0.9944521497919556
2025-07-06 20:25:55,190 [INFO] [50] VALIDATION | acc: 0.650887573964497
2025-07-06 20:26:08,321 [INFO] [51] TRAIN | loss: 0.10521042598006518, acc: 0.9930651872399445
2025-07-06 20:26:08,321 [INFO] [51] VALIDATION | acc: 0.6568047337278107
2025-07-06 20:26:21,524 [INFO] [52] TRAIN | loss: 0.10011029680785925, acc: 0.9944521497919556
2025-07-06 20:26:21,525 [INFO] [52] VALIDATION | acc: 0.650887573964497
2025-07-06 20:26:34,880 [INFO] [53] TRAIN | loss: 0.09881890030658763, acc: 0.9916782246879334
2025-07-06 20:26:34,880 [INFO] [53] VALIDATION | acc: 0.6538461538461539
2025-07-06 20:26:48,036 [INFO] [54] TRAIN | loss: 0.09085698069437691, acc: 0.9951456310679612
2025-07-06 20:26:48,036 [INFO] [54] VALIDATION | acc: 0.6449704142011834
2025-07-06 20:27:01,087 [INFO] [55] TRAIN | loss: 0.08817022148033847, acc: 0.9951456310679612
2025-07-06 20:27:01,088 [INFO] [55] VALIDATION | acc: 0.665680473372781
2025-07-06 20:27:14,196 [INFO] [56] TRAIN | loss: 0.0873281690089599, acc: 0.9937586685159501
2025-07-06 20:27:14,197 [INFO] [56] VALIDATION | acc: 0.6597633136094675
2025-07-06 20:27:27,523 [INFO] [57] TRAIN | loss: 0.08417811872356612, acc: 0.9951456310679612
2025-07-06 20:27:27,523 [INFO] [57] VALIDATION | acc: 0.6597633136094675
2025-07-06 20:27:40,817 [INFO] [58] TRAIN | loss: 0.07987504169020963, acc: 0.9951456310679612
2025-07-06 20:27:40,817 [INFO] [58] VALIDATION | acc: 0.665680473372781
2025-07-06 20:27:52,914 [INFO] [59] TRAIN | loss: 0.0759999230504036, acc: 0.9937586685159501
2025-07-06 20:27:52,914 [INFO] [59] VALIDATION | acc: 0.6597633136094675
2025-07-06 20:28:06,079 [INFO] [60] TRAIN | loss: 0.07497876267070355, acc: 0.9951456310679612
2025-07-06 20:28:06,080 [INFO] [60] VALIDATION | acc: 0.6538461538461539
2025-07-06 20:28:19,480 [INFO] [61] TRAIN | loss: 0.07162331664205893, acc: 0.9951456310679612
2025-07-06 20:28:19,481 [INFO] [61] VALIDATION | acc: 0.6479289940828402
2025-07-06 20:28:31,253 [INFO] [62] TRAIN | loss: 0.0669372244535581, acc: 0.9951456310679612
2025-07-06 20:28:31,254 [INFO] [62] VALIDATION | acc: 0.6568047337278107
2025-07-06 20:28:44,679 [INFO] [63] TRAIN | loss: 0.06814907823243867, acc: 0.9958391123439667
2025-07-06 20:28:44,679 [INFO] [63] VALIDATION | acc: 0.6715976331360947
2025-07-06 20:28:57,962 [INFO] [64] TRAIN | loss: 0.06764281848850458, acc: 0.9937586685159501
2025-07-06 20:28:57,962 [INFO] [64] VALIDATION | acc: 0.6420118343195266
2025-07-06 20:29:10,114 [INFO] [65] TRAIN | loss: 0.06480750287680523, acc: 0.9937586685159501
2025-07-06 20:29:10,114 [INFO] [65] VALIDATION | acc: 0.6568047337278107
2025-07-06 20:29:22,341 [INFO] [66] TRAIN | loss: 0.06541000711529152, acc: 0.9951456310679612
2025-07-06 20:29:22,341 [INFO] [66] VALIDATION | acc: 0.6479289940828402
2025-07-06 20:29:35,507 [INFO] [67] TRAIN | loss: 0.061406930989545326, acc: 0.9944521497919556
2025-07-06 20:29:35,508 [INFO] [67] VALIDATION | acc: 0.6597633136094675
2025-07-06 20:29:48,769 [INFO] [68] TRAIN | loss: 0.059994694898309914, acc: 0.9958391123439667
2025-07-06 20:29:48,769 [INFO] [68] VALIDATION | acc: 0.6479289940828402
2025-07-06 20:30:01,921 [INFO] [69] TRAIN | loss: 0.059198295859538994, acc: 0.9930651872399445
2025-07-06 20:30:01,921 [INFO] [69] VALIDATION | acc: 0.6568047337278107
2025-07-06 20:30:14,976 [INFO] [70] TRAIN | loss: 0.05781724984231203, acc: 0.9951456310679612
2025-07-06 20:30:14,976 [INFO] [70] VALIDATION | acc: 0.6597633136094675
2025-07-06 20:30:28,040 [INFO] [71] TRAIN | loss: 0.05437825563485208, acc: 0.9951456310679612
2025-07-06 20:30:28,040 [INFO] [71] VALIDATION | acc: 0.650887573964497
2025-07-06 20:30:41,275 [INFO] [72] TRAIN | loss: 0.05458687561685625, acc: 0.9937586685159501
2025-07-06 20:30:41,275 [INFO] [72] VALIDATION | acc: 0.6715976331360947
2025-07-06 20:30:54,499 [INFO] [73] TRAIN | loss: 0.05530890939838212, acc: 0.9944521497919556
2025-07-06 20:30:54,500 [INFO] [73] VALIDATION | acc: 0.6627218934911243
2025-07-06 20:31:07,763 [INFO] [74] TRAIN | loss: 0.05316697951892148, acc: 0.9930651872399445
2025-07-06 20:31:07,763 [INFO] [74] VALIDATION | acc: 0.6686390532544378
2025-07-06 20:31:20,956 [INFO] [75] TRAIN | loss: 0.05327029380461444, acc: 0.9944521497919556
2025-07-06 20:31:20,956 [INFO] [75] VALIDATION | acc: 0.6715976331360947
2025-07-06 20:31:34,114 [INFO] [76] TRAIN | loss: 0.0595606985785391, acc: 0.9937586685159501
2025-07-06 20:31:34,114 [INFO] [76] VALIDATION | acc: 0.650887573964497
2025-07-06 20:31:47,375 [INFO] [77] TRAIN | loss: 0.048887420972080334, acc: 0.9958391123439667
2025-07-06 20:31:47,376 [INFO] [77] VALIDATION | acc: 0.6568047337278107
2025-07-06 20:32:00,606 [INFO] [78] TRAIN | loss: 0.04681717199475869, acc: 0.9944521497919556
2025-07-06 20:32:00,607 [INFO] [78] VALIDATION | acc: 0.6597633136094675
2025-07-06 20:32:13,849 [INFO] [79] TRAIN | loss: 0.046391652330108314, acc: 0.9958391123439667
2025-07-06 20:32:13,850 [INFO] [79] VALIDATION | acc: 0.6627218934911243
2025-07-06 20:32:27,091 [INFO] [80] TRAIN | loss: 0.045403326092206917, acc: 0.9951456310679612
2025-07-06 20:32:27,091 [INFO] [80] VALIDATION | acc: 0.6597633136094675
2025-07-06 20:32:40,412 [INFO] [81] TRAIN | loss: 0.04530314388482467, acc: 0.9951456310679612
2025-07-06 20:32:40,412 [INFO] [81] VALIDATION | acc: 0.6597633136094675
2025-07-06 20:32:56,093 [INFO] [82] TRAIN | loss: 0.045250191029323185, acc: 0.9930651872399445
2025-07-06 20:32:56,094 [INFO] [82] VALIDATION | acc: 0.6715976331360947
2025-07-06 20:33:10,952 [INFO] [83] TRAIN | loss: 0.04340463722853557, acc: 0.9944521497919556
2025-07-06 20:33:10,952 [INFO] [83] VALIDATION | acc: 0.6627218934911243
2025-07-06 20:33:27,562 [INFO] [84] TRAIN | loss: 0.042105972402445645, acc: 0.9944521497919556
2025-07-06 20:33:27,562 [INFO] [84] VALIDATION | acc: 0.6686390532544378
2025-07-06 20:33:43,060 [INFO] [85] TRAIN | loss: 0.043251080478986965, acc: 0.9951456310679612
2025-07-06 20:33:43,060 [INFO] [85] VALIDATION | acc: 0.6538461538461539
2025-07-06 20:33:58,668 [INFO] [86] TRAIN | loss: 0.041969784130544766, acc: 0.9951456310679612
2025-07-06 20:33:58,668 [INFO] [86] VALIDATION | acc: 0.6627218934911243
2025-07-06 20:34:13,930 [INFO] [87] TRAIN | loss: 0.04086446401703617, acc: 0.9958391123439667
2025-07-06 20:34:13,930 [INFO] [87] VALIDATION | acc: 0.6715976331360947
2025-07-06 20:34:27,255 [INFO] [88] TRAIN | loss: 0.04074461426100005, acc: 0.9937586685159501
2025-07-06 20:34:27,256 [INFO] [88] VALIDATION | acc: 0.6627218934911243
2025-07-06 20:34:40,473 [INFO] [89] TRAIN | loss: 0.040850797101207405, acc: 0.9944521497919556
2025-07-06 20:34:40,473 [INFO] [89] VALIDATION | acc: 0.650887573964497
2025-07-06 20:34:53,716 [INFO] [90] TRAIN | loss: 0.03931549851499174, acc: 0.9958391123439667
2025-07-06 20:34:53,716 [INFO] [90] VALIDATION | acc: 0.6745562130177515
2025-07-06 20:35:06,950 [INFO] [91] TRAIN | loss: 0.03904605089970257, acc: 0.9937586685159501
2025-07-06 20:35:06,950 [INFO] [91] VALIDATION | acc: 0.6686390532544378
2025-07-06 20:35:20,402 [INFO] [92] TRAIN | loss: 0.03871485554491696, acc: 0.9951456310679612
2025-07-06 20:35:20,403 [INFO] [92] VALIDATION | acc: 0.665680473372781
2025-07-06 20:35:34,923 [INFO] [93] TRAIN | loss: 0.03767732470093862, acc: 0.9944521497919556
2025-07-06 20:35:34,924 [INFO] [93] VALIDATION | acc: 0.6597633136094675
2025-07-06 20:35:50,718 [INFO] [94] TRAIN | loss: 0.03676931191559719, acc: 0.9944521497919556
2025-07-06 20:35:50,718 [INFO] [94] VALIDATION | acc: 0.6715976331360947
2025-07-06 20:36:06,155 [INFO] [95] TRAIN | loss: 0.036909683000134384, acc: 0.9944521497919556
2025-07-06 20:36:06,155 [INFO] [95] VALIDATION | acc: 0.6715976331360947
2025-07-06 20:36:21,024 [INFO] [96] TRAIN | loss: 0.03627111868042013, acc: 0.9965325936199723
2025-07-06 20:36:21,026 [INFO] [96] VALIDATION | acc: 0.6627218934911243
2025-07-06 20:36:35,711 [INFO] [97] TRAIN | loss: 0.03699242979612039, acc: 0.9951456310679612
2025-07-06 20:36:35,711 [INFO] [97] VALIDATION | acc: 0.6715976331360947
2025-07-06 20:36:48,937 [INFO] [98] TRAIN | loss: 0.03643866932100576, acc: 0.9951456310679612
2025-07-06 20:36:48,937 [INFO] [98] VALIDATION | acc: 0.6568047337278107
2025-07-06 20:37:05,297 [INFO] [99] TRAIN | loss: 0.035668894689044224, acc: 0.9951456310679612
2025-07-06 20:37:05,297 [INFO] [99] VALIDATION | acc: 0.6715976331360947
2025-07-06 20:37:18,314 [INFO] [100] TRAIN | loss: 0.03599994410963162, acc: 0.9958391123439667
2025-07-06 20:37:18,314 [INFO] [100] VALIDATION | acc: 0.6715976331360947
2025-07-06 20:37:18,314 [INFO] Testing checkpointed models starting...

2025-07-06 20:37:23,068 [INFO] checkpoint_t0  ->  0.007751937984496124
2025-07-06 20:37:32,892 [INFO] checkpoint_v0  ->  0.007751937984496124
2025-07-06 20:37:42,116 [INFO] checkpoint_t1  ->  0.3643410852713178
2025-07-06 20:37:53,014 [INFO] checkpoint_v1  ->  0.3643410852713178
2025-07-06 20:38:03,193 [INFO] checkpoint_t2  ->  0.5465116279069767
2025-07-06 20:38:13,270 [INFO] checkpoint_v2  ->  0.5465116279069767
2025-07-06 20:38:23,780 [INFO] checkpoint_t3  ->  0.5775193798449613
2025-07-06 20:38:33,441 [INFO] checkpoint_v3  ->  0.5503875968992248
2025-07-06 20:38:43,310 [INFO] checkpoint_t4  ->  0.5813953488372093
2025-07-06 20:38:53,831 [INFO] checkpoint_v4  ->  0.5813953488372093
2025-07-06 20:39:04,579 [INFO] checkpoint_t5  ->  0.5930232558139535
2025-07-06 20:39:16,056 [INFO] checkpoint_v5  ->  0.5813953488372093
2025-07-06 20:39:26,889 [INFO] checkpoint_t6  ->  0.5968992248062015
2025-07-06 20:39:37,239 [INFO] checkpoint_v6  ->  0.6046511627906976
2025-07-06 20:39:47,681 [INFO] checkpoint_t7  ->  0.6046511627906976
2025-07-06 20:39:57,815 [INFO] checkpoint_v7  ->  0.6046511627906976
2025-07-06 20:40:08,913 [INFO] checkpoint_t8  ->  0.6046511627906976
2025-07-06 20:40:18,282 [INFO] checkpoint_v8  ->  0.6007751937984496
2025-07-06 20:40:27,180 [INFO] checkpoint_t9  ->  0.6085271317829457
2025-07-06 20:40:36,035 [INFO] checkpoint_v9  ->  0.6046511627906976
2025-07-06 20:40:44,144 [INFO] checkpoint_t10  ->  0.6046511627906976
2025-07-06 20:40:51,814 [INFO] checkpoint_v10  ->  0.6046511627906976
2025-07-06 20:40:51,814 [INFO] 
=======================================
2025-07-06 20:40:51,814 [INFO] The best testing checkpoint: encoder_hand_pose_landmarks_fs1/checkpoint_t_9:
2025-07-06 20:40:51,815 [INFO]    Testing accuracy: 0.609
2025-07-06 20:40:51,815 [INFO]    Macro F1 score: 0.586
2025-07-06 20:40:51,815 [INFO]    Weighted F1 score: 0.587
2025-07-06 20:40:51,815 [INFO]    Total trainable parameters: 20,430,772
2025-07-06 20:40:51,815 [INFO]    Elapsed time: 1561.92 sec
2025-07-06 20:40:51,815 [INFO] ----------------Config information----------------------- 
2025-07-06 20:40:51,815 [INFO]  - Experiment Args: dataset=WLASL100, features=HAND_POSE_ANGLES, include_blendshapes=0, fs=1, feature_truncation=1, num_classes=100, model=encoder, mediapipe_holistic=True, dim=0, heads=8, n_layers=6, PE=0, pad=True, clip_weights=0, clip_gradients=0, opt=SGD, sgd_momentum=0.9, scheduler=cosine, bs=32, epochs=100, lr=1e-03, logfreq=1, checkpoints=True
2025-07-06 20:40:52,021 [INFO] 
Any desired statistics have been plotted.
The experiment is finished.
