2025-07-07 21:36:45,173 [INFO] [INFO] Starting experiment encoder_hand_pose_angles_fs1_pad_repeat...


2025-07-07 21:36:50,251 [INFO] [1] TRAIN | loss: 4.753959292950838, acc: 0.006934812760055479
2025-07-07 21:36:50,251 [INFO] [1] VALIDATION | acc: 0.01775147928994083
2025-07-07 21:36:55,141 [INFO] [2] TRAIN | loss: 4.6385136168936025, acc: 0.013176144244105409
2025-07-07 21:36:55,141 [INFO] [2] VALIDATION | acc: 0.023668639053254437
2025-07-07 21:37:00,075 [INFO] [3] TRAIN | loss: 4.50110125541687, acc: 0.03398058252427184
2025-07-07 21:37:00,075 [INFO] [3] VALIDATION | acc: 0.05621301775147929
2025-07-07 21:37:05,100 [INFO] [4] TRAIN | loss: 4.314725036206453, acc: 0.06241331484049931
2025-07-07 21:37:05,100 [INFO] [4] VALIDATION | acc: 0.05917159763313609
2025-07-07 21:37:09,994 [INFO] [5] TRAIN | loss: 4.0166385381118115, acc: 0.10263522884882108
2025-07-07 21:37:09,994 [INFO] [5] VALIDATION | acc: 0.09171597633136094
2025-07-07 21:37:14,879 [INFO] [6] TRAIN | loss: 3.7101083423780357, acc: 0.15811373092926492
2025-07-07 21:37:14,879 [INFO] [6] VALIDATION | acc: 0.14201183431952663
2025-07-07 21:37:19,830 [INFO] [7] TRAIN | loss: 3.3974902267041416, acc: 0.22468793342579751
2025-07-07 21:37:19,831 [INFO] [7] VALIDATION | acc: 0.20710059171597633
2025-07-07 21:37:24,716 [INFO] [8] TRAIN | loss: 3.1122146793033765, acc: 0.29403606102635227
2025-07-07 21:37:24,716 [INFO] [8] VALIDATION | acc: 0.257396449704142
2025-07-07 21:37:29,605 [INFO] [9] TRAIN | loss: 2.7933253568151724, acc: 0.3751733703190014
2025-07-07 21:37:29,605 [INFO] [9] VALIDATION | acc: 0.29289940828402367
2025-07-07 21:37:34,533 [INFO] [10] TRAIN | loss: 2.5360094775324282, acc: 0.44660194174757284
2025-07-07 21:37:34,533 [INFO] [10] VALIDATION | acc: 0.3727810650887574
2025-07-07 21:37:39,427 [INFO] [11] TRAIN | loss: 2.273285562577455, acc: 0.49653259361997226
2025-07-07 21:37:39,427 [INFO] [11] VALIDATION | acc: 0.40828402366863903
2025-07-07 21:37:44,311 [INFO] [12] TRAIN | loss: 2.015674925368765, acc: 0.5644937586685159
2025-07-07 21:37:44,311 [INFO] [12] VALIDATION | acc: 0.4437869822485207
2025-07-07 21:37:49,201 [INFO] [13] TRAIN | loss: 1.8542043307553167, acc: 0.5957004160887656
2025-07-07 21:37:49,201 [INFO] [13] VALIDATION | acc: 0.4349112426035503
2025-07-07 21:37:54,091 [INFO] [14] TRAIN | loss: 1.6764038412467293, acc: 0.6380027739251041
2025-07-07 21:37:54,091 [INFO] [14] VALIDATION | acc: 0.4822485207100592
2025-07-07 21:37:59,007 [INFO] [15] TRAIN | loss: 1.4889874140853467, acc: 0.6601941747572816
2025-07-07 21:37:59,008 [INFO] [15] VALIDATION | acc: 0.5029585798816568
2025-07-07 21:38:03,895 [INFO] [16] TRAIN | loss: 1.3565212876900383, acc: 0.70249653259362
2025-07-07 21:38:03,895 [INFO] [16] VALIDATION | acc: 0.5088757396449705
2025-07-07 21:38:08,730 [INFO] [17] TRAIN | loss: 1.3373037213864534, acc: 0.7212205270457698
2025-07-07 21:38:08,730 [INFO] [17] VALIDATION | acc: 0.5029585798816568
2025-07-07 21:38:13,606 [INFO] [18] TRAIN | loss: 1.3105697009874426, acc: 0.7212205270457698
2025-07-07 21:38:13,606 [INFO] [18] VALIDATION | acc: 0.5295857988165681
2025-07-07 21:38:18,516 [INFO] [19] TRAIN | loss: 1.1411803377711254, acc: 0.7475728155339806
2025-07-07 21:38:18,516 [INFO] [19] VALIDATION | acc: 0.5650887573964497
2025-07-07 21:38:23,373 [INFO] [20] TRAIN | loss: 0.9964632599250131, acc: 0.8002773925104022
2025-07-07 21:38:23,373 [INFO] [20] VALIDATION | acc: 0.5621301775147929
2025-07-07 21:38:28,196 [INFO] [21] TRAIN | loss: 0.9364457648733387, acc: 0.8134535367545076
2025-07-07 21:38:28,196 [INFO] [21] VALIDATION | acc: 0.5502958579881657
2025-07-07 21:38:33,087 [INFO] [22] TRAIN | loss: 0.8731405138969421, acc: 0.8196948682385575
2025-07-07 21:38:33,087 [INFO] [22] VALIDATION | acc: 0.6005917159763313
2025-07-07 21:38:37,942 [INFO] [23] TRAIN | loss: 0.8205312124412992, acc: 0.8280166435506241
2025-07-07 21:38:37,942 [INFO] [23] VALIDATION | acc: 0.5828402366863905
2025-07-07 21:38:42,770 [INFO] [24] TRAIN | loss: 0.7162199065737103, acc: 0.863384188626907
2025-07-07 21:38:42,770 [INFO] [24] VALIDATION | acc: 0.5680473372781065
2025-07-07 21:38:47,660 [INFO] [25] TRAIN | loss: 0.6944855049900387, acc: 0.8717059639389736
2025-07-07 21:38:47,660 [INFO] [25] VALIDATION | acc: 0.5562130177514792
2025-07-07 21:38:52,442 [INFO] [26] TRAIN | loss: 0.6888107709262682, acc: 0.8606102635228848
2025-07-07 21:38:52,442 [INFO] [26] VALIDATION | acc: 0.5710059171597633
2025-07-07 21:38:57,276 [INFO] [27] TRAIN | loss: 0.6053117047185483, acc: 0.8918169209431346
2025-07-07 21:38:57,276 [INFO] [27] VALIDATION | acc: 0.5857988165680473
2025-07-07 21:39:02,194 [INFO] [28] TRAIN | loss: 0.575499487635882, acc: 0.8952843273231623
2025-07-07 21:39:02,194 [INFO] [28] VALIDATION | acc: 0.6124260355029586
2025-07-07 21:39:07,038 [INFO] [29] TRAIN | loss: 0.4880855203322742, acc: 0.9160887656033287
2025-07-07 21:39:07,038 [INFO] [29] VALIDATION | acc: 0.6005917159763313
2025-07-07 21:39:11,905 [INFO] [30] TRAIN | loss: 0.4563298918630766, acc: 0.9271844660194175
2025-07-07 21:39:11,905 [INFO] [30] VALIDATION | acc: 0.6272189349112426
2025-07-07 21:39:16,794 [INFO] [31] TRAIN | loss: 0.46273939505867334, acc: 0.9355062413314841
2025-07-07 21:39:16,794 [INFO] [31] VALIDATION | acc: 0.6005917159763313
2025-07-07 21:39:21,672 [INFO] [32] TRAIN | loss: 0.4724168790423352, acc: 0.9112343966712899
2025-07-07 21:39:21,672 [INFO] [32] VALIDATION | acc: 0.6094674556213018
2025-07-07 21:39:26,573 [INFO] [33] TRAIN | loss: 0.3933087713692499, acc: 0.9438280166435506
2025-07-07 21:39:26,574 [INFO] [33] VALIDATION | acc: 0.6124260355029586
2025-07-07 21:39:31,508 [INFO] [34] TRAIN | loss: 0.33746955835300946, acc: 0.9583911234396671
2025-07-07 21:39:31,508 [INFO] [34] VALIDATION | acc: 0.6094674556213018
2025-07-07 21:39:36,418 [INFO] [35] TRAIN | loss: 0.30752662958010385, acc: 0.9597780859916782
2025-07-07 21:39:36,418 [INFO] [35] VALIDATION | acc: 0.6242603550295858
2025-07-07 21:39:41,254 [INFO] [36] TRAIN | loss: 0.28101946737455286, acc: 0.9653259361997226
2025-07-07 21:39:41,254 [INFO] [36] VALIDATION | acc: 0.6242603550295858
2025-07-07 21:39:46,226 [INFO] [37] TRAIN | loss: 0.2490416068745696, acc: 0.9736477115117892
2025-07-07 21:39:46,226 [INFO] [37] VALIDATION | acc: 0.6331360946745562
2025-07-07 21:39:51,059 [INFO] [38] TRAIN | loss: 0.23997039671825326, acc: 0.9791955617198336
2025-07-07 21:39:51,059 [INFO] [38] VALIDATION | acc: 0.621301775147929
2025-07-07 21:39:55,847 [INFO] [39] TRAIN | loss: 0.23371280924133633, acc: 0.9736477115117892
2025-07-07 21:39:55,847 [INFO] [39] VALIDATION | acc: 0.606508875739645
2025-07-07 21:40:00,820 [INFO] [40] TRAIN | loss: 0.21013588263936664, acc: 0.9798890429958391
2025-07-07 21:40:00,820 [INFO] [40] VALIDATION | acc: 0.636094674556213
2025-07-07 21:40:05,694 [INFO] [41] TRAIN | loss: 0.19581420930183452, acc: 0.9812760055478502
2025-07-07 21:40:05,695 [INFO] [41] VALIDATION | acc: 0.6390532544378699
2025-07-07 21:40:10,576 [INFO] [42] TRAIN | loss: 0.1792013969110406, acc: 0.9889042995839112
2025-07-07 21:40:10,576 [INFO] [42] VALIDATION | acc: 0.6479289940828402
2025-07-07 21:40:15,431 [INFO] [43] TRAIN | loss: 0.1721857420128325, acc: 0.9882108183079057
2025-07-07 21:40:15,431 [INFO] [43] VALIDATION | acc: 0.6538461538461539
2025-07-07 21:40:20,254 [INFO] [44] TRAIN | loss: 0.16788017118106718, acc: 0.986130374479889
2025-07-07 21:40:20,254 [INFO] [44] VALIDATION | acc: 0.6242603550295858
2025-07-07 21:40:25,033 [INFO] [45] TRAIN | loss: 0.15543892234563828, acc: 0.9868238557558946
2025-07-07 21:40:25,033 [INFO] [45] VALIDATION | acc: 0.6242603550295858
2025-07-07 21:40:29,797 [INFO] [46] TRAIN | loss: 0.15796048080791597, acc: 0.9875173370319001
2025-07-07 21:40:29,798 [INFO] [46] VALIDATION | acc: 0.6479289940828402
2025-07-07 21:40:34,660 [INFO] [47] TRAIN | loss: 0.13480063544019408, acc: 0.9930651872399445
2025-07-07 21:40:34,660 [INFO] [47] VALIDATION | acc: 0.6449704142011834
2025-07-07 21:40:39,478 [INFO] [48] TRAIN | loss: 0.12606312026796135, acc: 0.9909847434119279
2025-07-07 21:40:39,478 [INFO] [48] VALIDATION | acc: 0.6272189349112426
2025-07-07 21:40:44,248 [INFO] [49] TRAIN | loss: 0.12171291106421014, acc: 0.9909847434119279
2025-07-07 21:40:44,249 [INFO] [49] VALIDATION | acc: 0.6242603550295858
2025-07-07 21:40:49,055 [INFO] [50] TRAIN | loss: 0.12041698768734932, acc: 0.9909847434119279
2025-07-07 21:40:49,055 [INFO] [50] VALIDATION | acc: 0.6153846153846154
2025-07-07 21:40:53,812 [INFO] [51] TRAIN | loss: 0.11660735244336336, acc: 0.992371705963939
2025-07-07 21:40:53,812 [INFO] [51] VALIDATION | acc: 0.636094674556213
2025-07-07 21:40:58,690 [INFO] [52] TRAIN | loss: 0.13745471203456755, acc: 0.986130374479889
2025-07-07 21:40:58,691 [INFO] [52] VALIDATION | acc: 0.6597633136094675
2025-07-07 21:41:03,583 [INFO] [53] TRAIN | loss: 0.10197701855846074, acc: 0.9930651872399445
2025-07-07 21:41:03,583 [INFO] [53] VALIDATION | acc: 0.6390532544378699
2025-07-07 21:41:08,341 [INFO] [54] TRAIN | loss: 0.09983860498861126, acc: 0.992371705963939
2025-07-07 21:41:08,341 [INFO] [54] VALIDATION | acc: 0.6390532544378699
2025-07-07 21:41:13,106 [INFO] [55] TRAIN | loss: 0.10704922254966653, acc: 0.9916782246879334
2025-07-07 21:41:13,106 [INFO] [55] VALIDATION | acc: 0.6479289940828402
2025-07-07 21:41:17,914 [INFO] [56] TRAIN | loss: 0.09470998341946499, acc: 0.9930651872399445
2025-07-07 21:41:17,915 [INFO] [56] VALIDATION | acc: 0.6538461538461539
2025-07-07 21:41:22,685 [INFO] [57] TRAIN | loss: 0.08581925394094508, acc: 0.9930651872399445
2025-07-07 21:41:22,685 [INFO] [57] VALIDATION | acc: 0.6538461538461539
2025-07-07 21:41:27,432 [INFO] [58] TRAIN | loss: 0.08641495336980923, acc: 0.9909847434119279
2025-07-07 21:41:27,432 [INFO] [58] VALIDATION | acc: 0.636094674556213
2025-07-07 21:41:32,258 [INFO] [59] TRAIN | loss: 0.07860703183257062, acc: 0.9958391123439667
2025-07-07 21:41:32,258 [INFO] [59] VALIDATION | acc: 0.6420118343195266
2025-07-07 21:41:37,080 [INFO] [60] TRAIN | loss: 0.08042390927996325, acc: 0.9930651872399445
2025-07-07 21:41:37,080 [INFO] [60] VALIDATION | acc: 0.6627218934911243
2025-07-07 21:41:41,832 [INFO] [61] TRAIN | loss: 0.09084767159884391, acc: 0.9909847434119279
2025-07-07 21:41:41,832 [INFO] [61] VALIDATION | acc: 0.6420118343195266
2025-07-07 21:41:46,727 [INFO] [62] TRAIN | loss: 0.07520757234938767, acc: 0.9951456310679612
2025-07-07 21:41:46,727 [INFO] [62] VALIDATION | acc: 0.6597633136094675
2025-07-07 21:41:51,467 [INFO] [63] TRAIN | loss: 0.07255546076466209, acc: 0.9944521497919556
2025-07-07 21:41:51,467 [INFO] [63] VALIDATION | acc: 0.6479289940828402
2025-07-07 21:41:56,222 [INFO] [64] TRAIN | loss: 0.06986576837042104, acc: 0.9944521497919556
2025-07-07 21:41:56,223 [INFO] [64] VALIDATION | acc: 0.6597633136094675
2025-07-07 21:42:01,076 [INFO] [65] TRAIN | loss: 0.06597501671184665, acc: 0.9951456310679612
2025-07-07 21:42:01,076 [INFO] [65] VALIDATION | acc: 0.6420118343195266
2025-07-07 21:42:05,813 [INFO] [66] TRAIN | loss: 0.06258298003155252, acc: 0.9930651872399445
2025-07-07 21:42:05,813 [INFO] [66] VALIDATION | acc: 0.6479289940828402
2025-07-07 21:42:10,568 [INFO] [67] TRAIN | loss: 0.06175678571605164, acc: 0.992371705963939
2025-07-07 21:42:10,568 [INFO] [67] VALIDATION | acc: 0.6479289940828402
2025-07-07 21:42:15,319 [INFO] [68] TRAIN | loss: 0.05992569725798524, acc: 0.9944521497919556
2025-07-07 21:42:15,319 [INFO] [68] VALIDATION | acc: 0.6568047337278107
2025-07-07 21:42:20,126 [INFO] [69] TRAIN | loss: 0.059961487093697426, acc: 0.9944521497919556
2025-07-07 21:42:20,126 [INFO] [69] VALIDATION | acc: 0.665680473372781
2025-07-07 21:42:24,888 [INFO] [70] TRAIN | loss: 0.05606361077693493, acc: 0.9944521497919556
2025-07-07 21:42:24,888 [INFO] [70] VALIDATION | acc: 0.6568047337278107
2025-07-07 21:42:29,667 [INFO] [71] TRAIN | loss: 0.05562495294472446, acc: 0.9951456310679612
2025-07-07 21:42:29,667 [INFO] [71] VALIDATION | acc: 0.6568047337278107
2025-07-07 21:42:34,554 [INFO] [72] TRAIN | loss: 0.05357219452929238, acc: 0.9944521497919556
2025-07-07 21:42:34,554 [INFO] [72] VALIDATION | acc: 0.6479289940828402
2025-07-07 21:42:39,309 [INFO] [73] TRAIN | loss: 0.05169002877791291, acc: 0.9937586685159501
2025-07-07 21:42:39,309 [INFO] [73] VALIDATION | acc: 0.6390532544378699
2025-07-07 21:42:44,176 [INFO] [74] TRAIN | loss: 0.05013336443706699, acc: 0.9951456310679612
2025-07-07 21:42:44,176 [INFO] [74] VALIDATION | acc: 0.6568047337278107
2025-07-07 21:42:49,074 [INFO] [75] TRAIN | loss: 0.04950361723161262, acc: 0.9951456310679612
2025-07-07 21:42:49,074 [INFO] [75] VALIDATION | acc: 0.665680473372781
2025-07-07 21:42:53,835 [INFO] [76] TRAIN | loss: 0.05030734727726034, acc: 0.9937586685159501
2025-07-07 21:42:53,835 [INFO] [76] VALIDATION | acc: 0.6597633136094675
2025-07-07 21:42:58,690 [INFO] [77] TRAIN | loss: 0.04819408261581608, acc: 0.9930651872399445
2025-07-07 21:42:58,690 [INFO] [77] VALIDATION | acc: 0.6715976331360947
2025-07-07 21:43:03,596 [INFO] [78] TRAIN | loss: 0.04701577224161314, acc: 0.9958391123439667
2025-07-07 21:43:03,597 [INFO] [78] VALIDATION | acc: 0.6597633136094675
2025-07-07 21:43:08,440 [INFO] [79] TRAIN | loss: 0.04636061122721952, acc: 0.9951456310679612
2025-07-07 21:43:08,441 [INFO] [79] VALIDATION | acc: 0.6597633136094675
2025-07-07 21:43:13,272 [INFO] [80] TRAIN | loss: 0.04551545121585545, acc: 0.9937586685159501
2025-07-07 21:43:13,272 [INFO] [80] VALIDATION | acc: 0.650887573964497
2025-07-07 21:43:18,159 [INFO] [81] TRAIN | loss: 0.046175113514713616, acc: 0.9937586685159501
2025-07-07 21:43:18,159 [INFO] [81] VALIDATION | acc: 0.665680473372781
2025-07-07 21:43:23,126 [INFO] [82] TRAIN | loss: 0.046871820545714836, acc: 0.9951456310679612
2025-07-07 21:43:23,126 [INFO] [82] VALIDATION | acc: 0.665680473372781
2025-07-07 21:43:27,921 [INFO] [83] TRAIN | loss: 0.043608249246102314, acc: 0.9930651872399445
2025-07-07 21:43:27,921 [INFO] [83] VALIDATION | acc: 0.650887573964497
2025-07-07 21:43:32,764 [INFO] [84] TRAIN | loss: 0.043767943613879055, acc: 0.9944521497919556
2025-07-07 21:43:32,764 [INFO] [84] VALIDATION | acc: 0.6568047337278107
2025-07-07 21:43:37,548 [INFO] [85] TRAIN | loss: 0.04257370568002048, acc: 0.9951456310679612
2025-07-07 21:43:37,548 [INFO] [85] VALIDATION | acc: 0.6597633136094675
2025-07-07 21:43:42,325 [INFO] [86] TRAIN | loss: 0.04152203201437774, acc: 0.9951456310679612
2025-07-07 21:43:42,325 [INFO] [86] VALIDATION | acc: 0.6568047337278107
2025-07-07 21:43:47,105 [INFO] [87] TRAIN | loss: 0.04151179127233184, acc: 0.9951456310679612
2025-07-07 21:43:47,105 [INFO] [87] VALIDATION | acc: 0.6568047337278107
2025-07-07 21:43:51,929 [INFO] [88] TRAIN | loss: 0.04145327680136846, acc: 0.9951456310679612
2025-07-07 21:43:51,929 [INFO] [88] VALIDATION | acc: 0.6686390532544378
2025-07-07 21:43:56,697 [INFO] [89] TRAIN | loss: 0.03915585747555546, acc: 0.9944521497919556
2025-07-07 21:43:56,697 [INFO] [89] VALIDATION | acc: 0.6627218934911243
2025-07-07 21:44:01,508 [INFO] [90] TRAIN | loss: 0.038991120198498604, acc: 0.9951456310679612
2025-07-07 21:44:01,508 [INFO] [90] VALIDATION | acc: 0.6568047337278107
2025-07-07 21:44:06,266 [INFO] [91] TRAIN | loss: 0.03849546497930651, acc: 0.9951456310679612
2025-07-07 21:44:06,266 [INFO] [91] VALIDATION | acc: 0.6449704142011834
2025-07-07 21:44:11,142 [INFO] [92] TRAIN | loss: 0.051436584604823074, acc: 0.9937586685159501
2025-07-07 21:44:11,142 [INFO] [92] VALIDATION | acc: 0.650887573964497
2025-07-07 21:44:16,051 [INFO] [93] TRAIN | loss: 0.07048544810032067, acc: 0.9951456310679612
2025-07-07 21:44:16,051 [INFO] [93] VALIDATION | acc: 0.650887573964497
2025-07-07 21:44:20,818 [INFO] [94] TRAIN | loss: 0.04841881885152796, acc: 0.9937586685159501
2025-07-07 21:44:20,818 [INFO] [94] VALIDATION | acc: 0.6449704142011834
2025-07-07 21:44:25,686 [INFO] [95] TRAIN | loss: 0.041919648120908634, acc: 0.9958391123439667
2025-07-07 21:44:25,686 [INFO] [95] VALIDATION | acc: 0.6538461538461539
2025-07-07 21:44:30,452 [INFO] [96] TRAIN | loss: 0.04004612666271303, acc: 0.9951456310679612
2025-07-07 21:44:30,452 [INFO] [96] VALIDATION | acc: 0.6538461538461539
2025-07-07 21:44:35,228 [INFO] [97] TRAIN | loss: 0.038555298486481544, acc: 0.9958391123439667
2025-07-07 21:44:35,228 [INFO] [97] VALIDATION | acc: 0.6449704142011834
2025-07-07 21:44:40,036 [INFO] [98] TRAIN | loss: 0.03766453185159227, acc: 0.9958391123439667
2025-07-07 21:44:40,036 [INFO] [98] VALIDATION | acc: 0.6597633136094675
2025-07-07 21:44:44,828 [INFO] [99] TRAIN | loss: 0.03744785281141167, acc: 0.9951456310679612
2025-07-07 21:44:44,828 [INFO] [99] VALIDATION | acc: 0.6568047337278107
2025-07-07 21:44:49,599 [INFO] [100] TRAIN | loss: 0.03499923039065755, acc: 0.9951456310679612
2025-07-07 21:44:49,599 [INFO] [100] VALIDATION | acc: 0.6568047337278107
2025-07-07 21:44:49,599 [INFO] Testing checkpointed models starting...

2025-07-07 21:44:51,106 [INFO] checkpoint_t0  ->  0.003875968992248062
2025-07-07 21:44:52,600 [INFO] checkpoint_v0  ->  0.003875968992248062
2025-07-07 21:44:54,090 [INFO] checkpoint_t1  ->  0.42248062015503873
2025-07-07 21:44:56,331 [INFO] checkpoint_v1  ->  0.42248062015503873
2025-07-07 21:45:01,850 [INFO] checkpoint_t2  ->  0.5193798449612403
2025-07-07 21:45:07,222 [INFO] checkpoint_v2  ->  0.5271317829457365
2025-07-07 21:45:12,843 [INFO] checkpoint_t3  ->  0.5891472868217055
2025-07-07 21:45:18,016 [INFO] checkpoint_v3  ->  0.5775193798449613
2025-07-07 21:45:23,442 [INFO] checkpoint_t4  ->  0.5775193798449613
2025-07-07 21:45:28,708 [INFO] checkpoint_v4  ->  0.5775193798449613
2025-07-07 21:45:34,397 [INFO] checkpoint_t5  ->  0.5852713178294574
2025-07-07 21:45:39,744 [INFO] checkpoint_v5  ->  0.5697674418604651
2025-07-07 21:45:45,090 [INFO] checkpoint_t6  ->  0.5852713178294574
2025-07-07 21:45:50,478 [INFO] checkpoint_v6  ->  0.6124031007751938
2025-07-07 21:45:55,844 [INFO] checkpoint_t7  ->  0.5581395348837209
2025-07-07 21:46:01,648 [INFO] checkpoint_v7  ->  0.5852713178294574
2025-07-07 21:46:07,371 [INFO] checkpoint_t8  ->  0.5930232558139535
2025-07-07 21:46:13,032 [INFO] checkpoint_v8  ->  0.5930232558139535
2025-07-07 21:46:18,670 [INFO] checkpoint_t9  ->  0.6124031007751938
2025-07-07 21:46:24,301 [INFO] checkpoint_v9  ->  0.6007751937984496
2025-07-07 21:46:29,807 [INFO] checkpoint_t10  ->  0.6085271317829457
2025-07-07 21:46:34,975 [INFO] checkpoint_v10  ->  0.6007751937984496
2025-07-07 21:46:34,975 [INFO] 
=======================================
2025-07-07 21:46:34,975 [INFO] The best testing checkpoint: encoder_hand_pose_angles_fs1_pad_repeat/checkpoint_v_6:
2025-07-07 21:46:34,975 [INFO]    Testing accuracy: 0.612
2025-07-07 21:46:34,975 [INFO]    Macro F1 score: 0.599
2025-07-07 21:46:34,975 [INFO]    Weighted F1 score: 0.603
2025-07-07 21:46:34,975 [INFO]    Total trainable parameters: 20,839,972
2025-07-07 21:46:34,975 [INFO]    Elapsed time: 589.80 sec
2025-07-07 21:46:34,975 [INFO] ----------------Config information----------------------- 
2025-07-07 21:46:34,975 [INFO]  - Experiment Args: {'dataset': 'WLASL100', 'features': 'HAND_POSE_ANGLES', 'include_blendshapes': 0, 'fs': 1, 'feature_padding_mode': 'repeat', 'num_classes': 100, 'model': 'encoder', 'mediapipe_holistic': True, 'dim': 544, 'heads': 8, 'n_layers': 6, 'PE': 0, 'pad': 'True', 'clip_weights': 0, 'clip_gradients': 0, 'opt': 'SGD', 'sgd_momentum': 0.9, 'scheduler': 'cosine', 'bs': 32, 'epochs': 100, 'lr': '1e-03', 'logfreq': 1, 'checkpoints': True}
2025-07-07 21:46:35,055 [INFO] 
Any desired statistics have been plotted.
The experiment is finished.
