2025-07-04 18:23:51,665 [INFO] [INFO] Starting experiment spoter_sgd_w_momentum...


2025-07-04 18:23:54,782 [INFO] [1] TRAIN | loss: 4.710772814957992, acc: 0.0159500693481276
2025-07-04 18:23:54,782 [INFO] [1] VALIDATION | acc: 0.011834319526627219
2025-07-04 18:23:57,727 [INFO] [2] TRAIN | loss: 4.635026454925537, acc: 0.02011095700416089
2025-07-04 18:23:57,727 [INFO] [2] VALIDATION | acc: 0.01775147928994083
2025-07-04 18:24:00,644 [INFO] [3] TRAIN | loss: 4.55682747260384, acc: 0.027045769764216365
2025-07-04 18:24:00,644 [INFO] [3] VALIDATION | acc: 0.01775147928994083
2025-07-04 18:24:03,661 [INFO] [4] TRAIN | loss: 4.445786641991657, acc: 0.029819694868238558
2025-07-04 18:24:03,661 [INFO] [4] VALIDATION | acc: 0.023668639053254437
2025-07-04 18:24:06,598 [INFO] [5] TRAIN | loss: 4.368559889171435, acc: 0.029819694868238558
2025-07-04 18:24:06,598 [INFO] [5] VALIDATION | acc: 0.029585798816568046
2025-07-04 18:24:09,560 [INFO] [6] TRAIN | loss: 4.286050578822261, acc: 0.03952843273231623
2025-07-04 18:24:09,560 [INFO] [6] VALIDATION | acc: 0.029585798816568046
2025-07-04 18:24:12,492 [INFO] [7] TRAIN | loss: 4.243658231652302, acc: 0.03536754507628294
2025-07-04 18:24:12,507 [INFO] [7] VALIDATION | acc: 0.026627218934911243
2025-07-04 18:24:15,476 [INFO] [8] TRAIN | loss: 4.1692181255506435, acc: 0.04507628294036061
2025-07-04 18:24:15,476 [INFO] [8] VALIDATION | acc: 0.05029585798816568
2025-07-04 18:24:18,480 [INFO] [9] TRAIN | loss: 4.094052465065666, acc: 0.059639389736477116
2025-07-04 18:24:18,480 [INFO] [9] VALIDATION | acc: 0.05325443786982249
2025-07-04 18:24:21,478 [INFO] [10] TRAIN | loss: 4.012087236280027, acc: 0.06865464632454923
2025-07-04 18:24:21,478 [INFO] [10] VALIDATION | acc: 0.0621301775147929
2025-07-04 18:24:24,422 [INFO] [11] TRAIN | loss: 3.9169911457144697, acc: 0.07489597780859916
2025-07-04 18:24:24,422 [INFO] [11] VALIDATION | acc: 0.0650887573964497
2025-07-04 18:24:27,363 [INFO] [12] TRAIN | loss: 3.8494616539581963, acc: 0.09084604715672677
2025-07-04 18:24:27,363 [INFO] [12] VALIDATION | acc: 0.0650887573964497
2025-07-04 18:24:30,278 [INFO] [13] TRAIN | loss: 3.7791442819263623, acc: 0.09292649098474341
2025-07-04 18:24:30,278 [INFO] [13] VALIDATION | acc: 0.0650887573964497
2025-07-04 18:24:33,238 [INFO] [14] TRAIN | loss: 3.6847197905830713, acc: 0.11095700416088766
2025-07-04 18:24:33,239 [INFO] [14] VALIDATION | acc: 0.07988165680473373
2025-07-04 18:24:36,159 [INFO] [15] TRAIN | loss: 3.608917879021686, acc: 0.11719833564493759
2025-07-04 18:24:36,159 [INFO] [15] VALIDATION | acc: 0.09763313609467456
2025-07-04 18:24:39,015 [INFO] [16] TRAIN | loss: 3.5155859719152036, acc: 0.13453536754507628
2025-07-04 18:24:39,015 [INFO] [16] VALIDATION | acc: 0.09171597633136094
2025-07-04 18:24:41,912 [INFO] [17] TRAIN | loss: 3.501840544783551, acc: 0.1463245492371706
2025-07-04 18:24:41,912 [INFO] [17] VALIDATION | acc: 0.08579881656804733
2025-07-04 18:24:44,810 [INFO] [18] TRAIN | loss: 3.4454595317011294, acc: 0.15187239944521497
2025-07-04 18:24:44,810 [INFO] [18] VALIDATION | acc: 0.09763313609467456
2025-07-04 18:24:47,688 [INFO] [19] TRAIN | loss: 3.3557652286861255, acc: 0.15742024965325938
2025-07-04 18:24:47,688 [INFO] [19] VALIDATION | acc: 0.09763313609467456
2025-07-04 18:24:50,653 [INFO] [20] TRAIN | loss: 3.317372125128041, acc: 0.16851595006934814
2025-07-04 18:24:50,653 [INFO] [20] VALIDATION | acc: 0.12130177514792899
2025-07-04 18:24:53,573 [INFO] [21] TRAIN | loss: 3.196827961050946, acc: 0.21289875173370318
2025-07-04 18:24:53,573 [INFO] [21] VALIDATION | acc: 0.1242603550295858
2025-07-04 18:24:56,522 [INFO] [22] TRAIN | loss: 3.165534796922103, acc: 0.20041608876560332
2025-07-04 18:24:56,522 [INFO] [22] VALIDATION | acc: 0.09171597633136094
2025-07-04 18:24:59,517 [INFO] [23] TRAIN | loss: 3.0755504421565845, acc: 0.24133148404993066
2025-07-04 18:24:59,517 [INFO] [23] VALIDATION | acc: 0.08579881656804733
2025-07-04 18:25:02,432 [INFO] [24] TRAIN | loss: 3.140667226003564, acc: 0.2274618585298197
2025-07-04 18:25:02,432 [INFO] [24] VALIDATION | acc: 0.13313609467455623
2025-07-04 18:25:05,372 [INFO] [25] TRAIN | loss: 2.925874896671461, acc: 0.260748959778086
2025-07-04 18:25:05,372 [INFO] [25] VALIDATION | acc: 0.17751479289940827
2025-07-04 18:25:08,306 [INFO] [26] TRAIN | loss: 2.849388257316921, acc: 0.28224687933425796
2025-07-04 18:25:08,306 [INFO] [26] VALIDATION | acc: 0.15976331360946747
2025-07-04 18:25:11,277 [INFO] [27] TRAIN | loss: 2.8021861781244692, acc: 0.3079056865464632
2025-07-04 18:25:11,277 [INFO] [27] VALIDATION | acc: 0.17751479289940827
2025-07-04 18:25:14,256 [INFO] [28] TRAIN | loss: 2.6898416695387466, acc: 0.34257975034674065
2025-07-04 18:25:14,256 [INFO] [28] VALIDATION | acc: 0.21005917159763313
2025-07-04 18:25:17,174 [INFO] [29] TRAIN | loss: 2.6165393020795737, acc: 0.361997226074896
2025-07-04 18:25:17,174 [INFO] [29] VALIDATION | acc: 0.19230769230769232
2025-07-04 18:25:20,161 [INFO] [30] TRAIN | loss: 2.492913878482321, acc: 0.3828016643550624
2025-07-04 18:25:20,161 [INFO] [30] VALIDATION | acc: 0.22189349112426035
2025-07-04 18:25:23,162 [INFO] [31] TRAIN | loss: 2.4559772118278174, acc: 0.41123439667128986
2025-07-04 18:25:23,162 [INFO] [31] VALIDATION | acc: 0.22485207100591717
2025-07-04 18:25:26,145 [INFO] [32] TRAIN | loss: 2.422518818274788, acc: 0.42718446601941745
2025-07-04 18:25:26,145 [INFO] [32] VALIDATION | acc: 0.2692307692307692
2025-07-04 18:25:29,273 [INFO] [33] TRAIN | loss: 2.367003145425216, acc: 0.4160887656033287
2025-07-04 18:25:29,273 [INFO] [33] VALIDATION | acc: 0.22485207100591717
2025-07-04 18:25:32,347 [INFO] [34] TRAIN | loss: 2.251379425111024, acc: 0.4549237170596394
2025-07-04 18:25:32,347 [INFO] [34] VALIDATION | acc: 0.21597633136094674
2025-07-04 18:25:35,368 [INFO] [35] TRAIN | loss: 2.2898236850033635, acc: 0.427877947295423
2025-07-04 18:25:35,368 [INFO] [35] VALIDATION | acc: 0.2692307692307692
2025-07-04 18:25:38,370 [INFO] [36] TRAIN | loss: 2.149445914703867, acc: 0.4854368932038835
2025-07-04 18:25:38,370 [INFO] [36] VALIDATION | acc: 0.2603550295857988
2025-07-04 18:25:41,369 [INFO] [37] TRAIN | loss: 2.151276927927266, acc: 0.4694868238557559
2025-07-04 18:25:41,369 [INFO] [37] VALIDATION | acc: 0.2781065088757396
2025-07-04 18:25:44,429 [INFO] [38] TRAIN | loss: 2.0447194187537483, acc: 0.5062413314840499
2025-07-04 18:25:44,429 [INFO] [38] VALIDATION | acc: 0.2958579881656805
2025-07-04 18:25:47,463 [INFO] [39] TRAIN | loss: 2.0166250648705857, acc: 0.5117891816920943
2025-07-04 18:25:47,463 [INFO] [39] VALIDATION | acc: 0.28106508875739644
2025-07-04 18:25:50,426 [INFO] [40] TRAIN | loss: 1.9660425600798235, acc: 0.5159500693481276
2025-07-04 18:25:50,426 [INFO] [40] VALIDATION | acc: 0.2869822485207101
2025-07-04 18:25:53,472 [INFO] [41] TRAIN | loss: 1.8148155575213225, acc: 0.5693481276005548
2025-07-04 18:25:53,472 [INFO] [41] VALIDATION | acc: 0.3047337278106509
2025-07-04 18:25:56,654 [INFO] [42] TRAIN | loss: 1.7371918429499087, acc: 0.5742024965325936
2025-07-04 18:25:56,654 [INFO] [42] VALIDATION | acc: 0.3165680473372781
2025-07-04 18:26:00,489 [INFO] [43] TRAIN | loss: 1.633615441944288, acc: 0.6005547850208044
2025-07-04 18:26:00,489 [INFO] [43] VALIDATION | acc: 0.3047337278106509
2025-07-04 18:26:04,262 [INFO] [44] TRAIN | loss: 1.7191500456436821, acc: 0.587378640776699
2025-07-04 18:26:04,262 [INFO] [44] VALIDATION | acc: 0.3165680473372781
2025-07-04 18:26:08,125 [INFO] [45] TRAIN | loss: 1.6102015402006067, acc: 0.6262135922330098
2025-07-04 18:26:08,125 [INFO] [45] VALIDATION | acc: 0.3816568047337278
2025-07-04 18:26:11,775 [INFO] [46] TRAIN | loss: 1.5032576892686926, acc: 0.6525658807212206
2025-07-04 18:26:11,775 [INFO] [46] VALIDATION | acc: 0.3698224852071006
2025-07-04 18:26:15,050 [INFO] [47] TRAIN | loss: 1.3699428309565005, acc: 0.7052704576976422
2025-07-04 18:26:15,050 [INFO] [47] VALIDATION | acc: 0.3520710059171598
2025-07-04 18:26:18,704 [INFO] [48] TRAIN | loss: 1.4183350179506384, acc: 0.6782246879334258
2025-07-04 18:26:18,704 [INFO] [48] VALIDATION | acc: 0.35798816568047337
2025-07-04 18:26:22,375 [INFO] [49] TRAIN | loss: 1.3561314694259479, acc: 0.6914008321775312
2025-07-04 18:26:22,375 [INFO] [49] VALIDATION | acc: 0.39644970414201186
2025-07-04 18:26:25,781 [INFO] [50] TRAIN | loss: 1.243780975756438, acc: 0.7357836338418863
2025-07-04 18:26:25,781 [INFO] [50] VALIDATION | acc: 0.3757396449704142
2025-07-04 18:26:28,734 [INFO] [51] TRAIN | loss: 1.1380619134591974, acc: 0.7558945908460472
2025-07-04 18:26:28,734 [INFO] [51] VALIDATION | acc: 0.363905325443787
2025-07-04 18:26:31,689 [INFO] [52] TRAIN | loss: 1.1642725700917451, acc: 0.7552011095700416
2025-07-04 18:26:31,689 [INFO] [52] VALIDATION | acc: 0.3875739644970414
2025-07-04 18:26:34,608 [INFO] [53] TRAIN | loss: 1.1753502306730852, acc: 0.7364771151178918
2025-07-04 18:26:34,608 [INFO] [53] VALIDATION | acc: 0.39644970414201186
2025-07-04 18:26:37,496 [INFO] [54] TRAIN | loss: 1.1414320948331251, acc: 0.753120665742025
2025-07-04 18:26:37,496 [INFO] [54] VALIDATION | acc: 0.3698224852071006
2025-07-04 18:26:40,409 [INFO] [55] TRAIN | loss: 1.125360281571098, acc: 0.7447988904299584
2025-07-04 18:26:40,409 [INFO] [55] VALIDATION | acc: 0.4467455621301775
2025-07-04 18:26:43,329 [INFO] [56] TRAIN | loss: 1.0220629352590311, acc: 0.782246879334258
2025-07-04 18:26:43,345 [INFO] [56] VALIDATION | acc: 0.38461538461538464
2025-07-04 18:26:46,223 [INFO] [57] TRAIN | loss: 1.140544100948002, acc: 0.7343966712898752
2025-07-04 18:26:46,223 [INFO] [57] VALIDATION | acc: 0.3698224852071006
2025-07-04 18:26:49,114 [INFO] [58] TRAIN | loss: 1.0704659210598988, acc: 0.7628294036061026
2025-07-04 18:26:49,114 [INFO] [58] VALIDATION | acc: 0.39644970414201186
2025-07-04 18:26:52,046 [INFO] [59] TRAIN | loss: 0.9046336645665376, acc: 0.8203883495145631
2025-07-04 18:26:52,046 [INFO] [59] VALIDATION | acc: 0.4289940828402367
2025-07-04 18:26:54,944 [INFO] [60] TRAIN | loss: 0.8432981106250182, acc: 0.8224687933425797
2025-07-04 18:26:54,944 [INFO] [60] VALIDATION | acc: 0.4467455621301775
2025-07-04 18:26:57,919 [INFO] [61] TRAIN | loss: 0.7792256299568259, acc: 0.8592233009708737
2025-07-04 18:26:57,919 [INFO] [61] VALIDATION | acc: 0.42011834319526625
2025-07-04 18:27:00,979 [INFO] [62] TRAIN | loss: 0.8727333714132723, acc: 0.8259361997226075
2025-07-04 18:27:00,979 [INFO] [62] VALIDATION | acc: 0.4260355029585799
2025-07-04 18:27:04,069 [INFO] [63] TRAIN | loss: 0.8767966777086258, acc: 0.812760055478502
2025-07-04 18:27:04,069 [INFO] [63] VALIDATION | acc: 0.4319526627218935
2025-07-04 18:27:07,035 [INFO] [64] TRAIN | loss: 0.6581739196958749, acc: 0.8959778085991679
2025-07-04 18:27:07,035 [INFO] [64] VALIDATION | acc: 0.4289940828402367
2025-07-04 18:27:10,067 [INFO] [65] TRAIN | loss: 0.5919012200573216, acc: 0.9029126213592233
2025-07-04 18:27:10,067 [INFO] [65] VALIDATION | acc: 0.4408284023668639
2025-07-04 18:27:13,046 [INFO] [66] TRAIN | loss: 0.5324017878459848, acc: 0.9216366158113731
2025-07-04 18:27:13,046 [INFO] [66] VALIDATION | acc: 0.47928994082840237
2025-07-04 18:27:16,008 [INFO] [67] TRAIN | loss: 0.49386458973521774, acc: 0.9299583911234397
2025-07-04 18:27:16,008 [INFO] [67] VALIDATION | acc: 0.47041420118343197
2025-07-04 18:27:18,971 [INFO] [68] TRAIN | loss: 0.46781470011109894, acc: 0.9389736477115118
2025-07-04 18:27:18,971 [INFO] [68] VALIDATION | acc: 0.46153846153846156
2025-07-04 18:27:21,939 [INFO] [69] TRAIN | loss: 0.4621929306051005, acc: 0.9431345353675451
2025-07-04 18:27:21,939 [INFO] [69] VALIDATION | acc: 0.4526627218934911
2025-07-04 18:27:24,828 [INFO] [70] TRAIN | loss: 0.4780655360740164, acc: 0.9299583911234397
2025-07-04 18:27:24,828 [INFO] [70] VALIDATION | acc: 0.4911242603550296
2025-07-04 18:27:27,829 [INFO] [71] TRAIN | loss: 0.4148464973853982, acc: 0.949375866851595
2025-07-04 18:27:27,829 [INFO] [71] VALIDATION | acc: 0.4970414201183432
2025-07-04 18:27:30,862 [INFO] [72] TRAIN | loss: 0.39445986371973285, acc: 0.9521497919556172
2025-07-04 18:27:30,862 [INFO] [72] VALIDATION | acc: 0.48520710059171596
2025-07-04 18:27:33,939 [INFO] [73] TRAIN | loss: 0.3340024559394173, acc: 0.9660194174757282
2025-07-04 18:27:33,939 [INFO] [73] VALIDATION | acc: 0.4970414201183432
2025-07-04 18:27:36,937 [INFO] [74] TRAIN | loss: 0.3328678258087324, acc: 0.9667128987517337
2025-07-04 18:27:36,937 [INFO] [74] VALIDATION | acc: 0.5029585798816568
2025-07-04 18:27:39,997 [INFO] [75] TRAIN | loss: 0.2927695801076682, acc: 0.9757281553398058
2025-07-04 18:27:39,997 [INFO] [75] VALIDATION | acc: 0.4970414201183432
2025-07-04 18:27:43,023 [INFO] [76] TRAIN | loss: 0.27176162892061734, acc: 0.9743411927877947
2025-07-04 18:27:43,023 [INFO] [76] VALIDATION | acc: 0.514792899408284
2025-07-04 18:27:46,083 [INFO] [77] TRAIN | loss: 0.25828330089216645, acc: 0.9764216366158114
2025-07-04 18:27:46,083 [INFO] [77] VALIDATION | acc: 0.4881656804733728
2025-07-04 18:27:49,033 [INFO] [78] TRAIN | loss: 0.3096690712415654, acc: 0.9646324549237171
2025-07-04 18:27:49,033 [INFO] [78] VALIDATION | acc: 0.5029585798816568
2025-07-04 18:27:52,036 [INFO] [79] TRAIN | loss: 0.23733796244082245, acc: 0.9791955617198336
2025-07-04 18:27:52,036 [INFO] [79] VALIDATION | acc: 0.5029585798816568
2025-07-04 18:27:54,956 [INFO] [80] TRAIN | loss: 0.19987549146880274, acc: 0.9902912621359223
2025-07-04 18:27:54,956 [INFO] [80] VALIDATION | acc: 0.5029585798816568
2025-07-04 18:27:57,880 [INFO] [81] TRAIN | loss: 0.23134191949730334, acc: 0.978502080443828
2025-07-04 18:27:57,880 [INFO] [81] VALIDATION | acc: 0.48520710059171596
2025-07-04 18:28:00,956 [INFO] [82] TRAIN | loss: 0.23808275746262592, acc: 0.9722607489597781
2025-07-04 18:28:00,956 [INFO] [82] VALIDATION | acc: 0.4911242603550296
2025-07-04 18:28:03,917 [INFO] [83] TRAIN | loss: 0.20014206951727037, acc: 0.984743411927878
2025-07-04 18:28:03,917 [INFO] [83] VALIDATION | acc: 0.4822485207100592
2025-07-04 18:28:06,866 [INFO] [84] TRAIN | loss: 0.16734966133599696, acc: 0.9902912621359223
2025-07-04 18:28:06,866 [INFO] [84] VALIDATION | acc: 0.4911242603550296
2025-07-04 18:28:09,803 [INFO] [85] TRAIN | loss: 0.1477159036566382, acc: 0.9916782246879334
2025-07-04 18:28:09,803 [INFO] [85] VALIDATION | acc: 0.5177514792899408
2025-07-04 18:28:12,767 [INFO] [86] TRAIN | loss: 0.15312978285162346, acc: 0.9937586685159501
2025-07-04 18:28:12,767 [INFO] [86] VALIDATION | acc: 0.46449704142011833
2025-07-04 18:28:15,677 [INFO] [87] TRAIN | loss: 0.40980315791523975, acc: 0.9334257975034674
2025-07-04 18:28:15,677 [INFO] [87] VALIDATION | acc: 0.47633136094674555
2025-07-04 18:28:18,631 [INFO] [88] TRAIN | loss: 0.2206804000813028, acc: 0.9791955617198336
2025-07-04 18:28:18,631 [INFO] [88] VALIDATION | acc: 0.4881656804733728
2025-07-04 18:28:21,547 [INFO] [89] TRAIN | loss: 0.14170286699157694, acc: 0.9937586685159501
2025-07-04 18:28:21,547 [INFO] [89] VALIDATION | acc: 0.5059171597633136
2025-07-04 18:28:24,442 [INFO] [90] TRAIN | loss: 0.13233005012507024, acc: 0.9930651872399445
2025-07-04 18:28:24,442 [INFO] [90] VALIDATION | acc: 0.5059171597633136
2025-07-04 18:28:27,347 [INFO] [91] TRAIN | loss: 0.13965046810715095, acc: 0.992371705963939
2025-07-04 18:28:27,347 [INFO] [91] VALIDATION | acc: 0.5
2025-07-04 18:28:30,285 [INFO] [92] TRAIN | loss: 0.19441316276788712, acc: 0.9826629680998613
2025-07-04 18:28:30,285 [INFO] [92] VALIDATION | acc: 0.5295857988165681
2025-07-04 18:28:33,193 [INFO] [93] TRAIN | loss: 0.1254141059420679, acc: 0.992371705963939
2025-07-04 18:28:33,193 [INFO] [93] VALIDATION | acc: 0.5207100591715976
2025-07-04 18:28:36,129 [INFO] [94] TRAIN | loss: 0.11232389347708743, acc: 0.9930651872399445
2025-07-04 18:28:36,129 [INFO] [94] VALIDATION | acc: 0.5177514792899408
2025-07-04 18:28:39,036 [INFO] [95] TRAIN | loss: 0.1102906881791094, acc: 0.9937586685159501
2025-07-04 18:28:39,036 [INFO] [95] VALIDATION | acc: 0.5207100591715976
2025-07-04 18:28:41,957 [INFO] [96] TRAIN | loss: 0.10428846813738346, acc: 0.992371705963939
2025-07-04 18:28:41,957 [INFO] [96] VALIDATION | acc: 0.5118343195266272
2025-07-04 18:28:44,893 [INFO] [97] TRAIN | loss: 0.0974441499489805, acc: 0.992371705963939
2025-07-04 18:28:44,893 [INFO] [97] VALIDATION | acc: 0.5088757396449705
2025-07-04 18:28:47,753 [INFO] [98] TRAIN | loss: 0.09806689190799775, acc: 0.9937586685159501
2025-07-04 18:28:47,753 [INFO] [98] VALIDATION | acc: 0.5266272189349113
2025-07-04 18:28:50,629 [INFO] [99] TRAIN | loss: 0.08741223876890929, acc: 0.992371705963939
2025-07-04 18:28:50,629 [INFO] [99] VALIDATION | acc: 0.514792899408284
2025-07-04 18:28:53,477 [INFO] [100] TRAIN | loss: 0.08574761523176795, acc: 0.9937586685159501
2025-07-04 18:28:53,477 [INFO] [100] VALIDATION | acc: 0.5207100591715976
2025-07-04 18:28:53,477 [INFO] Testing checkpointed models starting...

2025-07-04 18:28:56,650 [INFO] checkpoint_t0  ->  0.01937984496124031
2025-07-04 18:29:07,505 [INFO] checkpoint_v0  ->  0.01937984496124031
2025-07-04 18:29:20,558 [INFO] checkpoint_t1  ->  0.10465116279069768
2025-07-04 18:29:33,732 [INFO] checkpoint_v1  ->  0.10465116279069768
2025-07-04 18:29:46,674 [INFO] checkpoint_t2  ->  0.12403100775193798
2025-07-04 18:29:59,512 [INFO] checkpoint_v2  ->  0.12403100775193798
2025-07-04 18:30:12,843 [INFO] checkpoint_t3  ->  0.25193798449612403
2025-07-04 18:30:26,033 [INFO] checkpoint_v3  ->  0.25193798449612403
2025-07-04 18:30:39,006 [INFO] checkpoint_t4  ->  0.3178294573643411
2025-07-04 18:30:52,056 [INFO] checkpoint_v4  ->  0.3178294573643411
2025-07-04 18:31:05,626 [INFO] checkpoint_t5  ->  0.40310077519379844
2025-07-04 18:31:18,640 [INFO] checkpoint_v5  ->  0.4263565891472868
2025-07-04 18:31:31,688 [INFO] checkpoint_t6  ->  0.46511627906976744
2025-07-04 18:31:44,744 [INFO] checkpoint_v6  ->  0.437984496124031
2025-07-04 18:31:57,629 [INFO] checkpoint_t7  ->  0.5038759689922481
2025-07-04 18:32:09,386 [INFO] checkpoint_v7  ->  0.5038759689922481
2025-07-04 18:32:21,325 [INFO] checkpoint_t8  ->  0.5310077519379846
2025-07-04 18:32:33,153 [INFO] checkpoint_v8  ->  0.5387596899224806
2025-07-04 18:32:45,026 [INFO] checkpoint_t9  ->  0.4573643410852713
2025-07-04 18:32:57,048 [INFO] checkpoint_v9  ->  0.4844961240310077
2025-07-04 18:33:09,236 [INFO] checkpoint_t10  ->  0.5348837209302325
2025-07-04 18:33:21,756 [INFO] checkpoint_v10  ->  0.5503875968992248
2025-07-04 18:33:21,756 [INFO] 
=======================================
2025-07-04 18:33:21,756 [INFO] The best testing checkpoint: spoter_sgd_w_momentum/checkpoint_v_10:
2025-07-04 18:33:21,756 [INFO]    Testing accuracy: 0.550
2025-07-04 18:33:21,756 [INFO]    Macro F1 score: 0.532
2025-07-04 18:33:21,756 [INFO]    Weighted F1 score: 0.533
2025-07-04 18:33:21,756 [INFO]    Total trainable parameters: 8,142,380
2025-07-04 18:33:21,756 [INFO]    Elapsed time: 570.09 sec
2025-07-04 18:33:21,756 [INFO] ----------------Config information----------------------- 
2025-07-04 18:33:21,756 [INFO]  - Experiment Args: dataset=WLASL100, features=HAND_POSE_LANDMARKS, include_blendshapes=0, fs=0, num_classes=100, model=spoter, mediapipe_holistic=True, dim=136, heads=8, n_layers=6, PE=0, pad=True, clip_weights=0, clip_gradients=0, opt=SGD, sgd_momentum=0.9, scheduler=cosine, bs=32, epochs=100, lr=1e-03, logfreq=1, checkpoints=True
2025-07-04 18:33:21,948 [INFO] 
Any desired statistics have been plotted.
The experiment is finished.
