2025-07-04 18:37:07,798 [INFO] [INFO] Starting experiment spoter_adamW...


2025-07-04 18:37:10,955 [INFO] [1] TRAIN | loss: 4.576482342637104, acc: 0.017337031900138695
2025-07-04 18:37:10,955 [INFO] [1] VALIDATION | acc: 0.014792899408284023
2025-07-04 18:37:13,918 [INFO] [2] TRAIN | loss: 4.351220224214637, acc: 0.030513176144244106
2025-07-04 18:37:13,918 [INFO] [2] VALIDATION | acc: 0.03254437869822485
2025-07-04 18:37:16,880 [INFO] [3] TRAIN | loss: 4.145022993502409, acc: 0.040915395284327326
2025-07-04 18:37:16,880 [INFO] [3] VALIDATION | acc: 0.05621301775147929
2025-07-04 18:37:19,884 [INFO] [4] TRAIN | loss: 3.975495758263961, acc: 0.054785020804438284
2025-07-04 18:37:19,903 [INFO] [4] VALIDATION | acc: 0.03550295857988166
2025-07-04 18:37:23,104 [INFO] [5] TRAIN | loss: 3.912256650302721, acc: 0.054785020804438284
2025-07-04 18:37:23,104 [INFO] [5] VALIDATION | acc: 0.06804733727810651
2025-07-04 18:37:26,136 [INFO] [6] TRAIN | loss: 3.790710423303687, acc: 0.0638002773925104
2025-07-04 18:37:26,136 [INFO] [6] VALIDATION | acc: 0.05325443786982249
2025-07-04 18:37:29,217 [INFO] [7] TRAIN | loss: 3.76402819674948, acc: 0.06726768377253814
2025-07-04 18:37:29,217 [INFO] [7] VALIDATION | acc: 0.07396449704142012
2025-07-04 18:37:32,275 [INFO] [8] TRAIN | loss: 3.8197802097901055, acc: 0.05547850208044383
2025-07-04 18:37:32,275 [INFO] [8] VALIDATION | acc: 0.03254437869822485
2025-07-04 18:37:35,489 [INFO] [9] TRAIN | loss: 3.9524812750194385, acc: 0.04230235783633842
2025-07-04 18:37:35,489 [INFO] [9] VALIDATION | acc: 0.029585798816568046
2025-07-04 18:37:38,748 [INFO] [10] TRAIN | loss: 4.193353699601215, acc: 0.024965325936199722
2025-07-04 18:37:38,748 [INFO] [10] VALIDATION | acc: 0.023668639053254437
2025-07-04 18:37:41,964 [INFO] [11] TRAIN | loss: 4.271138880563819, acc: 0.02912621359223301
2025-07-04 18:37:41,964 [INFO] [11] VALIDATION | acc: 0.04142011834319527
2025-07-04 18:37:45,022 [INFO] [12] TRAIN | loss: 4.491238666617352, acc: 0.03536754507628294
2025-07-04 18:37:45,022 [INFO] [12] VALIDATION | acc: 0.029585798816568046
2025-07-04 18:37:48,033 [INFO] [13] TRAIN | loss: 4.853326310282168, acc: 0.014563106796116505
2025-07-04 18:37:48,033 [INFO] [13] VALIDATION | acc: 0.01775147928994083
2025-07-04 18:37:50,998 [INFO] [14] TRAIN | loss: 4.698374675667805, acc: 0.012482662968099861
2025-07-04 18:37:50,998 [INFO] [14] VALIDATION | acc: 0.01775147928994083
2025-07-04 18:37:53,918 [INFO] [15] TRAIN | loss: 4.672083782113117, acc: 0.012482662968099861
2025-07-04 18:37:53,918 [INFO] [15] VALIDATION | acc: 0.01775147928994083
2025-07-04 18:37:56,918 [INFO] [16] TRAIN | loss: 4.666008244390073, acc: 0.008321775312066574
2025-07-04 18:37:56,918 [INFO] [16] VALIDATION | acc: 0.01775147928994083
2025-07-04 18:37:59,914 [INFO] [17] TRAIN | loss: 4.6533032189244805, acc: 0.012482662968099861
2025-07-04 18:37:59,914 [INFO] [17] VALIDATION | acc: 0.01775147928994083
2025-07-04 18:38:02,920 [INFO] [18] TRAIN | loss: 4.649951592735622, acc: 0.013176144244105409
2025-07-04 18:38:02,920 [INFO] [18] VALIDATION | acc: 0.01775147928994083
2025-07-04 18:38:05,855 [INFO] [19] TRAIN | loss: 4.6439533440963086, acc: 0.013869625520110958
2025-07-04 18:38:05,855 [INFO] [19] VALIDATION | acc: 0.01775147928994083
2025-07-04 18:38:08,773 [INFO] [20] TRAIN | loss: 4.647358282752659, acc: 0.015256588072122053
2025-07-04 18:38:08,773 [INFO] [20] VALIDATION | acc: 0.01775147928994083
2025-07-04 18:38:11,695 [INFO] [21] TRAIN | loss: 4.641698443371316, acc: 0.013176144244105409
2025-07-04 18:38:11,695 [INFO] [21] VALIDATION | acc: 0.01775147928994083
2025-07-04 18:38:14,708 [INFO] [22] TRAIN | loss: 4.6397618003513506, acc: 0.014563106796116505
2025-07-04 18:38:14,708 [INFO] [22] VALIDATION | acc: 0.01775147928994083
2025-07-04 18:38:17,734 [INFO] [23] TRAIN | loss: 4.634328914725262, acc: 0.013869625520110958
2025-07-04 18:38:17,734 [INFO] [23] VALIDATION | acc: 0.01775147928994083
2025-07-04 18:38:20,697 [INFO] [24] TRAIN | loss: 4.6336497949517295, acc: 0.013869625520110958
2025-07-04 18:38:20,697 [INFO] [24] VALIDATION | acc: 0.01775147928994083
2025-07-04 18:38:23,569 [INFO] [25] TRAIN | loss: 4.632243664368339, acc: 0.012482662968099861
2025-07-04 18:38:23,569 [INFO] [25] VALIDATION | acc: 0.01775147928994083
2025-07-04 18:38:26,488 [INFO] [26] TRAIN | loss: 4.634255378142647, acc: 0.016643550624133148
2025-07-04 18:38:26,488 [INFO] [26] VALIDATION | acc: 0.01775147928994083
2025-07-04 18:38:29,470 [INFO] [27] TRAIN | loss: 4.6318934482076894, acc: 0.012482662968099861
2025-07-04 18:38:29,470 [INFO] [27] VALIDATION | acc: 0.01775147928994083
2025-07-04 18:38:32,414 [INFO] [28] TRAIN | loss: 4.629891043123991, acc: 0.009015256588072122
2025-07-04 18:38:32,414 [INFO] [28] VALIDATION | acc: 0.01775147928994083
2025-07-04 18:38:35,382 [INFO] [29] TRAIN | loss: 4.62819332661836, acc: 0.020804438280166437
2025-07-04 18:38:35,382 [INFO] [29] VALIDATION | acc: 0.01775147928994083
2025-07-04 18:38:38,336 [INFO] [30] TRAIN | loss: 4.631028019863626, acc: 0.012482662968099861
2025-07-04 18:38:38,336 [INFO] [30] VALIDATION | acc: 0.01775147928994083
2025-07-04 18:38:41,347 [INFO] [31] TRAIN | loss: 4.625043858652529, acc: 0.011789181692094313
2025-07-04 18:38:41,347 [INFO] [31] VALIDATION | acc: 0.01775147928994083
2025-07-04 18:38:44,436 [INFO] [32] TRAIN | loss: 4.623578185620516, acc: 0.014563106796116505
2025-07-04 18:38:44,436 [INFO] [32] VALIDATION | acc: 0.01775147928994083
2025-07-04 18:38:47,564 [INFO] [33] TRAIN | loss: 4.623576537422512, acc: 0.013869625520110958
2025-07-04 18:38:47,564 [INFO] [33] VALIDATION | acc: 0.01775147928994083
2025-07-04 18:38:50,686 [INFO] [34] TRAIN | loss: 4.631408743236376, acc: 0.012482662968099861
2025-07-04 18:38:50,686 [INFO] [34] VALIDATION | acc: 0.01775147928994083
2025-07-04 18:38:53,708 [INFO] [35] TRAIN | loss: 4.623357700264973, acc: 0.020804438280166437
2025-07-04 18:38:53,708 [INFO] [35] VALIDATION | acc: 0.01775147928994083
2025-07-04 18:38:56,928 [INFO] [36] TRAIN | loss: 4.625777887261433, acc: 0.020804438280166437
2025-07-04 18:38:56,928 [INFO] [36] VALIDATION | acc: 0.01775147928994083
2025-07-04 18:39:00,082 [INFO] [37] TRAIN | loss: 4.624344452567723, acc: 0.020804438280166437
2025-07-04 18:39:00,082 [INFO] [37] VALIDATION | acc: 0.01775147928994083
2025-07-04 18:39:03,144 [INFO] [38] TRAIN | loss: 4.622832412305086, acc: 0.0159500693481276
2025-07-04 18:39:03,144 [INFO] [38] VALIDATION | acc: 0.01775147928994083
2025-07-04 18:39:06,436 [INFO] [39] TRAIN | loss: 4.61990123209746, acc: 0.018030513176144243
2025-07-04 18:39:06,436 [INFO] [39] VALIDATION | acc: 0.01775147928994083
2025-07-04 18:39:09,429 [INFO] [40] TRAIN | loss: 4.618740817774897, acc: 0.020804438280166437
2025-07-04 18:39:09,429 [INFO] [40] VALIDATION | acc: 0.01775147928994083
2025-07-04 18:39:12,443 [INFO] [41] TRAIN | loss: 4.618426913800447, acc: 0.020804438280166437
2025-07-04 18:39:12,443 [INFO] [41] VALIDATION | acc: 0.01775147928994083
2025-07-04 18:39:15,644 [INFO] [42] TRAIN | loss: 4.618717235067616, acc: 0.020804438280166437
2025-07-04 18:39:15,644 [INFO] [42] VALIDATION | acc: 0.01775147928994083
2025-07-04 18:39:18,751 [INFO] [43] TRAIN | loss: 4.61615688904472, acc: 0.017337031900138695
2025-07-04 18:39:18,751 [INFO] [43] VALIDATION | acc: 0.01775147928994083
2025-07-04 18:39:21,798 [INFO] [44] TRAIN | loss: 4.620223211205524, acc: 0.013176144244105409
2025-07-04 18:39:21,798 [INFO] [44] VALIDATION | acc: 0.01775147928994083
2025-07-04 18:39:24,796 [INFO] [45] TRAIN | loss: 4.614937554235044, acc: 0.020804438280166437
2025-07-04 18:39:24,796 [INFO] [45] VALIDATION | acc: 0.01775147928994083
2025-07-04 18:39:27,803 [INFO] [46] TRAIN | loss: 4.621100042177283, acc: 0.012482662968099861
2025-07-04 18:39:27,803 [INFO] [46] VALIDATION | acc: 0.01775147928994083
2025-07-04 18:39:30,851 [INFO] [47] TRAIN | loss: 4.60846611727839, acc: 0.020804438280166437
2025-07-04 18:39:30,851 [INFO] [47] VALIDATION | acc: 0.01775147928994083
2025-07-04 18:39:34,128 [INFO] [48] TRAIN | loss: 4.615248742310897, acc: 0.020804438280166437
2025-07-04 18:39:34,128 [INFO] [48] VALIDATION | acc: 0.01775147928994083
2025-07-04 18:39:38,069 [INFO] [49] TRAIN | loss: 4.614272884700609, acc: 0.020804438280166437
2025-07-04 18:39:38,069 [INFO] [49] VALIDATION | acc: 0.01775147928994083
2025-07-04 18:39:41,466 [INFO] [50] TRAIN | loss: 4.6074102650518, acc: 0.012482662968099861
2025-07-04 18:39:41,468 [INFO] [50] VALIDATION | acc: 0.01775147928994083
2025-07-04 18:39:44,955 [INFO] [51] TRAIN | loss: 4.613261005152827, acc: 0.020804438280166437
2025-07-04 18:39:44,955 [INFO] [51] VALIDATION | acc: 0.01775147928994083
2025-07-04 18:39:48,295 [INFO] [52] TRAIN | loss: 4.616608391637388, acc: 0.020804438280166437
2025-07-04 18:39:48,295 [INFO] [52] VALIDATION | acc: 0.01775147928994083
2025-07-04 18:39:51,316 [INFO] [53] TRAIN | loss: 4.612848966018014, acc: 0.020804438280166437
2025-07-04 18:39:51,316 [INFO] [53] VALIDATION | acc: 0.01775147928994083
2025-07-04 18:39:54,354 [INFO] [54] TRAIN | loss: 4.611955165863037, acc: 0.020804438280166437
2025-07-04 18:39:54,354 [INFO] [54] VALIDATION | acc: 0.01775147928994083
2025-07-04 18:39:57,481 [INFO] [55] TRAIN | loss: 4.60968948447186, acc: 0.020804438280166437
2025-07-04 18:39:57,481 [INFO] [55] VALIDATION | acc: 0.01775147928994083
2025-07-04 18:40:00,510 [INFO] [56] TRAIN | loss: 4.612387004105941, acc: 0.020804438280166437
2025-07-04 18:40:00,510 [INFO] [56] VALIDATION | acc: 0.01775147928994083
2025-07-04 18:40:03,522 [INFO] [57] TRAIN | loss: 4.611076935477879, acc: 0.020804438280166437
2025-07-04 18:40:03,522 [INFO] [57] VALIDATION | acc: 0.01775147928994083
2025-07-04 18:40:06,710 [INFO] [58] TRAIN | loss: 4.610505072966866, acc: 0.020804438280166437
2025-07-04 18:40:06,710 [INFO] [58] VALIDATION | acc: 0.01775147928994083
2025-07-04 18:40:09,774 [INFO] [59] TRAIN | loss: 4.608706266983695, acc: 0.020804438280166437
2025-07-04 18:40:09,774 [INFO] [59] VALIDATION | acc: 0.01775147928994083
2025-07-04 18:40:12,772 [INFO] [60] TRAIN | loss: 4.6113564035166865, acc: 0.020804438280166437
2025-07-04 18:40:12,772 [INFO] [60] VALIDATION | acc: 0.01775147928994083
2025-07-04 18:40:15,766 [INFO] [61] TRAIN | loss: 4.608055612315303, acc: 0.020804438280166437
2025-07-04 18:40:15,766 [INFO] [61] VALIDATION | acc: 0.01775147928994083
2025-07-04 18:40:18,803 [INFO] [62] TRAIN | loss: 4.601575467897498, acc: 0.020804438280166437
2025-07-04 18:40:18,803 [INFO] [62] VALIDATION | acc: 0.01775147928994083
2025-07-04 18:40:21,800 [INFO] [63] TRAIN | loss: 4.608291667440663, acc: 0.020804438280166437
2025-07-04 18:40:21,800 [INFO] [63] VALIDATION | acc: 0.01775147928994083
2025-07-04 18:40:24,793 [INFO] [64] TRAIN | loss: 4.609518984089727, acc: 0.020804438280166437
2025-07-04 18:40:24,793 [INFO] [64] VALIDATION | acc: 0.01775147928994083
2025-07-04 18:40:27,715 [INFO] [65] TRAIN | loss: 4.606152472288712, acc: 0.020804438280166437
2025-07-04 18:40:27,715 [INFO] [65] VALIDATION | acc: 0.01775147928994083
2025-07-04 18:40:30,670 [INFO] [66] TRAIN | loss: 4.609574369762255, acc: 0.020804438280166437
2025-07-04 18:40:30,670 [INFO] [66] VALIDATION | acc: 0.01775147928994083
2025-07-04 18:40:33,585 [INFO] [67] TRAIN | loss: 4.606943907945053, acc: 0.020804438280166437
2025-07-04 18:40:33,585 [INFO] [67] VALIDATION | acc: 0.01775147928994083
2025-07-04 18:40:36,520 [INFO] [68] TRAIN | loss: 4.608872133752574, acc: 0.020804438280166437
2025-07-04 18:40:36,520 [INFO] [68] VALIDATION | acc: 0.01775147928994083
2025-07-04 18:40:39,415 [INFO] [69] TRAIN | loss: 4.605097905449245, acc: 0.020804438280166437
2025-07-04 18:40:39,415 [INFO] [69] VALIDATION | acc: 0.01775147928994083
2025-07-04 18:40:42,327 [INFO] [70] TRAIN | loss: 4.609620664430701, acc: 0.020804438280166437
2025-07-04 18:40:42,327 [INFO] [70] VALIDATION | acc: 0.01775147928994083
2025-07-04 18:40:45,283 [INFO] [71] TRAIN | loss: 4.60761777214382, acc: 0.020804438280166437
2025-07-04 18:40:45,283 [INFO] [71] VALIDATION | acc: 0.01775147928994083
2025-07-04 18:40:48,268 [INFO] [72] TRAIN | loss: 4.59615597517594, acc: 0.020804438280166437
2025-07-04 18:40:48,268 [INFO] [72] VALIDATION | acc: 0.01775147928994083
2025-07-04 18:40:51,162 [INFO] [73] TRAIN | loss: 4.607600709666377, acc: 0.020804438280166437
2025-07-04 18:40:51,162 [INFO] [73] VALIDATION | acc: 0.01775147928994083
2025-07-04 18:40:54,073 [INFO] [74] TRAIN | loss: 4.605816436850506, acc: 0.020804438280166437
2025-07-04 18:40:54,073 [INFO] [74] VALIDATION | acc: 0.01775147928994083
2025-07-04 18:40:57,007 [INFO] [75] TRAIN | loss: 4.601073068121205, acc: 0.020804438280166437
2025-07-04 18:40:57,007 [INFO] [75] VALIDATION | acc: 0.01775147928994083
2025-07-04 18:41:00,044 [INFO] [76] TRAIN | loss: 4.603363690168961, acc: 0.020804438280166437
2025-07-04 18:41:00,044 [INFO] [76] VALIDATION | acc: 0.01775147928994083
2025-07-04 18:41:03,073 [INFO] [77] TRAIN | loss: 4.604024710862533, acc: 0.020804438280166437
2025-07-04 18:41:03,073 [INFO] [77] VALIDATION | acc: 0.01775147928994083
2025-07-04 18:41:06,109 [INFO] [78] TRAIN | loss: 4.608312731203825, acc: 0.020804438280166437
2025-07-04 18:41:06,109 [INFO] [78] VALIDATION | acc: 0.01775147928994083
2025-07-04 18:41:09,029 [INFO] [79] TRAIN | loss: 4.606279393900996, acc: 0.020804438280166437
2025-07-04 18:41:09,029 [INFO] [79] VALIDATION | acc: 0.01775147928994083
2025-07-04 18:41:11,979 [INFO] [80] TRAIN | loss: 4.605641313221144, acc: 0.020804438280166437
2025-07-04 18:41:11,979 [INFO] [80] VALIDATION | acc: 0.01775147928994083
2025-07-04 18:41:14,926 [INFO] [81] TRAIN | loss: 4.604844570159912, acc: 0.020804438280166437
2025-07-04 18:41:14,926 [INFO] [81] VALIDATION | acc: 0.01775147928994083
2025-07-04 18:41:17,973 [INFO] [82] TRAIN | loss: 4.606243942094886, acc: 0.020804438280166437
2025-07-04 18:41:17,973 [INFO] [82] VALIDATION | acc: 0.01775147928994083
2025-07-04 18:41:20,940 [INFO] [83] TRAIN | loss: 4.60601544380188, acc: 0.020804438280166437
2025-07-04 18:41:20,940 [INFO] [83] VALIDATION | acc: 0.01775147928994083
2025-07-04 18:41:23,909 [INFO] [84] TRAIN | loss: 4.597080759380175, acc: 0.020804438280166437
2025-07-04 18:41:23,909 [INFO] [84] VALIDATION | acc: 0.01775147928994083
2025-07-04 18:41:26,828 [INFO] [85] TRAIN | loss: 4.605200601660687, acc: 0.020804438280166437
2025-07-04 18:41:26,828 [INFO] [85] VALIDATION | acc: 0.01775147928994083
2025-07-04 18:41:29,871 [INFO] [86] TRAIN | loss: 4.604954792105633, acc: 0.020804438280166437
2025-07-04 18:41:29,871 [INFO] [86] VALIDATION | acc: 0.01775147928994083
2025-07-04 18:41:32,900 [INFO] [87] TRAIN | loss: 4.602071762084961, acc: 0.020804438280166437
2025-07-04 18:41:32,900 [INFO] [87] VALIDATION | acc: 0.01775147928994083
2025-07-04 18:41:35,912 [INFO] [88] TRAIN | loss: 4.60072135925293, acc: 0.020804438280166437
2025-07-04 18:41:35,912 [INFO] [88] VALIDATION | acc: 0.01775147928994083
2025-07-04 18:41:38,911 [INFO] [89] TRAIN | loss: 4.603886490282805, acc: 0.020804438280166437
2025-07-04 18:41:38,911 [INFO] [89] VALIDATION | acc: 0.01775147928994083
2025-07-04 18:41:41,883 [INFO] [90] TRAIN | loss: 4.602578868036685, acc: 0.020804438280166437
2025-07-04 18:41:41,883 [INFO] [90] VALIDATION | acc: 0.01775147928994083
2025-07-04 18:41:44,906 [INFO] [91] TRAIN | loss: 4.603759993677554, acc: 0.020804438280166437
2025-07-04 18:41:44,906 [INFO] [91] VALIDATION | acc: 0.01775147928994083
2025-07-04 18:41:47,969 [INFO] [92] TRAIN | loss: 4.60249340015909, acc: 0.020804438280166437
2025-07-04 18:41:47,969 [INFO] [92] VALIDATION | acc: 0.01775147928994083
2025-07-04 18:41:50,964 [INFO] [93] TRAIN | loss: 4.604063946267833, acc: 0.020804438280166437
2025-07-04 18:41:50,964 [INFO] [93] VALIDATION | acc: 0.01775147928994083
2025-07-04 18:41:53,936 [INFO] [94] TRAIN | loss: 4.6054146704466445, acc: 0.020804438280166437
2025-07-04 18:41:53,936 [INFO] [94] VALIDATION | acc: 0.01775147928994083
2025-07-04 18:41:56,866 [INFO] [95] TRAIN | loss: 4.6031564214955205, acc: 0.020804438280166437
2025-07-04 18:41:56,866 [INFO] [95] VALIDATION | acc: 0.01775147928994083
2025-07-04 18:41:59,848 [INFO] [96] TRAIN | loss: 4.603611334510472, acc: 0.020804438280166437
2025-07-04 18:41:59,848 [INFO] [96] VALIDATION | acc: 0.01775147928994083
2025-07-04 18:42:02,847 [INFO] [97] TRAIN | loss: 4.602342698885047, acc: 0.020804438280166437
2025-07-04 18:42:02,847 [INFO] [97] VALIDATION | acc: 0.01775147928994083
2025-07-04 18:42:05,841 [INFO] [98] TRAIN | loss: 4.6033144826474395, acc: 0.020804438280166437
2025-07-04 18:42:05,841 [INFO] [98] VALIDATION | acc: 0.01775147928994083
2025-07-04 18:42:08,758 [INFO] [99] TRAIN | loss: 4.600064702655958, acc: 0.020804438280166437
2025-07-04 18:42:08,758 [INFO] [99] VALIDATION | acc: 0.01775147928994083
2025-07-04 18:42:11,644 [INFO] [100] TRAIN | loss: 4.6025971537051, acc: 0.020804438280166437
2025-07-04 18:42:11,644 [INFO] [100] VALIDATION | acc: 0.01775147928994083
2025-07-04 18:42:11,644 [INFO] Testing checkpointed models starting...

2025-07-04 18:42:14,671 [INFO] checkpoint_t0  ->  0.01937984496124031
2025-07-04 18:42:24,289 [INFO] checkpoint_v0  ->  0.01937984496124031
2025-07-04 18:42:37,200 [INFO] checkpoint_t1  ->  0.04263565891472868
2025-07-04 18:42:50,232 [INFO] checkpoint_v1  ->  0.04263565891472868
2025-07-04 18:43:02,785 [INFO] checkpoint_t2  ->  0.023255813953488372
2025-07-04 18:43:15,872 [INFO] checkpoint_v2  ->  0.023255813953488372
2025-07-04 18:43:29,029 [INFO] checkpoint_t3  ->  0.015503875968992248
2025-07-04 18:43:42,082 [INFO] checkpoint_v3  ->  0.015503875968992248
2025-07-04 18:43:55,233 [INFO] checkpoint_t4  ->  0.015503875968992248
2025-07-04 18:44:07,474 [INFO] checkpoint_v4  ->  0.015503875968992248
2025-07-04 18:44:19,224 [INFO] checkpoint_t5  ->  0.015503875968992248
2025-07-04 18:44:31,547 [INFO] checkpoint_v5  ->  0.015503875968992248
2025-07-04 18:44:44,612 [INFO] checkpoint_t6  ->  0.015503875968992248
2025-07-04 18:44:57,874 [INFO] checkpoint_v6  ->  0.015503875968992248
2025-07-04 18:45:10,446 [INFO] checkpoint_t7  ->  0.015503875968992248
2025-07-04 18:45:22,991 [INFO] checkpoint_v7  ->  0.015503875968992248
2025-07-04 18:45:35,855 [INFO] checkpoint_t8  ->  0.015503875968992248
2025-07-04 18:45:48,745 [INFO] checkpoint_v8  ->  0.015503875968992248
2025-07-04 18:46:01,784 [INFO] checkpoint_t9  ->  0.015503875968992248
2025-07-04 18:46:15,202 [INFO] checkpoint_v9  ->  0.015503875968992248
2025-07-04 18:46:28,459 [INFO] checkpoint_t10  ->  0.015503875968992248
2025-07-04 18:46:41,613 [INFO] checkpoint_v10  ->  0.015503875968992248
2025-07-04 18:46:41,613 [INFO] 
=======================================
2025-07-04 18:46:41,613 [INFO] The best testing checkpoint: spoter_adamW/checkpoint_t_1:
2025-07-04 18:46:41,613 [INFO]    Testing accuracy: 0.043
2025-07-04 18:46:41,613 [INFO]    Macro F1 score: 0.020
2025-07-04 18:46:41,613 [INFO]    Weighted F1 score: 0.018
2025-07-04 18:46:41,613 [INFO]    Total trainable parameters: 8,142,380
2025-07-04 18:46:41,613 [INFO]    Elapsed time: 573.81 sec
2025-07-04 18:46:41,613 [INFO] ----------------Config information----------------------- 
2025-07-04 18:46:41,613 [INFO]  - Experiment Args: dataset=WLASL100, features=HAND_POSE_LANDMARKS, include_blendshapes=0, fs=0, num_classes=100, model=spoter, mediapipe_holistic=True, dim=136, heads=8, n_layers=6, PE=0, pad=True, clip_weights=0, clip_gradients=0, opt=adamW, sgd_momentum=0.0, scheduler=cosine, bs=32, epochs=100, lr=1e-03, logfreq=1, checkpoints=True
2025-07-04 18:46:41,804 [INFO] 
Any desired statistics have been plotted.
The experiment is finished.
