2025-07-04 18:48:16,882 [INFO] [INFO] Starting experiment spoter_adam...


2025-07-04 18:48:20,117 [INFO] [1] TRAIN | loss: 4.576462652372277, acc: 0.017337031900138695
2025-07-04 18:48:20,117 [INFO] [1] VALIDATION | acc: 0.014792899408284023
2025-07-04 18:48:23,221 [INFO] [2] TRAIN | loss: 4.351634927417921, acc: 0.030513176144244106
2025-07-04 18:48:23,221 [INFO] [2] VALIDATION | acc: 0.03254437869822485
2025-07-04 18:48:26,283 [INFO] [3] TRAIN | loss: 4.145677234815515, acc: 0.04022191400832178
2025-07-04 18:48:26,283 [INFO] [3] VALIDATION | acc: 0.05621301775147929
2025-07-04 18:48:29,237 [INFO] [4] TRAIN | loss: 3.976844611375228, acc: 0.056865464632454926
2025-07-04 18:48:29,247 [INFO] [4] VALIDATION | acc: 0.026627218934911243
2025-07-04 18:48:32,114 [INFO] [5] TRAIN | loss: 3.942293721696605, acc: 0.052011095700416086
2025-07-04 18:48:32,114 [INFO] [5] VALIDATION | acc: 0.05325443786982249
2025-07-04 18:48:34,990 [INFO] [6] TRAIN | loss: 3.8288495333298393, acc: 0.06310679611650485
2025-07-04 18:48:34,990 [INFO] [6] VALIDATION | acc: 0.05325443786982249
2025-07-04 18:48:37,918 [INFO] [7] TRAIN | loss: 3.9183308248934536, acc: 0.05547850208044383
2025-07-04 18:48:37,918 [INFO] [7] VALIDATION | acc: 0.04437869822485207
2025-07-04 18:48:40,928 [INFO] [8] TRAIN | loss: 3.8693310281504756, acc: 0.05131761442441054
2025-07-04 18:48:40,928 [INFO] [8] VALIDATION | acc: 0.05621301775147929
2025-07-04 18:48:43,795 [INFO] [9] TRAIN | loss: 4.081852130267931, acc: 0.03744798890429958
2025-07-04 18:48:43,795 [INFO] [9] VALIDATION | acc: 0.029585798816568046
2025-07-04 18:48:46,654 [INFO] [10] TRAIN | loss: 3.9741385190383247, acc: 0.043689320388349516
2025-07-04 18:48:46,654 [INFO] [10] VALIDATION | acc: 0.03550295857988166
2025-07-04 18:48:49,573 [INFO] [11] TRAIN | loss: 4.130722569382709, acc: 0.036061026352288486
2025-07-04 18:48:49,573 [INFO] [11] VALIDATION | acc: 0.03550295857988166
2025-07-04 18:48:52,507 [INFO] [12] TRAIN | loss: 4.607530796009561, acc: 0.021497919556171984
2025-07-04 18:48:52,507 [INFO] [12] VALIDATION | acc: 0.01775147928994083
2025-07-04 18:48:55,358 [INFO] [13] TRAIN | loss: 4.7650420354760215, acc: 0.0159500693481276
2025-07-04 18:48:55,359 [INFO] [13] VALIDATION | acc: 0.01775147928994083
2025-07-04 18:48:58,366 [INFO] [14] TRAIN | loss: 4.692130461983059, acc: 0.008321775312066574
2025-07-04 18:48:58,366 [INFO] [14] VALIDATION | acc: 0.01775147928994083
2025-07-04 18:49:01,563 [INFO] [15] TRAIN | loss: 4.679876783619756, acc: 0.010402219140083218
2025-07-04 18:49:01,564 [INFO] [15] VALIDATION | acc: 0.01775147928994083
2025-07-04 18:49:04,617 [INFO] [16] TRAIN | loss: 4.670460607694543, acc: 0.0076282940360610264
2025-07-04 18:49:04,617 [INFO] [16] VALIDATION | acc: 0.01775147928994083
2025-07-04 18:49:07,684 [INFO] [17] TRAIN | loss: 4.655323349911233, acc: 0.014563106796116505
2025-07-04 18:49:07,684 [INFO] [17] VALIDATION | acc: 0.01775147928994083
2025-07-04 18:49:10,903 [INFO] [18] TRAIN | loss: 4.652872800827026, acc: 0.013869625520110958
2025-07-04 18:49:10,903 [INFO] [18] VALIDATION | acc: 0.01775147928994083
2025-07-04 18:49:13,969 [INFO] [19] TRAIN | loss: 4.64776086807251, acc: 0.012482662968099861
2025-07-04 18:49:13,970 [INFO] [19] VALIDATION | acc: 0.01775147928994083
2025-07-04 18:49:16,982 [INFO] [20] TRAIN | loss: 4.6487206065136455, acc: 0.015256588072122053
2025-07-04 18:49:16,982 [INFO] [20] VALIDATION | acc: 0.01775147928994083
2025-07-04 18:49:20,029 [INFO] [21] TRAIN | loss: 4.642733967822531, acc: 0.013176144244105409
2025-07-04 18:49:20,030 [INFO] [21] VALIDATION | acc: 0.01775147928994083
2025-07-04 18:49:23,119 [INFO] [22] TRAIN | loss: 4.641280288281648, acc: 0.014563106796116505
2025-07-04 18:49:23,119 [INFO] [22] VALIDATION | acc: 0.01775147928994083
2025-07-04 18:49:26,267 [INFO] [23] TRAIN | loss: 4.635210825049358, acc: 0.015256588072122053
2025-07-04 18:49:26,267 [INFO] [23] VALIDATION | acc: 0.01775147928994083
2025-07-04 18:49:29,306 [INFO] [24] TRAIN | loss: 4.634505023127017, acc: 0.013869625520110958
2025-07-04 18:49:29,307 [INFO] [24] VALIDATION | acc: 0.01775147928994083
2025-07-04 18:49:32,391 [INFO] [25] TRAIN | loss: 4.633329318917316, acc: 0.011789181692094313
2025-07-04 18:49:32,391 [INFO] [25] VALIDATION | acc: 0.01775147928994083
2025-07-04 18:49:35,461 [INFO] [26] TRAIN | loss: 4.634607584580131, acc: 0.016643550624133148
2025-07-04 18:49:35,461 [INFO] [26] VALIDATION | acc: 0.01775147928994083
2025-07-04 18:49:38,508 [INFO] [27] TRAIN | loss: 4.6320709767548935, acc: 0.012482662968099861
2025-07-04 18:49:38,508 [INFO] [27] VALIDATION | acc: 0.01775147928994083
2025-07-04 18:49:41,667 [INFO] [28] TRAIN | loss: 4.630010345707769, acc: 0.009015256588072122
2025-07-04 18:49:41,668 [INFO] [28] VALIDATION | acc: 0.01775147928994083
2025-07-04 18:49:44,860 [INFO] [29] TRAIN | loss: 4.627928060034047, acc: 0.020804438280166437
2025-07-04 18:49:44,860 [INFO] [29] VALIDATION | acc: 0.01775147928994083
2025-07-04 18:49:48,670 [INFO] [30] TRAIN | loss: 4.6312437264815625, acc: 0.0159500693481276
2025-07-04 18:49:48,670 [INFO] [30] VALIDATION | acc: 0.01775147928994083
2025-07-04 18:49:52,784 [INFO] [31] TRAIN | loss: 4.6256452228712, acc: 0.012482662968099861
2025-07-04 18:49:52,784 [INFO] [31] VALIDATION | acc: 0.01775147928994083
2025-07-04 18:49:56,747 [INFO] [32] TRAIN | loss: 4.623322756394096, acc: 0.014563106796116505
2025-07-04 18:49:56,747 [INFO] [32] VALIDATION | acc: 0.01775147928994083
2025-07-04 18:50:00,369 [INFO] [33] TRAIN | loss: 4.623715245205423, acc: 0.0159500693481276
2025-07-04 18:50:00,369 [INFO] [33] VALIDATION | acc: 0.01775147928994083
2025-07-04 18:50:04,074 [INFO] [34] TRAIN | loss: 4.631399372349614, acc: 0.011095700416088766
2025-07-04 18:50:04,074 [INFO] [34] VALIDATION | acc: 0.01775147928994083
2025-07-04 18:50:07,749 [INFO] [35] TRAIN | loss: 4.623130342234736, acc: 0.020804438280166437
2025-07-04 18:50:07,749 [INFO] [35] VALIDATION | acc: 0.01775147928994083
2025-07-04 18:50:11,582 [INFO] [36] TRAIN | loss: 4.625513543253359, acc: 0.020804438280166437
2025-07-04 18:50:11,583 [INFO] [36] VALIDATION | acc: 0.01775147928994083
2025-07-04 18:50:15,048 [INFO] [37] TRAIN | loss: 4.623644714770109, acc: 0.01872399445214979
2025-07-04 18:50:15,048 [INFO] [37] VALIDATION | acc: 0.01775147928994083
2025-07-04 18:50:18,973 [INFO] [38] TRAIN | loss: 4.622443748557049, acc: 0.015256588072122053
2025-07-04 18:50:18,973 [INFO] [38] VALIDATION | acc: 0.01775147928994083
2025-07-04 18:50:23,173 [INFO] [39] TRAIN | loss: 4.619598824044933, acc: 0.018030513176144243
2025-07-04 18:50:23,173 [INFO] [39] VALIDATION | acc: 0.01775147928994083
2025-07-04 18:50:27,293 [INFO] [40] TRAIN | loss: 4.617970197097115, acc: 0.020804438280166437
2025-07-04 18:50:27,293 [INFO] [40] VALIDATION | acc: 0.01775147928994083
2025-07-04 18:50:31,333 [INFO] [41] TRAIN | loss: 4.618272304534912, acc: 0.020804438280166437
2025-07-04 18:50:31,333 [INFO] [41] VALIDATION | acc: 0.01775147928994083
2025-07-04 18:50:35,337 [INFO] [42] TRAIN | loss: 4.6176790154498555, acc: 0.020804438280166437
2025-07-04 18:50:35,337 [INFO] [42] VALIDATION | acc: 0.01775147928994083
2025-07-04 18:50:38,743 [INFO] [43] TRAIN | loss: 4.616030931472778, acc: 0.016643550624133148
2025-07-04 18:50:38,743 [INFO] [43] VALIDATION | acc: 0.01775147928994083
2025-07-04 18:50:42,312 [INFO] [44] TRAIN | loss: 4.620145455650661, acc: 0.014563106796116505
2025-07-04 18:50:42,312 [INFO] [44] VALIDATION | acc: 0.01775147928994083
2025-07-04 18:50:46,109 [INFO] [45] TRAIN | loss: 4.614941534788712, acc: 0.020804438280166437
2025-07-04 18:50:46,109 [INFO] [45] VALIDATION | acc: 0.01775147928994083
2025-07-04 18:50:50,048 [INFO] [46] TRAIN | loss: 4.620099896970003, acc: 0.013176144244105409
2025-07-04 18:50:50,049 [INFO] [46] VALIDATION | acc: 0.01775147928994083
2025-07-04 18:50:53,983 [INFO] [47] TRAIN | loss: 4.607544432515684, acc: 0.020804438280166437
2025-07-04 18:50:53,984 [INFO] [47] VALIDATION | acc: 0.01775147928994083
2025-07-04 18:50:57,486 [INFO] [48] TRAIN | loss: 4.614654541015625, acc: 0.020804438280166437
2025-07-04 18:50:57,486 [INFO] [48] VALIDATION | acc: 0.01775147928994083
2025-07-04 18:51:01,199 [INFO] [49] TRAIN | loss: 4.613525722337806, acc: 0.020804438280166437
2025-07-04 18:51:01,199 [INFO] [49] VALIDATION | acc: 0.01775147928994083
2025-07-04 18:51:04,462 [INFO] [50] TRAIN | loss: 4.606274304182633, acc: 0.015256588072122053
2025-07-04 18:51:04,463 [INFO] [50] VALIDATION | acc: 0.01775147928994083
2025-07-04 18:51:07,532 [INFO] [51] TRAIN | loss: 4.613172593324081, acc: 0.020804438280166437
2025-07-04 18:51:07,532 [INFO] [51] VALIDATION | acc: 0.01775147928994083
2025-07-04 18:51:10,626 [INFO] [52] TRAIN | loss: 4.615753961646038, acc: 0.020804438280166437
2025-07-04 18:51:10,627 [INFO] [52] VALIDATION | acc: 0.01775147928994083
2025-07-04 18:51:13,610 [INFO] [53] TRAIN | loss: 4.611492042956145, acc: 0.020804438280166437
2025-07-04 18:51:13,610 [INFO] [53] VALIDATION | acc: 0.01775147928994083
2025-07-04 18:51:16,605 [INFO] [54] TRAIN | loss: 4.611309238102125, acc: 0.020804438280166437
2025-07-04 18:51:16,606 [INFO] [54] VALIDATION | acc: 0.01775147928994083
2025-07-04 18:51:19,683 [INFO] [55] TRAIN | loss: 4.609039545059204, acc: 0.020804438280166437
2025-07-04 18:51:19,683 [INFO] [55] VALIDATION | acc: 0.01775147928994083
2025-07-04 18:51:22,738 [INFO] [56] TRAIN | loss: 4.611671147139176, acc: 0.020804438280166437
2025-07-04 18:51:22,738 [INFO] [56] VALIDATION | acc: 0.01775147928994083
2025-07-04 18:51:25,745 [INFO] [57] TRAIN | loss: 4.610079972640328, acc: 0.020804438280166437
2025-07-04 18:51:25,745 [INFO] [57] VALIDATION | acc: 0.01775147928994083
2025-07-04 18:51:28,776 [INFO] [58] TRAIN | loss: 4.609939564829287, acc: 0.020804438280166437
2025-07-04 18:51:28,777 [INFO] [58] VALIDATION | acc: 0.01775147928994083
2025-07-04 18:51:31,830 [INFO] [59] TRAIN | loss: 4.607796067776888, acc: 0.020804438280166437
2025-07-04 18:51:31,830 [INFO] [59] VALIDATION | acc: 0.01775147928994083
2025-07-04 18:51:34,827 [INFO] [60] TRAIN | loss: 4.610707542170649, acc: 0.020804438280166437
2025-07-04 18:51:34,828 [INFO] [60] VALIDATION | acc: 0.01775147928994083
2025-07-04 18:51:37,847 [INFO] [61] TRAIN | loss: 4.607326466104259, acc: 0.020804438280166437
2025-07-04 18:51:37,847 [INFO] [61] VALIDATION | acc: 0.01775147928994083
2025-07-04 18:51:41,031 [INFO] [62] TRAIN | loss: 4.600860409114672, acc: 0.020804438280166437
2025-07-04 18:51:41,031 [INFO] [62] VALIDATION | acc: 0.01775147928994083
2025-07-04 18:51:44,186 [INFO] [63] TRAIN | loss: 4.607791558555935, acc: 0.020804438280166437
2025-07-04 18:51:44,186 [INFO] [63] VALIDATION | acc: 0.01775147928994083
2025-07-04 18:51:47,287 [INFO] [64] TRAIN | loss: 4.608694086904111, acc: 0.020804438280166437
2025-07-04 18:51:47,287 [INFO] [64] VALIDATION | acc: 0.01775147928994083
2025-07-04 18:51:50,316 [INFO] [65] TRAIN | loss: 4.605608826098234, acc: 0.020804438280166437
2025-07-04 18:51:50,316 [INFO] [65] VALIDATION | acc: 0.01775147928994083
2025-07-04 18:51:53,440 [INFO] [66] TRAIN | loss: 4.609161636103755, acc: 0.020804438280166437
2025-07-04 18:51:53,440 [INFO] [66] VALIDATION | acc: 0.01775147928994083
2025-07-04 18:51:56,690 [INFO] [67] TRAIN | loss: 4.605963250865107, acc: 0.020804438280166437
2025-07-04 18:51:56,690 [INFO] [67] VALIDATION | acc: 0.01775147928994083
2025-07-04 18:51:59,868 [INFO] [68] TRAIN | loss: 4.608196103054544, acc: 0.020804438280166437
2025-07-04 18:51:59,868 [INFO] [68] VALIDATION | acc: 0.01775147928994083
2025-07-04 18:52:02,955 [INFO] [69] TRAIN | loss: 4.604785919189453, acc: 0.020804438280166437
2025-07-04 18:52:02,955 [INFO] [69] VALIDATION | acc: 0.01775147928994083
2025-07-04 18:52:05,972 [INFO] [70] TRAIN | loss: 4.608929634094238, acc: 0.020804438280166437
2025-07-04 18:52:05,972 [INFO] [70] VALIDATION | acc: 0.01775147928994083
2025-07-04 18:52:09,073 [INFO] [71] TRAIN | loss: 4.606925218001656, acc: 0.020804438280166437
2025-07-04 18:52:09,073 [INFO] [71] VALIDATION | acc: 0.01775147928994083
2025-07-04 18:52:12,216 [INFO] [72] TRAIN | loss: 4.596302975778994, acc: 0.020804438280166437
2025-07-04 18:52:12,216 [INFO] [72] VALIDATION | acc: 0.01775147928994083
2025-07-04 18:52:15,270 [INFO] [73] TRAIN | loss: 4.606885972230331, acc: 0.020804438280166437
2025-07-04 18:52:15,270 [INFO] [73] VALIDATION | acc: 0.01775147928994083
2025-07-04 18:52:18,283 [INFO] [74] TRAIN | loss: 4.605590478233669, acc: 0.020804438280166437
2025-07-04 18:52:18,283 [INFO] [74] VALIDATION | acc: 0.01775147928994083
2025-07-04 18:52:21,214 [INFO] [75] TRAIN | loss: 4.6005042739536455, acc: 0.020804438280166437
2025-07-04 18:52:21,214 [INFO] [75] VALIDATION | acc: 0.01775147928994083
2025-07-04 18:52:24,261 [INFO] [76] TRAIN | loss: 4.602826056273087, acc: 0.020804438280166437
2025-07-04 18:52:24,261 [INFO] [76] VALIDATION | acc: 0.01775147928994083
2025-07-04 18:52:27,256 [INFO] [77] TRAIN | loss: 4.6034429591635, acc: 0.020804438280166437
2025-07-04 18:52:27,256 [INFO] [77] VALIDATION | acc: 0.01775147928994083
2025-07-04 18:52:30,279 [INFO] [78] TRAIN | loss: 4.607834691586702, acc: 0.020804438280166437
2025-07-04 18:52:30,279 [INFO] [78] VALIDATION | acc: 0.01775147928994083
2025-07-04 18:52:33,249 [INFO] [79] TRAIN | loss: 4.605865862058557, acc: 0.020804438280166437
2025-07-04 18:52:33,249 [INFO] [79] VALIDATION | acc: 0.01775147928994083
2025-07-04 18:52:36,244 [INFO] [80] TRAIN | loss: 4.604884468990823, acc: 0.020804438280166437
2025-07-04 18:52:36,245 [INFO] [80] VALIDATION | acc: 0.01775147928994083
2025-07-04 18:52:39,188 [INFO] [81] TRAIN | loss: 4.603972269141155, acc: 0.020804438280166437
2025-07-04 18:52:39,188 [INFO] [81] VALIDATION | acc: 0.01775147928994083
2025-07-04 18:52:42,196 [INFO] [82] TRAIN | loss: 4.605337194774462, acc: 0.020804438280166437
2025-07-04 18:52:42,196 [INFO] [82] VALIDATION | acc: 0.01775147928994083
2025-07-04 18:52:45,134 [INFO] [83] TRAIN | loss: 4.605297783146733, acc: 0.020804438280166437
2025-07-04 18:52:45,135 [INFO] [83] VALIDATION | acc: 0.01775147928994083
2025-07-04 18:52:48,040 [INFO] [84] TRAIN | loss: 4.5966585615406865, acc: 0.020804438280166437
2025-07-04 18:52:48,040 [INFO] [84] VALIDATION | acc: 0.01775147928994083
2025-07-04 18:52:50,945 [INFO] [85] TRAIN | loss: 4.604885319004888, acc: 0.020804438280166437
2025-07-04 18:52:50,945 [INFO] [85] VALIDATION | acc: 0.01775147928994083
2025-07-04 18:52:53,864 [INFO] [86] TRAIN | loss: 4.604233430779499, acc: 0.020804438280166437
2025-07-04 18:52:53,864 [INFO] [86] VALIDATION | acc: 0.01775147928994083
2025-07-04 18:52:56,830 [INFO] [87] TRAIN | loss: 4.601743273113085, acc: 0.020804438280166437
2025-07-04 18:52:56,830 [INFO] [87] VALIDATION | acc: 0.01775147928994083
2025-07-04 18:52:59,855 [INFO] [88] TRAIN | loss: 4.600023425143698, acc: 0.020804438280166437
2025-07-04 18:52:59,855 [INFO] [88] VALIDATION | acc: 0.01775147928994083
2025-07-04 18:53:02,891 [INFO] [89] TRAIN | loss: 4.603240790574447, acc: 0.020804438280166437
2025-07-04 18:53:02,891 [INFO] [89] VALIDATION | acc: 0.01775147928994083
2025-07-04 18:53:05,984 [INFO] [90] TRAIN | loss: 4.601853764575461, acc: 0.020804438280166437
2025-07-04 18:53:05,984 [INFO] [90] VALIDATION | acc: 0.01775147928994083
2025-07-04 18:53:09,078 [INFO] [91] TRAIN | loss: 4.603161874024765, acc: 0.020804438280166437
2025-07-04 18:53:09,078 [INFO] [91] VALIDATION | acc: 0.01775147928994083
2025-07-04 18:53:12,142 [INFO] [92] TRAIN | loss: 4.6017872146938155, acc: 0.020804438280166437
2025-07-04 18:53:12,143 [INFO] [92] VALIDATION | acc: 0.01775147928994083
2025-07-04 18:53:15,185 [INFO] [93] TRAIN | loss: 4.603567900864975, acc: 0.020804438280166437
2025-07-04 18:53:15,185 [INFO] [93] VALIDATION | acc: 0.01775147928994083
2025-07-04 18:53:18,204 [INFO] [94] TRAIN | loss: 4.604669643485027, acc: 0.020804438280166437
2025-07-04 18:53:18,204 [INFO] [94] VALIDATION | acc: 0.01775147928994083
2025-07-04 18:53:21,232 [INFO] [95] TRAIN | loss: 4.602160132449606, acc: 0.020804438280166437
2025-07-04 18:53:21,233 [INFO] [95] VALIDATION | acc: 0.01775147928994083
2025-07-04 18:53:24,224 [INFO] [96] TRAIN | loss: 4.603382442308509, acc: 0.020804438280166437
2025-07-04 18:53:24,224 [INFO] [96] VALIDATION | acc: 0.01775147928994083
2025-07-04 18:53:27,327 [INFO] [97] TRAIN | loss: 4.60174442374188, acc: 0.020804438280166437
2025-07-04 18:53:27,327 [INFO] [97] VALIDATION | acc: 0.01775147928994083
2025-07-04 18:53:30,426 [INFO] [98] TRAIN | loss: 4.602844072424847, acc: 0.020804438280166437
2025-07-04 18:53:30,427 [INFO] [98] VALIDATION | acc: 0.01775147928994083
2025-07-04 18:53:33,457 [INFO] [99] TRAIN | loss: 4.599498261576113, acc: 0.020804438280166437
2025-07-04 18:53:33,457 [INFO] [99] VALIDATION | acc: 0.01775147928994083
2025-07-04 18:53:36,556 [INFO] [100] TRAIN | loss: 4.601936703142912, acc: 0.020804438280166437
2025-07-04 18:53:36,557 [INFO] [100] VALIDATION | acc: 0.01775147928994083
2025-07-04 18:53:36,557 [INFO] Testing checkpointed models starting...

2025-07-04 18:53:39,798 [INFO] checkpoint_t0  ->  0.01937984496124031
2025-07-04 18:53:51,140 [INFO] checkpoint_v0  ->  0.01937984496124031
2025-07-04 18:54:05,037 [INFO] checkpoint_t1  ->  0.046511627906976744
2025-07-04 18:54:18,651 [INFO] checkpoint_v1  ->  0.050387596899224806
2025-07-04 18:54:32,638 [INFO] checkpoint_t2  ->  0.015503875968992248
2025-07-04 18:54:46,642 [INFO] checkpoint_v2  ->  0.015503875968992248
2025-07-04 18:55:00,540 [INFO] checkpoint_t3  ->  0.015503875968992248
2025-07-04 18:55:14,312 [INFO] checkpoint_v3  ->  0.015503875968992248
2025-07-04 18:55:28,047 [INFO] checkpoint_t4  ->  0.015503875968992248
2025-07-04 18:55:42,152 [INFO] checkpoint_v4  ->  0.015503875968992248
2025-07-04 18:55:56,089 [INFO] checkpoint_t5  ->  0.015503875968992248
2025-07-04 18:56:09,066 [INFO] checkpoint_v5  ->  0.015503875968992248
2025-07-04 18:56:22,086 [INFO] checkpoint_t6  ->  0.015503875968992248
2025-07-04 18:56:35,417 [INFO] checkpoint_v6  ->  0.015503875968992248
2025-07-04 18:56:48,482 [INFO] checkpoint_t7  ->  0.015503875968992248
2025-07-04 18:57:02,446 [INFO] checkpoint_v7  ->  0.015503875968992248
2025-07-04 18:57:15,919 [INFO] checkpoint_t8  ->  0.015503875968992248
2025-07-04 18:57:29,028 [INFO] checkpoint_v8  ->  0.015503875968992248
2025-07-04 18:57:41,885 [INFO] checkpoint_t9  ->  0.015503875968992248
2025-07-04 18:57:54,939 [INFO] checkpoint_v9  ->  0.015503875968992248
2025-07-04 18:58:08,406 [INFO] checkpoint_t10  ->  0.015503875968992248
2025-07-04 18:58:22,140 [INFO] checkpoint_v10  ->  0.015503875968992248
2025-07-04 18:58:22,141 [INFO] 
=======================================
2025-07-04 18:58:22,141 [INFO] The best testing checkpoint: spoter_adam/checkpoint_v_1:
2025-07-04 18:58:22,141 [INFO]    Testing accuracy: 0.050
2025-07-04 18:58:22,141 [INFO]    Macro F1 score: 0.016
2025-07-04 18:58:22,141 [INFO]    Weighted F1 score: 0.017
2025-07-04 18:58:22,141 [INFO]    Total trainable parameters: 8,142,380
2025-07-04 18:58:22,141 [INFO]    Elapsed time: 605.26 sec
2025-07-04 18:58:22,141 [INFO] ----------------Config information----------------------- 
2025-07-04 18:58:22,141 [INFO]  - Experiment Args: dataset=WLASL100, features=HAND_POSE_LANDMARKS, include_blendshapes=0, fs=0, num_classes=100, model=spoter, mediapipe_holistic=True, dim=136, heads=8, n_layers=6, PE=0, pad=True, clip_weights=0, clip_gradients=0, opt=adam, sgd_momentum=0.0, scheduler=cosine, bs=32, epochs=100, lr=1e-03, logfreq=1, checkpoints=True
2025-07-04 18:58:22,340 [INFO] 
Any desired statistics have been plotted.
The experiment is finished.
