2025-07-04 18:12:12,604 [INFO] [INFO] Starting experiment spoter_sgd...


2025-07-04 18:12:15,730 [INFO] [1] TRAIN | loss: 4.722851556280385, acc: 0.014563106796116505
2025-07-04 18:12:15,730 [INFO] [1] VALIDATION | acc: 0.014792899408284023
2025-07-04 18:12:18,725 [INFO] [2] TRAIN | loss: 4.699511336243671, acc: 0.0159500693481276
2025-07-04 18:12:18,725 [INFO] [2] VALIDATION | acc: 0.014792899408284023
2025-07-04 18:12:21,602 [INFO] [3] TRAIN | loss: 4.704154159711755, acc: 0.0159500693481276
2025-07-04 18:12:21,603 [INFO] [3] VALIDATION | acc: 0.011834319526627219
2025-07-04 18:12:24,523 [INFO] [4] TRAIN | loss: 4.658859460250191, acc: 0.02011095700416089
2025-07-04 18:12:24,523 [INFO] [4] VALIDATION | acc: 0.014792899408284023
2025-07-04 18:12:27,435 [INFO] [5] TRAIN | loss: 4.64439230379851, acc: 0.02011095700416089
2025-07-04 18:12:27,435 [INFO] [5] VALIDATION | acc: 0.020710059171597635
2025-07-04 18:12:30,299 [INFO] [6] TRAIN | loss: 4.608656872873721, acc: 0.019417475728155338
2025-07-04 18:12:30,299 [INFO] [6] VALIDATION | acc: 0.026627218934911243
2025-07-04 18:12:33,192 [INFO] [7] TRAIN | loss: 4.589046239852905, acc: 0.02011095700416089
2025-07-04 18:12:33,192 [INFO] [7] VALIDATION | acc: 0.014792899408284023
2025-07-04 18:12:36,083 [INFO] [8] TRAIN | loss: 4.541593116262685, acc: 0.02565880721220527
2025-07-04 18:12:36,083 [INFO] [8] VALIDATION | acc: 0.011834319526627219
2025-07-04 18:12:38,916 [INFO] [9] TRAIN | loss: 4.5103203006412675, acc: 0.02565880721220527
2025-07-04 18:12:38,916 [INFO] [9] VALIDATION | acc: 0.011834319526627219
2025-07-04 18:12:41,806 [INFO] [10] TRAIN | loss: 4.473094815793245, acc: 0.0319001386962552
2025-07-04 18:12:41,806 [INFO] [10] VALIDATION | acc: 0.023668639053254437
2025-07-04 18:12:44,630 [INFO] [11] TRAIN | loss: 4.434503845546557, acc: 0.031206657420249653
2025-07-04 18:12:44,630 [INFO] [11] VALIDATION | acc: 0.011834319526627219
2025-07-04 18:12:47,526 [INFO] [12] TRAIN | loss: 4.425800074701724, acc: 0.027045769764216365
2025-07-04 18:12:47,526 [INFO] [12] VALIDATION | acc: 0.020710059171597635
2025-07-04 18:12:50,408 [INFO] [13] TRAIN | loss: 4.395280133122983, acc: 0.03744798890429958
2025-07-04 18:12:50,408 [INFO] [13] VALIDATION | acc: 0.014792899408284023
2025-07-04 18:12:53,327 [INFO] [14] TRAIN | loss: 4.364448308944702, acc: 0.038834951456310676
2025-07-04 18:12:53,327 [INFO] [14] VALIDATION | acc: 0.029585798816568046
2025-07-04 18:12:56,200 [INFO] [15] TRAIN | loss: 4.33138804850371, acc: 0.040915395284327326
2025-07-04 18:12:56,200 [INFO] [15] VALIDATION | acc: 0.026627218934911243
2025-07-04 18:12:59,105 [INFO] [16] TRAIN | loss: 4.322631784107374, acc: 0.03814147018030513
2025-07-04 18:12:59,105 [INFO] [16] VALIDATION | acc: 0.026627218934911243
2025-07-04 18:13:02,025 [INFO] [17] TRAIN | loss: 4.317828883295474, acc: 0.04022191400832178
2025-07-04 18:13:02,025 [INFO] [17] VALIDATION | acc: 0.029585798816568046
2025-07-04 18:13:04,970 [INFO] [18] TRAIN | loss: 4.282745205837747, acc: 0.04022191400832178
2025-07-04 18:13:04,970 [INFO] [18] VALIDATION | acc: 0.029585798816568046
2025-07-04 18:13:07,840 [INFO] [19] TRAIN | loss: 4.262150598608929, acc: 0.04022191400832178
2025-07-04 18:13:07,840 [INFO] [19] VALIDATION | acc: 0.029585798816568046
2025-07-04 18:13:10,748 [INFO] [20] TRAIN | loss: 4.245126112647679, acc: 0.03744798890429958
2025-07-04 18:13:10,748 [INFO] [20] VALIDATION | acc: 0.026627218934911243
2025-07-04 18:13:13,673 [INFO] [21] TRAIN | loss: 4.232536087865415, acc: 0.040915395284327326
2025-07-04 18:13:13,673 [INFO] [21] VALIDATION | acc: 0.029585798816568046
2025-07-04 18:13:16,674 [INFO] [22] TRAIN | loss: 4.220425616139951, acc: 0.04507628294036061
2025-07-04 18:13:16,674 [INFO] [22] VALIDATION | acc: 0.026627218934911243
2025-07-04 18:13:19,630 [INFO] [23] TRAIN | loss: 4.2167893699977705, acc: 0.044382801664355064
2025-07-04 18:13:19,630 [INFO] [23] VALIDATION | acc: 0.029585798816568046
2025-07-04 18:13:22,580 [INFO] [24] TRAIN | loss: 4.200548669566279, acc: 0.046463245492371706
2025-07-04 18:13:22,580 [INFO] [24] VALIDATION | acc: 0.026627218934911243
2025-07-04 18:13:25,494 [INFO] [25] TRAIN | loss: 4.183324124502099, acc: 0.04299583911234397
2025-07-04 18:13:25,494 [INFO] [25] VALIDATION | acc: 0.03550295857988166
2025-07-04 18:13:28,453 [INFO] [26] TRAIN | loss: 4.162613200104755, acc: 0.04854368932038835
2025-07-04 18:13:28,453 [INFO] [26] VALIDATION | acc: 0.03550295857988166
2025-07-04 18:13:31,469 [INFO] [27] TRAIN | loss: 4.154631282972253, acc: 0.05062413314840499
2025-07-04 18:13:31,469 [INFO] [27] VALIDATION | acc: 0.029585798816568046
2025-07-04 18:13:34,513 [INFO] [28] TRAIN | loss: 4.131605402283046, acc: 0.05062413314840499
2025-07-04 18:13:34,513 [INFO] [28] VALIDATION | acc: 0.038461538461538464
2025-07-04 18:13:37,649 [INFO] [29] TRAIN | loss: 4.116874959157861, acc: 0.05547850208044383
2025-07-04 18:13:37,649 [INFO] [29] VALIDATION | acc: 0.04437869822485207
2025-07-04 18:13:40,736 [INFO] [30] TRAIN | loss: 4.102640219356703, acc: 0.0638002773925104
2025-07-04 18:13:40,736 [INFO] [30] VALIDATION | acc: 0.038461538461538464
2025-07-04 18:13:43,892 [INFO] [31] TRAIN | loss: 4.0939583467400595, acc: 0.06449375866851595
2025-07-04 18:13:43,892 [INFO] [31] VALIDATION | acc: 0.047337278106508875
2025-07-04 18:13:47,118 [INFO] [32] TRAIN | loss: 4.087548452874889, acc: 0.07073509015256588
2025-07-04 18:13:47,118 [INFO] [32] VALIDATION | acc: 0.05621301775147929
2025-07-04 18:13:50,335 [INFO] [33] TRAIN | loss: 4.0580141388851665, acc: 0.07212205270457697
2025-07-04 18:13:50,335 [INFO] [33] VALIDATION | acc: 0.029585798816568046
2025-07-04 18:13:53,517 [INFO] [34] TRAIN | loss: 4.042654908221701, acc: 0.0769764216366158
2025-07-04 18:13:53,517 [INFO] [34] VALIDATION | acc: 0.05325443786982249
2025-07-04 18:13:56,617 [INFO] [35] TRAIN | loss: 4.033462166786194, acc: 0.08183079056865465
2025-07-04 18:13:56,617 [INFO] [35] VALIDATION | acc: 0.05029585798816568
2025-07-04 18:13:59,630 [INFO] [36] TRAIN | loss: 4.004772865253946, acc: 0.08460471567267684
2025-07-04 18:13:59,630 [INFO] [36] VALIDATION | acc: 0.05325443786982249
2025-07-04 18:14:02,695 [INFO] [37] TRAIN | loss: 3.9795954071957134, acc: 0.08321775312066575
2025-07-04 18:14:02,695 [INFO] [37] VALIDATION | acc: 0.05325443786982249
2025-07-04 18:14:05,773 [INFO] [38] TRAIN | loss: 3.9833622756211655, acc: 0.08668515950069348
2025-07-04 18:14:05,773 [INFO] [38] VALIDATION | acc: 0.0621301775147929
2025-07-04 18:14:08,786 [INFO] [39] TRAIN | loss: 3.9664609743201216, acc: 0.08945908460471567
2025-07-04 18:14:08,786 [INFO] [39] VALIDATION | acc: 0.05917159763313609
2025-07-04 18:14:11,805 [INFO] [40] TRAIN | loss: 3.9540326906287153, acc: 0.09431345353675451
2025-07-04 18:14:11,805 [INFO] [40] VALIDATION | acc: 0.0621301775147929
2025-07-04 18:14:14,804 [INFO] [41] TRAIN | loss: 3.9307053607443105, acc: 0.09431345353675451
2025-07-04 18:14:14,804 [INFO] [41] VALIDATION | acc: 0.0650887573964497
2025-07-04 18:14:17,806 [INFO] [42] TRAIN | loss: 3.9096754944842793, acc: 0.09986130374479889
2025-07-04 18:14:17,820 [INFO] [42] VALIDATION | acc: 0.0650887573964497
2025-07-04 18:14:20,759 [INFO] [43] TRAIN | loss: 3.9057775062063467, acc: 0.10818307905686546
2025-07-04 18:14:20,759 [INFO] [43] VALIDATION | acc: 0.0650887573964497
2025-07-04 18:14:23,740 [INFO] [44] TRAIN | loss: 3.895007154215937, acc: 0.10332871012482663
2025-07-04 18:14:23,740 [INFO] [44] VALIDATION | acc: 0.07988165680473373
2025-07-04 18:14:26,695 [INFO] [45] TRAIN | loss: 3.8935880039049233, acc: 0.10471567267683772
2025-07-04 18:14:26,695 [INFO] [45] VALIDATION | acc: 0.05621301775147929
2025-07-04 18:14:29,656 [INFO] [46] TRAIN | loss: 3.8575190875841225, acc: 0.11165048543689321
2025-07-04 18:14:29,656 [INFO] [46] VALIDATION | acc: 0.07396449704142012
2025-07-04 18:14:32,643 [INFO] [47] TRAIN | loss: 3.8422320407369863, acc: 0.10818307905686546
2025-07-04 18:14:32,643 [INFO] [47] VALIDATION | acc: 0.05621301775147929
2025-07-04 18:14:35,623 [INFO] [48] TRAIN | loss: 3.8405628411666206, acc: 0.10540915395284327
2025-07-04 18:14:35,623 [INFO] [48] VALIDATION | acc: 0.05917159763313609
2025-07-04 18:14:38,535 [INFO] [49] TRAIN | loss: 3.808245223501454, acc: 0.11373092926490985
2025-07-04 18:14:38,535 [INFO] [49] VALIDATION | acc: 0.06804733727810651
2025-07-04 18:14:41,486 [INFO] [50] TRAIN | loss: 3.786629215530727, acc: 0.11858529819694869
2025-07-04 18:14:41,486 [INFO] [50] VALIDATION | acc: 0.05029585798816568
2025-07-04 18:14:44,321 [INFO] [51] TRAIN | loss: 3.8094662635222725, acc: 0.1144244105409154
2025-07-04 18:14:44,321 [INFO] [51] VALIDATION | acc: 0.07100591715976332
2025-07-04 18:14:47,223 [INFO] [52] TRAIN | loss: 3.785383613213249, acc: 0.12829403606102635
2025-07-04 18:14:47,237 [INFO] [52] VALIDATION | acc: 0.0621301775147929
2025-07-04 18:14:50,142 [INFO] [53] TRAIN | loss: 3.764240104219188, acc: 0.11927877947295423
2025-07-04 18:14:50,142 [INFO] [53] VALIDATION | acc: 0.0650887573964497
2025-07-04 18:14:52,987 [INFO] [54] TRAIN | loss: 3.7672334183817324, acc: 0.12413314840499307
2025-07-04 18:14:52,987 [INFO] [54] VALIDATION | acc: 0.0650887573964497
2025-07-04 18:14:55,893 [INFO] [55] TRAIN | loss: 3.766072760457578, acc: 0.13453536754507628
2025-07-04 18:14:55,893 [INFO] [55] VALIDATION | acc: 0.05621301775147929
2025-07-04 18:14:58,811 [INFO] [56] TRAIN | loss: 3.7221881358519844, acc: 0.12968099861303745
2025-07-04 18:14:58,811 [INFO] [56] VALIDATION | acc: 0.07692307692307693
2025-07-04 18:15:01,744 [INFO] [57] TRAIN | loss: 3.712407702985017, acc: 0.1421636615811373
2025-07-04 18:15:01,744 [INFO] [57] VALIDATION | acc: 0.05621301775147929
2025-07-04 18:15:04,617 [INFO] [58] TRAIN | loss: 3.71620091666346, acc: 0.13800277392510402
2025-07-04 18:15:04,617 [INFO] [58] VALIDATION | acc: 0.07692307692307693
2025-07-04 18:15:07,519 [INFO] [59] TRAIN | loss: 3.693451383839483, acc: 0.1421636615811373
2025-07-04 18:15:07,519 [INFO] [59] VALIDATION | acc: 0.08579881656804733
2025-07-04 18:15:10,457 [INFO] [60] TRAIN | loss: 3.6789868862732598, acc: 0.1435506241331484
2025-07-04 18:15:10,457 [INFO] [60] VALIDATION | acc: 0.08284023668639054
2025-07-04 18:15:13,378 [INFO] [61] TRAIN | loss: 3.6690947646680088, acc: 0.15117891816920942
2025-07-04 18:15:13,378 [INFO] [61] VALIDATION | acc: 0.0621301775147929
2025-07-04 18:15:16,356 [INFO] [62] TRAIN | loss: 3.6490653183149253, acc: 0.14771151178918168
2025-07-04 18:15:16,356 [INFO] [62] VALIDATION | acc: 0.04437869822485207
2025-07-04 18:15:19,301 [INFO] [63] TRAIN | loss: 3.641972515894019, acc: 0.14424410540915394
2025-07-04 18:15:19,301 [INFO] [63] VALIDATION | acc: 0.07988165680473373
2025-07-04 18:15:22,243 [INFO] [64] TRAIN | loss: 3.615537975145423, acc: 0.1553398058252427
2025-07-04 18:15:22,243 [INFO] [64] VALIDATION | acc: 0.08875739644970414
2025-07-04 18:15:25,192 [INFO] [65] TRAIN | loss: 3.604745512423308, acc: 0.15117891816920942
2025-07-04 18:15:25,192 [INFO] [65] VALIDATION | acc: 0.09467455621301775
2025-07-04 18:15:28,146 [INFO] [66] TRAIN | loss: 3.6139054972192515, acc: 0.16296809986130376
2025-07-04 18:15:28,146 [INFO] [66] VALIDATION | acc: 0.05917159763313609
2025-07-04 18:15:31,076 [INFO] [67] TRAIN | loss: 3.6011984037316362, acc: 0.1608876560332871
2025-07-04 18:15:31,076 [INFO] [67] VALIDATION | acc: 0.07396449704142012
2025-07-04 18:15:34,042 [INFO] [68] TRAIN | loss: 3.572047259496606, acc: 0.1553398058252427
2025-07-04 18:15:34,042 [INFO] [68] VALIDATION | acc: 0.09763313609467456
2025-07-04 18:15:37,117 [INFO] [69] TRAIN | loss: 3.597070035727128, acc: 0.1664355062413315
2025-07-04 18:15:37,117 [INFO] [69] VALIDATION | acc: 0.07100591715976332
2025-07-04 18:15:40,093 [INFO] [70] TRAIN | loss: 3.5553358067636904, acc: 0.1608876560332871
2025-07-04 18:15:40,093 [INFO] [70] VALIDATION | acc: 0.07100591715976332
2025-07-04 18:15:43,059 [INFO] [71] TRAIN | loss: 3.538867105608401, acc: 0.17198335644937587
2025-07-04 18:15:43,059 [INFO] [71] VALIDATION | acc: 0.07692307692307693
2025-07-04 18:15:46,060 [INFO] [72] TRAIN | loss: 3.5172199321829756, acc: 0.18515950069348128
2025-07-04 18:15:46,060 [INFO] [72] VALIDATION | acc: 0.05325443786982249
2025-07-04 18:15:49,048 [INFO] [73] TRAIN | loss: 3.5421878928723545, acc: 0.16712898751733704
2025-07-04 18:15:49,048 [INFO] [73] VALIDATION | acc: 0.10650887573964497
2025-07-04 18:15:52,053 [INFO] [74] TRAIN | loss: 3.5159518926039985, acc: 0.18307905686546463
2025-07-04 18:15:52,053 [INFO] [74] VALIDATION | acc: 0.07692307692307693
2025-07-04 18:15:55,042 [INFO] [75] TRAIN | loss: 3.4907475398934404, acc: 0.18723994452149792
2025-07-04 18:15:55,042 [INFO] [75] VALIDATION | acc: 0.05621301775147929
2025-07-04 18:15:57,994 [INFO] [76] TRAIN | loss: 3.4811032336691152, acc: 0.17891816920943135
2025-07-04 18:15:57,994 [INFO] [76] VALIDATION | acc: 0.08579881656804733
2025-07-04 18:16:00,993 [INFO] [77] TRAIN | loss: 3.460316336673239, acc: 0.19625520110957004
2025-07-04 18:16:00,993 [INFO] [77] VALIDATION | acc: 0.07692307692307693
2025-07-04 18:16:03,938 [INFO] [78] TRAIN | loss: 3.450018525123596, acc: 0.1914008321775312
2025-07-04 18:16:03,938 [INFO] [78] VALIDATION | acc: 0.05621301775147929
2025-07-04 18:16:06,961 [INFO] [79] TRAIN | loss: 3.4570011729779453, acc: 0.19972260748959778
2025-07-04 18:16:06,961 [INFO] [79] VALIDATION | acc: 0.09763313609467456
2025-07-04 18:16:10,006 [INFO] [80] TRAIN | loss: 3.450178343316783, acc: 0.20804438280166435
2025-07-04 18:16:10,006 [INFO] [80] VALIDATION | acc: 0.10355029585798817
2025-07-04 18:16:12,984 [INFO] [81] TRAIN | loss: 3.4203571651292886, acc: 0.20665742024965325
2025-07-04 18:16:12,984 [INFO] [81] VALIDATION | acc: 0.08875739644970414
2025-07-04 18:16:16,064 [INFO] [82] TRAIN | loss: 3.392479844715284, acc: 0.21636615811373092
2025-07-04 18:16:16,064 [INFO] [82] VALIDATION | acc: 0.08875739644970414
2025-07-04 18:16:19,044 [INFO] [83] TRAIN | loss: 3.398713547250499, acc: 0.21289875173370318
2025-07-04 18:16:19,044 [INFO] [83] VALIDATION | acc: 0.08579881656804733
2025-07-04 18:16:22,051 [INFO] [84] TRAIN | loss: 3.38459951462953, acc: 0.21983356449375868
2025-07-04 18:16:22,051 [INFO] [84] VALIDATION | acc: 0.07100591715976332
2025-07-04 18:16:25,105 [INFO] [85] TRAIN | loss: 3.398963643156964, acc: 0.2087378640776699
2025-07-04 18:16:25,105 [INFO] [85] VALIDATION | acc: 0.08875739644970414
2025-07-04 18:16:28,122 [INFO] [86] TRAIN | loss: 3.3679777280144068, acc: 0.217753120665742
2025-07-04 18:16:28,122 [INFO] [86] VALIDATION | acc: 0.11242603550295859
2025-07-04 18:16:31,059 [INFO] [87] TRAIN | loss: 3.3634258353191875, acc: 0.22330097087378642
2025-07-04 18:16:31,059 [INFO] [87] VALIDATION | acc: 0.09467455621301775
2025-07-04 18:16:33,920 [INFO] [88] TRAIN | loss: 3.331871017165806, acc: 0.23092926490984744
2025-07-04 18:16:33,920 [INFO] [88] VALIDATION | acc: 0.10059171597633136
2025-07-04 18:16:36,882 [INFO] [89] TRAIN | loss: 3.3199524153833804, acc: 0.231622746185853
2025-07-04 18:16:36,882 [INFO] [89] VALIDATION | acc: 0.11538461538461539
2025-07-04 18:16:39,779 [INFO] [90] TRAIN | loss: 3.3182228233503257, acc: 0.239251040221914
2025-07-04 18:16:39,779 [INFO] [90] VALIDATION | acc: 0.09467455621301775
2025-07-04 18:16:42,701 [INFO] [91] TRAIN | loss: 3.3112384651018227, acc: 0.2406380027739251
2025-07-04 18:16:42,701 [INFO] [91] VALIDATION | acc: 0.10355029585798817
2025-07-04 18:16:45,605 [INFO] [92] TRAIN | loss: 3.2904190447019492, acc: 0.2406380027739251
2025-07-04 18:16:45,605 [INFO] [92] VALIDATION | acc: 0.11834319526627218
2025-07-04 18:16:48,502 [INFO] [93] TRAIN | loss: 3.278264874997346, acc: 0.2434119278779473
2025-07-04 18:16:48,502 [INFO] [93] VALIDATION | acc: 0.08579881656804733
2025-07-04 18:16:51,341 [INFO] [94] TRAIN | loss: 3.2679603410803755, acc: 0.2406380027739251
2025-07-04 18:16:51,341 [INFO] [94] VALIDATION | acc: 0.08579881656804733
2025-07-04 18:16:54,236 [INFO] [95] TRAIN | loss: 3.27305151068646, acc: 0.2593619972260749
2025-07-04 18:16:54,236 [INFO] [95] VALIDATION | acc: 0.07988165680473373
2025-07-04 18:16:57,147 [INFO] [96] TRAIN | loss: 3.2695652557455976, acc: 0.2593619972260749
2025-07-04 18:16:57,147 [INFO] [96] VALIDATION | acc: 0.13609467455621302
2025-07-04 18:17:00,084 [INFO] [97] TRAIN | loss: 3.246926193651946, acc: 0.2725381414701803
2025-07-04 18:17:00,084 [INFO] [97] VALIDATION | acc: 0.1301775147928994
2025-07-04 18:17:03,034 [INFO] [98] TRAIN | loss: 3.2270658638166343, acc: 0.2565880721220527
2025-07-04 18:17:03,034 [INFO] [98] VALIDATION | acc: 0.12130177514792899
2025-07-04 18:17:05,941 [INFO] [99] TRAIN | loss: 3.238951097364011, acc: 0.25450762829403606
2025-07-04 18:17:05,941 [INFO] [99] VALIDATION | acc: 0.10650887573964497
2025-07-04 18:17:08,885 [INFO] [100] TRAIN | loss: 3.2223610359689463, acc: 0.2739251040221914
2025-07-04 18:17:08,885 [INFO] [100] VALIDATION | acc: 0.11834319526627218
2025-07-04 18:17:08,885 [INFO] Testing checkpointed models starting...

2025-07-04 18:17:11,991 [INFO] checkpoint_t0  ->  0.027131782945736434
2025-07-04 18:17:23,273 [INFO] checkpoint_v0  ->  0.027131782945736434
2025-07-04 18:17:36,175 [INFO] checkpoint_t1  ->  0.03875968992248062
2025-07-04 18:17:49,467 [INFO] checkpoint_v1  ->  0.031007751937984496
2025-07-04 18:18:02,708 [INFO] checkpoint_t2  ->  0.031007751937984496
2025-07-04 18:18:15,822 [INFO] checkpoint_v2  ->  0.03488372093023256
2025-07-04 18:18:29,095 [INFO] checkpoint_t3  ->  0.06976744186046512
2025-07-04 18:18:41,819 [INFO] checkpoint_v3  ->  0.06976744186046512
2025-07-04 18:18:54,687 [INFO] checkpoint_t4  ->  0.06589147286821706
2025-07-04 18:19:08,199 [INFO] checkpoint_v4  ->  0.06201550387596899
2025-07-04 18:19:21,724 [INFO] checkpoint_t5  ->  0.06976744186046512
2025-07-04 18:19:35,540 [INFO] checkpoint_v5  ->  0.07364341085271318
2025-07-04 18:19:48,711 [INFO] checkpoint_t6  ->  0.1124031007751938
2025-07-04 18:20:01,761 [INFO] checkpoint_v6  ->  0.08914728682170543
2025-07-04 18:20:14,383 [INFO] checkpoint_t7  ->  0.10077519379844961
2025-07-04 18:20:27,064 [INFO] checkpoint_v7  ->  0.08527131782945736
2025-07-04 18:20:40,042 [INFO] checkpoint_t8  ->  0.11627906976744186
2025-07-04 18:20:53,005 [INFO] checkpoint_v8  ->  0.10852713178294573
2025-07-04 18:21:06,302 [INFO] checkpoint_t9  ->  0.09689922480620156
2025-07-04 18:21:18,922 [INFO] checkpoint_v9  ->  0.09689922480620156
2025-07-04 18:21:31,740 [INFO] checkpoint_t10  ->  0.13953488372093023
2025-07-04 18:21:44,480 [INFO] checkpoint_v10  ->  0.13565891472868216
2025-07-04 18:21:44,480 [INFO] 
=======================================
2025-07-04 18:21:44,480 [INFO] The best testing checkpoint: spoter_sgd/checkpoint_t_10:
2025-07-04 18:21:44,480 [INFO]    Testing accuracy: 0.140
2025-07-04 18:21:44,480 [INFO]    Macro F1 score: 0.100
2025-07-04 18:21:44,480 [INFO]    Weighted F1 score: 0.099
2025-07-04 18:21:44,480 [INFO]    Total trainable parameters: 8,142,380
2025-07-04 18:21:44,480 [INFO]    Elapsed time: 571.88 sec
2025-07-04 18:21:44,480 [INFO] ----------------Config information----------------------- 
2025-07-04 18:21:44,480 [INFO]  - Experiment Args: dataset=WLASL100, features=HAND_POSE_LANDMARKS, include_blendshapes=0, fs=0, num_classes=100, model=spoter, mediapipe_holistic=True, dim=136, heads=8, n_layers=6, PE=0, pad=True, clip_weights=0, clip_gradients=0, opt=SGD, sgd_momentum=0.0, scheduler=cosine, bs=32, epochs=100, lr=1e-03, logfreq=1, checkpoints=True
2025-07-04 18:21:44,686 [INFO] 
Any desired statistics have been plotted.
The experiment is finished.
