2025-07-07 14:18:20,759 [INFO] [INFO] Starting experiment encoder_hand_landmarks_fs0...


2025-07-07 14:18:22,773 [INFO] [1] TRAIN | loss: 4.777864891549815, acc: 0.009708737864077669
2025-07-07 14:18:22,773 [INFO] [1] VALIDATION | acc: 0.01775147928994083
2025-07-07 14:18:24,605 [INFO] [2] TRAIN | loss: 4.697229768918908, acc: 0.011789181692094313
2025-07-07 14:18:24,605 [INFO] [2] VALIDATION | acc: 0.011834319526627219
2025-07-07 14:18:26,424 [INFO] [3] TRAIN | loss: 4.591527503469716, acc: 0.02011095700416089
2025-07-07 14:18:26,424 [INFO] [3] VALIDATION | acc: 0.020710059171597635
2025-07-07 14:18:28,232 [INFO] [4] TRAIN | loss: 4.476195604904838, acc: 0.02565880721220527
2025-07-07 14:18:28,232 [INFO] [4] VALIDATION | acc: 0.029585798816568046
2025-07-07 14:18:30,066 [INFO] [5] TRAIN | loss: 4.379726441010185, acc: 0.033287101248266296
2025-07-07 14:18:30,066 [INFO] [5] VALIDATION | acc: 0.029585798816568046
2025-07-07 14:18:32,015 [INFO] [6] TRAIN | loss: 4.294029681578927, acc: 0.046463245492371706
2025-07-07 14:18:32,015 [INFO] [6] VALIDATION | acc: 0.038461538461538464
2025-07-07 14:18:33,943 [INFO] [7] TRAIN | loss: 4.216704855794492, acc: 0.03398058252427184
2025-07-07 14:18:33,943 [INFO] [7] VALIDATION | acc: 0.05621301775147929
2025-07-07 14:18:35,790 [INFO] [8] TRAIN | loss: 4.1622460199439, acc: 0.05339805825242718
2025-07-07 14:18:35,790 [INFO] [8] VALIDATION | acc: 0.07100591715976332
2025-07-07 14:18:37,621 [INFO] [9] TRAIN | loss: 4.060400646665822, acc: 0.06796116504854369
2025-07-07 14:18:37,621 [INFO] [9] VALIDATION | acc: 0.08284023668639054
2025-07-07 14:18:39,427 [INFO] [10] TRAIN | loss: 4.001134618468907, acc: 0.07142857142857142
2025-07-07 14:18:39,427 [INFO] [10] VALIDATION | acc: 0.07396449704142012
2025-07-07 14:18:41,271 [INFO] [11] TRAIN | loss: 3.912893937981647, acc: 0.07558945908460471
2025-07-07 14:18:41,271 [INFO] [11] VALIDATION | acc: 0.08875739644970414
2025-07-07 14:18:43,102 [INFO] [12] TRAIN | loss: 3.8323089402654897, acc: 0.09500693481276005
2025-07-07 14:18:43,102 [INFO] [12] VALIDATION | acc: 0.09467455621301775
2025-07-07 14:18:44,931 [INFO] [13] TRAIN | loss: 3.7722113650778066, acc: 0.10124826629680998
2025-07-07 14:18:44,931 [INFO] [13] VALIDATION | acc: 0.10059171597633136
2025-07-07 14:18:46,748 [INFO] [14] TRAIN | loss: 3.67314394660618, acc: 0.11997226074895978
2025-07-07 14:18:46,748 [INFO] [14] VALIDATION | acc: 0.11242603550295859
2025-07-07 14:18:48,557 [INFO] [15] TRAIN | loss: 3.629949160244154, acc: 0.1449375866851595
2025-07-07 14:18:48,557 [INFO] [15] VALIDATION | acc: 0.11538461538461539
2025-07-07 14:18:50,409 [INFO] [16] TRAIN | loss: 3.5809900501500005, acc: 0.1463245492371706
2025-07-07 14:18:50,409 [INFO] [16] VALIDATION | acc: 0.15680473372781065
2025-07-07 14:18:52,210 [INFO] [17] TRAIN | loss: 3.481991275497105, acc: 0.18793342579750347
2025-07-07 14:18:52,210 [INFO] [17] VALIDATION | acc: 0.14497041420118342
2025-07-07 14:18:54,011 [INFO] [18] TRAIN | loss: 3.4448996834132983, acc: 0.1823855755894591
2025-07-07 14:18:54,012 [INFO] [18] VALIDATION | acc: 0.19822485207100593
2025-07-07 14:18:55,814 [INFO] [19] TRAIN | loss: 3.343783357869024, acc: 0.2045769764216366
2025-07-07 14:18:55,814 [INFO] [19] VALIDATION | acc: 0.17159763313609466
2025-07-07 14:18:57,616 [INFO] [20] TRAIN | loss: 3.268542118694471, acc: 0.23300970873786409
2025-07-07 14:18:57,616 [INFO] [20] VALIDATION | acc: 0.1863905325443787
2025-07-07 14:18:59,401 [INFO] [21] TRAIN | loss: 3.2532208069511084, acc: 0.21636615811373092
2025-07-07 14:18:59,401 [INFO] [21] VALIDATION | acc: 0.20710059171597633
2025-07-07 14:19:01,211 [INFO] [22] TRAIN | loss: 3.100200285082278, acc: 0.2739251040221914
2025-07-07 14:19:01,211 [INFO] [22] VALIDATION | acc: 0.23076923076923078
2025-07-07 14:19:02,998 [INFO] [23] TRAIN | loss: 3.075541097184886, acc: 0.2642163661581137
2025-07-07 14:19:02,998 [INFO] [23] VALIDATION | acc: 0.16863905325443787
2025-07-07 14:19:04,812 [INFO] [24] TRAIN | loss: 2.9947395221046778, acc: 0.2912621359223301
2025-07-07 14:19:04,812 [INFO] [24] VALIDATION | acc: 0.23668639053254437
2025-07-07 14:19:06,634 [INFO] [25] TRAIN | loss: 2.89693037841631, acc: 0.30998613037447986
2025-07-07 14:19:06,634 [INFO] [25] VALIDATION | acc: 0.25443786982248523
2025-07-07 14:19:08,436 [INFO] [26] TRAIN | loss: 2.89572883170584, acc: 0.3245492371705964
2025-07-07 14:19:08,437 [INFO] [26] VALIDATION | acc: 0.25443786982248523
2025-07-07 14:19:10,224 [INFO] [27] TRAIN | loss: 2.8635937856591265, acc: 0.30721220527045767
2025-07-07 14:19:10,224 [INFO] [27] VALIDATION | acc: 0.20414201183431951
2025-07-07 14:19:12,022 [INFO] [28] TRAIN | loss: 2.8020786150642065, acc: 0.31761442441054094
2025-07-07 14:19:12,023 [INFO] [28] VALIDATION | acc: 0.27514792899408286
2025-07-07 14:19:13,829 [INFO] [29] TRAIN | loss: 2.725343546141749, acc: 0.34812760055478503
2025-07-07 14:19:13,830 [INFO] [29] VALIDATION | acc: 0.2958579881656805
2025-07-07 14:19:15,634 [INFO] [30] TRAIN | loss: 2.7032442455706387, acc: 0.35436893203883496
2025-07-07 14:19:15,634 [INFO] [30] VALIDATION | acc: 0.2781065088757396
2025-07-07 14:19:17,436 [INFO] [31] TRAIN | loss: 2.6231471403785376, acc: 0.36893203883495146
2025-07-07 14:19:17,436 [INFO] [31] VALIDATION | acc: 0.25443786982248523
2025-07-07 14:19:19,255 [INFO] [32] TRAIN | loss: 2.5694408675898677, acc: 0.38765603328710124
2025-07-07 14:19:19,255 [INFO] [32] VALIDATION | acc: 0.31952662721893493
2025-07-07 14:19:21,064 [INFO] [33] TRAIN | loss: 2.573207243629124, acc: 0.38488210818307905
2025-07-07 14:19:21,064 [INFO] [33] VALIDATION | acc: 0.3224852071005917
2025-07-07 14:19:22,876 [INFO] [34] TRAIN | loss: 2.494162082672119, acc: 0.3959778085991678
2025-07-07 14:19:22,876 [INFO] [34] VALIDATION | acc: 0.33136094674556216
2025-07-07 14:19:24,701 [INFO] [35] TRAIN | loss: 2.4121338465939397, acc: 0.4160887656033287
2025-07-07 14:19:24,701 [INFO] [35] VALIDATION | acc: 0.3165680473372781
2025-07-07 14:19:26,517 [INFO] [36] TRAIN | loss: 2.3527024129162664, acc: 0.43966712898751736
2025-07-07 14:19:26,517 [INFO] [36] VALIDATION | acc: 0.3254437869822485
2025-07-07 14:19:28,319 [INFO] [37] TRAIN | loss: 2.3417615242626355, acc: 0.4264909847434119
2025-07-07 14:19:28,319 [INFO] [37] VALIDATION | acc: 0.33136094674556216
2025-07-07 14:19:30,095 [INFO] [38] TRAIN | loss: 2.309833340022875, acc: 0.4334257975034674
2025-07-07 14:19:30,095 [INFO] [38] VALIDATION | acc: 0.2869822485207101
2025-07-07 14:19:31,919 [INFO] [39] TRAIN | loss: 2.210802523986153, acc: 0.46601941747572817
2025-07-07 14:19:31,919 [INFO] [39] VALIDATION | acc: 0.35502958579881655
2025-07-07 14:19:33,755 [INFO] [40] TRAIN | loss: 2.215910281824029, acc: 0.45977808599167824
2025-07-07 14:19:33,755 [INFO] [40] VALIDATION | acc: 0.3254437869822485
2025-07-07 14:19:35,586 [INFO] [41] TRAIN | loss: 2.1189207356909048, acc: 0.4826629680998613
2025-07-07 14:19:35,586 [INFO] [41] VALIDATION | acc: 0.3609467455621302
2025-07-07 14:19:37,420 [INFO] [42] TRAIN | loss: 2.143796208112136, acc: 0.4736477115117892
2025-07-07 14:19:37,420 [INFO] [42] VALIDATION | acc: 0.40532544378698226
2025-07-07 14:19:39,238 [INFO] [43] TRAIN | loss: 2.106818805570188, acc: 0.4840499306518724
2025-07-07 14:19:39,238 [INFO] [43] VALIDATION | acc: 0.35502958579881655
2025-07-07 14:19:41,049 [INFO] [44] TRAIN | loss: 2.003016870954762, acc: 0.513869625520111
2025-07-07 14:19:41,049 [INFO] [44] VALIDATION | acc: 0.3727810650887574
2025-07-07 14:19:42,881 [INFO] [45] TRAIN | loss: 1.9745964459750964, acc: 0.5201109570041609
2025-07-07 14:19:42,881 [INFO] [45] VALIDATION | acc: 0.4319526627218935
2025-07-07 14:19:44,719 [INFO] [46] TRAIN | loss: 1.9653553833132205, acc: 0.529126213592233
2025-07-07 14:19:44,720 [INFO] [46] VALIDATION | acc: 0.3757396449704142
2025-07-07 14:19:46,629 [INFO] [47] TRAIN | loss: 1.9220651103102642, acc: 0.5221914008321775
2025-07-07 14:19:46,629 [INFO] [47] VALIDATION | acc: 0.40532544378698226
2025-07-07 14:19:48,469 [INFO] [48] TRAIN | loss: 1.907233028308205, acc: 0.5651872399445215
2025-07-07 14:19:48,469 [INFO] [48] VALIDATION | acc: 0.39644970414201186
2025-07-07 14:19:50,297 [INFO] [49] TRAIN | loss: 1.8990485979163128, acc: 0.542995839112344
2025-07-07 14:19:50,297 [INFO] [49] VALIDATION | acc: 0.4467455621301775
2025-07-07 14:19:52,109 [INFO] [50] TRAIN | loss: 1.844581813915916, acc: 0.5485436893203883
2025-07-07 14:19:52,110 [INFO] [50] VALIDATION | acc: 0.4260355029585799
2025-07-07 14:19:53,933 [INFO] [51] TRAIN | loss: 1.7876050705495088, acc: 0.5742024965325936
2025-07-07 14:19:53,933 [INFO] [51] VALIDATION | acc: 0.4556213017751479
2025-07-07 14:19:55,794 [INFO] [52] TRAIN | loss: 1.7024534513121066, acc: 0.5936199722607489
2025-07-07 14:19:55,794 [INFO] [52] VALIDATION | acc: 0.4940828402366864
2025-07-07 14:19:57,641 [INFO] [53] TRAIN | loss: 1.7196199427480283, acc: 0.5714285714285714
2025-07-07 14:19:57,641 [INFO] [53] VALIDATION | acc: 0.45857988165680474
2025-07-07 14:19:59,490 [INFO] [54] TRAIN | loss: 1.6265277396077695, acc: 0.6206657420249653
2025-07-07 14:19:59,490 [INFO] [54] VALIDATION | acc: 0.3875739644970414
2025-07-07 14:20:01,396 [INFO] [55] TRAIN | loss: 1.7727798171665357, acc: 0.587378640776699
2025-07-07 14:20:01,396 [INFO] [55] VALIDATION | acc: 0.46153846153846156
2025-07-07 14:20:03,218 [INFO] [56] TRAIN | loss: 1.676465735487316, acc: 0.579750346740638
2025-07-07 14:20:03,218 [INFO] [56] VALIDATION | acc: 0.48520710059171596
2025-07-07 14:20:05,050 [INFO] [57] TRAIN | loss: 1.569949639880139, acc: 0.6282940360610264
2025-07-07 14:20:05,050 [INFO] [57] VALIDATION | acc: 0.4526627218934911
2025-07-07 14:20:06,862 [INFO] [58] TRAIN | loss: 1.603651155596194, acc: 0.6109570041608876
2025-07-07 14:20:06,862 [INFO] [58] VALIDATION | acc: 0.46153846153846156
2025-07-07 14:20:08,673 [INFO] [59] TRAIN | loss: 1.5792431960935178, acc: 0.6012482662968099
2025-07-07 14:20:08,673 [INFO] [59] VALIDATION | acc: 0.4349112426035503
2025-07-07 14:20:10,476 [INFO] [60] TRAIN | loss: 1.5953785103300344, acc: 0.616504854368932
2025-07-07 14:20:10,476 [INFO] [60] VALIDATION | acc: 0.47337278106508873
2025-07-07 14:20:12,289 [INFO] [61] TRAIN | loss: 1.5952670315037603, acc: 0.6047156726768377
2025-07-07 14:20:12,289 [INFO] [61] VALIDATION | acc: 0.4289940828402367
2025-07-07 14:20:14,138 [INFO] [62] TRAIN | loss: 1.556810332381207, acc: 0.6102635228848821
2025-07-07 14:20:14,138 [INFO] [62] VALIDATION | acc: 0.47041420118343197
2025-07-07 14:20:16,056 [INFO] [63] TRAIN | loss: 1.4171191117037898, acc: 0.6622746185852982
2025-07-07 14:20:16,057 [INFO] [63] VALIDATION | acc: 0.47041420118343197
2025-07-07 14:20:17,859 [INFO] [64] TRAIN | loss: 1.4470628810965496, acc: 0.6477115117891817
2025-07-07 14:20:17,859 [INFO] [64] VALIDATION | acc: 0.46153846153846156
2025-07-07 14:20:19,697 [INFO] [65] TRAIN | loss: 1.4287066459655762, acc: 0.6539528432732317
2025-07-07 14:20:19,697 [INFO] [65] VALIDATION | acc: 0.4940828402366864
2025-07-07 14:20:21,518 [INFO] [66] TRAIN | loss: 1.4214986148087874, acc: 0.651872399445215
2025-07-07 14:20:21,518 [INFO] [66] VALIDATION | acc: 0.4940828402366864
2025-07-07 14:20:23,351 [INFO] [67] TRAIN | loss: 1.3405486967252649, acc: 0.6671289875173371
2025-07-07 14:20:23,351 [INFO] [67] VALIDATION | acc: 0.5029585798816568
2025-07-07 14:20:25,167 [INFO] [68] TRAIN | loss: 1.2723526488179746, acc: 0.6969486823855756
2025-07-07 14:20:25,167 [INFO] [68] VALIDATION | acc: 0.5414201183431953
2025-07-07 14:20:26,987 [INFO] [69] TRAIN | loss: 1.23591304473255, acc: 0.7011095700416089
2025-07-07 14:20:26,987 [INFO] [69] VALIDATION | acc: 0.5059171597633136
2025-07-07 14:20:28,766 [INFO] [70] TRAIN | loss: 1.2890146115551824, acc: 0.6837725381414702
2025-07-07 14:20:28,766 [INFO] [70] VALIDATION | acc: 0.5325443786982249
2025-07-07 14:20:30,613 [INFO] [71] TRAIN | loss: 1.2331567186376322, acc: 0.7004160887656034
2025-07-07 14:20:30,613 [INFO] [71] VALIDATION | acc: 0.5266272189349113
2025-07-07 14:20:32,469 [INFO] [72] TRAIN | loss: 1.234511217345362, acc: 0.6955617198335645
2025-07-07 14:20:32,469 [INFO] [72] VALIDATION | acc: 0.5325443786982249
2025-07-07 14:20:34,290 [INFO] [73] TRAIN | loss: 1.2247993596222089, acc: 0.7073509015256588
2025-07-07 14:20:34,290 [INFO] [73] VALIDATION | acc: 0.5295857988165681
2025-07-07 14:20:36,092 [INFO] [74] TRAIN | loss: 1.2222958414450935, acc: 0.7094313453536755
2025-07-07 14:20:36,092 [INFO] [74] VALIDATION | acc: 0.5
2025-07-07 14:20:37,889 [INFO] [75] TRAIN | loss: 1.1840867853682975, acc: 0.717753120665742
2025-07-07 14:20:37,889 [INFO] [75] VALIDATION | acc: 0.5236686390532544
2025-07-07 14:20:39,719 [INFO] [76] TRAIN | loss: 1.2055065437503483, acc: 0.723994452149792
2025-07-07 14:20:39,719 [INFO] [76] VALIDATION | acc: 0.5473372781065089
2025-07-07 14:20:41,525 [INFO] [77] TRAIN | loss: 1.163232631009558, acc: 0.7163661581137309
2025-07-07 14:20:41,525 [INFO] [77] VALIDATION | acc: 0.5502958579881657
2025-07-07 14:20:43,342 [INFO] [78] TRAIN | loss: 1.0492712026057036, acc: 0.7475728155339806
2025-07-07 14:20:43,342 [INFO] [78] VALIDATION | acc: 0.5621301775147929
2025-07-07 14:20:45,183 [INFO] [79] TRAIN | loss: 1.0608455538749695, acc: 0.7579750346740638
2025-07-07 14:20:45,183 [INFO] [79] VALIDATION | acc: 0.514792899408284
2025-07-07 14:20:47,050 [INFO] [80] TRAIN | loss: 1.0477830974952034, acc: 0.7461858529819695
2025-07-07 14:20:47,051 [INFO] [80] VALIDATION | acc: 0.5088757396449705
2025-07-07 14:20:48,844 [INFO] [81] TRAIN | loss: 1.078030325796293, acc: 0.7441054091539528
2025-07-07 14:20:48,844 [INFO] [81] VALIDATION | acc: 0.5621301775147929
2025-07-07 14:20:50,655 [INFO] [82] TRAIN | loss: 1.0831350658250891, acc: 0.7441054091539528
2025-07-07 14:20:50,655 [INFO] [82] VALIDATION | acc: 0.5502958579881657
2025-07-07 14:20:52,481 [INFO] [83] TRAIN | loss: 1.0259771113810332, acc: 0.7600554785020804
2025-07-07 14:20:52,481 [INFO] [83] VALIDATION | acc: 0.5828402366863905
2025-07-07 14:20:54,310 [INFO] [84] TRAIN | loss: 0.9682251538919366, acc: 0.782246879334258
2025-07-07 14:20:54,310 [INFO] [84] VALIDATION | acc: 0.591715976331361
2025-07-07 14:20:56,128 [INFO] [85] TRAIN | loss: 0.9176450877085977, acc: 0.7718446601941747
2025-07-07 14:20:56,128 [INFO] [85] VALIDATION | acc: 0.5710059171597633
2025-07-07 14:20:57,951 [INFO] [86] TRAIN | loss: 0.9089515986649886, acc: 0.782246879334258
2025-07-07 14:20:57,952 [INFO] [86] VALIDATION | acc: 0.5946745562130178
2025-07-07 14:20:59,790 [INFO] [87] TRAIN | loss: 0.8604535201321477, acc: 0.812760055478502
2025-07-07 14:20:59,790 [INFO] [87] VALIDATION | acc: 0.5532544378698225
2025-07-07 14:21:01,718 [INFO] [88] TRAIN | loss: 0.911514004935389, acc: 0.805131761442441
2025-07-07 14:21:01,718 [INFO] [88] VALIDATION | acc: 0.5295857988165681
2025-07-07 14:21:03,527 [INFO] [89] TRAIN | loss: 1.0047221624332925, acc: 0.7482662968099861
2025-07-07 14:21:03,527 [INFO] [89] VALIDATION | acc: 0.5798816568047337
2025-07-07 14:21:05,342 [INFO] [90] TRAIN | loss: 0.8853851932546367, acc: 0.8016643550624133
2025-07-07 14:21:05,342 [INFO] [90] VALIDATION | acc: 0.5650887573964497
2025-07-07 14:21:07,156 [INFO] [91] TRAIN | loss: 0.9306878564150437, acc: 0.7753120665742025
2025-07-07 14:21:07,156 [INFO] [91] VALIDATION | acc: 0.5443786982248521
2025-07-07 14:21:08,991 [INFO] [92] TRAIN | loss: 0.9085022988526718, acc: 0.7995839112343966
2025-07-07 14:21:08,991 [INFO] [92] VALIDATION | acc: 0.5532544378698225
2025-07-07 14:21:10,841 [INFO] [93] TRAIN | loss: 0.8379684514973474, acc: 0.8065187239944521
2025-07-07 14:21:10,842 [INFO] [93] VALIDATION | acc: 0.5976331360946746
2025-07-07 14:21:12,688 [INFO] [94] TRAIN | loss: 0.7634017234263213, acc: 0.8432732316227461
2025-07-07 14:21:12,688 [INFO] [94] VALIDATION | acc: 0.5946745562130178
2025-07-07 14:21:14,529 [INFO] [95] TRAIN | loss: 0.7464012088982955, acc: 0.8411927877947295
2025-07-07 14:21:14,529 [INFO] [95] VALIDATION | acc: 0.5828402366863905
2025-07-07 14:21:16,433 [INFO] [96] TRAIN | loss: 0.7735746567663939, acc: 0.8162274618585298
2025-07-07 14:21:16,433 [INFO] [96] VALIDATION | acc: 0.5976331360946746
2025-07-07 14:21:18,265 [INFO] [97] TRAIN | loss: 0.7200604482837345, acc: 0.8467406380027739
2025-07-07 14:21:18,266 [INFO] [97] VALIDATION | acc: 0.621301775147929
2025-07-07 14:21:20,081 [INFO] [98] TRAIN | loss: 0.7282180144735004, acc: 0.841886269070735
2025-07-07 14:21:20,081 [INFO] [98] VALIDATION | acc: 0.5828402366863905
2025-07-07 14:21:21,897 [INFO] [99] TRAIN | loss: 0.6923344828512358, acc: 0.8411927877947295
2025-07-07 14:21:21,897 [INFO] [99] VALIDATION | acc: 0.6094674556213018
2025-07-07 14:21:23,729 [INFO] [100] TRAIN | loss: 0.6648807007333507, acc: 0.8613037447988904
2025-07-07 14:21:23,729 [INFO] [100] VALIDATION | acc: 0.6183431952662722
2025-07-07 14:21:23,730 [INFO] Testing checkpointed models starting...

2025-07-07 14:21:25,111 [INFO] checkpoint_t0  ->  0.011627906976744186
2025-07-07 14:21:26,497 [INFO] checkpoint_v0  ->  0.011627906976744186
2025-07-07 14:21:27,963 [INFO] checkpoint_t1  ->  0.08527131782945736
2025-07-07 14:21:32,316 [INFO] checkpoint_v1  ->  0.08527131782945736
2025-07-07 14:21:38,376 [INFO] checkpoint_t2  ->  0.17054263565891473
2025-07-07 14:21:44,767 [INFO] checkpoint_v2  ->  0.20930232558139536
2025-07-07 14:21:50,700 [INFO] checkpoint_t3  ->  0.28294573643410853
2025-07-07 14:21:57,066 [INFO] checkpoint_v3  ->  0.31007751937984496
2025-07-07 14:22:03,275 [INFO] checkpoint_t4  ->  0.3798449612403101
2025-07-07 14:22:09,633 [INFO] checkpoint_v4  ->  0.3798449612403101
2025-07-07 14:22:15,714 [INFO] checkpoint_t5  ->  0.45348837209302323
2025-07-07 14:22:22,111 [INFO] checkpoint_v5  ->  0.45348837209302323
2025-07-07 14:22:27,992 [INFO] checkpoint_t6  ->  0.49224806201550386
2025-07-07 14:22:34,051 [INFO] checkpoint_v6  ->  0.5077519379844961
2025-07-07 14:22:39,970 [INFO] checkpoint_t7  ->  0.5077519379844961
2025-07-07 14:22:46,039 [INFO] checkpoint_v7  ->  0.5426356589147286
2025-07-07 14:22:51,906 [INFO] checkpoint_t8  ->  0.5348837209302325
2025-07-07 14:22:57,720 [INFO] checkpoint_v8  ->  0.5968992248062015
2025-07-07 14:23:03,130 [INFO] checkpoint_t9  ->  0.6046511627906976
2025-07-07 14:23:09,218 [INFO] checkpoint_v9  ->  0.5813953488372093
2025-07-07 14:23:14,676 [INFO] checkpoint_t10  ->  0.6317829457364341
2025-07-07 14:23:20,363 [INFO] checkpoint_v10  ->  0.6356589147286822
2025-07-07 14:23:20,363 [INFO] 
=======================================
2025-07-07 14:23:20,363 [INFO] The best testing checkpoint: encoder_hand_landmarks_fs0/checkpoint_v_10:
2025-07-07 14:23:20,363 [INFO]    Testing accuracy: 0.636
2025-07-07 14:23:20,363 [INFO]    Macro F1 score: 0.614
2025-07-07 14:23:20,363 [INFO]    Weighted F1 score: 0.609
2025-07-07 14:23:20,363 [INFO]    Total trainable parameters: 2,418,484
2025-07-07 14:23:20,363 [INFO]    Elapsed time: 299.60 sec
2025-07-07 14:23:20,363 [INFO] ----------------Config information----------------------- 
2025-07-07 14:23:20,363 [INFO]  - Experiment Args: {'dataset': 'WLASL100', 'features': 'HAND_LANDMARKS', 'include_blendshapes': 0, 'fs': 0, 'feature_truncation': 0, 'num_classes': 100, 'model': 'encoder', 'mediapipe_holistic': True, 'dim': 88, 'heads': 8, 'n_layers': 6, 'PE': 0, 'pad': 'True', 'clip_weights': 0, 'clip_gradients': 0, 'opt': 'SGD', 'sgd_momentum': 0.9, 'scheduler': 'cosine', 'bs': 32, 'epochs': 100, 'lr': '1e-03', 'logfreq': 1, 'checkpoints': True}
2025-07-07 14:23:20,457 [INFO] 
Any desired statistics have been plotted.
The experiment is finished.
