2025-07-07 15:12:05,406 [INFO] [INFO] Starting experiment encoder_pose_angles_fs1...


2025-07-07 15:12:08,533 [INFO] [1] TRAIN | loss: 4.759604132693747, acc: 0.005547850208044383
2025-07-07 15:12:08,533 [INFO] [1] VALIDATION | acc: 0.0029585798816568047
2025-07-07 15:12:11,418 [INFO] [2] TRAIN | loss: 4.715587626332822, acc: 0.009708737864077669
2025-07-07 15:12:11,418 [INFO] [2] VALIDATION | acc: 0.005917159763313609
2025-07-07 15:12:14,283 [INFO] [3] TRAIN | loss: 4.630851310232411, acc: 0.0159500693481276
2025-07-07 15:12:14,283 [INFO] [3] VALIDATION | acc: 0.023668639053254437
2025-07-07 15:12:17,133 [INFO] [4] TRAIN | loss: 4.561595014903856, acc: 0.024965325936199722
2025-07-07 15:12:17,133 [INFO] [4] VALIDATION | acc: 0.020710059171597635
2025-07-07 15:12:19,998 [INFO] [5] TRAIN | loss: 4.489616238552591, acc: 0.031206657420249653
2025-07-07 15:12:19,998 [INFO] [5] VALIDATION | acc: 0.03254437869822485
2025-07-07 15:12:22,871 [INFO] [6] TRAIN | loss: 4.361039508943972, acc: 0.04230235783633842
2025-07-07 15:12:22,871 [INFO] [6] VALIDATION | acc: 0.03550295857988166
2025-07-07 15:12:25,732 [INFO] [7] TRAIN | loss: 4.216687383859054, acc: 0.056865464632454926
2025-07-07 15:12:25,732 [INFO] [7] VALIDATION | acc: 0.05029585798816568
2025-07-07 15:12:28,574 [INFO] [8] TRAIN | loss: 4.0832498125408, acc: 0.06102635228848821
2025-07-07 15:12:28,574 [INFO] [8] VALIDATION | acc: 0.05917159763313609
2025-07-07 15:12:31,400 [INFO] [9] TRAIN | loss: 3.9771319679591968, acc: 0.06934812760055478
2025-07-07 15:12:31,400 [INFO] [9] VALIDATION | acc: 0.05029585798816568
2025-07-07 15:12:34,234 [INFO] [10] TRAIN | loss: 3.887536406517029, acc: 0.08945908460471567
2025-07-07 15:12:34,234 [INFO] [10] VALIDATION | acc: 0.0650887573964497
2025-07-07 15:12:37,090 [INFO] [11] TRAIN | loss: 3.760932823886042, acc: 0.11719833564493759
2025-07-07 15:12:37,090 [INFO] [11] VALIDATION | acc: 0.08875739644970414
2025-07-07 15:12:39,926 [INFO] [12] TRAIN | loss: 3.679760720418847, acc: 0.12968099861303745
2025-07-07 15:12:39,926 [INFO] [12] VALIDATION | acc: 0.08875739644970414
2025-07-07 15:12:42,771 [INFO] [13] TRAIN | loss: 3.557205454162929, acc: 0.14840499306518723
2025-07-07 15:12:42,772 [INFO] [13] VALIDATION | acc: 0.10946745562130178
2025-07-07 15:12:45,603 [INFO] [14] TRAIN | loss: 3.447664437086686, acc: 0.1678224687933426
2025-07-07 15:12:45,603 [INFO] [14] VALIDATION | acc: 0.10946745562130178
2025-07-07 15:12:48,453 [INFO] [15] TRAIN | loss: 3.384353228237318, acc: 0.1900138696255201
2025-07-07 15:12:48,454 [INFO] [15] VALIDATION | acc: 0.11834319526627218
2025-07-07 15:12:51,299 [INFO] [16] TRAIN | loss: 3.280922215917836, acc: 0.1955617198335645
2025-07-07 15:12:51,299 [INFO] [16] VALIDATION | acc: 0.1301775147928994
2025-07-07 15:12:54,148 [INFO] [17] TRAIN | loss: 3.183117897614189, acc: 0.22954230235783635
2025-07-07 15:12:54,149 [INFO] [17] VALIDATION | acc: 0.14201183431952663
2025-07-07 15:12:56,969 [INFO] [18] TRAIN | loss: 3.1037032137746396, acc: 0.2274618585298197
2025-07-07 15:12:56,969 [INFO] [18] VALIDATION | acc: 0.13609467455621302
2025-07-07 15:12:59,782 [INFO] [19] TRAIN | loss: 3.064907784047334, acc: 0.22468793342579751
2025-07-07 15:12:59,782 [INFO] [19] VALIDATION | acc: 0.11834319526627218
2025-07-07 15:13:02,646 [INFO] [20] TRAIN | loss: 2.9856040788733442, acc: 0.24687933425797504
2025-07-07 15:13:02,646 [INFO] [20] VALIDATION | acc: 0.15384615384615385
2025-07-07 15:13:05,523 [INFO] [21] TRAIN | loss: 2.9213664013406504, acc: 0.2725381414701803
2025-07-07 15:13:05,523 [INFO] [21] VALIDATION | acc: 0.15976331360946747
2025-07-07 15:13:08,377 [INFO] [22] TRAIN | loss: 2.8782977384069692, acc: 0.289875173370319
2025-07-07 15:13:08,378 [INFO] [22] VALIDATION | acc: 0.14497041420118342
2025-07-07 15:13:11,246 [INFO] [23] TRAIN | loss: 2.8589418193568354, acc: 0.2815533980582524
2025-07-07 15:13:11,246 [INFO] [23] VALIDATION | acc: 0.15976331360946747
2025-07-07 15:13:14,085 [INFO] [24] TRAIN | loss: 2.7264628151188726, acc: 0.31484049930651875
2025-07-07 15:13:14,085 [INFO] [24] VALIDATION | acc: 0.1390532544378698
2025-07-07 15:13:16,940 [INFO] [25] TRAIN | loss: 2.7149158819862036, acc: 0.32662968099861306
2025-07-07 15:13:16,940 [INFO] [25] VALIDATION | acc: 0.17159763313609466
2025-07-07 15:13:19,763 [INFO] [26] TRAIN | loss: 2.688400019770083, acc: 0.33217753120665744
2025-07-07 15:13:19,763 [INFO] [26] VALIDATION | acc: 0.16272189349112426
2025-07-07 15:13:22,582 [INFO] [27] TRAIN | loss: 2.58155910346819, acc: 0.3502080443828017
2025-07-07 15:13:22,582 [INFO] [27] VALIDATION | acc: 0.17159763313609466
2025-07-07 15:13:25,425 [INFO] [28] TRAIN | loss: 2.497051907622296, acc: 0.3710124826629681
2025-07-07 15:13:25,425 [INFO] [28] VALIDATION | acc: 0.15088757396449703
2025-07-07 15:13:28,283 [INFO] [29] TRAIN | loss: 2.515824203905852, acc: 0.36130374479889044
2025-07-07 15:13:28,283 [INFO] [29] VALIDATION | acc: 0.1863905325443787
2025-07-07 15:13:31,140 [INFO] [30] TRAIN | loss: 2.423853371454322, acc: 0.37933425797503467
2025-07-07 15:13:31,140 [INFO] [30] VALIDATION | acc: 0.17455621301775148
2025-07-07 15:13:33,973 [INFO] [31] TRAIN | loss: 2.4514845609664917, acc: 0.37447988904299584
2025-07-07 15:13:33,973 [INFO] [31] VALIDATION | acc: 0.16272189349112426
2025-07-07 15:13:36,850 [INFO] [32] TRAIN | loss: 2.340794112371362, acc: 0.4105409153952843
2025-07-07 15:13:36,850 [INFO] [32] VALIDATION | acc: 0.15680473372781065
2025-07-07 15:13:39,732 [INFO] [33] TRAIN | loss: 2.3277309096377827, acc: 0.4119278779472954
2025-07-07 15:13:39,732 [INFO] [33] VALIDATION | acc: 0.1893491124260355
2025-07-07 15:13:42,596 [INFO] [34] TRAIN | loss: 2.2719459015390147, acc: 0.43966712898751736
2025-07-07 15:13:42,596 [INFO] [34] VALIDATION | acc: 0.16272189349112426
2025-07-07 15:13:45,422 [INFO] [35] TRAIN | loss: 2.277683115523794, acc: 0.42441054091539526
2025-07-07 15:13:45,422 [INFO] [35] VALIDATION | acc: 0.17455621301775148
2025-07-07 15:13:48,260 [INFO] [36] TRAIN | loss: 2.149757937244747, acc: 0.44244105409153955
2025-07-07 15:13:48,260 [INFO] [36] VALIDATION | acc: 0.16863905325443787
2025-07-07 15:13:51,115 [INFO] [37] TRAIN | loss: 2.1036603969076406, acc: 0.478502080443828
2025-07-07 15:13:51,115 [INFO] [37] VALIDATION | acc: 0.1804733727810651
2025-07-07 15:13:53,972 [INFO] [38] TRAIN | loss: 2.0518242742704307, acc: 0.48058252427184467
2025-07-07 15:13:53,972 [INFO] [38] VALIDATION | acc: 0.1863905325443787
2025-07-07 15:13:56,810 [INFO] [39] TRAIN | loss: 2.003334239773128, acc: 0.4930651872399445
2025-07-07 15:13:56,810 [INFO] [39] VALIDATION | acc: 0.16863905325443787
2025-07-07 15:13:59,632 [INFO] [40] TRAIN | loss: 1.9729343445404717, acc: 0.5187239944521498
2025-07-07 15:13:59,632 [INFO] [40] VALIDATION | acc: 0.17751479289940827
2025-07-07 15:14:02,448 [INFO] [41] TRAIN | loss: 1.9156076234319936, acc: 0.521497919556172
2025-07-07 15:14:02,448 [INFO] [41] VALIDATION | acc: 0.17159763313609466
2025-07-07 15:14:05,302 [INFO] [42] TRAIN | loss: 1.8568111424860747, acc: 0.5402219140083218
2025-07-07 15:14:05,302 [INFO] [42] VALIDATION | acc: 0.21301775147928995
2025-07-07 15:14:08,140 [INFO] [43] TRAIN | loss: 1.8010185645974202, acc: 0.5631067961165048
2025-07-07 15:14:08,140 [INFO] [43] VALIDATION | acc: 0.1834319526627219
2025-07-07 15:14:10,961 [INFO] [44] TRAIN | loss: 1.8191221771032915, acc: 0.5485436893203883
2025-07-07 15:14:10,961 [INFO] [44] VALIDATION | acc: 0.1863905325443787
2025-07-07 15:14:13,787 [INFO] [45] TRAIN | loss: 1.7602696729742962, acc: 0.5513176144244105
2025-07-07 15:14:13,787 [INFO] [45] VALIDATION | acc: 0.22189349112426035
2025-07-07 15:14:16,642 [INFO] [46] TRAIN | loss: 1.724653731221738, acc: 0.5707350901525658
2025-07-07 15:14:16,642 [INFO] [46] VALIDATION | acc: 0.1952662721893491
2025-07-07 15:14:19,514 [INFO] [47] TRAIN | loss: 1.680477676184281, acc: 0.5644937586685159
2025-07-07 15:14:19,514 [INFO] [47] VALIDATION | acc: 0.1863905325443787
2025-07-07 15:14:22,454 [INFO] [48] TRAIN | loss: 1.6026225867478743, acc: 0.602635228848821
2025-07-07 15:14:22,454 [INFO] [48] VALIDATION | acc: 0.22781065088757396
2025-07-07 15:14:25,376 [INFO] [49] TRAIN | loss: 1.573397784129433, acc: 0.6047156726768377
2025-07-07 15:14:25,376 [INFO] [49] VALIDATION | acc: 0.21893491124260356
2025-07-07 15:14:28,212 [INFO] [50] TRAIN | loss: 1.6321189688599629, acc: 0.587378640776699
2025-07-07 15:14:28,212 [INFO] [50] VALIDATION | acc: 0.1804733727810651
2025-07-07 15:14:31,024 [INFO] [51] TRAIN | loss: 1.5350777053314706, acc: 0.6074895977808599
2025-07-07 15:14:31,024 [INFO] [51] VALIDATION | acc: 0.20118343195266272
2025-07-07 15:14:33,880 [INFO] [52] TRAIN | loss: 1.4281885416611382, acc: 0.6636615811373093
2025-07-07 15:14:33,880 [INFO] [52] VALIDATION | acc: 0.24260355029585798
2025-07-07 15:14:36,747 [INFO] [53] TRAIN | loss: 1.4047166899494503, acc: 0.6643550624133149
2025-07-07 15:14:36,747 [INFO] [53] VALIDATION | acc: 0.21893491124260356
2025-07-07 15:14:39,587 [INFO] [54] TRAIN | loss: 1.3889308701390806, acc: 0.6560332871012483
2025-07-07 15:14:39,587 [INFO] [54] VALIDATION | acc: 0.22485207100591717
2025-07-07 15:14:42,415 [INFO] [55] TRAIN | loss: 1.3079032781331434, acc: 0.6907073509015257
2025-07-07 15:14:42,415 [INFO] [55] VALIDATION | acc: 0.22485207100591717
2025-07-07 15:14:45,202 [INFO] [56] TRAIN | loss: 1.2943495097367659, acc: 0.688626907073509
2025-07-07 15:14:45,202 [INFO] [56] VALIDATION | acc: 0.20414201183431951
2025-07-07 15:14:48,031 [INFO] [57] TRAIN | loss: 1.268430328887442, acc: 0.7115117891816921
2025-07-07 15:14:48,031 [INFO] [57] VALIDATION | acc: 0.21301775147928995
2025-07-07 15:14:50,850 [INFO] [58] TRAIN | loss: 1.3255656905796216, acc: 0.6740638002773925
2025-07-07 15:14:50,850 [INFO] [58] VALIDATION | acc: 0.22189349112426035
2025-07-07 15:14:53,664 [INFO] [59] TRAIN | loss: 1.3365066997382953, acc: 0.6789181692094314
2025-07-07 15:14:53,664 [INFO] [59] VALIDATION | acc: 0.22485207100591717
2025-07-07 15:14:56,486 [INFO] [60] TRAIN | loss: 1.1872257376494615, acc: 0.7233009708737864
2025-07-07 15:14:56,486 [INFO] [60] VALIDATION | acc: 0.22781065088757396
2025-07-07 15:14:59,294 [INFO] [61] TRAIN | loss: 1.0959402128406193, acc: 0.7614424410540915
2025-07-07 15:14:59,294 [INFO] [61] VALIDATION | acc: 0.21005917159763313
2025-07-07 15:15:02,145 [INFO] [62] TRAIN | loss: 1.1434782380643098, acc: 0.7357836338418863
2025-07-07 15:15:02,146 [INFO] [62] VALIDATION | acc: 0.22485207100591717
2025-07-07 15:15:05,014 [INFO] [63] TRAIN | loss: 1.1157023971495421, acc: 0.7406380027739251
2025-07-07 15:15:05,014 [INFO] [63] VALIDATION | acc: 0.23964497041420119
2025-07-07 15:15:07,854 [INFO] [64] TRAIN | loss: 1.0528210259002189, acc: 0.760748959778086
2025-07-07 15:15:07,855 [INFO] [64] VALIDATION | acc: 0.23668639053254437
2025-07-07 15:15:10,677 [INFO] [65] TRAIN | loss: 1.030928216955584, acc: 0.7600554785020804
2025-07-07 15:15:10,678 [INFO] [65] VALIDATION | acc: 0.2455621301775148
2025-07-07 15:15:13,498 [INFO] [66] TRAIN | loss: 0.9026495594045391, acc: 0.8134535367545076
2025-07-07 15:15:13,498 [INFO] [66] VALIDATION | acc: 0.23964497041420119
2025-07-07 15:15:16,336 [INFO] [67] TRAIN | loss: 0.8942401370276576, acc: 0.8196948682385575
2025-07-07 15:15:16,336 [INFO] [67] VALIDATION | acc: 0.21893491124260356
2025-07-07 15:15:19,189 [INFO] [68] TRAIN | loss: 0.8474036092343538, acc: 0.8287101248266296
2025-07-07 15:15:19,189 [INFO] [68] VALIDATION | acc: 0.2485207100591716
2025-07-07 15:15:22,041 [INFO] [69] TRAIN | loss: 0.84484568497409, acc: 0.8328710124826629
2025-07-07 15:15:22,041 [INFO] [69] VALIDATION | acc: 0.21893491124260356
2025-07-07 15:15:24,913 [INFO] [70] TRAIN | loss: 0.8315294514531675, acc: 0.8384188626907073
2025-07-07 15:15:24,913 [INFO] [70] VALIDATION | acc: 0.25443786982248523
2025-07-07 15:15:27,745 [INFO] [71] TRAIN | loss: 0.8045487105846405, acc: 0.8370319001386962
2025-07-07 15:15:27,745 [INFO] [71] VALIDATION | acc: 0.23964497041420119
2025-07-07 15:15:30,621 [INFO] [72] TRAIN | loss: 0.7651704925557842, acc: 0.8626907073509015
2025-07-07 15:15:30,621 [INFO] [72] VALIDATION | acc: 0.24260355029585798
2025-07-07 15:15:33,507 [INFO] [73] TRAIN | loss: 0.751945691264194, acc: 0.8647711511789181
2025-07-07 15:15:33,507 [INFO] [73] VALIDATION | acc: 0.257396449704142
2025-07-07 15:15:36,329 [INFO] [74] TRAIN | loss: 0.8941186063963434, acc: 0.8120665742024965
2025-07-07 15:15:36,329 [INFO] [74] VALIDATION | acc: 0.23372781065088757
2025-07-07 15:15:39,168 [INFO] [75] TRAIN | loss: 0.6983046052248582, acc: 0.875866851595007
2025-07-07 15:15:39,168 [INFO] [75] VALIDATION | acc: 0.23964497041420119
2025-07-07 15:15:41,979 [INFO] [76] TRAIN | loss: 0.685379978755246, acc: 0.8682385575589459
2025-07-07 15:15:41,979 [INFO] [76] VALIDATION | acc: 0.2455621301775148
2025-07-07 15:15:44,822 [INFO] [77] TRAIN | loss: 0.6251007182442624, acc: 0.8966712898751734
2025-07-07 15:15:44,822 [INFO] [77] VALIDATION | acc: 0.24260355029585798
2025-07-07 15:15:47,649 [INFO] [78] TRAIN | loss: 0.6294520218735156, acc: 0.8945908460471568
2025-07-07 15:15:47,650 [INFO] [78] VALIDATION | acc: 0.23668639053254437
2025-07-07 15:15:50,485 [INFO] [79] TRAIN | loss: 0.6461418407118839, acc: 0.8938973647711512
2025-07-07 15:15:50,485 [INFO] [79] VALIDATION | acc: 0.23668639053254437
2025-07-07 15:15:53,316 [INFO] [80] TRAIN | loss: 0.5944590264040491, acc: 0.9022191400832178
2025-07-07 15:15:53,316 [INFO] [80] VALIDATION | acc: 0.25443786982248523
2025-07-07 15:15:56,138 [INFO] [81] TRAIN | loss: 0.552591257121252, acc: 0.9098474341192788
2025-07-07 15:15:56,138 [INFO] [81] VALIDATION | acc: 0.23964497041420119
2025-07-07 15:15:59,002 [INFO] [82] TRAIN | loss: 0.5153146489806797, acc: 0.926490984743412
2025-07-07 15:15:59,002 [INFO] [82] VALIDATION | acc: 0.2485207100591716
2025-07-07 15:16:01,829 [INFO] [83] TRAIN | loss: 0.5344804875228716, acc: 0.9188626907073509
2025-07-07 15:16:01,829 [INFO] [83] VALIDATION | acc: 0.23964497041420119
2025-07-07 15:16:04,663 [INFO] [84] TRAIN | loss: 0.46276544876720593, acc: 0.9382801664355063
2025-07-07 15:16:04,663 [INFO] [84] VALIDATION | acc: 0.2455621301775148
2025-07-07 15:16:07,519 [INFO] [85] TRAIN | loss: 0.4580198707787887, acc: 0.9389736477115118
2025-07-07 15:16:07,519 [INFO] [85] VALIDATION | acc: 0.2514792899408284
2025-07-07 15:16:10,343 [INFO] [86] TRAIN | loss: 0.44110327116821124, acc: 0.9472954230235784
2025-07-07 15:16:10,343 [INFO] [86] VALIDATION | acc: 0.24260355029585798
2025-07-07 15:16:13,167 [INFO] [87] TRAIN | loss: 0.41157515800517536, acc: 0.9507628294036061
2025-07-07 15:16:13,168 [INFO] [87] VALIDATION | acc: 0.24260355029585798
2025-07-07 15:16:16,008 [INFO] [88] TRAIN | loss: 0.4223014019105745, acc: 0.9466019417475728
2025-07-07 15:16:16,008 [INFO] [88] VALIDATION | acc: 0.2485207100591716
2025-07-07 15:16:18,832 [INFO] [89] TRAIN | loss: 0.4370743910903516, acc: 0.9479889042995839
2025-07-07 15:16:18,832 [INFO] [89] VALIDATION | acc: 0.2485207100591716
2025-07-07 15:16:21,668 [INFO] [90] TRAIN | loss: 0.38321369659641513, acc: 0.9535367545076283
2025-07-07 15:16:21,668 [INFO] [90] VALIDATION | acc: 0.23076923076923078
2025-07-07 15:16:24,498 [INFO] [91] TRAIN | loss: 0.3466340157648791, acc: 0.9687933425797504
2025-07-07 15:16:24,498 [INFO] [91] VALIDATION | acc: 0.2485207100591716
2025-07-07 15:16:27,344 [INFO] [92] TRAIN | loss: 0.3541464591803758, acc: 0.963245492371706
2025-07-07 15:16:27,344 [INFO] [92] VALIDATION | acc: 0.2692307692307692
2025-07-07 15:16:30,188 [INFO] [93] TRAIN | loss: 0.31904555014942004, acc: 0.9736477115117892
2025-07-07 15:16:30,188 [INFO] [93] VALIDATION | acc: 0.25443786982248523
2025-07-07 15:16:33,004 [INFO] [94] TRAIN | loss: 0.3520446409997733, acc: 0.963245492371706
2025-07-07 15:16:33,004 [INFO] [94] VALIDATION | acc: 0.2514792899408284
2025-07-07 15:16:35,810 [INFO] [95] TRAIN | loss: 0.38486420201218646, acc: 0.9528432732316228
2025-07-07 15:16:35,810 [INFO] [95] VALIDATION | acc: 0.25443786982248523
2025-07-07 15:16:38,649 [INFO] [96] TRAIN | loss: 0.2993665366717007, acc: 0.9764216366158114
2025-07-07 15:16:38,649 [INFO] [96] VALIDATION | acc: 0.2485207100591716
2025-07-07 15:16:41,486 [INFO] [97] TRAIN | loss: 0.28223375716935034, acc: 0.9771151178918169
2025-07-07 15:16:41,486 [INFO] [97] VALIDATION | acc: 0.2455621301775148
2025-07-07 15:16:44,343 [INFO] [98] TRAIN | loss: 0.2748647558948268, acc: 0.9791955617198336
2025-07-07 15:16:44,343 [INFO] [98] VALIDATION | acc: 0.2455621301775148
2025-07-07 15:16:47,233 [INFO] [99] TRAIN | loss: 0.28537054230337555, acc: 0.9819694868238558
2025-07-07 15:16:47,234 [INFO] [99] VALIDATION | acc: 0.27514792899408286
2025-07-07 15:16:50,059 [INFO] [100] TRAIN | loss: 0.3380081770212754, acc: 0.9535367545076283
2025-07-07 15:16:50,059 [INFO] [100] VALIDATION | acc: 0.23372781065088757
2025-07-07 15:16:50,059 [INFO] Testing checkpointed models starting...

2025-07-07 15:16:51,533 [INFO] checkpoint_t0  ->  0.007751937984496124
2025-07-07 15:16:53,002 [INFO] checkpoint_v0  ->  0.007751937984496124
2025-07-07 15:16:54,476 [INFO] checkpoint_t1  ->  0.09302325581395349
2025-07-07 15:16:59,099 [INFO] checkpoint_v1  ->  0.09302325581395349
2025-07-07 15:17:04,821 [INFO] checkpoint_t2  ->  0.15891472868217055
2025-07-07 15:17:10,989 [INFO] checkpoint_v2  ->  0.15891472868217055
2025-07-07 15:17:16,926 [INFO] checkpoint_t3  ->  0.1937984496124031
2025-07-07 15:17:23,033 [INFO] checkpoint_v3  ->  0.21705426356589147
2025-07-07 15:17:28,712 [INFO] checkpoint_t4  ->  0.1937984496124031
2025-07-07 15:17:34,086 [INFO] checkpoint_v4  ->  0.1937984496124031
2025-07-07 15:17:39,664 [INFO] checkpoint_t5  ->  0.25193798449612403
2025-07-07 15:17:45,297 [INFO] checkpoint_v5  ->  0.2364341085271318
2025-07-07 15:17:51,130 [INFO] checkpoint_t6  ->  0.26744186046511625
2025-07-07 15:17:56,499 [INFO] checkpoint_v6  ->  0.21705426356589147
2025-07-07 15:18:02,350 [INFO] checkpoint_t7  ->  0.24806201550387597
2025-07-07 15:18:07,698 [INFO] checkpoint_v7  ->  0.24806201550387597
2025-07-07 15:18:13,234 [INFO] checkpoint_t8  ->  0.24806201550387597
2025-07-07 15:18:18,641 [INFO] checkpoint_v8  ->  0.2364341085271318
2025-07-07 15:18:24,534 [INFO] checkpoint_t9  ->  0.2596899224806202
2025-07-07 15:18:29,982 [INFO] checkpoint_v9  ->  0.26356589147286824
2025-07-07 15:18:35,540 [INFO] checkpoint_t10  ->  0.2713178294573643
2025-07-07 15:18:41,190 [INFO] checkpoint_v10  ->  0.2713178294573643
2025-07-07 15:18:41,190 [INFO] 
=======================================
2025-07-07 15:18:41,190 [INFO] The best testing checkpoint: encoder_pose_angles_fs1/checkpoint_t_10:
2025-07-07 15:18:41,190 [INFO]    Testing accuracy: 0.271
2025-07-07 15:18:41,190 [INFO]    Macro F1 score: 0.255
2025-07-07 15:18:41,190 [INFO]    Weighted F1 score: 0.262
2025-07-07 15:18:41,190 [INFO]    Total trainable parameters: 7,157,524
2025-07-07 15:18:41,190 [INFO]    Elapsed time: 395.78 sec
2025-07-07 15:18:41,190 [INFO] ----------------Config information----------------------- 
2025-07-07 15:18:41,190 [INFO]  - Experiment Args: {'dataset': 'WLASL100', 'features': 'POSE_ANGLES', 'include_blendshapes': 0, 'fs': 1, 'feature_truncation': 0, 'num_classes': 100, 'model': 'encoder', 'mediapipe_holistic': True, 'dim': 232, 'heads': 8, 'n_layers': 6, 'PE': 0, 'pad': 'True', 'clip_weights': 0, 'clip_gradients': 0, 'opt': 'SGD', 'sgd_momentum': 0.9, 'scheduler': 'cosine', 'bs': 32, 'epochs': 100, 'lr': '1e-03', 'logfreq': 1, 'checkpoints': True}
2025-07-07 15:18:41,267 [INFO] 
Any desired statistics have been plotted.
The experiment is finished.
