2025-07-07 15:04:37,177 [INFO] [INFO] Starting experiment encoder_pose_angles_fs0...


2025-07-07 15:04:40,774 [INFO] [1] TRAIN | loss: 4.799642884212991, acc: 0.006934812760055479
2025-07-07 15:04:40,774 [INFO] [1] VALIDATION | acc: 0.008875739644970414
2025-07-07 15:04:44,102 [INFO] [2] TRAIN | loss: 4.720162339832472, acc: 0.011789181692094313
2025-07-07 15:04:44,102 [INFO] [2] VALIDATION | acc: 0.011834319526627219
2025-07-07 15:04:47,425 [INFO] [3] TRAIN | loss: 4.637413159660671, acc: 0.020804438280166437
2025-07-07 15:04:47,425 [INFO] [3] VALIDATION | acc: 0.020710059171597635
2025-07-07 15:04:50,745 [INFO] [4] TRAIN | loss: 4.569963838743127, acc: 0.028432732316227463
2025-07-07 15:04:50,745 [INFO] [4] VALIDATION | acc: 0.029585798816568046
2025-07-07 15:04:54,057 [INFO] [5] TRAIN | loss: 4.50690195871436, acc: 0.03259361997226075
2025-07-07 15:04:54,057 [INFO] [5] VALIDATION | acc: 0.038461538461538464
2025-07-07 15:04:57,388 [INFO] [6] TRAIN | loss: 4.375381936197695, acc: 0.03952843273231623
2025-07-07 15:04:57,388 [INFO] [6] VALIDATION | acc: 0.047337278106508875
2025-07-07 15:05:00,781 [INFO] [7] TRAIN | loss: 4.2195340394973755, acc: 0.05409153952843273
2025-07-07 15:05:00,781 [INFO] [7] VALIDATION | acc: 0.05029585798816568
2025-07-07 15:05:04,067 [INFO] [8] TRAIN | loss: 4.0839017940604165, acc: 0.06102635228848821
2025-07-07 15:05:04,067 [INFO] [8] VALIDATION | acc: 0.05029585798816568
2025-07-07 15:05:07,357 [INFO] [9] TRAIN | loss: 3.9609100403993027, acc: 0.07836338418862691
2025-07-07 15:05:07,357 [INFO] [9] VALIDATION | acc: 0.0621301775147929
2025-07-07 15:05:10,672 [INFO] [10] TRAIN | loss: 3.8664487496666284, acc: 0.09223300970873786
2025-07-07 15:05:10,672 [INFO] [10] VALIDATION | acc: 0.0650887573964497
2025-07-07 15:05:14,010 [INFO] [11] TRAIN | loss: 3.7540607607882954, acc: 0.11095700416088766
2025-07-07 15:05:14,010 [INFO] [11] VALIDATION | acc: 0.07692307692307693
2025-07-07 15:05:17,325 [INFO] [12] TRAIN | loss: 3.6425655147303706, acc: 0.11997226074895978
2025-07-07 15:05:17,325 [INFO] [12] VALIDATION | acc: 0.08579881656804733
2025-07-07 15:05:20,637 [INFO] [13] TRAIN | loss: 3.5409182983896006, acc: 0.14701803051317613
2025-07-07 15:05:20,637 [INFO] [13] VALIDATION | acc: 0.09763313609467456
2025-07-07 15:05:23,949 [INFO] [14] TRAIN | loss: 3.4478965220244033, acc: 0.1650485436893204
2025-07-07 15:05:23,949 [INFO] [14] VALIDATION | acc: 0.10059171597633136
2025-07-07 15:05:27,269 [INFO] [15] TRAIN | loss: 3.370725932328597, acc: 0.18723994452149792
2025-07-07 15:05:27,269 [INFO] [15] VALIDATION | acc: 0.11538461538461539
2025-07-07 15:05:30,550 [INFO] [16] TRAIN | loss: 3.2552884298822153, acc: 0.19902912621359223
2025-07-07 15:05:30,550 [INFO] [16] VALIDATION | acc: 0.10946745562130178
2025-07-07 15:05:33,853 [INFO] [17] TRAIN | loss: 3.225755219874175, acc: 0.20110957004160887
2025-07-07 15:05:33,853 [INFO] [17] VALIDATION | acc: 0.12130177514792899
2025-07-07 15:05:37,170 [INFO] [18] TRAIN | loss: 3.105489839678225, acc: 0.2260748959778086
2025-07-07 15:05:37,170 [INFO] [18] VALIDATION | acc: 0.15680473372781065
2025-07-07 15:05:40,471 [INFO] [19] TRAIN | loss: 3.005314350128174, acc: 0.25312066574202496
2025-07-07 15:05:40,472 [INFO] [19] VALIDATION | acc: 0.14201183431952663
2025-07-07 15:05:43,748 [INFO] [20] TRAIN | loss: 2.976395176804584, acc: 0.268377253814147
2025-07-07 15:05:43,748 [INFO] [20] VALIDATION | acc: 0.15088757396449703
2025-07-07 15:05:47,018 [INFO] [21] TRAIN | loss: 2.918306625407675, acc: 0.26144244105409153
2025-07-07 15:05:47,018 [INFO] [21] VALIDATION | acc: 0.15976331360946747
2025-07-07 15:05:50,326 [INFO] [22] TRAIN | loss: 2.837538190509962, acc: 0.3092926490984743
2025-07-07 15:05:50,326 [INFO] [22] VALIDATION | acc: 0.13609467455621302
2025-07-07 15:05:53,614 [INFO] [23] TRAIN | loss: 2.786068646804146, acc: 0.30097087378640774
2025-07-07 15:05:53,614 [INFO] [23] VALIDATION | acc: 0.15088757396449703
2025-07-07 15:05:56,943 [INFO] [24] TRAIN | loss: 2.800519777380902, acc: 0.289875173370319
2025-07-07 15:05:56,943 [INFO] [24] VALIDATION | acc: 0.16568047337278108
2025-07-07 15:06:00,206 [INFO] [25] TRAIN | loss: 2.664703737134519, acc: 0.33703190013869627
2025-07-07 15:06:00,206 [INFO] [25] VALIDATION | acc: 0.16568047337278108
2025-07-07 15:06:03,471 [INFO] [26] TRAIN | loss: 2.5755789279937744, acc: 0.34396671289875175
2025-07-07 15:06:03,471 [INFO] [26] VALIDATION | acc: 0.16272189349112426
2025-07-07 15:06:06,750 [INFO] [27] TRAIN | loss: 2.5066054178320845, acc: 0.3814147018030513
2025-07-07 15:06:06,750 [INFO] [27] VALIDATION | acc: 0.16272189349112426
2025-07-07 15:06:10,018 [INFO] [28] TRAIN | loss: 2.4497556997382124, acc: 0.36754507628294036
2025-07-07 15:06:10,019 [INFO] [28] VALIDATION | acc: 0.17751479289940827
2025-07-07 15:06:13,294 [INFO] [29] TRAIN | loss: 2.3949883943018704, acc: 0.40221914008321774
2025-07-07 15:06:13,294 [INFO] [29] VALIDATION | acc: 0.17751479289940827
2025-07-07 15:06:16,593 [INFO] [30] TRAIN | loss: 2.3907253275746885, acc: 0.4029126213592233
2025-07-07 15:06:16,593 [INFO] [30] VALIDATION | acc: 0.20118343195266272
2025-07-07 15:06:19,831 [INFO] [31] TRAIN | loss: 2.3922635861065076, acc: 0.38488210818307905
2025-07-07 15:06:19,831 [INFO] [31] VALIDATION | acc: 0.17159763313609466
2025-07-07 15:06:23,134 [INFO] [32] TRAIN | loss: 2.280250002508578, acc: 0.4223300970873786
2025-07-07 15:06:23,134 [INFO] [32] VALIDATION | acc: 0.17751479289940827
2025-07-07 15:06:26,439 [INFO] [33] TRAIN | loss: 2.233706684216209, acc: 0.42302357836338417
2025-07-07 15:06:26,439 [INFO] [33] VALIDATION | acc: 0.1834319526627219
2025-07-07 15:06:29,738 [INFO] [34] TRAIN | loss: 2.1523938464081804, acc: 0.4320388349514563
2025-07-07 15:06:29,739 [INFO] [34] VALIDATION | acc: 0.1952662721893491
2025-07-07 15:06:33,067 [INFO] [35] TRAIN | loss: 2.0815465735352556, acc: 0.48058252427184467
2025-07-07 15:06:33,067 [INFO] [35] VALIDATION | acc: 0.19822485207100593
2025-07-07 15:06:36,345 [INFO] [36] TRAIN | loss: 2.122148096561432, acc: 0.45145631067961167
2025-07-07 15:06:36,345 [INFO] [36] VALIDATION | acc: 0.21597633136094674
2025-07-07 15:06:39,606 [INFO] [37] TRAIN | loss: 2.016554565533348, acc: 0.48890429958391124
2025-07-07 15:06:39,606 [INFO] [37] VALIDATION | acc: 0.1952662721893491
2025-07-07 15:06:42,844 [INFO] [38] TRAIN | loss: 2.0480896130852075, acc: 0.46601941747572817
2025-07-07 15:06:42,844 [INFO] [38] VALIDATION | acc: 0.21005917159763313
2025-07-07 15:06:46,108 [INFO] [39] TRAIN | loss: 1.9457948415175728, acc: 0.5006934812760055
2025-07-07 15:06:46,108 [INFO] [39] VALIDATION | acc: 0.1804733727810651
2025-07-07 15:06:49,336 [INFO] [40] TRAIN | loss: 1.940928834935893, acc: 0.49375866851595007
2025-07-07 15:06:49,336 [INFO] [40] VALIDATION | acc: 0.1863905325443787
2025-07-07 15:06:52,586 [INFO] [41] TRAIN | loss: 1.81435998108076, acc: 0.5436893203883495
2025-07-07 15:06:52,586 [INFO] [41] VALIDATION | acc: 0.20414201183431951
2025-07-07 15:06:55,928 [INFO] [42] TRAIN | loss: 1.8046910529551299, acc: 0.5312066574202496
2025-07-07 15:06:55,928 [INFO] [42] VALIDATION | acc: 0.22781065088757396
2025-07-07 15:06:59,219 [INFO] [43] TRAIN | loss: 1.7769230630086816, acc: 0.5423023578363384
2025-07-07 15:06:59,220 [INFO] [43] VALIDATION | acc: 0.22189349112426035
2025-07-07 15:07:02,517 [INFO] [44] TRAIN | loss: 1.6611128112544185, acc: 0.5894590846047156
2025-07-07 15:07:02,517 [INFO] [44] VALIDATION | acc: 0.20414201183431951
2025-07-07 15:07:05,822 [INFO] [45] TRAIN | loss: 1.6213342080945554, acc: 0.6047156726768377
2025-07-07 15:07:05,822 [INFO] [45] VALIDATION | acc: 0.21597633136094674
2025-07-07 15:07:09,119 [INFO] [46] TRAIN | loss: 1.5385037038637244, acc: 0.624133148404993
2025-07-07 15:07:09,119 [INFO] [46] VALIDATION | acc: 0.22189349112426035
2025-07-07 15:07:12,416 [INFO] [47] TRAIN | loss: 1.5332700376925261, acc: 0.6151178918169209
2025-07-07 15:07:12,416 [INFO] [47] VALIDATION | acc: 0.19822485207100593
2025-07-07 15:07:15,692 [INFO] [48] TRAIN | loss: 1.596087035925492, acc: 0.5943134535367545
2025-07-07 15:07:15,693 [INFO] [48] VALIDATION | acc: 0.23668639053254437
2025-07-07 15:07:19,019 [INFO] [49] TRAIN | loss: 1.4530141379522241, acc: 0.6310679611650486
2025-07-07 15:07:19,019 [INFO] [49] VALIDATION | acc: 0.23964497041420119
2025-07-07 15:07:22,316 [INFO] [50] TRAIN | loss: 1.3636091558829597, acc: 0.673370319001387
2025-07-07 15:07:22,316 [INFO] [50] VALIDATION | acc: 0.22485207100591717
2025-07-07 15:07:25,581 [INFO] [51] TRAIN | loss: 1.3631079339462777, acc: 0.6678224687933426
2025-07-07 15:07:25,581 [INFO] [51] VALIDATION | acc: 0.22781065088757396
2025-07-07 15:07:28,909 [INFO] [52] TRAIN | loss: 1.4144489752209706, acc: 0.6484049930651873
2025-07-07 15:07:28,909 [INFO] [52] VALIDATION | acc: 0.21005917159763313
2025-07-07 15:07:32,235 [INFO] [53] TRAIN | loss: 1.2881933334081068, acc: 0.6934812760055479
2025-07-07 15:07:32,235 [INFO] [53] VALIDATION | acc: 0.23076923076923078
2025-07-07 15:07:35,532 [INFO] [54] TRAIN | loss: 1.3008882882802382, acc: 0.6789181692094314
2025-07-07 15:07:35,532 [INFO] [54] VALIDATION | acc: 0.23372781065088757
2025-07-07 15:07:38,837 [INFO] [55] TRAIN | loss: 1.2450225430986155, acc: 0.7004160887656034
2025-07-07 15:07:38,837 [INFO] [55] VALIDATION | acc: 0.22781065088757396
2025-07-07 15:07:42,123 [INFO] [56] TRAIN | loss: 1.2717307637567106, acc: 0.687239944521498
2025-07-07 15:07:42,123 [INFO] [56] VALIDATION | acc: 0.2485207100591716
2025-07-07 15:07:45,417 [INFO] [57] TRAIN | loss: 1.1085773499115654, acc: 0.7447988904299584
2025-07-07 15:07:45,417 [INFO] [57] VALIDATION | acc: 0.23964497041420119
2025-07-07 15:07:48,722 [INFO] [58] TRAIN | loss: 1.0979016371395276, acc: 0.7656033287101248
2025-07-07 15:07:48,722 [INFO] [58] VALIDATION | acc: 0.23964497041420119
2025-07-07 15:07:51,974 [INFO] [59] TRAIN | loss: 1.122660728900329, acc: 0.7413314840499307
2025-07-07 15:07:51,974 [INFO] [59] VALIDATION | acc: 0.2455621301775148
2025-07-07 15:07:55,301 [INFO] [60] TRAIN | loss: 0.9834955749304398, acc: 0.7857142857142857
2025-07-07 15:07:55,301 [INFO] [60] VALIDATION | acc: 0.257396449704142
2025-07-07 15:07:58,610 [INFO] [61] TRAIN | loss: 0.977986489949019, acc: 0.7961165048543689
2025-07-07 15:07:58,610 [INFO] [61] VALIDATION | acc: 0.257396449704142
2025-07-07 15:08:01,961 [INFO] [62] TRAIN | loss: 0.9553628304730291, acc: 0.7815533980582524
2025-07-07 15:08:01,962 [INFO] [62] VALIDATION | acc: 0.23668639053254437
2025-07-07 15:08:05,306 [INFO] [63] TRAIN | loss: 0.9318257064922996, acc: 0.8065187239944521
2025-07-07 15:08:05,306 [INFO] [63] VALIDATION | acc: 0.26627218934911245
2025-07-07 15:08:08,610 [INFO] [64] TRAIN | loss: 0.9263911700767019, acc: 0.7857142857142857
2025-07-07 15:08:08,610 [INFO] [64] VALIDATION | acc: 0.28106508875739644
2025-07-07 15:08:11,902 [INFO] [65] TRAIN | loss: 0.8074174095755038, acc: 0.841886269070735
2025-07-07 15:08:11,903 [INFO] [65] VALIDATION | acc: 0.2692307692307692
2025-07-07 15:08:15,174 [INFO] [66] TRAIN | loss: 0.8380488746840021, acc: 0.8273231622746186
2025-07-07 15:08:15,174 [INFO] [66] VALIDATION | acc: 0.26627218934911245
2025-07-07 15:08:18,485 [INFO] [67] TRAIN | loss: 0.7240547110205111, acc: 0.8786407766990292
2025-07-07 15:08:18,485 [INFO] [67] VALIDATION | acc: 0.24260355029585798
2025-07-07 15:08:21,770 [INFO] [68] TRAIN | loss: 0.7621307884869368, acc: 0.8474341192787794
2025-07-07 15:08:21,770 [INFO] [68] VALIDATION | acc: 0.24260355029585798
2025-07-07 15:08:25,009 [INFO] [69] TRAIN | loss: 0.6885164509648862, acc: 0.8737864077669902
2025-07-07 15:08:25,009 [INFO] [69] VALIDATION | acc: 0.22189349112426035
2025-07-07 15:08:28,264 [INFO] [70] TRAIN | loss: 0.8687006416528121, acc: 0.8176144244105409
2025-07-07 15:08:28,264 [INFO] [70] VALIDATION | acc: 0.24260355029585798
2025-07-07 15:08:31,582 [INFO] [71] TRAIN | loss: 0.690093144774437, acc: 0.8640776699029126
2025-07-07 15:08:31,582 [INFO] [71] VALIDATION | acc: 0.2781065088757396
2025-07-07 15:08:34,962 [INFO] [72] TRAIN | loss: 0.590433116192403, acc: 0.9091539528432733
2025-07-07 15:08:34,962 [INFO] [72] VALIDATION | acc: 0.2692307692307692
2025-07-07 15:08:38,209 [INFO] [73] TRAIN | loss: 0.5718763950078384, acc: 0.9063800277392511
2025-07-07 15:08:38,209 [INFO] [73] VALIDATION | acc: 0.26331360946745563
2025-07-07 15:08:41,499 [INFO] [74] TRAIN | loss: 0.5662686060304227, acc: 0.9133148404993066
2025-07-07 15:08:41,499 [INFO] [74] VALIDATION | acc: 0.2514792899408284
2025-07-07 15:08:44,799 [INFO] [75] TRAIN | loss: 0.5366356625505115, acc: 0.9271844660194175
2025-07-07 15:08:44,799 [INFO] [75] VALIDATION | acc: 0.257396449704142
2025-07-07 15:08:48,104 [INFO] [76] TRAIN | loss: 0.606907206385032, acc: 0.9029126213592233
2025-07-07 15:08:48,104 [INFO] [76] VALIDATION | acc: 0.257396449704142
2025-07-07 15:08:51,399 [INFO] [77] TRAIN | loss: 0.5999582701403162, acc: 0.9001386962552012
2025-07-07 15:08:51,399 [INFO] [77] VALIDATION | acc: 0.24260355029585798
2025-07-07 15:08:54,643 [INFO] [78] TRAIN | loss: 0.522554772703544, acc: 0.9153952843273232
2025-07-07 15:08:54,643 [INFO] [78] VALIDATION | acc: 0.25443786982248523
2025-07-07 15:08:57,960 [INFO] [79] TRAIN | loss: 0.4691636516996052, acc: 0.9355062413314841
2025-07-07 15:08:57,960 [INFO] [79] VALIDATION | acc: 0.26331360946745563
2025-07-07 15:09:01,298 [INFO] [80] TRAIN | loss: 0.42969954677897954, acc: 0.941747572815534
2025-07-07 15:09:01,298 [INFO] [80] VALIDATION | acc: 0.257396449704142
2025-07-07 15:09:04,666 [INFO] [81] TRAIN | loss: 0.4028942118520322, acc: 0.949375866851595
2025-07-07 15:09:04,666 [INFO] [81] VALIDATION | acc: 0.28994082840236685
2025-07-07 15:09:07,997 [INFO] [82] TRAIN | loss: 0.430690572961517, acc: 0.9438280166435506
2025-07-07 15:09:07,997 [INFO] [82] VALIDATION | acc: 0.26331360946745563
2025-07-07 15:09:11,310 [INFO] [83] TRAIN | loss: 0.4460224088119424, acc: 0.9348127600554785
2025-07-07 15:09:11,311 [INFO] [83] VALIDATION | acc: 0.27218934911242604
2025-07-07 15:09:14,662 [INFO] [84] TRAIN | loss: 0.3806537567921307, acc: 0.9528432732316228
2025-07-07 15:09:14,662 [INFO] [84] VALIDATION | acc: 0.28994082840236685
2025-07-07 15:09:17,986 [INFO] [85] TRAIN | loss: 0.3536589793536974, acc: 0.963245492371706
2025-07-07 15:09:17,986 [INFO] [85] VALIDATION | acc: 0.2603550295857988
2025-07-07 15:09:21,270 [INFO] [86] TRAIN | loss: 0.32801667892414593, acc: 0.9653259361997226
2025-07-07 15:09:21,270 [INFO] [86] VALIDATION | acc: 0.28402366863905326
2025-07-07 15:09:24,569 [INFO] [87] TRAIN | loss: 0.316577884166137, acc: 0.9680998613037448
2025-07-07 15:09:24,569 [INFO] [87] VALIDATION | acc: 0.257396449704142
2025-07-07 15:09:27,879 [INFO] [88] TRAIN | loss: 0.34348279594079306, acc: 0.9604715672676838
2025-07-07 15:09:27,879 [INFO] [88] VALIDATION | acc: 0.2869822485207101
2025-07-07 15:09:31,193 [INFO] [89] TRAIN | loss: 0.28400284473014914, acc: 0.9757281553398058
2025-07-07 15:09:31,193 [INFO] [89] VALIDATION | acc: 0.26627218934911245
2025-07-07 15:09:34,496 [INFO] [90] TRAIN | loss: 0.2716634853378586, acc: 0.9805825242718447
2025-07-07 15:09:34,496 [INFO] [90] VALIDATION | acc: 0.2603550295857988
2025-07-07 15:09:37,767 [INFO] [91] TRAIN | loss: 0.30774912529665494, acc: 0.9701803051317615
2025-07-07 15:09:37,768 [INFO] [91] VALIDATION | acc: 0.25443786982248523
2025-07-07 15:09:41,119 [INFO] [92] TRAIN | loss: 0.31461227264093317, acc: 0.9680998613037448
2025-07-07 15:09:41,119 [INFO] [92] VALIDATION | acc: 0.26627218934911245
2025-07-07 15:09:44,443 [INFO] [93] TRAIN | loss: 0.3561605636192405, acc: 0.9507628294036061
2025-07-07 15:09:44,443 [INFO] [93] VALIDATION | acc: 0.28994082840236685
2025-07-07 15:09:47,749 [INFO] [94] TRAIN | loss: 0.24912022572496664, acc: 0.9798890429958391
2025-07-07 15:09:47,749 [INFO] [94] VALIDATION | acc: 0.26627218934911245
2025-07-07 15:09:51,032 [INFO] [95] TRAIN | loss: 0.29604832309743634, acc: 0.970873786407767
2025-07-07 15:09:51,033 [INFO] [95] VALIDATION | acc: 0.26331360946745563
2025-07-07 15:09:54,309 [INFO] [96] TRAIN | loss: 0.2511502232240594, acc: 0.9764216366158114
2025-07-07 15:09:54,309 [INFO] [96] VALIDATION | acc: 0.27514792899408286
2025-07-07 15:09:57,607 [INFO] [97] TRAIN | loss: 0.21899587758209393, acc: 0.9812760055478502
2025-07-07 15:09:57,607 [INFO] [97] VALIDATION | acc: 0.2692307692307692
2025-07-07 15:10:00,912 [INFO] [98] TRAIN | loss: 0.2146547770370608, acc: 0.9840499306518724
2025-07-07 15:10:00,913 [INFO] [98] VALIDATION | acc: 0.28106508875739644
2025-07-07 15:10:04,204 [INFO] [99] TRAIN | loss: 0.19819272050391074, acc: 0.9895977808599168
2025-07-07 15:10:04,204 [INFO] [99] VALIDATION | acc: 0.28106508875739644
2025-07-07 15:10:07,448 [INFO] [100] TRAIN | loss: 0.22773436813250833, acc: 0.978502080443828
2025-07-07 15:10:07,448 [INFO] [100] VALIDATION | acc: 0.27218934911242604
2025-07-07 15:10:07,448 [INFO] Testing checkpointed models starting...

2025-07-07 15:10:09,150 [INFO] checkpoint_t0  ->  0.007751937984496124
2025-07-07 15:10:10,842 [INFO] checkpoint_v0  ->  0.007751937984496124
2025-07-07 15:10:13,701 [INFO] checkpoint_t1  ->  0.10077519379844961
2025-07-07 15:10:19,417 [INFO] checkpoint_v1  ->  0.10077519379844961
2025-07-07 15:10:25,376 [INFO] checkpoint_t2  ->  0.2054263565891473
2025-07-07 15:10:31,241 [INFO] checkpoint_v2  ->  0.16279069767441862
2025-07-07 15:10:37,080 [INFO] checkpoint_t3  ->  0.22868217054263565
2025-07-07 15:10:42,840 [INFO] checkpoint_v3  ->  0.22868217054263565
2025-07-07 15:10:48,618 [INFO] checkpoint_t4  ->  0.20930232558139536
2025-07-07 15:10:54,328 [INFO] checkpoint_v4  ->  0.24031007751937986
2025-07-07 15:11:00,590 [INFO] checkpoint_t5  ->  0.24806201550387597
2025-07-07 15:11:06,530 [INFO] checkpoint_v5  ->  0.2751937984496124
2025-07-07 15:11:12,653 [INFO] checkpoint_t6  ->  0.2441860465116279
2025-07-07 15:11:18,578 [INFO] checkpoint_v6  ->  0.24806201550387597
2025-07-07 15:11:24,547 [INFO] checkpoint_t7  ->  0.2441860465116279
2025-07-07 15:11:30,023 [INFO] checkpoint_v7  ->  0.26356589147286824
2025-07-07 15:11:35,627 [INFO] checkpoint_t8  ->  0.2441860465116279
2025-07-07 15:11:41,239 [INFO] checkpoint_v8  ->  0.2441860465116279
2025-07-07 15:11:46,784 [INFO] checkpoint_t9  ->  0.24806201550387597
2025-07-07 15:11:52,427 [INFO] checkpoint_v9  ->  0.27906976744186046
2025-07-07 15:11:57,911 [INFO] checkpoint_t10  ->  0.26744186046511625
2025-07-07 15:12:03,716 [INFO] checkpoint_v10  ->  0.2558139534883721
2025-07-07 15:12:03,716 [INFO] 
=======================================
2025-07-07 15:12:03,716 [INFO] The best testing checkpoint: encoder_pose_angles_fs0/checkpoint_v_9:
2025-07-07 15:12:03,716 [INFO]    Testing accuracy: 0.279
2025-07-07 15:12:03,716 [INFO]    Macro F1 score: 0.251
2025-07-07 15:12:03,716 [INFO]    Weighted F1 score: 0.261
2025-07-07 15:12:03,716 [INFO]    Total trainable parameters: 9,900,292
2025-07-07 15:12:03,716 [INFO]    Elapsed time: 446.54 sec
2025-07-07 15:12:03,716 [INFO] ----------------Config information----------------------- 
2025-07-07 15:12:03,716 [INFO]  - Experiment Args: {'dataset': 'WLASL100', 'features': 'POSE_ANGLES', 'include_blendshapes': 0, 'fs': 0, 'feature_truncation': 0, 'num_classes': 100, 'model': 'encoder', 'mediapipe_holistic': True, 'dim': 304, 'heads': 8, 'n_layers': 6, 'PE': 0, 'pad': 'True', 'clip_weights': 0, 'clip_gradients': 0, 'opt': 'SGD', 'sgd_momentum': 0.9, 'scheduler': 'cosine', 'bs': 32, 'epochs': 100, 'lr': '1e-03', 'logfreq': 1, 'checkpoints': True}
2025-07-07 15:12:03,794 [INFO] 
Any desired statistics have been plotted.
The experiment is finished.
