2025-07-05 19:21:18,951 [INFO] [INFO] Starting experiment encoder_pose_landmarks_fs1...


2025-07-05 19:21:21,552 [INFO] [1] TRAIN | loss: 4.737113392871359, acc: 0.008321775312066574
2025-07-05 19:21:21,552 [INFO] [1] VALIDATION | acc: 0.005917159763313609
2025-07-05 19:21:23,735 [INFO] [2] TRAIN | loss: 4.681838408760402, acc: 0.011789181692094313
2025-07-05 19:21:23,735 [INFO] [2] VALIDATION | acc: 0.008875739644970414
2025-07-05 19:21:26,044 [INFO] [3] TRAIN | loss: 4.655037548231042, acc: 0.009708737864077669
2025-07-05 19:21:26,044 [INFO] [3] VALIDATION | acc: 0.011834319526627219
2025-07-05 19:21:28,300 [INFO] [4] TRAIN | loss: 4.641006189843883, acc: 0.018030513176144243
2025-07-05 19:21:28,300 [INFO] [4] VALIDATION | acc: 0.014792899408284023
2025-07-05 19:21:30,564 [INFO] [5] TRAIN | loss: 4.617906228355739, acc: 0.027739251040221916
2025-07-05 19:21:30,564 [INFO] [5] VALIDATION | acc: 0.020710059171597635
2025-07-05 19:21:32,765 [INFO] [6] TRAIN | loss: 4.604401163432909, acc: 0.028432732316227463
2025-07-05 19:21:32,765 [INFO] [6] VALIDATION | acc: 0.020710059171597635
2025-07-05 19:21:35,018 [INFO] [7] TRAIN | loss: 4.618205474770588, acc: 0.030513176144244106
2025-07-05 19:21:35,018 [INFO] [7] VALIDATION | acc: 0.026627218934911243
2025-07-05 19:21:37,263 [INFO] [8] TRAIN | loss: 4.560408416001693, acc: 0.03398058252427184
2025-07-05 19:21:37,263 [INFO] [8] VALIDATION | acc: 0.023668639053254437
2025-07-05 19:21:39,498 [INFO] [9] TRAIN | loss: 4.517083064369533, acc: 0.0319001386962552
2025-07-05 19:21:39,498 [INFO] [9] VALIDATION | acc: 0.029585798816568046
2025-07-05 19:21:41,765 [INFO] [10] TRAIN | loss: 4.475276522014452, acc: 0.03398058252427184
2025-07-05 19:21:41,765 [INFO] [10] VALIDATION | acc: 0.029585798816568046
2025-07-05 19:21:44,000 [INFO] [11] TRAIN | loss: 4.396066810773767, acc: 0.046463245492371706
2025-07-05 19:21:44,000 [INFO] [11] VALIDATION | acc: 0.03254437869822485
2025-07-05 19:21:46,199 [INFO] [12] TRAIN | loss: 4.336334881575211, acc: 0.0478502080443828
2025-07-05 19:21:46,199 [INFO] [12] VALIDATION | acc: 0.04142011834319527
2025-07-05 19:21:48,389 [INFO] [13] TRAIN | loss: 4.266852461773416, acc: 0.056865464632454926
2025-07-05 19:21:48,389 [INFO] [13] VALIDATION | acc: 0.04142011834319527
2025-07-05 19:21:50,612 [INFO] [14] TRAIN | loss: 4.202672756236533, acc: 0.05339805825242718
2025-07-05 19:21:50,612 [INFO] [14] VALIDATION | acc: 0.05325443786982249
2025-07-05 19:21:52,811 [INFO] [15] TRAIN | loss: 4.15904412580573, acc: 0.05894590846047157
2025-07-05 19:21:52,811 [INFO] [15] VALIDATION | acc: 0.04142011834319527
2025-07-05 19:21:55,044 [INFO] [16] TRAIN | loss: 4.0994492043619575, acc: 0.07212205270457697
2025-07-05 19:21:55,044 [INFO] [16] VALIDATION | acc: 0.05325443786982249
2025-07-05 19:21:57,352 [INFO] [17] TRAIN | loss: 4.058539255805638, acc: 0.07350901525658807
2025-07-05 19:21:57,352 [INFO] [17] VALIDATION | acc: 0.05621301775147929
2025-07-05 19:21:59,524 [INFO] [18] TRAIN | loss: 4.030423983283665, acc: 0.06588072122052704
2025-07-05 19:21:59,524 [INFO] [18] VALIDATION | acc: 0.05325443786982249
2025-07-05 19:22:01,653 [INFO] [19] TRAIN | loss: 3.9836247330126553, acc: 0.0839112343966713
2025-07-05 19:22:01,653 [INFO] [19] VALIDATION | acc: 0.05029585798816568
2025-07-05 19:22:03,809 [INFO] [20] TRAIN | loss: 3.9593566863433174, acc: 0.07281553398058252
2025-07-05 19:22:03,809 [INFO] [20] VALIDATION | acc: 0.05917159763313609
2025-07-05 19:22:05,979 [INFO] [21] TRAIN | loss: 3.911282839982406, acc: 0.09084604715672677
2025-07-05 19:22:05,979 [INFO] [21] VALIDATION | acc: 0.05917159763313609
2025-07-05 19:22:08,137 [INFO] [22] TRAIN | loss: 3.9551984901013584, acc: 0.0825242718446602
2025-07-05 19:22:08,137 [INFO] [22] VALIDATION | acc: 0.05917159763313609
2025-07-05 19:22:10,314 [INFO] [23] TRAIN | loss: 3.836410916369894, acc: 0.08876560332871013
2025-07-05 19:22:10,314 [INFO] [23] VALIDATION | acc: 0.07100591715976332
2025-07-05 19:22:12,539 [INFO] [24] TRAIN | loss: 3.8058266069578086, acc: 0.10402219140083217
2025-07-05 19:22:12,539 [INFO] [24] VALIDATION | acc: 0.07100591715976332
2025-07-05 19:22:14,686 [INFO] [25] TRAIN | loss: 3.7869332510492075, acc: 0.10055478502080444
2025-07-05 19:22:14,687 [INFO] [25] VALIDATION | acc: 0.07692307692307693
2025-07-05 19:22:16,847 [INFO] [26] TRAIN | loss: 3.7366738008416216, acc: 0.11026352288488211
2025-07-05 19:22:16,847 [INFO] [26] VALIDATION | acc: 0.09467455621301775
2025-07-05 19:22:19,014 [INFO] [27] TRAIN | loss: 3.713769088620725, acc: 0.130374479889043
2025-07-05 19:22:19,014 [INFO] [27] VALIDATION | acc: 0.07396449704142012
2025-07-05 19:22:21,142 [INFO] [28] TRAIN | loss: 3.691080637600111, acc: 0.1144244105409154
2025-07-05 19:22:21,142 [INFO] [28] VALIDATION | acc: 0.06804733727810651
2025-07-05 19:22:23,289 [INFO] [29] TRAIN | loss: 3.6569325457448545, acc: 0.12066574202496533
2025-07-05 19:22:23,289 [INFO] [29] VALIDATION | acc: 0.07988165680473373
2025-07-05 19:22:25,444 [INFO] [30] TRAIN | loss: 3.6135398823281992, acc: 0.130374479889043
2025-07-05 19:22:25,444 [INFO] [30] VALIDATION | acc: 0.07692307692307693
2025-07-05 19:22:27,641 [INFO] [31] TRAIN | loss: 3.6170406859853994, acc: 0.1276005547850208
2025-07-05 19:22:27,641 [INFO] [31] VALIDATION | acc: 0.10355029585798817
2025-07-05 19:22:29,825 [INFO] [32] TRAIN | loss: 3.5872236853060513, acc: 0.14563106796116504
2025-07-05 19:22:29,825 [INFO] [32] VALIDATION | acc: 0.08284023668639054
2025-07-05 19:22:32,021 [INFO] [33] TRAIN | loss: 3.5607752644497417, acc: 0.1463245492371706
2025-07-05 19:22:32,021 [INFO] [33] VALIDATION | acc: 0.07396449704142012
2025-07-05 19:22:34,188 [INFO] [34] TRAIN | loss: 3.5367816375649492, acc: 0.13730929264909847
2025-07-05 19:22:34,188 [INFO] [34] VALIDATION | acc: 0.10946745562130178
2025-07-05 19:22:36,383 [INFO] [35] TRAIN | loss: 3.4857903096986855, acc: 0.15048543689320387
2025-07-05 19:22:36,383 [INFO] [35] VALIDATION | acc: 0.08875739644970414
2025-07-05 19:22:38,534 [INFO] [36] TRAIN | loss: 3.492140847703685, acc: 0.16296809986130376
2025-07-05 19:22:38,534 [INFO] [36] VALIDATION | acc: 0.10946745562130178
2025-07-05 19:22:40,725 [INFO] [37] TRAIN | loss: 3.4950955173243647, acc: 0.15672676837725383
2025-07-05 19:22:40,726 [INFO] [37] VALIDATION | acc: 0.10650887573964497
2025-07-05 19:22:42,972 [INFO] [38] TRAIN | loss: 3.4745161533355713, acc: 0.16712898751733704
2025-07-05 19:22:42,972 [INFO] [38] VALIDATION | acc: 0.12130177514792899
2025-07-05 19:22:45,127 [INFO] [39] TRAIN | loss: 3.4017872758533643, acc: 0.16920943134535368
2025-07-05 19:22:45,127 [INFO] [39] VALIDATION | acc: 0.12130177514792899
2025-07-05 19:22:47,334 [INFO] [40] TRAIN | loss: 3.3304031776345293, acc: 0.17475728155339806
2025-07-05 19:22:47,334 [INFO] [40] VALIDATION | acc: 0.10650887573964497
2025-07-05 19:22:49,487 [INFO] [41] TRAIN | loss: 3.316052327985349, acc: 0.1796116504854369
2025-07-05 19:22:49,487 [INFO] [41] VALIDATION | acc: 0.11538461538461539
2025-07-05 19:22:51,698 [INFO] [42] TRAIN | loss: 3.3034074928449546, acc: 0.16990291262135923
2025-07-05 19:22:51,698 [INFO] [42] VALIDATION | acc: 0.09763313609467456
2025-07-05 19:22:53,834 [INFO] [43] TRAIN | loss: 3.306584057600602, acc: 0.18515950069348128
2025-07-05 19:22:53,834 [INFO] [43] VALIDATION | acc: 0.12130177514792899
2025-07-05 19:22:56,059 [INFO] [44] TRAIN | loss: 3.269030643546063, acc: 0.17614424410540916
2025-07-05 19:22:56,059 [INFO] [44] VALIDATION | acc: 0.12721893491124261
2025-07-05 19:22:58,261 [INFO] [45] TRAIN | loss: 3.2662490813628486, acc: 0.18654646324549237
2025-07-05 19:22:58,261 [INFO] [45] VALIDATION | acc: 0.11834319526627218
2025-07-05 19:23:00,432 [INFO] [46] TRAIN | loss: 3.2335662323495615, acc: 0.20388349514563106
2025-07-05 19:23:00,433 [INFO] [46] VALIDATION | acc: 0.11538461538461539
2025-07-05 19:23:02,572 [INFO] [47] TRAIN | loss: 3.287536698838939, acc: 0.1782246879334258
2025-07-05 19:23:02,572 [INFO] [47] VALIDATION | acc: 0.11242603550295859
2025-07-05 19:23:04,731 [INFO] [48] TRAIN | loss: 3.1741048564081606, acc: 0.19764216366158113
2025-07-05 19:23:04,731 [INFO] [48] VALIDATION | acc: 0.10650887573964497
2025-07-05 19:23:06,869 [INFO] [49] TRAIN | loss: 3.1510984638462896, acc: 0.20110957004160887
2025-07-05 19:23:06,869 [INFO] [49] VALIDATION | acc: 0.1242603550295858
2025-07-05 19:23:09,031 [INFO] [50] TRAIN | loss: 3.161788090415623, acc: 0.2087378640776699
2025-07-05 19:23:09,031 [INFO] [50] VALIDATION | acc: 0.12721893491124261
2025-07-05 19:23:11,239 [INFO] [51] TRAIN | loss: 3.141365699146105, acc: 0.20041608876560332
2025-07-05 19:23:11,240 [INFO] [51] VALIDATION | acc: 0.14497041420118342
2025-07-05 19:23:13,429 [INFO] [52] TRAIN | loss: 3.1191090034401934, acc: 0.21081830790568654
2025-07-05 19:23:13,429 [INFO] [52] VALIDATION | acc: 0.1390532544378698
2025-07-05 19:23:15,595 [INFO] [53] TRAIN | loss: 3.0956581001696377, acc: 0.22330097087378642
2025-07-05 19:23:15,595 [INFO] [53] VALIDATION | acc: 0.13609467455621302
2025-07-05 19:23:17,774 [INFO] [54] TRAIN | loss: 3.1125009837357895, acc: 0.21983356449375868
2025-07-05 19:23:17,774 [INFO] [54] VALIDATION | acc: 0.10355029585798817
2025-07-05 19:23:19,886 [INFO] [55] TRAIN | loss: 3.0920792869899585, acc: 0.217753120665742
2025-07-05 19:23:19,886 [INFO] [55] VALIDATION | acc: 0.11538461538461539
2025-07-05 19:23:22,033 [INFO] [56] TRAIN | loss: 3.0201891919840937, acc: 0.2447988904299584
2025-07-05 19:23:22,034 [INFO] [56] VALIDATION | acc: 0.12130177514792899
2025-07-05 19:23:24,167 [INFO] [57] TRAIN | loss: 2.976424761440443, acc: 0.24549237170596394
2025-07-05 19:23:24,167 [INFO] [57] VALIDATION | acc: 0.13313609467455623
2025-07-05 19:23:26,384 [INFO] [58] TRAIN | loss: 2.9639125129450923, acc: 0.2538141470180305
2025-07-05 19:23:26,384 [INFO] [58] VALIDATION | acc: 0.1390532544378698
2025-07-05 19:23:28,601 [INFO] [59] TRAIN | loss: 2.986541291941767, acc: 0.23578363384188628
2025-07-05 19:23:28,601 [INFO] [59] VALIDATION | acc: 0.1390532544378698
2025-07-05 19:23:30,788 [INFO] [60] TRAIN | loss: 2.9613621079403423, acc: 0.24133148404993066
2025-07-05 19:23:30,788 [INFO] [60] VALIDATION | acc: 0.15384615384615385
2025-07-05 19:23:32,978 [INFO] [61] TRAIN | loss: 2.8869289626245913, acc: 0.27045769764216365
2025-07-05 19:23:32,978 [INFO] [61] VALIDATION | acc: 0.12130177514792899
2025-07-05 19:23:35,147 [INFO] [62] TRAIN | loss: 2.9319827297459478, acc: 0.2524271844660194
2025-07-05 19:23:35,147 [INFO] [62] VALIDATION | acc: 0.15976331360946747
2025-07-05 19:23:37,317 [INFO] [63] TRAIN | loss: 2.9102845710256826, acc: 0.2510402219140083
2025-07-05 19:23:37,317 [INFO] [63] VALIDATION | acc: 0.14497041420118342
2025-07-05 19:23:39,503 [INFO] [64] TRAIN | loss: 2.8634897211323613, acc: 0.27947295423023577
2025-07-05 19:23:39,503 [INFO] [64] VALIDATION | acc: 0.11834319526627218
2025-07-05 19:23:41,853 [INFO] [65] TRAIN | loss: 2.92865382588428, acc: 0.2503467406380028
2025-07-05 19:23:41,853 [INFO] [65] VALIDATION | acc: 0.12130177514792899
2025-07-05 19:23:44,046 [INFO] [66] TRAIN | loss: 2.891207777935526, acc: 0.25450762829403606
2025-07-05 19:23:44,046 [INFO] [66] VALIDATION | acc: 0.15384615384615385
2025-07-05 19:23:46,234 [INFO] [67] TRAIN | loss: 2.7892739617306255, acc: 0.2753120665742025
2025-07-05 19:23:46,234 [INFO] [67] VALIDATION | acc: 0.11834319526627218
2025-07-05 19:23:48,439 [INFO] [68] TRAIN | loss: 2.7691568239875464, acc: 0.2753120665742025
2025-07-05 19:23:48,439 [INFO] [68] VALIDATION | acc: 0.16272189349112426
2025-07-05 19:23:50,656 [INFO] [69] TRAIN | loss: 2.7786517246909765, acc: 0.2815533980582524
2025-07-05 19:23:50,656 [INFO] [69] VALIDATION | acc: 0.16568047337278108
2025-07-05 19:23:52,887 [INFO] [70] TRAIN | loss: 2.697427713352701, acc: 0.2926490984743412
2025-07-05 19:23:52,887 [INFO] [70] VALIDATION | acc: 0.11242603550295859
2025-07-05 19:23:55,051 [INFO] [71] TRAIN | loss: 2.7746155832124795, acc: 0.2725381414701803
2025-07-05 19:23:55,052 [INFO] [71] VALIDATION | acc: 0.15680473372781065
2025-07-05 19:23:57,280 [INFO] [72] TRAIN | loss: 2.6877647016359414, acc: 0.31345353675450766
2025-07-05 19:23:57,280 [INFO] [72] VALIDATION | acc: 0.14792899408284024
2025-07-05 19:23:59,461 [INFO] [73] TRAIN | loss: 2.657794283783954, acc: 0.3016643550624133
2025-07-05 19:23:59,461 [INFO] [73] VALIDATION | acc: 0.15680473372781065
2025-07-05 19:24:01,658 [INFO] [74] TRAIN | loss: 2.6800218405930893, acc: 0.3016643550624133
2025-07-05 19:24:01,658 [INFO] [74] VALIDATION | acc: 0.15088757396449703
2025-07-05 19:24:03,776 [INFO] [75] TRAIN | loss: 2.61007703387219, acc: 0.3259361997226075
2025-07-05 19:24:03,776 [INFO] [75] VALIDATION | acc: 0.1390532544378698
2025-07-05 19:24:05,952 [INFO] [76] TRAIN | loss: 2.6476425813591997, acc: 0.31345353675450766
2025-07-05 19:24:05,952 [INFO] [76] VALIDATION | acc: 0.1804733727810651
2025-07-05 19:24:08,128 [INFO] [77] TRAIN | loss: 2.6293390056361323, acc: 0.3259361997226075
2025-07-05 19:24:08,128 [INFO] [77] VALIDATION | acc: 0.17159763313609466
2025-07-05 19:24:10,297 [INFO] [78] TRAIN | loss: 2.5913326429284136, acc: 0.32385575589459087
2025-07-05 19:24:10,297 [INFO] [78] VALIDATION | acc: 0.16568047337278108
2025-07-05 19:24:12,512 [INFO] [79] TRAIN | loss: 2.581978906755862, acc: 0.32524271844660196
2025-07-05 19:24:12,513 [INFO] [79] VALIDATION | acc: 0.16272189349112426
2025-07-05 19:24:14,676 [INFO] [80] TRAIN | loss: 2.5874169857605644, acc: 0.3342579750346741
2025-07-05 19:24:14,676 [INFO] [80] VALIDATION | acc: 0.16272189349112426
2025-07-05 19:24:16,859 [INFO] [81] TRAIN | loss: 2.5784257391224736, acc: 0.3300970873786408
2025-07-05 19:24:16,859 [INFO] [81] VALIDATION | acc: 0.17159763313609466
2025-07-05 19:24:19,017 [INFO] [82] TRAIN | loss: 2.542944812256357, acc: 0.3245492371705964
2025-07-05 19:24:19,017 [INFO] [82] VALIDATION | acc: 0.16272189349112426
2025-07-05 19:24:21,150 [INFO] [83] TRAIN | loss: 2.4632115364074707, acc: 0.3522884882108183
2025-07-05 19:24:21,150 [INFO] [83] VALIDATION | acc: 0.17751479289940827
2025-07-05 19:24:23,306 [INFO] [84] TRAIN | loss: 2.4738367536793584, acc: 0.3474341192787795
2025-07-05 19:24:23,306 [INFO] [84] VALIDATION | acc: 0.19230769230769232
2025-07-05 19:24:25,462 [INFO] [85] TRAIN | loss: 2.5265109746352485, acc: 0.33079056865464634
2025-07-05 19:24:25,462 [INFO] [85] VALIDATION | acc: 0.1834319526627219
2025-07-05 19:24:27,750 [INFO] [86] TRAIN | loss: 2.4541923092759172, acc: 0.34812760055478503
2025-07-05 19:24:27,750 [INFO] [86] VALIDATION | acc: 0.16272189349112426
2025-07-05 19:24:29,972 [INFO] [87] TRAIN | loss: 2.4877016129701035, acc: 0.35298196948682387
2025-07-05 19:24:29,972 [INFO] [87] VALIDATION | acc: 0.1834319526627219
2025-07-05 19:24:32,121 [INFO] [88] TRAIN | loss: 2.391965656176857, acc: 0.36893203883495146
2025-07-05 19:24:32,121 [INFO] [88] VALIDATION | acc: 0.15976331360946747
2025-07-05 19:24:34,245 [INFO] [89] TRAIN | loss: 2.386238528334576, acc: 0.37447988904299584
2025-07-05 19:24:34,245 [INFO] [89] VALIDATION | acc: 0.19230769230769232
2025-07-05 19:24:36,428 [INFO] [90] TRAIN | loss: 2.355787930281266, acc: 0.3786407766990291
2025-07-05 19:24:36,428 [INFO] [90] VALIDATION | acc: 0.17751479289940827
2025-07-05 19:24:38,590 [INFO] [91] TRAIN | loss: 2.3650676893151323, acc: 0.3710124826629681
2025-07-05 19:24:38,590 [INFO] [91] VALIDATION | acc: 0.17751479289940827
2025-07-05 19:24:40,729 [INFO] [92] TRAIN | loss: 2.350361518237902, acc: 0.36615811373092927
2025-07-05 19:24:40,730 [INFO] [92] VALIDATION | acc: 0.20710059171597633
2025-07-05 19:24:43,013 [INFO] [93] TRAIN | loss: 2.3130958987318953, acc: 0.39528432732316227
2025-07-05 19:24:43,014 [INFO] [93] VALIDATION | acc: 0.20710059171597633
2025-07-05 19:24:45,181 [INFO] [94] TRAIN | loss: 2.33423076764397, acc: 0.39875173370319
2025-07-05 19:24:45,181 [INFO] [94] VALIDATION | acc: 0.1952662721893491
2025-07-05 19:24:47,352 [INFO] [95] TRAIN | loss: 2.3001739304998647, acc: 0.3959778085991678
2025-07-05 19:24:47,352 [INFO] [95] VALIDATION | acc: 0.17455621301775148
2025-07-05 19:24:49,506 [INFO] [96] TRAIN | loss: 2.309964923754982, acc: 0.39944521497919555
2025-07-05 19:24:49,506 [INFO] [96] VALIDATION | acc: 0.21597633136094674
2025-07-05 19:24:51,698 [INFO] [97] TRAIN | loss: 2.2379883424095484, acc: 0.4001386962552011
2025-07-05 19:24:51,698 [INFO] [97] VALIDATION | acc: 0.1952662721893491
2025-07-05 19:24:53,932 [INFO] [98] TRAIN | loss: 2.286486542743185, acc: 0.39181692094313453
2025-07-05 19:24:53,932 [INFO] [98] VALIDATION | acc: 0.20710059171597633
2025-07-05 19:24:56,183 [INFO] [99] TRAIN | loss: 2.244559028874273, acc: 0.41123439667128986
2025-07-05 19:24:56,183 [INFO] [99] VALIDATION | acc: 0.19822485207100593
2025-07-05 19:24:58,360 [INFO] [100] TRAIN | loss: 2.193478874538256, acc: 0.41955617198335643
2025-07-05 19:24:58,360 [INFO] [100] VALIDATION | acc: 0.20118343195266272
2025-07-05 19:24:58,360 [INFO] Testing checkpointed models starting...

2025-07-05 19:24:59,831 [INFO] checkpoint_t0  ->  0.003875968992248062
2025-07-05 19:25:01,298 [INFO] checkpoint_v0  ->  0.003875968992248062
2025-07-05 19:25:02,782 [INFO] checkpoint_t1  ->  0.06201550387596899
2025-07-05 19:25:08,566 [INFO] checkpoint_v1  ->  0.06201550387596899
2025-07-05 19:25:14,930 [INFO] checkpoint_t2  ->  0.05426356589147287
2025-07-05 19:25:20,746 [INFO] checkpoint_v2  ->  0.08914728682170543
2025-07-05 19:25:27,122 [INFO] checkpoint_t3  ->  0.08527131782945736
2025-07-05 19:25:33,015 [INFO] checkpoint_v3  ->  0.10465116279069768
2025-07-05 19:25:38,986 [INFO] checkpoint_t4  ->  0.13178294573643412
2025-07-05 19:25:45,031 [INFO] checkpoint_v4  ->  0.11627906976744186
2025-07-05 19:25:51,179 [INFO] checkpoint_t5  ->  0.13178294573643412
2025-07-05 19:25:57,331 [INFO] checkpoint_v5  ->  0.14728682170542637
2025-07-05 19:26:04,238 [INFO] checkpoint_t6  ->  0.1434108527131783
2025-07-05 19:26:10,460 [INFO] checkpoint_v6  ->  0.1744186046511628
2025-07-05 19:26:17,371 [INFO] checkpoint_t7  ->  0.1434108527131783
2025-07-05 19:26:23,726 [INFO] checkpoint_v7  ->  0.17829457364341086
2025-07-05 19:26:30,118 [INFO] checkpoint_t8  ->  0.18604651162790697
2025-07-05 19:26:36,514 [INFO] checkpoint_v8  ->  0.16279069767441862
2025-07-05 19:26:43,172 [INFO] checkpoint_t9  ->  0.19767441860465115
2025-07-05 19:26:49,333 [INFO] checkpoint_v9  ->  0.20155038759689922
2025-07-05 19:26:56,050 [INFO] checkpoint_t10  ->  0.2131782945736434
2025-07-05 19:27:02,370 [INFO] checkpoint_v10  ->  0.22093023255813954
2025-07-05 19:27:02,370 [INFO] 
=======================================
2025-07-05 19:27:02,370 [INFO] The best testing checkpoint: encoder_pose_landmarks_fs1/checkpoint_v_10:
2025-07-05 19:27:02,370 [INFO]    Testing accuracy: 0.221
2025-07-05 19:27:02,370 [INFO]    Macro F1 score: 0.174
2025-07-05 19:27:02,370 [INFO]    Weighted F1 score: 0.183
2025-07-05 19:27:02,370 [INFO]    Total trainable parameters: 1,278,724
2025-07-05 19:27:02,370 [INFO]    Elapsed time: 343.42 sec
2025-07-05 19:27:02,370 [INFO] ----------------Config information----------------------- 
2025-07-05 19:27:02,370 [INFO]  - Experiment Args: dataset=WLASL100, features=POSE_LANDMARKS, include_blendshapes=0, fs=1, num_classes=100, model=encoder, mediapipe_holistic=True, dim=48, heads=8, n_layers=6, PE=0, pad=True, clip_weights=0, clip_gradients=0, opt=SGD, sgd_momentum=0.9, scheduler=cosine, bs=32, epochs=100, lr=1e-03, logfreq=1, checkpoints=True
2025-07-05 19:27:02,449 [INFO] 
Any desired statistics have been plotted.
The experiment is finished.
