2025-07-05 20:32:41,464 [INFO] [INFO] Starting experiment encoder_hand_pose_angles_fs1...


2025-07-05 20:32:54,325 [INFO] [1] TRAIN | loss: 4.7630531787872314, acc: 0.004160887656033287
2025-07-05 20:32:54,325 [INFO] [1] VALIDATION | acc: 0.01775147928994083
2025-07-05 20:33:07,546 [INFO] [2] TRAIN | loss: 4.641846397648687, acc: 0.009708737864077669
2025-07-05 20:33:07,546 [INFO] [2] VALIDATION | acc: 0.023668639053254437
2025-07-05 20:33:20,920 [INFO] [3] TRAIN | loss: 4.503998777140742, acc: 0.0319001386962552
2025-07-05 20:33:20,920 [INFO] [3] VALIDATION | acc: 0.05325443786982249
2025-07-05 20:33:33,737 [INFO] [4] TRAIN | loss: 4.319657118424125, acc: 0.060332871012482664
2025-07-05 20:33:33,737 [INFO] [4] VALIDATION | acc: 0.05917159763313609
2025-07-05 20:33:46,870 [INFO] [5] TRAIN | loss: 4.020830874857695, acc: 0.10263522884882108
2025-07-05 20:33:46,870 [INFO] [5] VALIDATION | acc: 0.10355029585798817
2025-07-05 20:34:00,100 [INFO] [6] TRAIN | loss: 3.7131730940030967, acc: 0.15325936199722606
2025-07-05 20:34:00,100 [INFO] [6] VALIDATION | acc: 0.14497041420118342
2025-07-05 20:34:13,293 [INFO] [7] TRAIN | loss: 3.400558217712071, acc: 0.22122052704576978
2025-07-05 20:34:13,293 [INFO] [7] VALIDATION | acc: 0.20414201183431951
2025-07-05 20:34:26,762 [INFO] [8] TRAIN | loss: 3.1150549805682637, acc: 0.2926490984743412
2025-07-05 20:34:26,762 [INFO] [8] VALIDATION | acc: 0.25443786982248523
2025-07-05 20:34:40,040 [INFO] [9] TRAIN | loss: 2.7970827766086743, acc: 0.37586685159500693
2025-07-05 20:34:40,040 [INFO] [9] VALIDATION | acc: 0.2869822485207101
2025-07-05 20:34:53,228 [INFO] [10] TRAIN | loss: 2.53673779964447, acc: 0.44937586685159503
2025-07-05 20:34:53,228 [INFO] [10] VALIDATION | acc: 0.3668639053254438
2025-07-05 20:35:06,459 [INFO] [11] TRAIN | loss: 2.2786329336788342, acc: 0.49375866851595007
2025-07-05 20:35:06,459 [INFO] [11] VALIDATION | acc: 0.40532544378698226
2025-07-05 20:35:19,650 [INFO] [12] TRAIN | loss: 2.0210513550302256, acc: 0.5589459084604715
2025-07-05 20:35:19,650 [INFO] [12] VALIDATION | acc: 0.4378698224852071
2025-07-05 20:35:32,833 [INFO] [13] TRAIN | loss: 1.8600847306458845, acc: 0.5963938973647711
2025-07-05 20:35:32,833 [INFO] [13] VALIDATION | acc: 0.4408284023668639
2025-07-05 20:35:46,055 [INFO] [14] TRAIN | loss: 1.682139489961707, acc: 0.6428571428571429
2025-07-05 20:35:46,055 [INFO] [14] VALIDATION | acc: 0.48520710059171596
2025-07-05 20:35:59,232 [INFO] [15] TRAIN | loss: 1.494411386873411, acc: 0.6622746185852982
2025-07-05 20:35:59,232 [INFO] [15] VALIDATION | acc: 0.5
2025-07-05 20:36:12,446 [INFO] [16] TRAIN | loss: 1.3588087170020393, acc: 0.7052704576976422
2025-07-05 20:36:12,446 [INFO] [16] VALIDATION | acc: 0.5118343195266272
2025-07-05 20:36:25,561 [INFO] [17] TRAIN | loss: 1.339168264814045, acc: 0.7191400832177531
2025-07-05 20:36:25,561 [INFO] [17] VALIDATION | acc: 0.5029585798816568
2025-07-05 20:36:38,640 [INFO] [18] TRAIN | loss: 1.3082745852677717, acc: 0.723994452149792
2025-07-05 20:36:38,640 [INFO] [18] VALIDATION | acc: 0.5355029585798816
2025-07-05 20:36:51,815 [INFO] [19] TRAIN | loss: 1.1427555343379145, acc: 0.7475728155339806
2025-07-05 20:36:51,815 [INFO] [19] VALIDATION | acc: 0.5621301775147929
2025-07-05 20:37:05,016 [INFO] [20] TRAIN | loss: 0.9986887638983519, acc: 0.7961165048543689
2025-07-05 20:37:05,016 [INFO] [20] VALIDATION | acc: 0.5650887573964497
2025-07-05 20:37:18,145 [INFO] [21] TRAIN | loss: 0.9364607113858928, acc: 0.8072122052704577
2025-07-05 20:37:18,145 [INFO] [21] VALIDATION | acc: 0.5532544378698225
2025-07-05 20:37:31,235 [INFO] [22] TRAIN | loss: 0.8737900062747623, acc: 0.8203883495145631
2025-07-05 20:37:31,235 [INFO] [22] VALIDATION | acc: 0.591715976331361
2025-07-05 20:37:44,356 [INFO] [23] TRAIN | loss: 0.8246368950475818, acc: 0.8273231622746186
2025-07-05 20:37:44,356 [INFO] [23] VALIDATION | acc: 0.5769230769230769
2025-07-05 20:37:57,546 [INFO] [24] TRAIN | loss: 0.7168472817410594, acc: 0.863384188626907
2025-07-05 20:37:57,546 [INFO] [24] VALIDATION | acc: 0.5798816568047337
2025-07-05 20:38:10,580 [INFO] [25] TRAIN | loss: 0.6925968437091164, acc: 0.8744798890429958
2025-07-05 20:38:10,580 [INFO] [25] VALIDATION | acc: 0.5562130177514792
2025-07-05 20:38:23,606 [INFO] [26] TRAIN | loss: 0.693642694665038, acc: 0.8640776699029126
2025-07-05 20:38:23,606 [INFO] [26] VALIDATION | acc: 0.5828402366863905
2025-07-05 20:38:36,723 [INFO] [27] TRAIN | loss: 0.6036747266416964, acc: 0.8932038834951457
2025-07-05 20:38:36,723 [INFO] [27] VALIDATION | acc: 0.5798816568047337
2025-07-05 20:38:49,803 [INFO] [28] TRAIN | loss: 0.5741980639488801, acc: 0.8945908460471568
2025-07-05 20:38:49,803 [INFO] [28] VALIDATION | acc: 0.5976331360946746
2025-07-05 20:39:03,004 [INFO] [29] TRAIN | loss: 0.48865020339903625, acc: 0.9160887656033287
2025-07-05 20:39:03,004 [INFO] [29] VALIDATION | acc: 0.606508875739645
2025-07-05 20:39:16,192 [INFO] [30] TRAIN | loss: 0.457426430090614, acc: 0.9251040221914009
2025-07-05 20:39:16,192 [INFO] [30] VALIDATION | acc: 0.6301775147928994
2025-07-05 20:39:29,341 [INFO] [31] TRAIN | loss: 0.46086382736330445, acc: 0.9327323162274619
2025-07-05 20:39:29,341 [INFO] [31] VALIDATION | acc: 0.6035502958579881
2025-07-05 20:39:42,536 [INFO] [32] TRAIN | loss: 0.47129720190297003, acc: 0.9105409153952844
2025-07-05 20:39:42,536 [INFO] [32] VALIDATION | acc: 0.6094674556213018
2025-07-05 20:39:55,742 [INFO] [33] TRAIN | loss: 0.39369646038698114, acc: 0.9438280166435506
2025-07-05 20:39:55,742 [INFO] [33] VALIDATION | acc: 0.606508875739645
2025-07-05 20:40:08,982 [INFO] [34] TRAIN | loss: 0.3418253255279168, acc: 0.957004160887656
2025-07-05 20:40:08,982 [INFO] [34] VALIDATION | acc: 0.6242603550295858
2025-07-05 20:40:22,129 [INFO] [35] TRAIN | loss: 0.30772421897753427, acc: 0.9625520110957004
2025-07-05 20:40:22,130 [INFO] [35] VALIDATION | acc: 0.6183431952662722
2025-07-05 20:40:35,277 [INFO] [36] TRAIN | loss: 0.28097199778194015, acc: 0.9653259361997226
2025-07-05 20:40:35,277 [INFO] [36] VALIDATION | acc: 0.6153846153846154
2025-07-05 20:40:48,368 [INFO] [37] TRAIN | loss: 0.24859377871388974, acc: 0.9729542302357836
2025-07-05 20:40:48,368 [INFO] [37] VALIDATION | acc: 0.6331360946745562
2025-07-05 20:41:01,500 [INFO] [38] TRAIN | loss: 0.23923628874447034, acc: 0.9771151178918169
2025-07-05 20:41:01,500 [INFO] [38] VALIDATION | acc: 0.6094674556213018
2025-07-05 20:41:14,469 [INFO] [39] TRAIN | loss: 0.22965462230469869, acc: 0.9736477115117892
2025-07-05 20:41:14,469 [INFO] [39] VALIDATION | acc: 0.6035502958579881
2025-07-05 20:41:27,469 [INFO] [40] TRAIN | loss: 0.20978633865066196, acc: 0.9791955617198336
2025-07-05 20:41:27,469 [INFO] [40] VALIDATION | acc: 0.6301775147928994
2025-07-05 20:41:40,515 [INFO] [41] TRAIN | loss: 0.19514224500111912, acc: 0.9826629680998613
2025-07-05 20:41:40,515 [INFO] [41] VALIDATION | acc: 0.636094674556213
2025-07-05 20:41:53,561 [INFO] [42] TRAIN | loss: 0.17903648381647858, acc: 0.9875173370319001
2025-07-05 20:41:53,561 [INFO] [42] VALIDATION | acc: 0.6479289940828402
2025-07-05 20:42:06,700 [INFO] [43] TRAIN | loss: 0.17167719145831856, acc: 0.9882108183079057
2025-07-05 20:42:06,700 [INFO] [43] VALIDATION | acc: 0.665680473372781
2025-07-05 20:42:19,644 [INFO] [44] TRAIN | loss: 0.16850177457799081, acc: 0.9882108183079057
2025-07-05 20:42:19,644 [INFO] [44] VALIDATION | acc: 0.621301775147929
2025-07-05 20:42:32,591 [INFO] [45] TRAIN | loss: 0.15587321150562036, acc: 0.986130374479889
2025-07-05 20:42:32,591 [INFO] [45] VALIDATION | acc: 0.6272189349112426
2025-07-05 20:42:45,397 [INFO] [46] TRAIN | loss: 0.15910262792654659, acc: 0.9875173370319001
2025-07-05 20:42:45,397 [INFO] [46] VALIDATION | acc: 0.6449704142011834
2025-07-05 20:42:58,458 [INFO] [47] TRAIN | loss: 0.13536527534217938, acc: 0.9930651872399445
2025-07-05 20:42:58,458 [INFO] [47] VALIDATION | acc: 0.6568047337278107
2025-07-05 20:43:11,509 [INFO] [48] TRAIN | loss: 0.12653086010528647, acc: 0.9909847434119279
2025-07-05 20:43:11,510 [INFO] [48] VALIDATION | acc: 0.6331360946745562
2025-07-05 20:43:24,590 [INFO] [49] TRAIN | loss: 0.12130006532306256, acc: 0.9909847434119279
2025-07-05 20:43:24,590 [INFO] [49] VALIDATION | acc: 0.636094674556213
2025-07-05 20:43:37,587 [INFO] [50] TRAIN | loss: 0.11927998146933058, acc: 0.9909847434119279
2025-07-05 20:43:37,588 [INFO] [50] VALIDATION | acc: 0.621301775147929
2025-07-05 20:43:50,564 [INFO] [51] TRAIN | loss: 0.11672478379762691, acc: 0.992371705963939
2025-07-05 20:43:50,564 [INFO] [51] VALIDATION | acc: 0.636094674556213
2025-07-05 20:44:03,671 [INFO] [52] TRAIN | loss: 0.13916283003661944, acc: 0.9868238557558946
2025-07-05 20:44:03,671 [INFO] [52] VALIDATION | acc: 0.6538461538461539
2025-07-05 20:44:16,855 [INFO] [53] TRAIN | loss: 0.10170599299928416, acc: 0.9937586685159501
2025-07-05 20:44:16,855 [INFO] [53] VALIDATION | acc: 0.6420118343195266
2025-07-05 20:44:29,954 [INFO] [54] TRAIN | loss: 0.09983837806984135, acc: 0.992371705963939
2025-07-05 20:44:29,954 [INFO] [54] VALIDATION | acc: 0.6331360946745562
2025-07-05 20:44:42,983 [INFO] [55] TRAIN | loss: 0.10741275419359622, acc: 0.9916782246879334
2025-07-05 20:44:42,983 [INFO] [55] VALIDATION | acc: 0.6449704142011834
2025-07-05 20:44:55,975 [INFO] [56] TRAIN | loss: 0.09466112599424693, acc: 0.9930651872399445
2025-07-05 20:44:55,975 [INFO] [56] VALIDATION | acc: 0.6420118343195266
2025-07-05 20:45:09,025 [INFO] [57] TRAIN | loss: 0.0859287716448307, acc: 0.9930651872399445
2025-07-05 20:45:09,025 [INFO] [57] VALIDATION | acc: 0.6568047337278107
2025-07-05 20:45:22,063 [INFO] [58] TRAIN | loss: 0.08768156875410806, acc: 0.9902912621359223
2025-07-05 20:45:22,063 [INFO] [58] VALIDATION | acc: 0.6449704142011834
2025-07-05 20:45:35,224 [INFO] [59] TRAIN | loss: 0.0788437118348868, acc: 0.9958391123439667
2025-07-05 20:45:35,224 [INFO] [59] VALIDATION | acc: 0.6479289940828402
2025-07-05 20:45:48,370 [INFO] [60] TRAIN | loss: 0.08050501638132593, acc: 0.9930651872399445
2025-07-05 20:45:48,370 [INFO] [60] VALIDATION | acc: 0.6686390532544378
2025-07-05 20:46:01,042 [INFO] [61] TRAIN | loss: 0.09162864599214948, acc: 0.9909847434119279
2025-07-05 20:46:01,042 [INFO] [61] VALIDATION | acc: 0.6479289940828402
2025-07-05 20:46:13,845 [INFO] [62] TRAIN | loss: 0.0747833100511976, acc: 0.9951456310679612
2025-07-05 20:46:13,846 [INFO] [62] VALIDATION | acc: 0.6568047337278107
2025-07-05 20:46:26,949 [INFO] [63] TRAIN | loss: 0.07225700103394363, acc: 0.9944521497919556
2025-07-05 20:46:26,949 [INFO] [63] VALIDATION | acc: 0.6538461538461539
2025-07-05 20:46:40,028 [INFO] [64] TRAIN | loss: 0.069394757890183, acc: 0.9951456310679612
2025-07-05 20:46:40,028 [INFO] [64] VALIDATION | acc: 0.6597633136094675
2025-07-05 20:46:53,122 [INFO] [65] TRAIN | loss: 0.06574158257116443, acc: 0.9951456310679612
2025-07-05 20:46:53,122 [INFO] [65] VALIDATION | acc: 0.6420118343195266
2025-07-05 20:47:06,135 [INFO] [66] TRAIN | loss: 0.06243314002843007, acc: 0.9937586685159501
2025-07-05 20:47:06,136 [INFO] [66] VALIDATION | acc: 0.6568047337278107
2025-07-05 20:47:19,138 [INFO] [67] TRAIN | loss: 0.06158242779581443, acc: 0.992371705963939
2025-07-05 20:47:19,138 [INFO] [67] VALIDATION | acc: 0.6420118343195266
2025-07-05 20:47:32,121 [INFO] [68] TRAIN | loss: 0.05970429353739904, acc: 0.9944521497919556
2025-07-05 20:47:32,121 [INFO] [68] VALIDATION | acc: 0.6538461538461539
2025-07-05 20:47:45,097 [INFO] [69] TRAIN | loss: 0.05990693912557934, acc: 0.9944521497919556
2025-07-05 20:47:45,097 [INFO] [69] VALIDATION | acc: 0.6597633136094675
2025-07-05 20:47:58,134 [INFO] [70] TRAIN | loss: 0.05605510626312183, acc: 0.9944521497919556
2025-07-05 20:47:58,134 [INFO] [70] VALIDATION | acc: 0.6686390532544378
2025-07-05 20:48:11,158 [INFO] [71] TRAIN | loss: 0.05558688185461189, acc: 0.9951456310679612
2025-07-05 20:48:11,158 [INFO] [71] VALIDATION | acc: 0.6479289940828402
2025-07-05 20:48:24,254 [INFO] [72] TRAIN | loss: 0.05365578012297983, acc: 0.9944521497919556
2025-07-05 20:48:24,254 [INFO] [72] VALIDATION | acc: 0.6538461538461539
2025-07-05 20:48:37,294 [INFO] [73] TRAIN | loss: 0.0517394041399593, acc: 0.9944521497919556
2025-07-05 20:48:37,294 [INFO] [73] VALIDATION | acc: 0.650887573964497
2025-07-05 20:48:50,268 [INFO] [74] TRAIN | loss: 0.05007865077451519, acc: 0.9944521497919556
2025-07-05 20:48:50,269 [INFO] [74] VALIDATION | acc: 0.650887573964497
2025-07-05 20:49:03,378 [INFO] [75] TRAIN | loss: 0.04943129825203315, acc: 0.9951456310679612
2025-07-05 20:49:03,378 [INFO] [75] VALIDATION | acc: 0.6597633136094675
2025-07-05 20:49:16,491 [INFO] [76] TRAIN | loss: 0.05013697315007448, acc: 0.9937586685159501
2025-07-05 20:49:16,491 [INFO] [76] VALIDATION | acc: 0.6538461538461539
2025-07-05 20:49:29,575 [INFO] [77] TRAIN | loss: 0.04809192373700764, acc: 0.9930651872399445
2025-07-05 20:49:29,576 [INFO] [77] VALIDATION | acc: 0.6686390532544378
2025-07-05 20:49:42,678 [INFO] [78] TRAIN | loss: 0.04678942303618659, acc: 0.9951456310679612
2025-07-05 20:49:42,678 [INFO] [78] VALIDATION | acc: 0.6715976331360947
2025-07-05 20:49:55,263 [INFO] [79] TRAIN | loss: 0.04604243389938189, acc: 0.9951456310679612
2025-07-05 20:49:55,263 [INFO] [79] VALIDATION | acc: 0.6686390532544378
2025-07-05 20:50:08,310 [INFO] [80] TRAIN | loss: 0.045390826204548713, acc: 0.9944521497919556
2025-07-05 20:50:08,310 [INFO] [80] VALIDATION | acc: 0.6538461538461539
2025-07-05 20:50:21,281 [INFO] [81] TRAIN | loss: 0.04608153272420168, acc: 0.9937586685159501
2025-07-05 20:50:21,281 [INFO] [81] VALIDATION | acc: 0.6597633136094675
2025-07-05 20:50:34,380 [INFO] [82] TRAIN | loss: 0.04666544310748577, acc: 0.9951456310679612
2025-07-05 20:50:34,380 [INFO] [82] VALIDATION | acc: 0.6686390532544378
2025-07-05 20:50:47,447 [INFO] [83] TRAIN | loss: 0.04333566432899755, acc: 0.9937586685159501
2025-07-05 20:50:47,447 [INFO] [83] VALIDATION | acc: 0.6597633136094675
2025-07-05 20:51:00,461 [INFO] [84] TRAIN | loss: 0.043501085399285606, acc: 0.9944521497919556
2025-07-05 20:51:00,461 [INFO] [84] VALIDATION | acc: 0.6686390532544378
2025-07-05 20:51:13,460 [INFO] [85] TRAIN | loss: 0.04249185254878324, acc: 0.9951456310679612
2025-07-05 20:51:13,460 [INFO] [85] VALIDATION | acc: 0.650887573964497
2025-07-05 20:51:26,435 [INFO] [86] TRAIN | loss: 0.04133074123250401, acc: 0.9951456310679612
2025-07-05 20:51:26,435 [INFO] [86] VALIDATION | acc: 0.6597633136094675
2025-07-05 20:51:39,463 [INFO] [87] TRAIN | loss: 0.041431485675275326, acc: 0.9944521497919556
2025-07-05 20:51:39,463 [INFO] [87] VALIDATION | acc: 0.6597633136094675
2025-07-05 20:51:52,480 [INFO] [88] TRAIN | loss: 0.04139042852203483, acc: 0.9958391123439667
2025-07-05 20:51:52,480 [INFO] [88] VALIDATION | acc: 0.665680473372781
2025-07-05 20:52:05,566 [INFO] [89] TRAIN | loss: 0.03903077154055885, acc: 0.9944521497919556
2025-07-05 20:52:05,566 [INFO] [89] VALIDATION | acc: 0.6597633136094675
2025-07-05 20:52:18,655 [INFO] [90] TRAIN | loss: 0.038988103644679424, acc: 0.9951456310679612
2025-07-05 20:52:18,655 [INFO] [90] VALIDATION | acc: 0.6479289940828402
2025-07-05 20:52:31,698 [INFO] [91] TRAIN | loss: 0.038488947867375355, acc: 0.9951456310679612
2025-07-05 20:52:31,698 [INFO] [91] VALIDATION | acc: 0.6449704142011834
2025-07-05 20:52:44,914 [INFO] [92] TRAIN | loss: 0.05130042143813942, acc: 0.9944521497919556
2025-07-05 20:52:44,914 [INFO] [92] VALIDATION | acc: 0.6420118343195266
2025-07-05 20:52:58,095 [INFO] [93] TRAIN | loss: 0.07044099538546542, acc: 0.9937586685159501
2025-07-05 20:52:58,095 [INFO] [93] VALIDATION | acc: 0.6597633136094675
2025-07-05 20:53:11,196 [INFO] [94] TRAIN | loss: 0.048093265934806805, acc: 0.9937586685159501
2025-07-05 20:53:11,196 [INFO] [94] VALIDATION | acc: 0.650887573964497
2025-07-05 20:53:24,297 [INFO] [95] TRAIN | loss: 0.04180211229654758, acc: 0.9951456310679612
2025-07-05 20:53:24,297 [INFO] [95] VALIDATION | acc: 0.6538461538461539
2025-07-05 20:53:37,434 [INFO] [96] TRAIN | loss: 0.03997819429344457, acc: 0.9951456310679612
2025-07-05 20:53:37,434 [INFO] [96] VALIDATION | acc: 0.6597633136094675
2025-07-05 20:53:50,611 [INFO] [97] TRAIN | loss: 0.038526185099845345, acc: 0.9958391123439667
2025-07-05 20:53:50,611 [INFO] [97] VALIDATION | acc: 0.6568047337278107
2025-07-05 20:54:03,651 [INFO] [98] TRAIN | loss: 0.03771922733310772, acc: 0.9958391123439667
2025-07-05 20:54:03,651 [INFO] [98] VALIDATION | acc: 0.6479289940828402
2025-07-05 20:54:16,769 [INFO] [99] TRAIN | loss: 0.03740283964282792, acc: 0.9951456310679612
2025-07-05 20:54:16,769 [INFO] [99] VALIDATION | acc: 0.665680473372781
2025-07-05 20:54:29,354 [INFO] [100] TRAIN | loss: 0.03497236566213162, acc: 0.9958391123439667
2025-07-05 20:54:29,354 [INFO] [100] VALIDATION | acc: 0.6597633136094675
2025-07-05 20:54:29,355 [INFO] Testing checkpointed models starting...

2025-07-05 20:54:33,462 [INFO] checkpoint_t0  ->  0.003875968992248062
2025-07-05 20:54:39,824 [INFO] checkpoint_v0  ->  0.003875968992248062
2025-07-05 20:54:46,346 [INFO] checkpoint_t1  ->  0.4186046511627907
2025-07-05 20:54:53,123 [INFO] checkpoint_v1  ->  0.4186046511627907
2025-07-05 20:54:59,321 [INFO] checkpoint_t2  ->  0.5310077519379846
2025-07-05 20:55:07,390 [INFO] checkpoint_v2  ->  0.5116279069767442
2025-07-05 20:55:14,559 [INFO] checkpoint_t3  ->  0.5852713178294574
2025-07-05 20:55:22,530 [INFO] checkpoint_v3  ->  0.5697674418604651
2025-07-05 20:55:29,479 [INFO] checkpoint_t4  ->  0.5813953488372093
2025-07-05 20:55:37,780 [INFO] checkpoint_v4  ->  0.5813953488372093
2025-07-05 20:55:45,442 [INFO] checkpoint_t5  ->  0.5813953488372093
2025-07-05 20:55:53,442 [INFO] checkpoint_v5  ->  0.562015503875969
2025-07-05 20:56:01,087 [INFO] checkpoint_t6  ->  0.5813953488372093
2025-07-05 20:56:07,383 [INFO] checkpoint_v6  ->  0.6007751937984496
2025-07-05 20:56:14,231 [INFO] checkpoint_t7  ->  0.5697674418604651
2025-07-05 20:56:20,453 [INFO] checkpoint_v7  ->  0.5968992248062015
2025-07-05 20:56:27,985 [INFO] checkpoint_t8  ->  0.5968992248062015
2025-07-05 20:56:34,155 [INFO] checkpoint_v8  ->  0.5930232558139535
2025-07-05 20:56:40,544 [INFO] checkpoint_t9  ->  0.6046511627906976
2025-07-05 20:56:46,642 [INFO] checkpoint_v9  ->  0.6162790697674418
2025-07-05 20:56:53,751 [INFO] checkpoint_t10  ->  0.6162790697674418
2025-07-05 20:57:00,086 [INFO] checkpoint_v10  ->  0.6007751937984496
2025-07-05 20:57:00,087 [INFO] 
=======================================
2025-07-05 20:57:00,087 [INFO] The best testing checkpoint: encoder_hand_pose_angles_fs1/checkpoint_v_9:
2025-07-05 20:57:00,087 [INFO]    Testing accuracy: 0.616
2025-07-05 20:57:00,087 [INFO]    Macro F1 score: 0.601
2025-07-05 20:57:00,087 [INFO]    Weighted F1 score: 0.605
2025-07-05 20:57:00,087 [INFO]    Total trainable parameters: 20,839,972
2025-07-05 20:57:00,087 [INFO]    Elapsed time: 1458.62 sec
2025-07-05 20:57:00,087 [INFO] ----------------Config information----------------------- 
2025-07-05 20:57:00,087 [INFO]  - Experiment Args: dataset=WLASL100, features=HAND_POSE_ANGLES, include_blendshapes=0, fs=1, num_classes=100, model=encoder, mediapipe_holistic=True, dim=544, heads=8, n_layers=6, PE=0, pad=True, clip_weights=0, clip_gradients=0, opt=SGD, sgd_momentum=0.9, scheduler=cosine, bs=32, epochs=100, lr=1e-03, logfreq=1, checkpoints=True
2025-07-05 20:57:00,156 [INFO] 
Any desired statistics have been plotted.
The experiment is finished.
