2025-07-07 14:56:58,095 [INFO] [INFO] Starting experiment encoder_hand_angles_fs1...


2025-07-07 14:57:01,682 [INFO] [1] TRAIN | loss: 4.709626249645067, acc: 0.011789181692094313
2025-07-07 14:57:01,682 [INFO] [1] VALIDATION | acc: 0.011834319526627219
2025-07-07 14:57:05,022 [INFO] [2] TRAIN | loss: 4.620014988857767, acc: 0.020804438280166437
2025-07-07 14:57:05,022 [INFO] [2] VALIDATION | acc: 0.020710059171597635
2025-07-07 14:57:08,345 [INFO] [3] TRAIN | loss: 4.465149340422257, acc: 0.036754507628294034
2025-07-07 14:57:08,345 [INFO] [3] VALIDATION | acc: 0.04142011834319527
2025-07-07 14:57:11,717 [INFO] [4] TRAIN | loss: 4.261128513709359, acc: 0.06934812760055478
2025-07-07 14:57:11,717 [INFO] [4] VALIDATION | acc: 0.08579881656804733
2025-07-07 14:57:15,068 [INFO] [5] TRAIN | loss: 3.970999484476836, acc: 0.11927877947295423
2025-07-07 14:57:15,068 [INFO] [5] VALIDATION | acc: 0.14201183431952663
2025-07-07 14:57:18,439 [INFO] [6] TRAIN | loss: 3.6875847474388452, acc: 0.180998613037448
2025-07-07 14:57:18,439 [INFO] [6] VALIDATION | acc: 0.1952662721893491
2025-07-07 14:57:21,773 [INFO] [7] TRAIN | loss: 3.360399982203608, acc: 0.24687933425797504
2025-07-07 14:57:21,773 [INFO] [7] VALIDATION | acc: 0.2455621301775148
2025-07-07 14:57:25,120 [INFO] [8] TRAIN | loss: 3.111851640369581, acc: 0.29403606102635227
2025-07-07 14:57:25,120 [INFO] [8] VALIDATION | acc: 0.27514792899408286
2025-07-07 14:57:28,491 [INFO] [9] TRAIN | loss: 2.871633581493212, acc: 0.3578363384188627
2025-07-07 14:57:28,491 [INFO] [9] VALIDATION | acc: 0.3136094674556213
2025-07-07 14:57:31,849 [INFO] [10] TRAIN | loss: 2.652932846027872, acc: 0.40846047156726767
2025-07-07 14:57:31,849 [INFO] [10] VALIDATION | acc: 0.35502958579881655
2025-07-07 14:57:35,229 [INFO] [11] TRAIN | loss: 2.455694452576015, acc: 0.4549237170596394
2025-07-07 14:57:35,229 [INFO] [11] VALIDATION | acc: 0.3994082840236686
2025-07-07 14:57:38,590 [INFO] [12] TRAIN | loss: 2.2497037493664287, acc: 0.4854368932038835
2025-07-07 14:57:38,591 [INFO] [12] VALIDATION | acc: 0.40236686390532544
2025-07-07 14:57:41,974 [INFO] [13] TRAIN | loss: 2.1184010842572087, acc: 0.5228848821081831
2025-07-07 14:57:41,974 [INFO] [13] VALIDATION | acc: 0.4378698224852071
2025-07-07 14:57:45,315 [INFO] [14] TRAIN | loss: 1.972246685753698, acc: 0.5492371705963939
2025-07-07 14:57:45,315 [INFO] [14] VALIDATION | acc: 0.4289940828402367
2025-07-07 14:57:48,675 [INFO] [15] TRAIN | loss: 1.867165057555489, acc: 0.5742024965325936
2025-07-07 14:57:48,675 [INFO] [15] VALIDATION | acc: 0.4467455621301775
2025-07-07 14:57:52,025 [INFO] [16] TRAIN | loss: 1.7847703021505605, acc: 0.5922330097087378
2025-07-07 14:57:52,025 [INFO] [16] VALIDATION | acc: 0.46153846153846156
2025-07-07 14:57:55,376 [INFO] [17] TRAIN | loss: 1.6847815280375273, acc: 0.6061026352288488
2025-07-07 14:57:55,376 [INFO] [17] VALIDATION | acc: 0.46449704142011833
2025-07-07 14:57:58,712 [INFO] [18] TRAIN | loss: 1.5736511816149172, acc: 0.6255201109570042
2025-07-07 14:57:58,712 [INFO] [18] VALIDATION | acc: 0.4970414201183432
2025-07-07 14:58:02,002 [INFO] [19] TRAIN | loss: 1.5095908279004304, acc: 0.6574202496532594
2025-07-07 14:58:02,002 [INFO] [19] VALIDATION | acc: 0.4911242603550296
2025-07-07 14:58:05,289 [INFO] [20] TRAIN | loss: 1.5078723637954048, acc: 0.6511789181692095
2025-07-07 14:58:05,289 [INFO] [20] VALIDATION | acc: 0.5029585798816568
2025-07-07 14:58:08,614 [INFO] [21] TRAIN | loss: 1.4757392354633496, acc: 0.6650485436893204
2025-07-07 14:58:08,614 [INFO] [21] VALIDATION | acc: 0.5177514792899408
2025-07-07 14:58:11,949 [INFO] [22] TRAIN | loss: 1.3572484267794567, acc: 0.687239944521498
2025-07-07 14:58:11,949 [INFO] [22] VALIDATION | acc: 0.5207100591715976
2025-07-07 14:58:15,266 [INFO] [23] TRAIN | loss: 1.2615334534126779, acc: 0.6955617198335645
2025-07-07 14:58:15,266 [INFO] [23] VALIDATION | acc: 0.514792899408284
2025-07-07 14:58:18,535 [INFO] [24] TRAIN | loss: 1.1694875411365344, acc: 0.7288488210818308
2025-07-07 14:58:18,535 [INFO] [24] VALIDATION | acc: 0.4911242603550296
2025-07-07 14:58:21,866 [INFO] [25] TRAIN | loss: 1.11146447321643, acc: 0.7447988904299584
2025-07-07 14:58:21,866 [INFO] [25] VALIDATION | acc: 0.5355029585798816
2025-07-07 14:58:25,185 [INFO] [26] TRAIN | loss: 1.0903275686761607, acc: 0.7510402219140083
2025-07-07 14:58:25,185 [INFO] [26] VALIDATION | acc: 0.5473372781065089
2025-07-07 14:58:28,486 [INFO] [27] TRAIN | loss: 1.0340680855771769, acc: 0.7572815533980582
2025-07-07 14:58:28,486 [INFO] [27] VALIDATION | acc: 0.5532544378698225
2025-07-07 14:58:31,754 [INFO] [28] TRAIN | loss: 1.002307081999986, acc: 0.7739251040221914
2025-07-07 14:58:31,754 [INFO] [28] VALIDATION | acc: 0.5414201183431953
2025-07-07 14:58:35,051 [INFO] [29] TRAIN | loss: 0.9322534307189609, acc: 0.7843273231622746
2025-07-07 14:58:35,052 [INFO] [29] VALIDATION | acc: 0.5473372781065089
2025-07-07 14:58:38,366 [INFO] [30] TRAIN | loss: 0.8880129637925521, acc: 0.8037447988904299
2025-07-07 14:58:38,366 [INFO] [30] VALIDATION | acc: 0.5680473372781065
2025-07-07 14:58:41,660 [INFO] [31] TRAIN | loss: 0.901763291462608, acc: 0.8016643550624133
2025-07-07 14:58:41,661 [INFO] [31] VALIDATION | acc: 0.5650887573964497
2025-07-07 14:58:44,972 [INFO] [32] TRAIN | loss: 0.8068505888399871, acc: 0.8217753120665742
2025-07-07 14:58:44,972 [INFO] [32] VALIDATION | acc: 0.5650887573964497
2025-07-07 14:58:48,268 [INFO] [33] TRAIN | loss: 0.786154554589935, acc: 0.8314840499306518
2025-07-07 14:58:48,268 [INFO] [33] VALIDATION | acc: 0.5591715976331361
2025-07-07 14:58:51,530 [INFO] [34] TRAIN | loss: 0.7928564133851425, acc: 0.8259361997226075
2025-07-07 14:58:51,530 [INFO] [34] VALIDATION | acc: 0.5502958579881657
2025-07-07 14:58:54,842 [INFO] [35] TRAIN | loss: 0.740955330107523, acc: 0.8377253814147018
2025-07-07 14:58:54,842 [INFO] [35] VALIDATION | acc: 0.5828402366863905
2025-07-07 14:58:58,130 [INFO] [36] TRAIN | loss: 0.6896929151338079, acc: 0.8536754507628294
2025-07-07 14:58:58,130 [INFO] [36] VALIDATION | acc: 0.5650887573964497
2025-07-07 14:59:01,424 [INFO] [37] TRAIN | loss: 0.6457454043885936, acc: 0.863384188626907
2025-07-07 14:59:01,424 [INFO] [37] VALIDATION | acc: 0.5828402366863905
2025-07-07 14:59:04,760 [INFO] [38] TRAIN | loss: 0.595164501796598, acc: 0.8730929264909847
2025-07-07 14:59:04,760 [INFO] [38] VALIDATION | acc: 0.591715976331361
2025-07-07 14:59:08,141 [INFO] [39] TRAIN | loss: 0.5613151490688324, acc: 0.8897364771151179
2025-07-07 14:59:08,141 [INFO] [39] VALIDATION | acc: 0.5739644970414202
2025-07-07 14:59:11,467 [INFO] [40] TRAIN | loss: 0.5500833411579547, acc: 0.8869625520110958
2025-07-07 14:59:11,467 [INFO] [40] VALIDATION | acc: 0.5710059171597633
2025-07-07 14:59:14,764 [INFO] [41] TRAIN | loss: 0.5369850675696912, acc: 0.8904299583911235
2025-07-07 14:59:14,764 [INFO] [41] VALIDATION | acc: 0.5887573964497042
2025-07-07 14:59:18,100 [INFO] [42] TRAIN | loss: 0.4856540709733963, acc: 0.9042995839112344
2025-07-07 14:59:18,100 [INFO] [42] VALIDATION | acc: 0.5857988165680473
2025-07-07 14:59:21,415 [INFO] [43] TRAIN | loss: 0.49472957395988965, acc: 0.897364771151179
2025-07-07 14:59:21,415 [INFO] [43] VALIDATION | acc: 0.606508875739645
2025-07-07 14:59:24,719 [INFO] [44] TRAIN | loss: 0.43869518456251727, acc: 0.9223300970873787
2025-07-07 14:59:24,719 [INFO] [44] VALIDATION | acc: 0.6183431952662722
2025-07-07 14:59:27,991 [INFO] [45] TRAIN | loss: 0.46245708284170733, acc: 0.90499306518724
2025-07-07 14:59:27,991 [INFO] [45] VALIDATION | acc: 0.5828402366863905
2025-07-07 14:59:31,295 [INFO] [46] TRAIN | loss: 0.42760415569595667, acc: 0.9244105409153953
2025-07-07 14:59:31,295 [INFO] [46] VALIDATION | acc: 0.5739644970414202
2025-07-07 14:59:34,599 [INFO] [47] TRAIN | loss: 0.41980262100696564, acc: 0.926490984743412
2025-07-07 14:59:34,599 [INFO] [47] VALIDATION | acc: 0.5769230769230769
2025-07-07 14:59:37,867 [INFO] [48] TRAIN | loss: 0.38932201039531955, acc: 0.9237170596393898
2025-07-07 14:59:37,868 [INFO] [48] VALIDATION | acc: 0.6183431952662722
2025-07-07 14:59:41,148 [INFO] [49] TRAIN | loss: 0.3571897680344789, acc: 0.9410540915395285
2025-07-07 14:59:41,148 [INFO] [49] VALIDATION | acc: 0.5946745562130178
2025-07-07 14:59:44,406 [INFO] [50] TRAIN | loss: 0.3900683535181958, acc: 0.9251040221914009
2025-07-07 14:59:44,406 [INFO] [50] VALIDATION | acc: 0.6124260355029586
2025-07-07 14:59:47,712 [INFO] [51] TRAIN | loss: 0.33602047517247824, acc: 0.9424410540915396
2025-07-07 14:59:47,712 [INFO] [51] VALIDATION | acc: 0.5798816568047337
2025-07-07 14:59:51,049 [INFO] [52] TRAIN | loss: 0.3591529001360354, acc: 0.9361997226074896
2025-07-07 14:59:51,049 [INFO] [52] VALIDATION | acc: 0.5976331360946746
2025-07-07 14:59:54,307 [INFO] [53] TRAIN | loss: 0.4185646325349808, acc: 0.9188626907073509
2025-07-07 14:59:54,307 [INFO] [53] VALIDATION | acc: 0.5887573964497042
2025-07-07 14:59:57,546 [INFO] [54] TRAIN | loss: 0.420241456316865, acc: 0.9140083217753121
2025-07-07 14:59:57,546 [INFO] [54] VALIDATION | acc: 0.5946745562130178
2025-07-07 15:00:00,897 [INFO] [55] TRAIN | loss: 0.2946554577868918, acc: 0.9604715672676838
2025-07-07 15:00:00,897 [INFO] [55] VALIDATION | acc: 0.606508875739645
2025-07-07 15:00:04,153 [INFO] [56] TRAIN | loss: 0.3334212261049644, acc: 0.941747572815534
2025-07-07 15:00:04,154 [INFO] [56] VALIDATION | acc: 0.606508875739645
2025-07-07 15:00:07,392 [INFO] [57] TRAIN | loss: 0.27630160190165043, acc: 0.955617198335645
2025-07-07 15:00:07,392 [INFO] [57] VALIDATION | acc: 0.5887573964497042
2025-07-07 15:00:10,679 [INFO] [58] TRAIN | loss: 0.23382764342038528, acc: 0.9660194174757282
2025-07-07 15:00:10,679 [INFO] [58] VALIDATION | acc: 0.6035502958579881
2025-07-07 15:00:13,960 [INFO] [59] TRAIN | loss: 0.21930087252479533, acc: 0.9687933425797504
2025-07-07 15:00:13,960 [INFO] [59] VALIDATION | acc: 0.6005917159763313
2025-07-07 15:00:17,233 [INFO] [60] TRAIN | loss: 0.21834733175194782, acc: 0.9729542302357836
2025-07-07 15:00:17,233 [INFO] [60] VALIDATION | acc: 0.5976331360946746
2025-07-07 15:00:20,477 [INFO] [61] TRAIN | loss: 0.23074358296783073, acc: 0.9694868238557559
2025-07-07 15:00:20,477 [INFO] [61] VALIDATION | acc: 0.606508875739645
2025-07-07 15:00:23,772 [INFO] [62] TRAIN | loss: 0.23284904853157376, acc: 0.9660194174757282
2025-07-07 15:00:23,773 [INFO] [62] VALIDATION | acc: 0.621301775147929
2025-07-07 15:00:27,077 [INFO] [63] TRAIN | loss: 0.1901528082140114, acc: 0.9791955617198336
2025-07-07 15:00:27,077 [INFO] [63] VALIDATION | acc: 0.5828402366863905
2025-07-07 15:00:30,345 [INFO] [64] TRAIN | loss: 0.21104729953019516, acc: 0.9743411927877947
2025-07-07 15:00:30,345 [INFO] [64] VALIDATION | acc: 0.5946745562130178
2025-07-07 15:00:33,594 [INFO] [65] TRAIN | loss: 0.23121265581120615, acc: 0.9653259361997226
2025-07-07 15:00:33,594 [INFO] [65] VALIDATION | acc: 0.6183431952662722
2025-07-07 15:00:36,878 [INFO] [66] TRAIN | loss: 0.17400940831588663, acc: 0.9805825242718447
2025-07-07 15:00:36,878 [INFO] [66] VALIDATION | acc: 0.5887573964497042
2025-07-07 15:00:40,132 [INFO] [67] TRAIN | loss: 0.17311247130450996, acc: 0.978502080443828
2025-07-07 15:00:40,132 [INFO] [67] VALIDATION | acc: 0.591715976331361
2025-07-07 15:00:43,403 [INFO] [68] TRAIN | loss: 0.18180520395221916, acc: 0.9771151178918169
2025-07-07 15:00:43,403 [INFO] [68] VALIDATION | acc: 0.6124260355029586
2025-07-07 15:00:46,663 [INFO] [69] TRAIN | loss: 0.1943580516330574, acc: 0.9764216366158114
2025-07-07 15:00:46,663 [INFO] [69] VALIDATION | acc: 0.606508875739645
2025-07-07 15:00:49,953 [INFO] [70] TRAIN | loss: 0.1478873855717804, acc: 0.9833564493758669
2025-07-07 15:00:49,953 [INFO] [70] VALIDATION | acc: 0.6005917159763313
2025-07-07 15:00:53,255 [INFO] [71] TRAIN | loss: 0.13803782346455948, acc: 0.9875173370319001
2025-07-07 15:00:53,255 [INFO] [71] VALIDATION | acc: 0.6272189349112426
2025-07-07 15:00:56,655 [INFO] [72] TRAIN | loss: 0.14463652054900708, acc: 0.9875173370319001
2025-07-07 15:00:56,655 [INFO] [72] VALIDATION | acc: 0.6183431952662722
2025-07-07 15:00:59,998 [INFO] [73] TRAIN | loss: 0.1643639491951984, acc: 0.9791955617198336
2025-07-07 15:00:59,999 [INFO] [73] VALIDATION | acc: 0.5976331360946746
2025-07-07 15:01:03,337 [INFO] [74] TRAIN | loss: 0.12933083332103232, acc: 0.9868238557558946
2025-07-07 15:01:03,337 [INFO] [74] VALIDATION | acc: 0.6094674556213018
2025-07-07 15:01:06,651 [INFO] [75] TRAIN | loss: 0.12150471908566744, acc: 0.9895977808599168
2025-07-07 15:01:06,651 [INFO] [75] VALIDATION | acc: 0.5976331360946746
2025-07-07 15:01:10,075 [INFO] [76] TRAIN | loss: 0.11371136489121811, acc: 0.9882108183079057
2025-07-07 15:01:10,075 [INFO] [76] VALIDATION | acc: 0.5976331360946746
2025-07-07 15:01:13,395 [INFO] [77] TRAIN | loss: 0.11200907421500786, acc: 0.9889042995839112
2025-07-07 15:01:13,395 [INFO] [77] VALIDATION | acc: 0.5976331360946746
2025-07-07 15:01:16,714 [INFO] [78] TRAIN | loss: 0.10724508608488934, acc: 0.9889042995839112
2025-07-07 15:01:16,714 [INFO] [78] VALIDATION | acc: 0.6124260355029586
2025-07-07 15:01:20,016 [INFO] [79] TRAIN | loss: 0.10822435444139916, acc: 0.9902912621359223
2025-07-07 15:01:20,016 [INFO] [79] VALIDATION | acc: 0.6124260355029586
2025-07-07 15:01:23,359 [INFO] [80] TRAIN | loss: 0.10032763068928667, acc: 0.9909847434119279
2025-07-07 15:01:23,359 [INFO] [80] VALIDATION | acc: 0.6124260355029586
2025-07-07 15:01:26,693 [INFO] [81] TRAIN | loss: 0.10263359741024349, acc: 0.9875173370319001
2025-07-07 15:01:26,694 [INFO] [81] VALIDATION | acc: 0.6183431952662722
2025-07-07 15:01:30,049 [INFO] [82] TRAIN | loss: 0.1010817793076453, acc: 0.9930651872399445
2025-07-07 15:01:30,049 [INFO] [82] VALIDATION | acc: 0.6153846153846154
2025-07-07 15:01:33,382 [INFO] [83] TRAIN | loss: 0.10407004813137262, acc: 0.9930651872399445
2025-07-07 15:01:33,382 [INFO] [83] VALIDATION | acc: 0.621301775147929
2025-07-07 15:01:36,666 [INFO] [84] TRAIN | loss: 0.09263176203745863, acc: 0.9909847434119279
2025-07-07 15:01:36,666 [INFO] [84] VALIDATION | acc: 0.5976331360946746
2025-07-07 15:01:39,952 [INFO] [85] TRAIN | loss: 0.09136779865492946, acc: 0.9909847434119279
2025-07-07 15:01:39,952 [INFO] [85] VALIDATION | acc: 0.6035502958579881
2025-07-07 15:01:43,222 [INFO] [86] TRAIN | loss: 0.09505865257233381, acc: 0.9895977808599168
2025-07-07 15:01:43,222 [INFO] [86] VALIDATION | acc: 0.6183431952662722
2025-07-07 15:01:46,492 [INFO] [87] TRAIN | loss: 0.08820275865171266, acc: 0.9909847434119279
2025-07-07 15:01:46,492 [INFO] [87] VALIDATION | acc: 0.621301775147929
2025-07-07 15:01:49,753 [INFO] [88] TRAIN | loss: 0.08842532968391544, acc: 0.9909847434119279
2025-07-07 15:01:49,753 [INFO] [88] VALIDATION | acc: 0.621301775147929
2025-07-07 15:01:53,049 [INFO] [89] TRAIN | loss: 0.08724168315529823, acc: 0.9902912621359223
2025-07-07 15:01:53,049 [INFO] [89] VALIDATION | acc: 0.6124260355029586
2025-07-07 15:01:56,462 [INFO] [90] TRAIN | loss: 0.08342071776480778, acc: 0.9916782246879334
2025-07-07 15:01:56,462 [INFO] [90] VALIDATION | acc: 0.6035502958579881
2025-07-07 15:01:59,912 [INFO] [91] TRAIN | loss: 0.08271689713001251, acc: 0.9902912621359223
2025-07-07 15:01:59,912 [INFO] [91] VALIDATION | acc: 0.606508875739645
2025-07-07 15:02:03,255 [INFO] [92] TRAIN | loss: 0.0800915370978739, acc: 0.9916782246879334
2025-07-07 15:02:03,255 [INFO] [92] VALIDATION | acc: 0.6094674556213018
2025-07-07 15:02:06,561 [INFO] [93] TRAIN | loss: 0.07950946356615295, acc: 0.9902912621359223
2025-07-07 15:02:06,561 [INFO] [93] VALIDATION | acc: 0.6094674556213018
2025-07-07 15:02:09,995 [INFO] [94] TRAIN | loss: 0.0930353096159904, acc: 0.9875173370319001
2025-07-07 15:02:09,995 [INFO] [94] VALIDATION | acc: 0.606508875739645
2025-07-07 15:02:13,297 [INFO] [95] TRAIN | loss: 0.08814898311443951, acc: 0.9889042995839112
2025-07-07 15:02:13,297 [INFO] [95] VALIDATION | acc: 0.6035502958579881
2025-07-07 15:02:16,599 [INFO] [96] TRAIN | loss: 0.07617787903417712, acc: 0.9916782246879334
2025-07-07 15:02:16,599 [INFO] [96] VALIDATION | acc: 0.6183431952662722
2025-07-07 15:02:19,957 [INFO] [97] TRAIN | loss: 0.07297470153349897, acc: 0.992371705963939
2025-07-07 15:02:19,958 [INFO] [97] VALIDATION | acc: 0.6035502958579881
2025-07-07 15:02:23,366 [INFO] [98] TRAIN | loss: 0.07054828844316628, acc: 0.9930651872399445
2025-07-07 15:02:23,366 [INFO] [98] VALIDATION | acc: 0.6005917159763313
2025-07-07 15:02:26,754 [INFO] [99] TRAIN | loss: 0.07002177089452744, acc: 0.9930651872399445
2025-07-07 15:02:26,754 [INFO] [99] VALIDATION | acc: 0.6153846153846154
2025-07-07 15:02:30,013 [INFO] [100] TRAIN | loss: 0.06805598978763042, acc: 0.992371705963939
2025-07-07 15:02:30,013 [INFO] [100] VALIDATION | acc: 0.6005917159763313
2025-07-07 15:02:30,013 [INFO] Testing checkpointed models starting...

2025-07-07 15:02:31,252 [INFO] checkpoint_t0  ->  0.01937984496124031
2025-07-07 15:02:32,494 [INFO] checkpoint_v0  ->  0.01937984496124031
2025-07-07 15:02:33,835 [INFO] checkpoint_t1  ->  0.3682170542635659
2025-07-07 15:02:38,534 [INFO] checkpoint_v1  ->  0.3682170542635659
2025-07-07 15:02:43,120 [INFO] checkpoint_t2  ->  0.5155038759689923
2025-07-07 15:02:47,840 [INFO] checkpoint_v2  ->  0.5155038759689923
2025-07-07 15:02:54,712 [INFO] checkpoint_t3  ->  0.5426356589147286
2025-07-07 15:03:01,947 [INFO] checkpoint_v3  ->  0.5426356589147286
2025-07-07 15:03:08,608 [INFO] checkpoint_t4  ->  0.5542635658914729
2025-07-07 15:03:15,502 [INFO] checkpoint_v4  ->  0.5503875968992248
2025-07-07 15:03:22,055 [INFO] checkpoint_t5  ->  0.5658914728682171
2025-07-07 15:03:29,753 [INFO] checkpoint_v5  ->  0.5387596899224806
2025-07-07 15:03:36,502 [INFO] checkpoint_t6  ->  0.5697674418604651
2025-07-07 15:03:43,443 [INFO] checkpoint_v6  ->  0.5736434108527132
2025-07-07 15:03:49,898 [INFO] checkpoint_t7  ->  0.562015503875969
2025-07-07 15:03:57,284 [INFO] checkpoint_v7  ->  0.562015503875969
2025-07-07 15:04:03,825 [INFO] checkpoint_t8  ->  0.562015503875969
2025-07-07 15:04:10,898 [INFO] checkpoint_v8  ->  0.5736434108527132
2025-07-07 15:04:17,936 [INFO] checkpoint_t9  ->  0.5658914728682171
2025-07-07 15:04:24,211 [INFO] checkpoint_v9  ->  0.5658914728682171
2025-07-07 15:04:29,815 [INFO] checkpoint_t10  ->  0.5658914728682171
2025-07-07 15:04:35,467 [INFO] checkpoint_v10  ->  0.5697674418604651
2025-07-07 15:04:35,468 [INFO] 
=======================================
2025-07-07 15:04:35,468 [INFO] The best testing checkpoint: encoder_hand_angles_fs1/checkpoint_v_6:
2025-07-07 15:04:35,468 [INFO]    Testing accuracy: 0.574
2025-07-07 15:04:35,468 [INFO]    Macro F1 score: 0.553
2025-07-07 15:04:35,468 [INFO]    Weighted F1 score: 0.556
2025-07-07 15:04:35,468 [INFO]    Total trainable parameters: 10,543,588
2025-07-07 15:04:35,468 [INFO]    Elapsed time: 457.37 sec
2025-07-07 15:04:35,468 [INFO] ----------------Config information----------------------- 
2025-07-07 15:04:35,468 [INFO]  - Experiment Args: {'dataset': 'WLASL100', 'features': 'HAND_ANGLES', 'include_blendshapes': 0, 'fs': 1, 'feature_truncation': 0, 'num_classes': 100, 'model': 'encoder', 'mediapipe_holistic': True, 'dim': 320, 'heads': 8, 'n_layers': 6, 'PE': 0, 'pad': 'True', 'clip_weights': 0, 'clip_gradients': 0, 'opt': 'SGD', 'sgd_momentum': 0.9, 'scheduler': 'cosine', 'bs': 32, 'epochs': 100, 'lr': '1e-03', 'logfreq': 1, 'checkpoints': True}
2025-07-07 15:04:35,544 [INFO] 
Any desired statistics have been plotted.
The experiment is finished.
