2025-07-07 14:48:56,585 [INFO] [INFO] Starting experiment encoder_hand_angles_fs0...


2025-07-07 14:49:00,494 [INFO] [1] TRAIN | loss: 4.768691094025321, acc: 0.0048543689320388345
2025-07-07 14:49:00,495 [INFO] [1] VALIDATION | acc: 0.008875739644970414
2025-07-07 14:49:04,216 [INFO] [2] TRAIN | loss: 4.635614198187123, acc: 0.0159500693481276
2025-07-07 14:49:04,216 [INFO] [2] VALIDATION | acc: 0.020710059171597635
2025-07-07 14:49:07,921 [INFO] [3] TRAIN | loss: 4.420801763949187, acc: 0.04230235783633842
2025-07-07 14:49:07,921 [INFO] [3] VALIDATION | acc: 0.0621301775147929
2025-07-07 14:49:11,636 [INFO] [4] TRAIN | loss: 4.186737407808718, acc: 0.05617198335644938
2025-07-07 14:49:11,636 [INFO] [4] VALIDATION | acc: 0.10355029585798817
2025-07-07 14:49:15,352 [INFO] [5] TRAIN | loss: 3.8938861307890518, acc: 0.11719833564493759
2025-07-07 14:49:15,352 [INFO] [5] VALIDATION | acc: 0.12130177514792899
2025-07-07 14:49:19,083 [INFO] [6] TRAIN | loss: 3.6202156129090683, acc: 0.17891816920943135
2025-07-07 14:49:19,083 [INFO] [6] VALIDATION | acc: 0.17751479289940827
2025-07-07 14:49:22,788 [INFO] [7] TRAIN | loss: 3.328131141869918, acc: 0.2434119278779473
2025-07-07 14:49:22,788 [INFO] [7] VALIDATION | acc: 0.26627218934911245
2025-07-07 14:49:26,503 [INFO] [8] TRAIN | loss: 3.0669236390487007, acc: 0.3065187239944521
2025-07-07 14:49:26,503 [INFO] [8] VALIDATION | acc: 0.28994082840236685
2025-07-07 14:49:30,194 [INFO] [9] TRAIN | loss: 2.8001328914061836, acc: 0.369625520110957
2025-07-07 14:49:30,194 [INFO] [9] VALIDATION | acc: 0.3254437869822485
2025-07-07 14:49:33,899 [INFO] [10] TRAIN | loss: 2.5477041524389517, acc: 0.41816920943134533
2025-07-07 14:49:33,899 [INFO] [10] VALIDATION | acc: 0.38461538461538464
2025-07-07 14:49:37,610 [INFO] [11] TRAIN | loss: 2.308941286543141, acc: 0.4694868238557559
2025-07-07 14:49:37,610 [INFO] [11] VALIDATION | acc: 0.4260355029585799
2025-07-07 14:49:41,314 [INFO] [12] TRAIN | loss: 2.137657694194628, acc: 0.5
2025-07-07 14:49:41,314 [INFO] [12] VALIDATION | acc: 0.4408284023668639
2025-07-07 14:49:45,045 [INFO] [13] TRAIN | loss: 2.005556712979856, acc: 0.5360610263522885
2025-07-07 14:49:45,045 [INFO] [13] VALIDATION | acc: 0.45857988165680474
2025-07-07 14:49:48,705 [INFO] [14] TRAIN | loss: 1.8505343535672063, acc: 0.5728155339805825
2025-07-07 14:49:48,705 [INFO] [14] VALIDATION | acc: 0.4378698224852071
2025-07-07 14:49:52,408 [INFO] [15] TRAIN | loss: 1.7282388495362324, acc: 0.5915395284327323
2025-07-07 14:49:52,408 [INFO] [15] VALIDATION | acc: 0.48520710059171596
2025-07-07 14:49:56,072 [INFO] [16] TRAIN | loss: 1.6323688341223674, acc: 0.6109570041608876
2025-07-07 14:49:56,072 [INFO] [16] VALIDATION | acc: 0.4556213017751479
2025-07-07 14:49:59,761 [INFO] [17] TRAIN | loss: 1.5406302466340687, acc: 0.6310679611650486
2025-07-07 14:49:59,761 [INFO] [17] VALIDATION | acc: 0.45857988165680474
2025-07-07 14:50:03,505 [INFO] [18] TRAIN | loss: 1.476537041042162, acc: 0.659500693481276
2025-07-07 14:50:03,505 [INFO] [18] VALIDATION | acc: 0.5059171597633136
2025-07-07 14:50:07,187 [INFO] [19] TRAIN | loss: 1.415944368942924, acc: 0.6643550624133149
2025-07-07 14:50:07,187 [INFO] [19] VALIDATION | acc: 0.5118343195266272
2025-07-07 14:50:10,878 [INFO] [20] TRAIN | loss: 1.290318466399027, acc: 0.6914008321775312
2025-07-07 14:50:10,878 [INFO] [20] VALIDATION | acc: 0.5177514792899408
2025-07-07 14:50:14,601 [INFO] [21] TRAIN | loss: 1.2102609224941419, acc: 0.7122052704576977
2025-07-07 14:50:14,601 [INFO] [21] VALIDATION | acc: 0.5295857988165681
2025-07-07 14:50:18,314 [INFO] [22] TRAIN | loss: 1.1700498202572698, acc: 0.7212205270457698
2025-07-07 14:50:18,314 [INFO] [22] VALIDATION | acc: 0.5443786982248521
2025-07-07 14:50:21,953 [INFO] [23] TRAIN | loss: 1.1234179644480995, acc: 0.7191400832177531
2025-07-07 14:50:21,953 [INFO] [23] VALIDATION | acc: 0.5473372781065089
2025-07-07 14:50:25,589 [INFO] [24] TRAIN | loss: 1.0064042651134988, acc: 0.7593619972260749
2025-07-07 14:50:25,589 [INFO] [24] VALIDATION | acc: 0.5355029585798816
2025-07-07 14:50:29,216 [INFO] [25] TRAIN | loss: 0.9974333890106367, acc: 0.7538141470180305
2025-07-07 14:50:29,216 [INFO] [25] VALIDATION | acc: 0.5384615384615384
2025-07-07 14:50:32,905 [INFO] [26] TRAIN | loss: 0.9796808608200239, acc: 0.7718446601941747
2025-07-07 14:50:32,906 [INFO] [26] VALIDATION | acc: 0.5857988165680473
2025-07-07 14:50:36,561 [INFO] [27] TRAIN | loss: 0.9112094511156497, acc: 0.7968099861303745
2025-07-07 14:50:36,561 [INFO] [27] VALIDATION | acc: 0.5295857988165681
2025-07-07 14:50:40,173 [INFO] [28] TRAIN | loss: 1.0621085283548937, acc: 0.7441054091539528
2025-07-07 14:50:40,173 [INFO] [28] VALIDATION | acc: 0.5739644970414202
2025-07-07 14:50:43,804 [INFO] [29] TRAIN | loss: 0.9262731762036033, acc: 0.7746185852981969
2025-07-07 14:50:43,804 [INFO] [29] VALIDATION | acc: 0.5650887573964497
2025-07-07 14:50:47,433 [INFO] [30] TRAIN | loss: 0.7878974067128223, acc: 0.8183079056865464
2025-07-07 14:50:47,433 [INFO] [30] VALIDATION | acc: 0.5680473372781065
2025-07-07 14:50:51,050 [INFO] [31] TRAIN | loss: 0.7709803289693334, acc: 0.8259361997226075
2025-07-07 14:50:51,050 [INFO] [31] VALIDATION | acc: 0.5739644970414202
2025-07-07 14:50:54,755 [INFO] [32] TRAIN | loss: 0.7764973355376202, acc: 0.8120665742024965
2025-07-07 14:50:54,755 [INFO] [32] VALIDATION | acc: 0.5828402366863905
2025-07-07 14:50:58,420 [INFO] [33] TRAIN | loss: 0.675432356155437, acc: 0.8515950069348127
2025-07-07 14:50:58,420 [INFO] [33] VALIDATION | acc: 0.5739644970414202
2025-07-07 14:51:02,104 [INFO] [34] TRAIN | loss: 0.6433473741230757, acc: 0.855755894590846
2025-07-07 14:51:02,104 [INFO] [34] VALIDATION | acc: 0.5887573964497042
2025-07-07 14:51:05,777 [INFO] [35] TRAIN | loss: 0.5965695253208928, acc: 0.8675450762829403
2025-07-07 14:51:05,777 [INFO] [35] VALIDATION | acc: 0.6094674556213018
2025-07-07 14:51:09,486 [INFO] [36] TRAIN | loss: 0.5833878342224204, acc: 0.8786407766990292
2025-07-07 14:51:09,486 [INFO] [36] VALIDATION | acc: 0.6124260355029586
2025-07-07 14:51:13,144 [INFO] [37] TRAIN | loss: 0.5362669887102168, acc: 0.8897364771151179
2025-07-07 14:51:13,144 [INFO] [37] VALIDATION | acc: 0.6005917159763313
2025-07-07 14:51:16,789 [INFO] [38] TRAIN | loss: 0.48259336339390796, acc: 0.9015256588072122
2025-07-07 14:51:16,789 [INFO] [38] VALIDATION | acc: 0.5680473372781065
2025-07-07 14:51:20,428 [INFO] [39] TRAIN | loss: 0.4978229889403219, acc: 0.8897364771151179
2025-07-07 14:51:20,428 [INFO] [39] VALIDATION | acc: 0.6153846153846154
2025-07-07 14:51:24,087 [INFO] [40] TRAIN | loss: 0.4521837046612864, acc: 0.9077669902912622
2025-07-07 14:51:24,087 [INFO] [40] VALIDATION | acc: 0.5769230769230769
2025-07-07 14:51:27,808 [INFO] [41] TRAIN | loss: 0.4345858320593834, acc: 0.9147018030513177
2025-07-07 14:51:27,809 [INFO] [41] VALIDATION | acc: 0.6301775147928994
2025-07-07 14:51:31,502 [INFO] [42] TRAIN | loss: 0.44401438793410425, acc: 0.9167822468793343
2025-07-07 14:51:31,502 [INFO] [42] VALIDATION | acc: 0.5739644970414202
2025-07-07 14:51:35,172 [INFO] [43] TRAIN | loss: 0.6083843248045963, acc: 0.871012482662968
2025-07-07 14:51:35,172 [INFO] [43] VALIDATION | acc: 0.5976331360946746
2025-07-07 14:51:38,891 [INFO] [44] TRAIN | loss: 0.3905201392329257, acc: 0.9278779472954231
2025-07-07 14:51:38,891 [INFO] [44] VALIDATION | acc: 0.6301775147928994
2025-07-07 14:51:42,522 [INFO] [45] TRAIN | loss: 0.38938911291568173, acc: 0.920249653259362
2025-07-07 14:51:42,522 [INFO] [45] VALIDATION | acc: 0.6183431952662722
2025-07-07 14:51:46,181 [INFO] [46] TRAIN | loss: 0.33407831807499344, acc: 0.9410540915395285
2025-07-07 14:51:46,181 [INFO] [46] VALIDATION | acc: 0.6301775147928994
2025-07-07 14:51:49,885 [INFO] [47] TRAIN | loss: 0.32328169436558435, acc: 0.9472954230235784
2025-07-07 14:51:49,885 [INFO] [47] VALIDATION | acc: 0.6331360946745562
2025-07-07 14:51:53,526 [INFO] [48] TRAIN | loss: 0.32428943965098134, acc: 0.9375866851595007
2025-07-07 14:51:53,526 [INFO] [48] VALIDATION | acc: 0.6035502958579881
2025-07-07 14:51:57,234 [INFO] [49] TRAIN | loss: 0.27859484857839084, acc: 0.9590846047156727
2025-07-07 14:51:57,234 [INFO] [49] VALIDATION | acc: 0.6420118343195266
2025-07-07 14:52:00,839 [INFO] [50] TRAIN | loss: 0.27865210402271023, acc: 0.9535367545076283
2025-07-07 14:52:00,839 [INFO] [50] VALIDATION | acc: 0.636094674556213
2025-07-07 14:52:04,463 [INFO] [51] TRAIN | loss: 0.3048285943982394, acc: 0.9445214979195562
2025-07-07 14:52:04,463 [INFO] [51] VALIDATION | acc: 0.6035502958579881
2025-07-07 14:52:08,150 [INFO] [52] TRAIN | loss: 0.26999166996582696, acc: 0.9549237170596394
2025-07-07 14:52:08,150 [INFO] [52] VALIDATION | acc: 0.6420118343195266
2025-07-07 14:52:11,760 [INFO] [53] TRAIN | loss: 0.28203279687010724, acc: 0.949375866851595
2025-07-07 14:52:11,760 [INFO] [53] VALIDATION | acc: 0.6272189349112426
2025-07-07 14:52:15,410 [INFO] [54] TRAIN | loss: 0.26823602746362274, acc: 0.9667128987517337
2025-07-07 14:52:15,411 [INFO] [54] VALIDATION | acc: 0.6242603550295858
2025-07-07 14:52:19,028 [INFO] [55] TRAIN | loss: 0.2855671605338221, acc: 0.9514563106796117
2025-07-07 14:52:19,028 [INFO] [55] VALIDATION | acc: 0.6242603550295858
2025-07-07 14:52:22,727 [INFO] [56] TRAIN | loss: 0.20007736308743124, acc: 0.9701803051317615
2025-07-07 14:52:22,727 [INFO] [56] VALIDATION | acc: 0.636094674556213
2025-07-07 14:52:26,384 [INFO] [57] TRAIN | loss: 0.18873009944091673, acc: 0.9687933425797504
2025-07-07 14:52:26,384 [INFO] [57] VALIDATION | acc: 0.6568047337278107
2025-07-07 14:52:30,039 [INFO] [58] TRAIN | loss: 0.17852447100955507, acc: 0.9757281553398058
2025-07-07 14:52:30,039 [INFO] [58] VALIDATION | acc: 0.6538461538461539
2025-07-07 14:52:33,698 [INFO] [59] TRAIN | loss: 0.16565785257388715, acc: 0.9805825242718447
2025-07-07 14:52:33,698 [INFO] [59] VALIDATION | acc: 0.6568047337278107
2025-07-07 14:52:37,287 [INFO] [60] TRAIN | loss: 0.1617994656705338, acc: 0.9805825242718447
2025-07-07 14:52:37,288 [INFO] [60] VALIDATION | acc: 0.650887573964497
2025-07-07 14:52:40,881 [INFO] [61] TRAIN | loss: 0.15840331011492273, acc: 0.9771151178918169
2025-07-07 14:52:40,881 [INFO] [61] VALIDATION | acc: 0.6242603550295858
2025-07-07 14:52:44,578 [INFO] [62] TRAIN | loss: 0.15788426315007004, acc: 0.9791955617198336
2025-07-07 14:52:44,578 [INFO] [62] VALIDATION | acc: 0.636094674556213
2025-07-07 14:52:48,292 [INFO] [63] TRAIN | loss: 0.14455281870196696, acc: 0.9826629680998613
2025-07-07 14:52:48,293 [INFO] [63] VALIDATION | acc: 0.650887573964497
2025-07-07 14:52:51,947 [INFO] [64] TRAIN | loss: 0.13279338618335518, acc: 0.9854368932038835
2025-07-07 14:52:51,947 [INFO] [64] VALIDATION | acc: 0.6449704142011834
2025-07-07 14:52:55,620 [INFO] [65] TRAIN | loss: 0.13317737372025198, acc: 0.9889042995839112
2025-07-07 14:52:55,620 [INFO] [65] VALIDATION | acc: 0.6568047337278107
2025-07-07 14:52:59,218 [INFO] [66] TRAIN | loss: 0.12885756320927455, acc: 0.9826629680998613
2025-07-07 14:52:59,218 [INFO] [66] VALIDATION | acc: 0.6390532544378699
2025-07-07 14:53:02,826 [INFO] [67] TRAIN | loss: 0.1338441128154164, acc: 0.9833564493758669
2025-07-07 14:53:02,826 [INFO] [67] VALIDATION | acc: 0.636094674556213
2025-07-07 14:53:06,441 [INFO] [68] TRAIN | loss: 0.1220059623212918, acc: 0.9889042995839112
2025-07-07 14:53:06,441 [INFO] [68] VALIDATION | acc: 0.650887573964497
2025-07-07 14:53:10,055 [INFO] [69] TRAIN | loss: 0.12267417088150978, acc: 0.9875173370319001
2025-07-07 14:53:10,055 [INFO] [69] VALIDATION | acc: 0.6538461538461539
2025-07-07 14:53:13,659 [INFO] [70] TRAIN | loss: 0.11901869114650332, acc: 0.9826629680998613
2025-07-07 14:53:13,659 [INFO] [70] VALIDATION | acc: 0.6568047337278107
2025-07-07 14:53:17,279 [INFO] [71] TRAIN | loss: 0.1045791755389908, acc: 0.9889042995839112
2025-07-07 14:53:17,279 [INFO] [71] VALIDATION | acc: 0.650887573964497
2025-07-07 14:53:20,933 [INFO] [72] TRAIN | loss: 0.10549020386584428, acc: 0.9875173370319001
2025-07-07 14:53:20,933 [INFO] [72] VALIDATION | acc: 0.6686390532544378
2025-07-07 14:53:24,552 [INFO] [73] TRAIN | loss: 0.10360573240272376, acc: 0.9875173370319001
2025-07-07 14:53:24,552 [INFO] [73] VALIDATION | acc: 0.6538461538461539
2025-07-07 14:53:28,193 [INFO] [74] TRAIN | loss: 0.09861515826829102, acc: 0.9889042995839112
2025-07-07 14:53:28,193 [INFO] [74] VALIDATION | acc: 0.650887573964497
2025-07-07 14:53:31,838 [INFO] [75] TRAIN | loss: 0.09861601063090822, acc: 0.9909847434119279
2025-07-07 14:53:31,838 [INFO] [75] VALIDATION | acc: 0.650887573964497
2025-07-07 14:53:35,436 [INFO] [76] TRAIN | loss: 0.0945647302205148, acc: 0.9889042995839112
2025-07-07 14:53:35,436 [INFO] [76] VALIDATION | acc: 0.6627218934911243
2025-07-07 14:53:39,030 [INFO] [77] TRAIN | loss: 0.09599012395609981, acc: 0.9902912621359223
2025-07-07 14:53:39,030 [INFO] [77] VALIDATION | acc: 0.6568047337278107
2025-07-07 14:53:42,648 [INFO] [78] TRAIN | loss: 0.08819123406125151, acc: 0.9902912621359223
2025-07-07 14:53:42,648 [INFO] [78] VALIDATION | acc: 0.6568047337278107
2025-07-07 14:53:46,254 [INFO] [79] TRAIN | loss: 0.08643432131604008, acc: 0.9882108183079057
2025-07-07 14:53:46,254 [INFO] [79] VALIDATION | acc: 0.6538461538461539
2025-07-07 14:53:49,857 [INFO] [80] TRAIN | loss: 0.08345282539401365, acc: 0.9902912621359223
2025-07-07 14:53:49,858 [INFO] [80] VALIDATION | acc: 0.6568047337278107
2025-07-07 14:53:53,514 [INFO] [81] TRAIN | loss: 0.07968372272570497, acc: 0.9937586685159501
2025-07-07 14:53:53,514 [INFO] [81] VALIDATION | acc: 0.650887573964497
2025-07-07 14:53:57,210 [INFO] [82] TRAIN | loss: 0.07950354169082383, acc: 0.9930651872399445
2025-07-07 14:53:57,210 [INFO] [82] VALIDATION | acc: 0.6479289940828402
2025-07-07 14:54:00,873 [INFO] [83] TRAIN | loss: 0.07548232506150784, acc: 0.9902912621359223
2025-07-07 14:54:00,873 [INFO] [83] VALIDATION | acc: 0.650887573964497
2025-07-07 14:54:04,508 [INFO] [84] TRAIN | loss: 0.07562063075602055, acc: 0.992371705963939
2025-07-07 14:54:04,508 [INFO] [84] VALIDATION | acc: 0.6597633136094675
2025-07-07 14:54:08,108 [INFO] [85] TRAIN | loss: 0.07672976888716221, acc: 0.9895977808599168
2025-07-07 14:54:08,108 [INFO] [85] VALIDATION | acc: 0.6420118343195266
2025-07-07 14:54:11,717 [INFO] [86] TRAIN | loss: 0.07404944693426722, acc: 0.9916782246879334
2025-07-07 14:54:11,717 [INFO] [86] VALIDATION | acc: 0.650887573964497
2025-07-07 14:54:15,310 [INFO] [87] TRAIN | loss: 0.07189215407909258, acc: 0.9909847434119279
2025-07-07 14:54:15,310 [INFO] [87] VALIDATION | acc: 0.6568047337278107
2025-07-07 14:54:18,947 [INFO] [88] TRAIN | loss: 0.069840663963038, acc: 0.9916782246879334
2025-07-07 14:54:18,947 [INFO] [88] VALIDATION | acc: 0.665680473372781
2025-07-07 14:54:22,564 [INFO] [89] TRAIN | loss: 0.06839051672621914, acc: 0.992371705963939
2025-07-07 14:54:22,564 [INFO] [89] VALIDATION | acc: 0.6538461538461539
2025-07-07 14:54:26,229 [INFO] [90] TRAIN | loss: 0.06649300933856031, acc: 0.9944521497919556
2025-07-07 14:54:26,229 [INFO] [90] VALIDATION | acc: 0.665680473372781
2025-07-07 14:54:29,865 [INFO] [91] TRAIN | loss: 0.06416149064898491, acc: 0.9937586685159501
2025-07-07 14:54:29,865 [INFO] [91] VALIDATION | acc: 0.6775147928994083
2025-07-07 14:54:33,532 [INFO] [92] TRAIN | loss: 0.06508472505147042, acc: 0.9937586685159501
2025-07-07 14:54:33,532 [INFO] [92] VALIDATION | acc: 0.665680473372781
2025-07-07 14:54:37,144 [INFO] [93] TRAIN | loss: 0.06418874033767244, acc: 0.9930651872399445
2025-07-07 14:54:37,144 [INFO] [93] VALIDATION | acc: 0.6479289940828402
2025-07-07 14:54:40,749 [INFO] [94] TRAIN | loss: 0.06461863681350065, acc: 0.9909847434119279
2025-07-07 14:54:40,749 [INFO] [94] VALIDATION | acc: 0.6479289940828402
2025-07-07 14:54:44,330 [INFO] [95] TRAIN | loss: 0.06197653969992762, acc: 0.9916782246879334
2025-07-07 14:54:44,331 [INFO] [95] VALIDATION | acc: 0.6597633136094675
2025-07-07 14:54:47,960 [INFO] [96] TRAIN | loss: 0.059947724980504616, acc: 0.992371705963939
2025-07-07 14:54:47,961 [INFO] [96] VALIDATION | acc: 0.6715976331360947
2025-07-07 14:54:51,566 [INFO] [97] TRAIN | loss: 0.06070225313305855, acc: 0.992371705963939
2025-07-07 14:54:51,566 [INFO] [97] VALIDATION | acc: 0.665680473372781
2025-07-07 14:54:55,177 [INFO] [98] TRAIN | loss: 0.059802842690892845, acc: 0.992371705963939
2025-07-07 14:54:55,178 [INFO] [98] VALIDATION | acc: 0.6627218934911243
2025-07-07 14:54:58,832 [INFO] [99] TRAIN | loss: 0.05814386017458594, acc: 0.9951456310679612
2025-07-07 14:54:58,832 [INFO] [99] VALIDATION | acc: 0.6597633136094675
2025-07-07 14:55:02,449 [INFO] [100] TRAIN | loss: 0.05905750742101151, acc: 0.9944521497919556
2025-07-07 14:55:02,449 [INFO] [100] VALIDATION | acc: 0.6597633136094675
2025-07-07 14:55:02,449 [INFO] Testing checkpointed models starting...

2025-07-07 14:55:04,254 [INFO] checkpoint_t0  ->  0.007751937984496124
2025-07-07 14:55:06,001 [INFO] checkpoint_v0  ->  0.007751937984496124
2025-07-07 14:55:07,747 [INFO] checkpoint_t1  ->  0.37209302325581395
2025-07-07 14:55:12,826 [INFO] checkpoint_v1  ->  0.37209302325581395
2025-07-07 14:55:19,175 [INFO] checkpoint_t2  ->  0.5077519379844961
2025-07-07 14:55:25,203 [INFO] checkpoint_v2  ->  0.5077519379844961
2025-07-07 14:55:30,946 [INFO] checkpoint_t3  ->  0.5310077519379846
2025-07-07 14:55:36,939 [INFO] checkpoint_v3  ->  0.5232558139534884
2025-07-07 14:55:42,711 [INFO] checkpoint_t4  ->  0.5503875968992248
2025-07-07 14:55:48,576 [INFO] checkpoint_v4  ->  0.5503875968992248
2025-07-07 14:55:54,115 [INFO] checkpoint_t5  ->  0.5658914728682171
2025-07-07 14:56:00,037 [INFO] checkpoint_v5  ->  0.5658914728682171
2025-07-07 14:56:05,488 [INFO] checkpoint_t6  ->  0.5503875968992248
2025-07-07 14:56:11,455 [INFO] checkpoint_v6  ->  0.5891472868217055
2025-07-07 14:56:16,942 [INFO] checkpoint_t7  ->  0.5775193798449613
2025-07-07 14:56:22,770 [INFO] checkpoint_v7  ->  0.5775193798449613
2025-07-07 14:56:28,310 [INFO] checkpoint_t8  ->  0.5968992248062015
2025-07-07 14:56:33,897 [INFO] checkpoint_v8  ->  0.5891472868217055
2025-07-07 14:56:39,450 [INFO] checkpoint_t9  ->  0.5813953488372093
2025-07-07 14:56:45,169 [INFO] checkpoint_v9  ->  0.5775193798449613
2025-07-07 14:56:51,004 [INFO] checkpoint_t10  ->  0.5930232558139535
2025-07-07 14:56:56,830 [INFO] checkpoint_v10  ->  0.5813953488372093
2025-07-07 14:56:56,830 [INFO] 
=======================================
2025-07-07 14:56:56,830 [INFO] The best testing checkpoint: encoder_hand_angles_fs0/checkpoint_t_8:
2025-07-07 14:56:56,830 [INFO]    Testing accuracy: 0.597
2025-07-07 14:56:56,831 [INFO]    Macro F1 score: 0.569
2025-07-07 14:56:56,831 [INFO]    Weighted F1 score: 0.576
2025-07-07 14:56:56,831 [INFO]    Total trainable parameters: 15,024,532
2025-07-07 14:56:56,831 [INFO]    Elapsed time: 480.24 sec
2025-07-07 14:56:56,831 [INFO] ----------------Config information----------------------- 
2025-07-07 14:56:56,831 [INFO]  - Experiment Args: {'dataset': 'WLASL100', 'features': 'HAND_ANGLES', 'include_blendshapes': 0, 'fs': 0, 'feature_truncation': 0, 'num_classes': 100, 'model': 'encoder', 'mediapipe_holistic': True, 'dim': 424, 'heads': 8, 'n_layers': 6, 'PE': 0, 'pad': 'True', 'clip_weights': 0, 'clip_gradients': 0, 'opt': 'SGD', 'sgd_momentum': 0.9, 'scheduler': 'cosine', 'bs': 32, 'epochs': 100, 'lr': '1e-03', 'logfreq': 1, 'checkpoints': True}
2025-07-07 14:56:56,907 [INFO] 
Any desired statistics have been plotted.
The experiment is finished.
