2025-07-05 19:27:03,760 [INFO] [INFO] Starting experiment encoder_hand_pose_landmarks_fs0...


2025-07-05 19:27:06,298 [INFO] [1] TRAIN | loss: 4.75144474402718, acc: 0.010402219140083218
2025-07-05 19:27:06,298 [INFO] [1] VALIDATION | acc: 0.014792899408284023
2025-07-05 19:27:08,660 [INFO] [2] TRAIN | loss: 4.6871490478515625, acc: 0.008321775312066574
2025-07-05 19:27:08,660 [INFO] [2] VALIDATION | acc: 0.008875739644970414
2025-07-05 19:27:10,988 [INFO] [3] TRAIN | loss: 4.599215455677198, acc: 0.013869625520110958
2025-07-05 19:27:10,988 [INFO] [3] VALIDATION | acc: 0.005917159763313609
2025-07-05 19:27:13,353 [INFO] [4] TRAIN | loss: 4.547962789950163, acc: 0.018030513176144243
2025-07-05 19:27:13,353 [INFO] [4] VALIDATION | acc: 0.008875739644970414
2025-07-05 19:27:15,650 [INFO] [5] TRAIN | loss: 4.465164537015169, acc: 0.027045769764216365
2025-07-05 19:27:15,650 [INFO] [5] VALIDATION | acc: 0.020710059171597635
2025-07-05 19:27:17,959 [INFO] [6] TRAIN | loss: 4.360580060793006, acc: 0.036754507628294034
2025-07-05 19:27:17,960 [INFO] [6] VALIDATION | acc: 0.023668639053254437
2025-07-05 19:27:20,275 [INFO] [7] TRAIN | loss: 4.248753537302432, acc: 0.04299583911234397
2025-07-05 19:27:20,275 [INFO] [7] VALIDATION | acc: 0.029585798816568046
2025-07-05 19:27:22,600 [INFO] [8] TRAIN | loss: 4.19148750408836, acc: 0.049930651872399444
2025-07-05 19:27:22,600 [INFO] [8] VALIDATION | acc: 0.04142011834319527
2025-07-05 19:27:24,888 [INFO] [9] TRAIN | loss: 4.107076795204826, acc: 0.054785020804438284
2025-07-05 19:27:24,888 [INFO] [9] VALIDATION | acc: 0.04142011834319527
2025-07-05 19:27:27,230 [INFO] [10] TRAIN | loss: 4.034204047659169, acc: 0.06657420249653259
2025-07-05 19:27:27,231 [INFO] [10] VALIDATION | acc: 0.038461538461538464
2025-07-05 19:27:29,573 [INFO] [11] TRAIN | loss: 4.002779929534249, acc: 0.06796116504854369
2025-07-05 19:27:29,573 [INFO] [11] VALIDATION | acc: 0.05917159763313609
2025-07-05 19:27:31,918 [INFO] [12] TRAIN | loss: 3.8803944017576133, acc: 0.09361997226074896
2025-07-05 19:27:31,919 [INFO] [12] VALIDATION | acc: 0.05325443786982249
2025-07-05 19:27:34,262 [INFO] [13] TRAIN | loss: 3.8218194505442744, acc: 0.09986130374479889
2025-07-05 19:27:34,262 [INFO] [13] VALIDATION | acc: 0.07396449704142012
2025-07-05 19:27:36,600 [INFO] [14] TRAIN | loss: 3.7636797946432363, acc: 0.10332871012482663
2025-07-05 19:27:36,600 [INFO] [14] VALIDATION | acc: 0.09763313609467456
2025-07-05 19:27:38,917 [INFO] [15] TRAIN | loss: 3.68833937852279, acc: 0.12829403606102635
2025-07-05 19:27:38,917 [INFO] [15] VALIDATION | acc: 0.08875739644970414
2025-07-05 19:27:41,331 [INFO] [16] TRAIN | loss: 3.6055950651998105, acc: 0.13869625520110956
2025-07-05 19:27:41,331 [INFO] [16] VALIDATION | acc: 0.09171597633136094
2025-07-05 19:27:43,650 [INFO] [17] TRAIN | loss: 3.573910003123076, acc: 0.13522884882108183
2025-07-05 19:27:43,650 [INFO] [17] VALIDATION | acc: 0.08579881656804733
2025-07-05 19:27:46,087 [INFO] [18] TRAIN | loss: 3.5201641217521997, acc: 0.15256588072122051
2025-07-05 19:27:46,087 [INFO] [18] VALIDATION | acc: 0.07988165680473373
2025-07-05 19:27:48,587 [INFO] [19] TRAIN | loss: 3.469089819037396, acc: 0.16990291262135923
2025-07-05 19:27:48,587 [INFO] [19] VALIDATION | acc: 0.08284023668639054
2025-07-05 19:27:51,032 [INFO] [20] TRAIN | loss: 3.439331090968588, acc: 0.16574202496532595
2025-07-05 19:27:51,032 [INFO] [20] VALIDATION | acc: 0.11538461538461539
2025-07-05 19:27:53,462 [INFO] [21] TRAIN | loss: 3.3614407000334365, acc: 0.17267683772538142
2025-07-05 19:27:53,462 [INFO] [21] VALIDATION | acc: 0.10059171597633136
2025-07-05 19:27:55,930 [INFO] [22] TRAIN | loss: 3.297203965809034, acc: 0.18585298196948682
2025-07-05 19:27:55,930 [INFO] [22] VALIDATION | acc: 0.1390532544378698
2025-07-05 19:27:58,294 [INFO] [23] TRAIN | loss: 3.2312406819799673, acc: 0.20041608876560332
2025-07-05 19:27:58,294 [INFO] [23] VALIDATION | acc: 0.13313609467455623
2025-07-05 19:28:00,559 [INFO] [24] TRAIN | loss: 3.227392455805903, acc: 0.20180305131761442
2025-07-05 19:28:00,559 [INFO] [24] VALIDATION | acc: 0.11242603550295859
2025-07-05 19:28:02,864 [INFO] [25] TRAIN | loss: 3.167992545210797, acc: 0.22399445214979197
2025-07-05 19:28:02,864 [INFO] [25] VALIDATION | acc: 0.15680473372781065
2025-07-05 19:28:05,139 [INFO] [26] TRAIN | loss: 3.0784371002860693, acc: 0.2406380027739251
2025-07-05 19:28:05,139 [INFO] [26] VALIDATION | acc: 0.13609467455621302
2025-07-05 19:28:07,384 [INFO] [27] TRAIN | loss: 3.017462898855624, acc: 0.23231622746185854
2025-07-05 19:28:07,384 [INFO] [27] VALIDATION | acc: 0.15680473372781065
2025-07-05 19:28:09,717 [INFO] [28] TRAIN | loss: 2.8961279003516487, acc: 0.2933425797503467
2025-07-05 19:28:09,718 [INFO] [28] VALIDATION | acc: 0.20118343195266272
2025-07-05 19:28:12,081 [INFO] [29] TRAIN | loss: 2.856192682100379, acc: 0.27947295423023577
2025-07-05 19:28:12,081 [INFO] [29] VALIDATION | acc: 0.15976331360946747
2025-07-05 19:28:14,356 [INFO] [30] TRAIN | loss: 2.7679281156996023, acc: 0.3030513176144244
2025-07-05 19:28:14,357 [INFO] [30] VALIDATION | acc: 0.1952662721893491
2025-07-05 19:28:16,644 [INFO] [31] TRAIN | loss: 2.710131339404894, acc: 0.3245492371705964
2025-07-05 19:28:16,644 [INFO] [31] VALIDATION | acc: 0.23668639053254437
2025-07-05 19:28:18,936 [INFO] [32] TRAIN | loss: 2.6801374787869663, acc: 0.3488210818307906
2025-07-05 19:28:18,936 [INFO] [32] VALIDATION | acc: 0.21893491124260356
2025-07-05 19:28:21,193 [INFO] [33] TRAIN | loss: 2.690037348996038, acc: 0.33841886269070737
2025-07-05 19:28:21,193 [INFO] [33] VALIDATION | acc: 0.22781065088757396
2025-07-05 19:28:23,454 [INFO] [34] TRAIN | loss: 2.5758763603542163, acc: 0.3723994452149792
2025-07-05 19:28:23,454 [INFO] [34] VALIDATION | acc: 0.17455621301775148
2025-07-05 19:28:25,708 [INFO] [35] TRAIN | loss: 2.612981345342553, acc: 0.3647711511789182
2025-07-05 19:28:25,708 [INFO] [35] VALIDATION | acc: 0.15384615384615385
2025-07-05 19:28:28,076 [INFO] [36] TRAIN | loss: 2.604554005291151, acc: 0.3606102635228849
2025-07-05 19:28:28,076 [INFO] [36] VALIDATION | acc: 0.21005917159763313
2025-07-05 19:28:30,378 [INFO] [37] TRAIN | loss: 2.5263013684231304, acc: 0.39181692094313453
2025-07-05 19:28:30,378 [INFO] [37] VALIDATION | acc: 0.23964497041420119
2025-07-05 19:28:32,681 [INFO] [38] TRAIN | loss: 2.402007527973341, acc: 0.4375866851595007
2025-07-05 19:28:32,681 [INFO] [38] VALIDATION | acc: 0.26331360946745563
2025-07-05 19:28:34,961 [INFO] [39] TRAIN | loss: 2.292343769384467, acc: 0.45284327323162277
2025-07-05 19:28:34,961 [INFO] [39] VALIDATION | acc: 0.24260355029585798
2025-07-05 19:28:37,234 [INFO] [40] TRAIN | loss: 2.236705515695655, acc: 0.45700416088765605
2025-07-05 19:28:37,234 [INFO] [40] VALIDATION | acc: 0.2485207100591716
2025-07-05 19:28:39,499 [INFO] [41] TRAIN | loss: 2.1678570094315903, acc: 0.478502080443828
2025-07-05 19:28:39,499 [INFO] [41] VALIDATION | acc: 0.16568047337278108
2025-07-05 19:28:41,856 [INFO] [42] TRAIN | loss: 2.2858937978744507, acc: 0.4507628294036061
2025-07-05 19:28:41,856 [INFO] [42] VALIDATION | acc: 0.29289940828402367
2025-07-05 19:28:44,159 [INFO] [43] TRAIN | loss: 2.161071435264919, acc: 0.48335644937586686
2025-07-05 19:28:44,159 [INFO] [43] VALIDATION | acc: 0.28402366863905326
2025-07-05 19:28:46,465 [INFO] [44] TRAIN | loss: 2.129660318727079, acc: 0.4604715672676838
2025-07-05 19:28:46,466 [INFO] [44] VALIDATION | acc: 0.30177514792899407
2025-07-05 19:28:48,770 [INFO] [45] TRAIN | loss: 1.9597023181293323, acc: 0.5561719833564494
2025-07-05 19:28:48,770 [INFO] [45] VALIDATION | acc: 0.2958579881656805
2025-07-05 19:28:51,068 [INFO] [46] TRAIN | loss: 1.9683488063190295, acc: 0.5263522884882108
2025-07-05 19:28:51,069 [INFO] [46] VALIDATION | acc: 0.257396449704142
2025-07-05 19:28:53,370 [INFO] [47] TRAIN | loss: 1.9403405254301818, acc: 0.5270457697642164
2025-07-05 19:28:53,370 [INFO] [47] VALIDATION | acc: 0.3047337278106509
2025-07-05 19:28:55,706 [INFO] [48] TRAIN | loss: 1.8440241437891256, acc: 0.579750346740638
2025-07-05 19:28:55,706 [INFO] [48] VALIDATION | acc: 0.33727810650887574
2025-07-05 19:28:58,076 [INFO] [49] TRAIN | loss: 1.8041198797847913, acc: 0.5908460471567267
2025-07-05 19:28:58,076 [INFO] [49] VALIDATION | acc: 0.34023668639053256
2025-07-05 19:29:00,360 [INFO] [50] TRAIN | loss: 1.8295870656552522, acc: 0.5631067961165048
2025-07-05 19:29:00,360 [INFO] [50] VALIDATION | acc: 0.28994082840236685
2025-07-05 19:29:02,643 [INFO] [51] TRAIN | loss: 1.8159021735191345, acc: 0.558252427184466
2025-07-05 19:29:02,643 [INFO] [51] VALIDATION | acc: 0.3520710059171598
2025-07-05 19:29:04,950 [INFO] [52] TRAIN | loss: 1.7648144778998003, acc: 0.5846047156726768
2025-07-05 19:29:04,950 [INFO] [52] VALIDATION | acc: 0.33727810650887574
2025-07-05 19:29:07,289 [INFO] [53] TRAIN | loss: 1.727469371712726, acc: 0.5943134535367545
2025-07-05 19:29:07,289 [INFO] [53] VALIDATION | acc: 0.35502958579881655
2025-07-05 19:29:09,586 [INFO] [54] TRAIN | loss: 1.6571314594020015, acc: 0.6144244105409153
2025-07-05 19:29:09,586 [INFO] [54] VALIDATION | acc: 0.35798816568047337
2025-07-05 19:29:11,959 [INFO] [55] TRAIN | loss: 1.5902136797490327, acc: 0.6525658807212206
2025-07-05 19:29:11,959 [INFO] [55] VALIDATION | acc: 0.35798816568047337
2025-07-05 19:29:14,201 [INFO] [56] TRAIN | loss: 1.6381316521893377, acc: 0.6019417475728155
2025-07-05 19:29:14,201 [INFO] [56] VALIDATION | acc: 0.3431952662721893
2025-07-05 19:29:16,437 [INFO] [57] TRAIN | loss: 1.5760420146195784, acc: 0.6338418862690708
2025-07-05 19:29:16,437 [INFO] [57] VALIDATION | acc: 0.34615384615384615
2025-07-05 19:29:18,718 [INFO] [58] TRAIN | loss: 1.5202259265858193, acc: 0.6539528432732317
2025-07-05 19:29:18,718 [INFO] [58] VALIDATION | acc: 0.3757396449704142
2025-07-05 19:29:20,989 [INFO] [59] TRAIN | loss: 1.4208220113878665, acc: 0.6768377253814147
2025-07-05 19:29:20,990 [INFO] [59] VALIDATION | acc: 0.35502958579881655
2025-07-05 19:29:23,245 [INFO] [60] TRAIN | loss: 1.4679548429406208, acc: 0.6511789181692095
2025-07-05 19:29:23,245 [INFO] [60] VALIDATION | acc: 0.3757396449704142
2025-07-05 19:29:25,516 [INFO] [61] TRAIN | loss: 1.4042256370834683, acc: 0.6837725381414702
2025-07-05 19:29:25,516 [INFO] [61] VALIDATION | acc: 0.40532544378698226
2025-07-05 19:29:27,883 [INFO] [62] TRAIN | loss: 1.3583590155062468, acc: 0.70249653259362
2025-07-05 19:29:27,883 [INFO] [62] VALIDATION | acc: 0.3757396449704142
2025-07-05 19:29:30,196 [INFO] [63] TRAIN | loss: 1.3503480294476384, acc: 0.6983356449375867
2025-07-05 19:29:30,197 [INFO] [63] VALIDATION | acc: 0.40236686390532544
2025-07-05 19:29:32,522 [INFO] [64] TRAIN | loss: 1.244176526432452, acc: 0.7267683772538142
2025-07-05 19:29:32,522 [INFO] [64] VALIDATION | acc: 0.41124260355029585
2025-07-05 19:29:34,856 [INFO] [65] TRAIN | loss: 1.252716275660888, acc: 0.7378640776699029
2025-07-05 19:29:34,856 [INFO] [65] VALIDATION | acc: 0.41124260355029585
2025-07-05 19:29:37,204 [INFO] [66] TRAIN | loss: 1.2393211813076683, acc: 0.7385575589459085
2025-07-05 19:29:37,204 [INFO] [66] VALIDATION | acc: 0.41420118343195267
2025-07-05 19:29:39,486 [INFO] [67] TRAIN | loss: 1.2712316072505454, acc: 0.6976421636615812
2025-07-05 19:29:39,486 [INFO] [67] VALIDATION | acc: 0.41124260355029585
2025-07-05 19:29:41,901 [INFO] [68] TRAIN | loss: 1.2251723460529163, acc: 0.7420249653259362
2025-07-05 19:29:41,901 [INFO] [68] VALIDATION | acc: 0.3875739644970414
2025-07-05 19:29:44,200 [INFO] [69] TRAIN | loss: 1.2665251182473225, acc: 0.7128987517337032
2025-07-05 19:29:44,200 [INFO] [69] VALIDATION | acc: 0.40828402366863903
2025-07-05 19:29:46,525 [INFO] [70] TRAIN | loss: 1.165352262880491, acc: 0.7503467406380028
2025-07-05 19:29:46,525 [INFO] [70] VALIDATION | acc: 0.4349112426035503
2025-07-05 19:29:48,843 [INFO] [71] TRAIN | loss: 1.1609103951765143, acc: 0.7371705963938974
2025-07-05 19:29:48,843 [INFO] [71] VALIDATION | acc: 0.40828402366863903
2025-07-05 19:29:51,201 [INFO] [72] TRAIN | loss: 1.0712975976259813, acc: 0.7635228848821082
2025-07-05 19:29:51,201 [INFO] [72] VALIDATION | acc: 0.47337278106508873
2025-07-05 19:29:53,505 [INFO] [73] TRAIN | loss: 0.9354669691427894, acc: 0.8065187239944521
2025-07-05 19:29:53,505 [INFO] [73] VALIDATION | acc: 0.4349112426035503
2025-07-05 19:29:55,805 [INFO] [74] TRAIN | loss: 0.939706584357697, acc: 0.8099861303744799
2025-07-05 19:29:55,805 [INFO] [74] VALIDATION | acc: 0.4319526627218935
2025-07-05 19:29:58,158 [INFO] [75] TRAIN | loss: 0.9219183403512706, acc: 0.8162274618585298
2025-07-05 19:29:58,158 [INFO] [75] VALIDATION | acc: 0.45857988165680474
2025-07-05 19:30:00,444 [INFO] [76] TRAIN | loss: 0.9527628046015034, acc: 0.8079056865464632
2025-07-05 19:30:00,444 [INFO] [76] VALIDATION | acc: 0.4230769230769231
2025-07-05 19:30:02,710 [INFO] [77] TRAIN | loss: 0.9015485527722732, acc: 0.8058252427184466
2025-07-05 19:30:02,710 [INFO] [77] VALIDATION | acc: 0.4556213017751479
2025-07-05 19:30:05,009 [INFO] [78] TRAIN | loss: 0.8611541545909384, acc: 0.8280166435506241
2025-07-05 19:30:05,009 [INFO] [78] VALIDATION | acc: 0.45857988165680474
2025-07-05 19:30:07,328 [INFO] [79] TRAIN | loss: 0.9655388490013455, acc: 0.7933425797503467
2025-07-05 19:30:07,328 [INFO] [79] VALIDATION | acc: 0.48520710059171596
2025-07-05 19:30:09,615 [INFO] [80] TRAIN | loss: 0.8345444267210753, acc: 0.8363384188626907
2025-07-05 19:30:09,615 [INFO] [80] VALIDATION | acc: 0.4260355029585799
2025-07-05 19:30:11,912 [INFO] [81] TRAIN | loss: 0.9004544797150985, acc: 0.8058252427184466
2025-07-05 19:30:11,912 [INFO] [81] VALIDATION | acc: 0.45857988165680474
2025-07-05 19:30:14,200 [INFO] [82] TRAIN | loss: 0.8148488182088603, acc: 0.8398058252427184
2025-07-05 19:30:14,200 [INFO] [82] VALIDATION | acc: 0.48520710059171596
2025-07-05 19:30:16,466 [INFO] [83] TRAIN | loss: 0.7598601100237473, acc: 0.8550624133148405
2025-07-05 19:30:16,466 [INFO] [83] VALIDATION | acc: 0.4467455621301775
2025-07-05 19:30:18,724 [INFO] [84] TRAIN | loss: 0.8081703322089236, acc: 0.8398058252427184
2025-07-05 19:30:18,724 [INFO] [84] VALIDATION | acc: 0.46153846153846156
2025-07-05 19:30:20,988 [INFO] [85] TRAIN | loss: 0.757048153358957, acc: 0.855755894590846
2025-07-05 19:30:20,988 [INFO] [85] VALIDATION | acc: 0.48520710059171596
2025-07-05 19:30:23,248 [INFO] [86] TRAIN | loss: 0.7560414645982825, acc: 0.8495145631067961
2025-07-05 19:30:23,248 [INFO] [86] VALIDATION | acc: 0.47337278106508873
2025-07-05 19:30:25,526 [INFO] [87] TRAIN | loss: 0.6617099778807681, acc: 0.8828016643550625
2025-07-05 19:30:25,526 [INFO] [87] VALIDATION | acc: 0.5088757396449705
2025-07-05 19:30:27,897 [INFO] [88] TRAIN | loss: 0.6154254895189534, acc: 0.8932038834951457
2025-07-05 19:30:27,897 [INFO] [88] VALIDATION | acc: 0.47041420118343197
2025-07-05 19:30:30,181 [INFO] [89] TRAIN | loss: 0.6362410226593846, acc: 0.8952843273231623
2025-07-05 19:30:30,181 [INFO] [89] VALIDATION | acc: 0.4822485207100592
2025-07-05 19:30:32,431 [INFO] [90] TRAIN | loss: 0.6646957416897235, acc: 0.8772538141470181
2025-07-05 19:30:32,431 [INFO] [90] VALIDATION | acc: 0.4881656804733728
2025-07-05 19:30:34,693 [INFO] [91] TRAIN | loss: 0.5955510560585104, acc: 0.8994452149791956
2025-07-05 19:30:34,693 [INFO] [91] VALIDATION | acc: 0.4970414201183432
2025-07-05 19:30:36,994 [INFO] [92] TRAIN | loss: 0.5620464630748915, acc: 0.9091539528432733
2025-07-05 19:30:36,994 [INFO] [92] VALIDATION | acc: 0.5059171597633136
2025-07-05 19:30:39,307 [INFO] [93] TRAIN | loss: 0.5731382739284764, acc: 0.9195561719833565
2025-07-05 19:30:39,307 [INFO] [93] VALIDATION | acc: 0.47041420118343197
2025-07-05 19:30:41,668 [INFO] [94] TRAIN | loss: 0.6890539786090022, acc: 0.8737864077669902
2025-07-05 19:30:41,668 [INFO] [94] VALIDATION | acc: 0.4822485207100592
2025-07-05 19:30:43,963 [INFO] [95] TRAIN | loss: 0.5522117051093475, acc: 0.920249653259362
2025-07-05 19:30:43,963 [INFO] [95] VALIDATION | acc: 0.4970414201183432
2025-07-05 19:30:46,208 [INFO] [96] TRAIN | loss: 0.560934405611909, acc: 0.9133148404993066
2025-07-05 19:30:46,208 [INFO] [96] VALIDATION | acc: 0.5
2025-07-05 19:30:48,483 [INFO] [97] TRAIN | loss: 0.530896201081898, acc: 0.920249653259362
2025-07-05 19:30:48,483 [INFO] [97] VALIDATION | acc: 0.514792899408284
2025-07-05 19:30:50,739 [INFO] [98] TRAIN | loss: 0.5184609773366348, acc: 0.9181692094313454
2025-07-05 19:30:50,739 [INFO] [98] VALIDATION | acc: 0.5207100591715976
2025-07-05 19:30:52,994 [INFO] [99] TRAIN | loss: 0.4903860778912254, acc: 0.9389736477115118
2025-07-05 19:30:52,994 [INFO] [99] VALIDATION | acc: 0.5177514792899408
2025-07-05 19:30:55,238 [INFO] [100] TRAIN | loss: 0.47634740303392, acc: 0.9278779472954231
2025-07-05 19:30:55,238 [INFO] [100] VALIDATION | acc: 0.5059171597633136
2025-07-05 19:30:55,238 [INFO] Testing checkpointed models starting...

2025-07-05 19:30:56,767 [INFO] checkpoint_t0  ->  0.003875968992248062
2025-07-05 19:30:58,159 [INFO] checkpoint_v0  ->  0.003875968992248062
2025-07-05 19:30:59,540 [INFO] checkpoint_t1  ->  0.08527131782945736
2025-07-05 19:31:02,837 [INFO] checkpoint_v1  ->  0.08527131782945736
2025-07-05 19:31:09,135 [INFO] checkpoint_t2  ->  0.12790697674418605
2025-07-05 19:31:14,812 [INFO] checkpoint_v2  ->  0.12790697674418605
2025-07-05 19:31:21,140 [INFO] checkpoint_t3  ->  0.22093023255813954
2025-07-05 19:31:27,067 [INFO] checkpoint_v3  ->  0.22093023255813954
2025-07-05 19:31:33,843 [INFO] checkpoint_t4  ->  0.19767441860465115
2025-07-05 19:31:39,628 [INFO] checkpoint_v4  ->  0.3062015503875969
2025-07-05 19:31:46,205 [INFO] checkpoint_t5  ->  0.34108527131782945
2025-07-05 19:31:52,214 [INFO] checkpoint_v5  ->  0.41472868217054265
2025-07-05 19:31:58,202 [INFO] checkpoint_t6  ->  0.4418604651162791
2025-07-05 19:32:03,963 [INFO] checkpoint_v6  ->  0.4418604651162791
2025-07-05 19:32:09,937 [INFO] checkpoint_t7  ->  0.4418604651162791
2025-07-05 19:32:15,838 [INFO] checkpoint_v7  ->  0.4418604651162791
2025-07-05 19:32:21,695 [INFO] checkpoint_t8  ->  0.4573643410852713
2025-07-05 19:32:27,632 [INFO] checkpoint_v8  ->  0.5271317829457365
2025-07-05 19:32:33,228 [INFO] checkpoint_t9  ->  0.5387596899224806
2025-07-05 19:32:39,062 [INFO] checkpoint_v9  ->  0.49224806201550386
2025-07-05 19:32:44,995 [INFO] checkpoint_t10  ->  0.5310077519379846
2025-07-05 19:32:50,888 [INFO] checkpoint_v10  ->  0.5077519379844961
2025-07-05 19:32:50,888 [INFO] 
=======================================
2025-07-05 19:32:50,888 [INFO] The best testing checkpoint: encoder_hand_pose_landmarks_fs0/checkpoint_t_9:
2025-07-05 19:32:50,888 [INFO]    Testing accuracy: 0.539
2025-07-05 19:32:50,888 [INFO]    Macro F1 score: 0.516
2025-07-05 19:32:50,888 [INFO]    Weighted F1 score: 0.516
2025-07-05 19:32:50,888 [INFO]    Total trainable parameters: 3,887,572
2025-07-05 19:32:50,888 [INFO]    Elapsed time: 347.13 sec
2025-07-05 19:32:50,888 [INFO] ----------------Config information----------------------- 
2025-07-05 19:32:50,888 [INFO]  - Experiment Args: dataset=WLASL100, features=HAND_POSE_LANDMARKS, include_blendshapes=0, fs=0, num_classes=100, model=encoder, mediapipe_holistic=True, dim=136, heads=8, n_layers=6, PE=0, pad=True, clip_weights=0, clip_gradients=0, opt=SGD, sgd_momentum=0.9, scheduler=cosine, bs=32, epochs=100, lr=1e-03, logfreq=1, checkpoints=True
2025-07-05 19:32:50,965 [INFO] 
Any desired statistics have been plotted.
The experiment is finished.
