2025-07-07 14:29:31,785 [INFO] [INFO] Starting experiment encoder_pose_landmarks_fs0...


2025-07-07 14:29:34,060 [INFO] [1] TRAIN | loss: 4.757887093917184, acc: 0.013176144244105409
2025-07-07 14:29:34,061 [INFO] [1] VALIDATION | acc: 0.011834319526627219
2025-07-07 14:29:36,229 [INFO] [2] TRAIN | loss: 4.702430434848951, acc: 0.011095700416088766
2025-07-07 14:29:36,229 [INFO] [2] VALIDATION | acc: 0.0
2025-07-07 14:29:38,650 [INFO] [3] TRAIN | loss: 4.677325435306715, acc: 0.014563106796116505
2025-07-07 14:29:38,650 [INFO] [3] VALIDATION | acc: 0.005917159763313609
2025-07-07 14:29:40,956 [INFO] [4] TRAIN | loss: 4.640314185101053, acc: 0.011095700416088766
2025-07-07 14:29:40,956 [INFO] [4] VALIDATION | acc: 0.011834319526627219
2025-07-07 14:29:43,143 [INFO] [5] TRAIN | loss: 4.626485441042029, acc: 0.022191400832177532
2025-07-07 14:29:43,143 [INFO] [5] VALIDATION | acc: 0.014792899408284023
2025-07-07 14:29:45,378 [INFO] [6] TRAIN | loss: 4.610435641330222, acc: 0.009708737864077669
2025-07-07 14:29:45,378 [INFO] [6] VALIDATION | acc: 0.014792899408284023
2025-07-07 14:29:47,606 [INFO] [7] TRAIN | loss: 4.607413893160612, acc: 0.02011095700416089
2025-07-07 14:29:47,606 [INFO] [7] VALIDATION | acc: 0.01775147928994083
2025-07-07 14:29:49,971 [INFO] [8] TRAIN | loss: 4.584958387457806, acc: 0.017337031900138695
2025-07-07 14:29:49,971 [INFO] [8] VALIDATION | acc: 0.014792899408284023
2025-07-07 14:29:52,041 [INFO] [9] TRAIN | loss: 4.57574667101321, acc: 0.024965325936199722
2025-07-07 14:29:52,041 [INFO] [9] VALIDATION | acc: 0.014792899408284023
2025-07-07 14:29:54,137 [INFO] [10] TRAIN | loss: 4.5613822833351465, acc: 0.027045769764216365
2025-07-07 14:29:54,137 [INFO] [10] VALIDATION | acc: 0.01775147928994083
2025-07-07 14:29:56,219 [INFO] [11] TRAIN | loss: 4.5173204567121426, acc: 0.03467406380027739
2025-07-07 14:29:56,220 [INFO] [11] VALIDATION | acc: 0.023668639053254437
2025-07-07 14:29:58,389 [INFO] [12] TRAIN | loss: 4.47964390464451, acc: 0.03536754507628294
2025-07-07 14:29:58,390 [INFO] [12] VALIDATION | acc: 0.01775147928994083
2025-07-07 14:30:00,586 [INFO] [13] TRAIN | loss: 4.407643266346144, acc: 0.036754507628294034
2025-07-07 14:30:00,586 [INFO] [13] VALIDATION | acc: 0.01775147928994083
2025-07-07 14:30:02,710 [INFO] [14] TRAIN | loss: 4.339917898178101, acc: 0.047156726768377254
2025-07-07 14:30:02,710 [INFO] [14] VALIDATION | acc: 0.04142011834319527
2025-07-07 14:30:04,830 [INFO] [15] TRAIN | loss: 4.277027233787205, acc: 0.049930651872399444
2025-07-07 14:30:04,830 [INFO] [15] VALIDATION | acc: 0.04142011834319527
2025-07-07 14:30:06,763 [INFO] [16] TRAIN | loss: 4.20015421639318, acc: 0.049237170596393896
2025-07-07 14:30:06,763 [INFO] [16] VALIDATION | acc: 0.05621301775147929
2025-07-07 14:30:08,664 [INFO] [17] TRAIN | loss: 4.1519827376241265, acc: 0.057558945908460474
2025-07-07 14:30:08,664 [INFO] [17] VALIDATION | acc: 0.038461538461538464
2025-07-07 14:30:10,432 [INFO] [18] TRAIN | loss: 4.150917628537053, acc: 0.052011095700416086
2025-07-07 14:30:10,432 [INFO] [18] VALIDATION | acc: 0.047337278106508875
2025-07-07 14:30:12,172 [INFO] [19] TRAIN | loss: 4.090343791505565, acc: 0.05825242718446602
2025-07-07 14:30:12,172 [INFO] [19] VALIDATION | acc: 0.05325443786982249
2025-07-07 14:30:13,905 [INFO] [20] TRAIN | loss: 4.117310529169829, acc: 0.06241331484049931
2025-07-07 14:30:13,905 [INFO] [20] VALIDATION | acc: 0.05029585798816568
2025-07-07 14:30:15,631 [INFO] [21] TRAIN | loss: 3.9916571897009145, acc: 0.07766990291262135
2025-07-07 14:30:15,631 [INFO] [21] VALIDATION | acc: 0.0621301775147929
2025-07-07 14:30:17,376 [INFO] [22] TRAIN | loss: 3.931937031123949, acc: 0.09361997226074896
2025-07-07 14:30:17,376 [INFO] [22] VALIDATION | acc: 0.0650887573964497
2025-07-07 14:30:19,088 [INFO] [23] TRAIN | loss: 3.90498962091363, acc: 0.09847434119278779
2025-07-07 14:30:19,088 [INFO] [23] VALIDATION | acc: 0.05917159763313609
2025-07-07 14:30:20,808 [INFO] [24] TRAIN | loss: 3.8653707193291704, acc: 0.10263522884882108
2025-07-07 14:30:20,808 [INFO] [24] VALIDATION | acc: 0.07396449704142012
2025-07-07 14:30:22,514 [INFO] [25] TRAIN | loss: 3.8274237591287363, acc: 0.09847434119278779
2025-07-07 14:30:22,514 [INFO] [25] VALIDATION | acc: 0.06804733727810651
2025-07-07 14:30:24,229 [INFO] [26] TRAIN | loss: 3.826614447261976, acc: 0.0970873786407767
2025-07-07 14:30:24,229 [INFO] [26] VALIDATION | acc: 0.07100591715976332
2025-07-07 14:30:25,990 [INFO] [27] TRAIN | loss: 3.796502279198688, acc: 0.10402219140083217
2025-07-07 14:30:25,990 [INFO] [27] VALIDATION | acc: 0.07988165680473373
2025-07-07 14:30:27,736 [INFO] [28] TRAIN | loss: 3.751798743787019, acc: 0.1262135922330097
2025-07-07 14:30:27,737 [INFO] [28] VALIDATION | acc: 0.07988165680473373
2025-07-07 14:30:29,445 [INFO] [29] TRAIN | loss: 3.6940933673278145, acc: 0.1289875173370319
2025-07-07 14:30:29,445 [INFO] [29] VALIDATION | acc: 0.05325443786982249
2025-07-07 14:30:31,203 [INFO] [30] TRAIN | loss: 3.7434090479560522, acc: 0.11095700416088766
2025-07-07 14:30:31,203 [INFO] [30] VALIDATION | acc: 0.08284023668639054
2025-07-07 14:30:32,915 [INFO] [31] TRAIN | loss: 3.6690705599992173, acc: 0.13522884882108183
2025-07-07 14:30:32,915 [INFO] [31] VALIDATION | acc: 0.07692307692307693
2025-07-07 14:30:34,670 [INFO] [32] TRAIN | loss: 3.6404546602912573, acc: 0.13522884882108183
2025-07-07 14:30:34,670 [INFO] [32] VALIDATION | acc: 0.08875739644970414
2025-07-07 14:30:36,411 [INFO] [33] TRAIN | loss: 3.6174073374789693, acc: 0.13245492371705964
2025-07-07 14:30:36,411 [INFO] [33] VALIDATION | acc: 0.07988165680473373
2025-07-07 14:30:38,123 [INFO] [34] TRAIN | loss: 3.580660265424977, acc: 0.12829403606102635
2025-07-07 14:30:38,123 [INFO] [34] VALIDATION | acc: 0.09763313609467456
2025-07-07 14:30:39,841 [INFO] [35] TRAIN | loss: 3.5835145660068677, acc: 0.1463245492371706
2025-07-07 14:30:39,841 [INFO] [35] VALIDATION | acc: 0.07988165680473373
2025-07-07 14:30:41,587 [INFO] [36] TRAIN | loss: 3.5346274738726406, acc: 0.15048543689320387
2025-07-07 14:30:41,587 [INFO] [36] VALIDATION | acc: 0.07988165680473373
2025-07-07 14:30:43,337 [INFO] [37] TRAIN | loss: 3.485909182092418, acc: 0.14771151178918168
2025-07-07 14:30:43,337 [INFO] [37] VALIDATION | acc: 0.08284023668639054
2025-07-07 14:30:45,064 [INFO] [38] TRAIN | loss: 3.47009087127188, acc: 0.15880721220527047
2025-07-07 14:30:45,064 [INFO] [38] VALIDATION | acc: 0.08284023668639054
2025-07-07 14:30:46,761 [INFO] [39] TRAIN | loss: 3.4497590272322944, acc: 0.14840499306518723
2025-07-07 14:30:46,761 [INFO] [39] VALIDATION | acc: 0.08284023668639054
2025-07-07 14:30:48,479 [INFO] [40] TRAIN | loss: 3.436007048772729, acc: 0.1678224687933426
2025-07-07 14:30:48,479 [INFO] [40] VALIDATION | acc: 0.07396449704142012
2025-07-07 14:30:50,186 [INFO] [41] TRAIN | loss: 3.376915620720905, acc: 0.1678224687933426
2025-07-07 14:30:50,186 [INFO] [41] VALIDATION | acc: 0.10355029585798817
2025-07-07 14:30:51,915 [INFO] [42] TRAIN | loss: 3.337569262670434, acc: 0.18585298196948682
2025-07-07 14:30:51,915 [INFO] [42] VALIDATION | acc: 0.11242603550295859
2025-07-07 14:30:53,631 [INFO] [43] TRAIN | loss: 3.3230608805366186, acc: 0.18654646324549237
2025-07-07 14:30:53,631 [INFO] [43] VALIDATION | acc: 0.08875739644970414
2025-07-07 14:30:55,383 [INFO] [44] TRAIN | loss: 3.320471737695777, acc: 0.17475728155339806
2025-07-07 14:30:55,383 [INFO] [44] VALIDATION | acc: 0.11834319526627218
2025-07-07 14:30:57,078 [INFO] [45] TRAIN | loss: 3.2721000702484795, acc: 0.18654646324549237
2025-07-07 14:30:57,078 [INFO] [45] VALIDATION | acc: 0.09171597633136094
2025-07-07 14:30:58,805 [INFO] [46] TRAIN | loss: 3.2573214147401894, acc: 0.18723994452149792
2025-07-07 14:30:58,806 [INFO] [46] VALIDATION | acc: 0.12130177514792899
2025-07-07 14:31:00,541 [INFO] [47] TRAIN | loss: 3.221581044404403, acc: 0.18932038834951456
2025-07-07 14:31:00,541 [INFO] [47] VALIDATION | acc: 0.11834319526627218
2025-07-07 14:31:02,257 [INFO] [48] TRAIN | loss: 3.2200900938199912, acc: 0.19902912621359223
2025-07-07 14:31:02,257 [INFO] [48] VALIDATION | acc: 0.11538461538461539
2025-07-07 14:31:03,983 [INFO] [49] TRAIN | loss: 3.2260219066039375, acc: 0.20527045769764216
2025-07-07 14:31:03,983 [INFO] [49] VALIDATION | acc: 0.11242603550295859
2025-07-07 14:31:05,695 [INFO] [50] TRAIN | loss: 3.2027510611907295, acc: 0.2031900138696255
2025-07-07 14:31:05,695 [INFO] [50] VALIDATION | acc: 0.10946745562130178
2025-07-07 14:31:07,418 [INFO] [51] TRAIN | loss: 3.1446768822877305, acc: 0.21914008321775313
2025-07-07 14:31:07,418 [INFO] [51] VALIDATION | acc: 0.12721893491124261
2025-07-07 14:31:09,152 [INFO] [52] TRAIN | loss: 3.103892409283182, acc: 0.21567267683772537
2025-07-07 14:31:09,152 [INFO] [52] VALIDATION | acc: 0.12130177514792899
2025-07-07 14:31:10,857 [INFO] [53] TRAIN | loss: 3.1135716801104336, acc: 0.21289875173370318
2025-07-07 14:31:10,857 [INFO] [53] VALIDATION | acc: 0.11538461538461539
2025-07-07 14:31:12,590 [INFO] [54] TRAIN | loss: 3.1031301591707314, acc: 0.22330097087378642
2025-07-07 14:31:12,590 [INFO] [54] VALIDATION | acc: 0.1301775147928994
2025-07-07 14:31:14,310 [INFO] [55] TRAIN | loss: 3.01203887877257, acc: 0.2434119278779473
2025-07-07 14:31:14,310 [INFO] [55] VALIDATION | acc: 0.11834319526627218
2025-07-07 14:31:16,029 [INFO] [56] TRAIN | loss: 3.0572181214456973, acc: 0.2274618585298197
2025-07-07 14:31:16,029 [INFO] [56] VALIDATION | acc: 0.14201183431952663
2025-07-07 14:31:17,749 [INFO] [57] TRAIN | loss: 3.0139443045077114, acc: 0.22399445214979197
2025-07-07 14:31:17,749 [INFO] [57] VALIDATION | acc: 0.10650887573964497
2025-07-07 14:31:19,482 [INFO] [58] TRAIN | loss: 2.964946606884832, acc: 0.24549237170596394
2025-07-07 14:31:19,482 [INFO] [58] VALIDATION | acc: 0.1242603550295858
2025-07-07 14:31:21,203 [INFO] [59] TRAIN | loss: 2.8981842204280523, acc: 0.23855755894590847
2025-07-07 14:31:21,203 [INFO] [59] VALIDATION | acc: 0.1301775147928994
2025-07-07 14:31:22,923 [INFO] [60] TRAIN | loss: 2.9402154269425766, acc: 0.2538141470180305
2025-07-07 14:31:22,923 [INFO] [60] VALIDATION | acc: 0.13313609467455623
2025-07-07 14:31:24,637 [INFO] [61] TRAIN | loss: 2.9321106827777363, acc: 0.25728155339805825
2025-07-07 14:31:24,637 [INFO] [61] VALIDATION | acc: 0.1390532544378698
2025-07-07 14:31:26,378 [INFO] [62] TRAIN | loss: 2.9579962232838506, acc: 0.23786407766990292
2025-07-07 14:31:26,378 [INFO] [62] VALIDATION | acc: 0.12130177514792899
2025-07-07 14:31:28,117 [INFO] [63] TRAIN | loss: 2.8499634317729785, acc: 0.2635228848821082
2025-07-07 14:31:28,117 [INFO] [63] VALIDATION | acc: 0.14201183431952663
2025-07-07 14:31:29,837 [INFO] [64] TRAIN | loss: 2.846403505491174, acc: 0.26907073509015256
2025-07-07 14:31:29,838 [INFO] [64] VALIDATION | acc: 0.1242603550295858
2025-07-07 14:31:31,583 [INFO] [65] TRAIN | loss: 2.8651000364967016, acc: 0.2538141470180305
2025-07-07 14:31:31,583 [INFO] [65] VALIDATION | acc: 0.13313609467455623
2025-07-07 14:31:33,311 [INFO] [66] TRAIN | loss: 2.7717050754505657, acc: 0.28640776699029125
2025-07-07 14:31:33,311 [INFO] [66] VALIDATION | acc: 0.13313609467455623
2025-07-07 14:31:35,043 [INFO] [67] TRAIN | loss: 2.758094144904095, acc: 0.2871012482662968
2025-07-07 14:31:35,044 [INFO] [67] VALIDATION | acc: 0.1390532544378698
2025-07-07 14:31:36,792 [INFO] [68] TRAIN | loss: 2.7645757094673487, acc: 0.28779472954230234
2025-07-07 14:31:36,792 [INFO] [68] VALIDATION | acc: 0.14497041420118342
2025-07-07 14:31:38,538 [INFO] [69] TRAIN | loss: 2.7395071102225264, acc: 0.29056865464632453
2025-07-07 14:31:38,538 [INFO] [69] VALIDATION | acc: 0.14792899408284024
2025-07-07 14:31:40,261 [INFO] [70] TRAIN | loss: 2.7192708461180977, acc: 0.29403606102635227
2025-07-07 14:31:40,261 [INFO] [70] VALIDATION | acc: 0.13609467455621302
2025-07-07 14:31:41,981 [INFO] [71] TRAIN | loss: 2.6974336116210273, acc: 0.28779472954230234
2025-07-07 14:31:41,981 [INFO] [71] VALIDATION | acc: 0.14792899408284024
2025-07-07 14:31:43,731 [INFO] [72] TRAIN | loss: 2.681385936944381, acc: 0.30721220527045767
2025-07-07 14:31:43,731 [INFO] [72] VALIDATION | acc: 0.15088757396449703
2025-07-07 14:31:45,452 [INFO] [73] TRAIN | loss: 2.664904853572016, acc: 0.3065187239944521
2025-07-07 14:31:45,453 [INFO] [73] VALIDATION | acc: 0.15088757396449703
2025-07-07 14:31:47,189 [INFO] [74] TRAIN | loss: 2.6064218023548955, acc: 0.32038834951456313
2025-07-07 14:31:47,189 [INFO] [74] VALIDATION | acc: 0.15384615384615385
2025-07-07 14:31:48,922 [INFO] [75] TRAIN | loss: 2.5995812260586284, acc: 0.2988904299583911
2025-07-07 14:31:48,923 [INFO] [75] VALIDATION | acc: 0.15680473372781065
2025-07-07 14:31:50,672 [INFO] [76] TRAIN | loss: 2.6105299669763316, acc: 0.3245492371705964
2025-07-07 14:31:50,672 [INFO] [76] VALIDATION | acc: 0.15088757396449703
2025-07-07 14:31:52,402 [INFO] [77] TRAIN | loss: 2.6199871301651, acc: 0.33980582524271846
2025-07-07 14:31:52,402 [INFO] [77] VALIDATION | acc: 0.1301775147928994
2025-07-07 14:31:54,139 [INFO] [78] TRAIN | loss: 2.59516404763512, acc: 0.33356449375866853
2025-07-07 14:31:54,139 [INFO] [78] VALIDATION | acc: 0.17159763313609466
2025-07-07 14:31:55,864 [INFO] [79] TRAIN | loss: 2.505469394766766, acc: 0.3536754507628294
2025-07-07 14:31:55,864 [INFO] [79] VALIDATION | acc: 0.14201183431952663
2025-07-07 14:31:57,585 [INFO] [80] TRAIN | loss: 2.5182810607163804, acc: 0.34674063800277394
2025-07-07 14:31:57,585 [INFO] [80] VALIDATION | acc: 0.1804733727810651
2025-07-07 14:31:59,309 [INFO] [81] TRAIN | loss: 2.53511200003002, acc: 0.3210818307905687
2025-07-07 14:31:59,309 [INFO] [81] VALIDATION | acc: 0.17455621301775148
2025-07-07 14:32:01,068 [INFO] [82] TRAIN | loss: 2.4396764065908347, acc: 0.3606102635228849
2025-07-07 14:32:01,068 [INFO] [82] VALIDATION | acc: 0.16568047337278108
2025-07-07 14:32:02,799 [INFO] [83] TRAIN | loss: 2.454946686392245, acc: 0.3418862690707351
2025-07-07 14:32:02,799 [INFO] [83] VALIDATION | acc: 0.16568047337278108
2025-07-07 14:32:04,534 [INFO] [84] TRAIN | loss: 2.4301180295322253, acc: 0.3592233009708738
2025-07-07 14:32:04,534 [INFO] [84] VALIDATION | acc: 0.1863905325443787
2025-07-07 14:32:06,268 [INFO] [85] TRAIN | loss: 2.393900391848191, acc: 0.38072122052704577
2025-07-07 14:32:06,268 [INFO] [85] VALIDATION | acc: 0.15680473372781065
2025-07-07 14:32:08,004 [INFO] [86] TRAIN | loss: 2.3802580366963926, acc: 0.37933425797503467
2025-07-07 14:32:08,004 [INFO] [86] VALIDATION | acc: 0.19822485207100593
2025-07-07 14:32:09,731 [INFO] [87] TRAIN | loss: 2.355026654575182, acc: 0.391123439667129
2025-07-07 14:32:09,731 [INFO] [87] VALIDATION | acc: 0.15976331360946747
2025-07-07 14:32:11,450 [INFO] [88] TRAIN | loss: 2.349143271860869, acc: 0.3800277392510402
2025-07-07 14:32:11,450 [INFO] [88] VALIDATION | acc: 0.1804733727810651
2025-07-07 14:32:13,178 [INFO] [89] TRAIN | loss: 2.3984546661376953, acc: 0.3932038834951456
2025-07-07 14:32:13,178 [INFO] [89] VALIDATION | acc: 0.19822485207100593
2025-07-07 14:32:14,915 [INFO] [90] TRAIN | loss: 2.3414615677750628, acc: 0.406380027739251
2025-07-07 14:32:14,915 [INFO] [90] VALIDATION | acc: 0.15088757396449703
2025-07-07 14:32:16,627 [INFO] [91] TRAIN | loss: 2.4577001540557197, acc: 0.3654646324549237
2025-07-07 14:32:16,627 [INFO] [91] VALIDATION | acc: 0.16568047337278108
2025-07-07 14:32:18,360 [INFO] [92] TRAIN | loss: 2.29836918996728, acc: 0.42302357836338417
2025-07-07 14:32:18,360 [INFO] [92] VALIDATION | acc: 0.1804733727810651
2025-07-07 14:32:20,093 [INFO] [93] TRAIN | loss: 2.249872922897339, acc: 0.42579750346740636
2025-07-07 14:32:20,093 [INFO] [93] VALIDATION | acc: 0.1804733727810651
2025-07-07 14:32:21,820 [INFO] [94] TRAIN | loss: 2.243199612783349, acc: 0.420249653259362
2025-07-07 14:32:21,820 [INFO] [94] VALIDATION | acc: 0.20118343195266272
2025-07-07 14:32:23,531 [INFO] [95] TRAIN | loss: 2.248240888118744, acc: 0.42302357836338417
2025-07-07 14:32:23,531 [INFO] [95] VALIDATION | acc: 0.1952662721893491
2025-07-07 14:32:25,272 [INFO] [96] TRAIN | loss: 2.182526329289312, acc: 0.4348127600554785
2025-07-07 14:32:25,272 [INFO] [96] VALIDATION | acc: 0.17159763313609466
2025-07-07 14:32:27,021 [INFO] [97] TRAIN | loss: 2.174062832542088, acc: 0.4368932038834951
2025-07-07 14:32:27,021 [INFO] [97] VALIDATION | acc: 0.16863905325443787
2025-07-07 14:32:28,738 [INFO] [98] TRAIN | loss: 2.1695698214613874, acc: 0.42441054091539526
2025-07-07 14:32:28,738 [INFO] [98] VALIDATION | acc: 0.1893491124260355
2025-07-07 14:32:30,471 [INFO] [99] TRAIN | loss: 2.155620629372804, acc: 0.4431345353675451
2025-07-07 14:32:30,471 [INFO] [99] VALIDATION | acc: 0.20118343195266272
2025-07-07 14:32:32,212 [INFO] [100] TRAIN | loss: 2.1399267782335696, acc: 0.43966712898751736
2025-07-07 14:32:32,212 [INFO] [100] VALIDATION | acc: 0.1863905325443787
2025-07-07 14:32:32,213 [INFO] Testing checkpointed models starting...

2025-07-07 14:32:33,600 [INFO] checkpoint_t0  ->  0.011627906976744186
2025-07-07 14:32:34,915 [INFO] checkpoint_v0  ->  0.011627906976744186
2025-07-07 14:32:36,226 [INFO] checkpoint_t1  ->  0.027131782945736434
2025-07-07 14:32:38,204 [INFO] checkpoint_v1  ->  0.027131782945736434
2025-07-07 14:32:43,746 [INFO] checkpoint_t2  ->  0.06589147286821706
2025-07-07 14:32:49,363 [INFO] checkpoint_v2  ->  0.06589147286821706
2025-07-07 14:32:54,901 [INFO] checkpoint_t3  ->  0.09689922480620156
2025-07-07 14:33:01,259 [INFO] checkpoint_v3  ->  0.07364341085271318
2025-07-07 14:33:07,424 [INFO] checkpoint_t4  ->  0.10852713178294573
2025-07-07 14:33:13,173 [INFO] checkpoint_v4  ->  0.10077519379844961
2025-07-07 14:33:18,920 [INFO] checkpoint_t5  ->  0.13178294573643412
2025-07-07 14:33:24,722 [INFO] checkpoint_v5  ->  0.13178294573643412
2025-07-07 14:33:30,129 [INFO] checkpoint_t6  ->  0.1511627906976744
2025-07-07 14:33:36,055 [INFO] checkpoint_v6  ->  0.13953488372093023
2025-07-07 14:33:41,491 [INFO] checkpoint_t7  ->  0.1821705426356589
2025-07-07 14:33:47,523 [INFO] checkpoint_v7  ->  0.1511627906976744
2025-07-07 14:33:53,145 [INFO] checkpoint_t8  ->  0.1744186046511628
2025-07-07 14:34:00,297 [INFO] checkpoint_v8  ->  0.17829457364341086
2025-07-07 14:34:07,128 [INFO] checkpoint_t9  ->  0.1744186046511628
2025-07-07 14:34:15,390 [INFO] checkpoint_v9  ->  0.18604651162790697
2025-07-07 14:34:24,348 [INFO] checkpoint_t10  ->  0.2131782945736434
2025-07-07 14:34:32,275 [INFO] checkpoint_v10  ->  0.23255813953488372
2025-07-07 14:34:32,276 [INFO] 
=======================================
2025-07-07 14:34:32,276 [INFO] The best testing checkpoint: encoder_pose_landmarks_fs0/checkpoint_v_10:
2025-07-07 14:34:32,276 [INFO]    Testing accuracy: 0.233
2025-07-07 14:34:32,276 [INFO]    Macro F1 score: 0.178
2025-07-07 14:34:32,276 [INFO]    Weighted F1 score: 0.184
2025-07-07 14:34:32,276 [INFO]    Total trainable parameters: 1,500,532
2025-07-07 14:34:32,276 [INFO]    Elapsed time: 300.49 sec
2025-07-07 14:34:32,276 [INFO] ----------------Config information----------------------- 
2025-07-07 14:34:32,276 [INFO]  - Experiment Args: {'dataset': 'WLASL100', 'features': 'POSE_LANDMARKS', 'include_blendshapes': 0, 'fs': 0, 'feature_truncation': 0, 'num_classes': 100, 'model': 'encoder', 'mediapipe_holistic': True, 'dim': 56, 'heads': 8, 'n_layers': 6, 'PE': 0, 'pad': 'True', 'clip_weights': 0, 'clip_gradients': 0, 'opt': 'SGD', 'sgd_momentum': 0.9, 'scheduler': 'cosine', 'bs': 32, 'epochs': 100, 'lr': '1e-03', 'logfreq': 1, 'checkpoints': True}
2025-07-07 14:34:32,353 [INFO] 
Any desired statistics have been plotted.
The experiment is finished.
