2025-07-07 14:23:21,279 [INFO] [INFO] Starting experiment encoder_hand_landmarks_fs1...


2025-07-07 14:23:23,344 [INFO] [1] TRAIN | loss: 4.791149346724801, acc: 0.010402219140083218
2025-07-07 14:23:23,344 [INFO] [1] VALIDATION | acc: 0.005917159763313609
2025-07-07 14:23:25,204 [INFO] [2] TRAIN | loss: 4.735436605370563, acc: 0.012482662968099861
2025-07-07 14:23:25,204 [INFO] [2] VALIDATION | acc: 0.005917159763313609
2025-07-07 14:23:27,107 [INFO] [3] TRAIN | loss: 4.643001732618912, acc: 0.013869625520110958
2025-07-07 14:23:27,107 [INFO] [3] VALIDATION | acc: 0.011834319526627219
2025-07-07 14:23:28,982 [INFO] [4] TRAIN | loss: 4.556571804958841, acc: 0.018030513176144243
2025-07-07 14:23:28,983 [INFO] [4] VALIDATION | acc: 0.026627218934911243
2025-07-07 14:23:30,933 [INFO] [5] TRAIN | loss: 4.464396435281505, acc: 0.030513176144244106
2025-07-07 14:23:30,933 [INFO] [5] VALIDATION | acc: 0.026627218934911243
2025-07-07 14:23:32,806 [INFO] [6] TRAIN | loss: 4.370320154272991, acc: 0.04022191400832178
2025-07-07 14:23:32,807 [INFO] [6] VALIDATION | acc: 0.03550295857988166
2025-07-07 14:23:34,696 [INFO] [7] TRAIN | loss: 4.279446943946507, acc: 0.030513176144244106
2025-07-07 14:23:34,696 [INFO] [7] VALIDATION | acc: 0.029585798816568046
2025-07-07 14:23:36,555 [INFO] [8] TRAIN | loss: 4.216276593830274, acc: 0.04160887656033287
2025-07-07 14:23:36,555 [INFO] [8] VALIDATION | acc: 0.05621301775147929
2025-07-07 14:23:38,462 [INFO] [9] TRAIN | loss: 4.126150540683581, acc: 0.040915395284327326
2025-07-07 14:23:38,462 [INFO] [9] VALIDATION | acc: 0.0650887573964497
2025-07-07 14:23:40,331 [INFO] [10] TRAIN | loss: 4.0615421015283335, acc: 0.06657420249653259
2025-07-07 14:23:40,331 [INFO] [10] VALIDATION | acc: 0.06804733727810651
2025-07-07 14:23:42,177 [INFO] [11] TRAIN | loss: 3.957438614057458, acc: 0.07766990291262135
2025-07-07 14:23:42,177 [INFO] [11] VALIDATION | acc: 0.10355029585798817
2025-07-07 14:23:44,048 [INFO] [12] TRAIN | loss: 3.886603028877922, acc: 0.08668515950069348
2025-07-07 14:23:44,048 [INFO] [12] VALIDATION | acc: 0.10650887573964497
2025-07-07 14:23:46,014 [INFO] [13] TRAIN | loss: 3.810355113900226, acc: 0.10957004160887657
2025-07-07 14:23:46,014 [INFO] [13] VALIDATION | acc: 0.1301775147928994
2025-07-07 14:23:47,894 [INFO] [14] TRAIN | loss: 3.7069565887036533, acc: 0.12413314840499307
2025-07-07 14:23:47,894 [INFO] [14] VALIDATION | acc: 0.11242603550295859
2025-07-07 14:23:49,728 [INFO] [15] TRAIN | loss: 3.6653245791144995, acc: 0.13869625520110956
2025-07-07 14:23:49,728 [INFO] [15] VALIDATION | acc: 0.08579881656804733
2025-07-07 14:23:51,567 [INFO] [16] TRAIN | loss: 3.5971734264622564, acc: 0.1463245492371706
2025-07-07 14:23:51,567 [INFO] [16] VALIDATION | acc: 0.14201183431952663
2025-07-07 14:23:53,407 [INFO] [17] TRAIN | loss: 3.5157504548197207, acc: 0.17267683772538142
2025-07-07 14:23:53,407 [INFO] [17] VALIDATION | acc: 0.15976331360946747
2025-07-07 14:23:55,325 [INFO] [18] TRAIN | loss: 3.4349833986033564, acc: 0.19209431345353675
2025-07-07 14:23:55,325 [INFO] [18] VALIDATION | acc: 0.17455621301775148
2025-07-07 14:23:57,194 [INFO] [19] TRAIN | loss: 3.401454070340032, acc: 0.19209431345353675
2025-07-07 14:23:57,194 [INFO] [19] VALIDATION | acc: 0.1863905325443787
2025-07-07 14:23:59,020 [INFO] [20] TRAIN | loss: 3.3014150235963906, acc: 0.22538141470180306
2025-07-07 14:23:59,021 [INFO] [20] VALIDATION | acc: 0.15976331360946747
2025-07-07 14:24:00,955 [INFO] [21] TRAIN | loss: 3.2281922775766123, acc: 0.23231622746185854
2025-07-07 14:24:00,955 [INFO] [21] VALIDATION | acc: 0.21301775147928995
2025-07-07 14:24:03,005 [INFO] [22] TRAIN | loss: 3.1096698615861977, acc: 0.2579750346740638
2025-07-07 14:24:03,005 [INFO] [22] VALIDATION | acc: 0.21597633136094674
2025-07-07 14:24:04,876 [INFO] [23] TRAIN | loss: 3.060248639272607, acc: 0.27045769764216365
2025-07-07 14:24:04,877 [INFO] [23] VALIDATION | acc: 0.16272189349112426
2025-07-07 14:24:06,737 [INFO] [24] TRAIN | loss: 3.0176568549612295, acc: 0.2857142857142857
2025-07-07 14:24:06,737 [INFO] [24] VALIDATION | acc: 0.23076923076923078
2025-07-07 14:24:08,587 [INFO] [25] TRAIN | loss: 2.9459700428921245, acc: 0.3030513176144244
2025-07-07 14:24:08,587 [INFO] [25] VALIDATION | acc: 0.2603550295857988
2025-07-07 14:24:10,388 [INFO] [26] TRAIN | loss: 2.9072991091272105, acc: 0.28918169209431344
2025-07-07 14:24:10,388 [INFO] [26] VALIDATION | acc: 0.23372781065088757
2025-07-07 14:24:12,211 [INFO] [27] TRAIN | loss: 2.8751393349274346, acc: 0.2961165048543689
2025-07-07 14:24:12,211 [INFO] [27] VALIDATION | acc: 0.21005917159763313
2025-07-07 14:24:14,066 [INFO] [28] TRAIN | loss: 2.8214456775914067, acc: 0.30721220527045767
2025-07-07 14:24:14,066 [INFO] [28] VALIDATION | acc: 0.26627218934911245
2025-07-07 14:24:15,911 [INFO] [29] TRAIN | loss: 2.7475160645401995, acc: 0.3363384188626907
2025-07-07 14:24:15,911 [INFO] [29] VALIDATION | acc: 0.3047337278106509
2025-07-07 14:24:17,753 [INFO] [30] TRAIN | loss: 2.6950238165648086, acc: 0.35159500693481277
2025-07-07 14:24:17,753 [INFO] [30] VALIDATION | acc: 0.27218934911242604
2025-07-07 14:24:19,554 [INFO] [31] TRAIN | loss: 2.6263003038323443, acc: 0.37447988904299584
2025-07-07 14:24:19,554 [INFO] [31] VALIDATION | acc: 0.27218934911242604
2025-07-07 14:24:21,374 [INFO] [32] TRAIN | loss: 2.6185927391052246, acc: 0.3606102635228849
2025-07-07 14:24:21,374 [INFO] [32] VALIDATION | acc: 0.3254437869822485
2025-07-07 14:24:23,199 [INFO] [33] TRAIN | loss: 2.559200302414272, acc: 0.3959778085991678
2025-07-07 14:24:23,199 [INFO] [33] VALIDATION | acc: 0.3136094674556213
2025-07-07 14:24:25,038 [INFO] [34] TRAIN | loss: 2.4717201590538025, acc: 0.4133148404993065
2025-07-07 14:24:25,038 [INFO] [34] VALIDATION | acc: 0.3343195266272189
2025-07-07 14:24:26,907 [INFO] [35] TRAIN | loss: 2.404670264409936, acc: 0.42302357836338417
2025-07-07 14:24:26,907 [INFO] [35] VALIDATION | acc: 0.3076923076923077
2025-07-07 14:24:28,718 [INFO] [36] TRAIN | loss: 2.379418222800545, acc: 0.41678224687933424
2025-07-07 14:24:28,718 [INFO] [36] VALIDATION | acc: 0.34023668639053256
2025-07-07 14:24:30,533 [INFO] [37] TRAIN | loss: 2.364373424778814, acc: 0.4209431345353675
2025-07-07 14:24:30,533 [INFO] [37] VALIDATION | acc: 0.3520710059171598
2025-07-07 14:24:32,396 [INFO] [38] TRAIN | loss: 2.2600813508033752, acc: 0.4521497919556172
2025-07-07 14:24:32,396 [INFO] [38] VALIDATION | acc: 0.3076923076923077
2025-07-07 14:24:34,207 [INFO] [39] TRAIN | loss: 2.2510432419569595, acc: 0.43966712898751736
2025-07-07 14:24:34,207 [INFO] [39] VALIDATION | acc: 0.3431952662721893
2025-07-07 14:24:36,110 [INFO] [40] TRAIN | loss: 2.206377218598905, acc: 0.46601941747572817
2025-07-07 14:24:36,110 [INFO] [40] VALIDATION | acc: 0.31952662721893493
2025-07-07 14:24:37,943 [INFO] [41] TRAIN | loss: 2.1329090362009793, acc: 0.4812760055478502
2025-07-07 14:24:37,943 [INFO] [41] VALIDATION | acc: 0.35502958579881655
2025-07-07 14:24:39,772 [INFO] [42] TRAIN | loss: 2.132520880388177, acc: 0.470873786407767
2025-07-07 14:24:39,772 [INFO] [42] VALIDATION | acc: 0.39349112426035504
2025-07-07 14:24:41,670 [INFO] [43] TRAIN | loss: 2.0742718681045202, acc: 0.5006934812760055
2025-07-07 14:24:41,670 [INFO] [43] VALIDATION | acc: 0.35798816568047337
2025-07-07 14:24:43,518 [INFO] [44] TRAIN | loss: 1.9853417588316875, acc: 0.5187239944521498
2025-07-07 14:24:43,518 [INFO] [44] VALIDATION | acc: 0.38461538461538464
2025-07-07 14:24:45,357 [INFO] [45] TRAIN | loss: 1.9845015769419463, acc: 0.5020804438280166
2025-07-07 14:24:45,357 [INFO] [45] VALIDATION | acc: 0.3668639053254438
2025-07-07 14:24:47,442 [INFO] [46] TRAIN | loss: 1.966496747473012, acc: 0.515256588072122
2025-07-07 14:24:47,442 [INFO] [46] VALIDATION | acc: 0.3905325443786982
2025-07-07 14:24:50,010 [INFO] [47] TRAIN | loss: 1.964926621188288, acc: 0.5090152565880721
2025-07-07 14:24:50,011 [INFO] [47] VALIDATION | acc: 0.41124260355029585
2025-07-07 14:24:52,512 [INFO] [48] TRAIN | loss: 1.9463541559551074, acc: 0.5395284327323162
2025-07-07 14:24:52,512 [INFO] [48] VALIDATION | acc: 0.3609467455621302
2025-07-07 14:24:54,788 [INFO] [49] TRAIN | loss: 1.8639394044876099, acc: 0.5651872399445215
2025-07-07 14:24:54,788 [INFO] [49] VALIDATION | acc: 0.42011834319526625
2025-07-07 14:24:57,129 [INFO] [50] TRAIN | loss: 1.8627633996631787, acc: 0.5409153952843273
2025-07-07 14:24:57,129 [INFO] [50] VALIDATION | acc: 0.46449704142011833
2025-07-07 14:24:59,440 [INFO] [51] TRAIN | loss: 1.7971472973408906, acc: 0.5561719833564494
2025-07-07 14:24:59,440 [INFO] [51] VALIDATION | acc: 0.4437869822485207
2025-07-07 14:25:01,663 [INFO] [52] TRAIN | loss: 1.714434748110564, acc: 0.5859916782246879
2025-07-07 14:25:01,663 [INFO] [52] VALIDATION | acc: 0.4349112426035503
2025-07-07 14:25:03,970 [INFO] [53] TRAIN | loss: 1.675105685773103, acc: 0.59500693481276
2025-07-07 14:25:03,970 [INFO] [53] VALIDATION | acc: 0.46153846153846156
2025-07-07 14:25:06,370 [INFO] [54] TRAIN | loss: 1.6313620144906251, acc: 0.6185852981969486
2025-07-07 14:25:06,370 [INFO] [54] VALIDATION | acc: 0.4171597633136095
2025-07-07 14:25:08,625 [INFO] [55] TRAIN | loss: 1.7026643208835437, acc: 0.5943134535367545
2025-07-07 14:25:08,625 [INFO] [55] VALIDATION | acc: 0.44970414201183434
2025-07-07 14:25:10,854 [INFO] [56] TRAIN | loss: 1.6621510490127231, acc: 0.5936199722607489
2025-07-07 14:25:10,854 [INFO] [56] VALIDATION | acc: 0.46449704142011833
2025-07-07 14:25:13,445 [INFO] [57] TRAIN | loss: 1.569885510465373, acc: 0.6255201109570042
2025-07-07 14:25:13,446 [INFO] [57] VALIDATION | acc: 0.4911242603550296
2025-07-07 14:25:16,030 [INFO] [58] TRAIN | loss: 1.5978574623232302, acc: 0.6067961165048543
2025-07-07 14:25:16,030 [INFO] [58] VALIDATION | acc: 0.44970414201183434
2025-07-07 14:25:18,529 [INFO] [59] TRAIN | loss: 1.6103074265562969, acc: 0.6227461858529819
2025-07-07 14:25:18,529 [INFO] [59] VALIDATION | acc: 0.4437869822485207
2025-07-07 14:25:21,079 [INFO] [60] TRAIN | loss: 1.6214723457460818, acc: 0.5984743411927878
2025-07-07 14:25:21,079 [INFO] [60] VALIDATION | acc: 0.4378698224852071
2025-07-07 14:25:23,630 [INFO] [61] TRAIN | loss: 1.6299908135248267, acc: 0.6081830790568654
2025-07-07 14:25:23,630 [INFO] [61] VALIDATION | acc: 0.4349112426035503
2025-07-07 14:25:25,966 [INFO] [62] TRAIN | loss: 1.5711572999539583, acc: 0.6234396671289875
2025-07-07 14:25:25,966 [INFO] [62] VALIDATION | acc: 0.4467455621301775
2025-07-07 14:25:28,423 [INFO] [63] TRAIN | loss: 1.4555015952690789, acc: 0.6477115117891817
2025-07-07 14:25:28,423 [INFO] [63] VALIDATION | acc: 0.47041420118343197
2025-07-07 14:25:30,619 [INFO] [64] TRAIN | loss: 1.4798743362012117, acc: 0.6456310679611651
2025-07-07 14:25:30,620 [INFO] [64] VALIDATION | acc: 0.46153846153846156
2025-07-07 14:25:32,924 [INFO] [65] TRAIN | loss: 1.4070805855419324, acc: 0.665742024965326
2025-07-07 14:25:32,924 [INFO] [65] VALIDATION | acc: 0.5177514792899408
2025-07-07 14:25:35,248 [INFO] [66] TRAIN | loss: 1.367610708526943, acc: 0.6699029126213593
2025-07-07 14:25:35,249 [INFO] [66] VALIDATION | acc: 0.4911242603550296
2025-07-07 14:25:37,405 [INFO] [67] TRAIN | loss: 1.356168077043865, acc: 0.680998613037448
2025-07-07 14:25:37,405 [INFO] [67] VALIDATION | acc: 0.5266272189349113
2025-07-07 14:25:39,578 [INFO] [68] TRAIN | loss: 1.3020412636839824, acc: 0.6893203883495146
2025-07-07 14:25:39,578 [INFO] [68] VALIDATION | acc: 0.5059171597633136
2025-07-07 14:25:41,866 [INFO] [69] TRAIN | loss: 1.2594606383987095, acc: 0.6976421636615812
2025-07-07 14:25:41,867 [INFO] [69] VALIDATION | acc: 0.5621301775147929
2025-07-07 14:25:44,111 [INFO] [70] TRAIN | loss: 1.2875925872636877, acc: 0.6955617198335645
2025-07-07 14:25:44,111 [INFO] [70] VALIDATION | acc: 0.5059171597633136
2025-07-07 14:25:46,223 [INFO] [71] TRAIN | loss: 1.3407642335995384, acc: 0.6816920943134536
2025-07-07 14:25:46,223 [INFO] [71] VALIDATION | acc: 0.4911242603550296
2025-07-07 14:25:48,623 [INFO] [72] TRAIN | loss: 1.3140169991099315, acc: 0.6789181692094314
2025-07-07 14:25:48,623 [INFO] [72] VALIDATION | acc: 0.5266272189349113
2025-07-07 14:25:50,910 [INFO] [73] TRAIN | loss: 1.2521159104678943, acc: 0.710124826629681
2025-07-07 14:25:50,910 [INFO] [73] VALIDATION | acc: 0.4940828402366864
2025-07-07 14:25:53,210 [INFO] [74] TRAIN | loss: 1.2743406464224276, acc: 0.6816920943134536
2025-07-07 14:25:53,210 [INFO] [74] VALIDATION | acc: 0.5
2025-07-07 14:25:55,485 [INFO] [75] TRAIN | loss: 1.1613594176976576, acc: 0.7343966712898752
2025-07-07 14:25:55,485 [INFO] [75] VALIDATION | acc: 0.5414201183431953
2025-07-07 14:25:57,801 [INFO] [76] TRAIN | loss: 1.2004663698051288, acc: 0.7135922330097088
2025-07-07 14:25:57,801 [INFO] [76] VALIDATION | acc: 0.5177514792899408
2025-07-07 14:26:00,081 [INFO] [77] TRAIN | loss: 1.1806152456480523, acc: 0.7191400832177531
2025-07-07 14:26:00,081 [INFO] [77] VALIDATION | acc: 0.5236686390532544
2025-07-07 14:26:02,433 [INFO] [78] TRAIN | loss: 1.0698892694452535, acc: 0.7482662968099861
2025-07-07 14:26:02,433 [INFO] [78] VALIDATION | acc: 0.5502958579881657
2025-07-07 14:26:04,738 [INFO] [79] TRAIN | loss: 1.069720474274262, acc: 0.7600554785020804
2025-07-07 14:26:04,738 [INFO] [79] VALIDATION | acc: 0.5295857988165681
2025-07-07 14:26:07,197 [INFO] [80] TRAIN | loss: 1.0265755381273187, acc: 0.7586685159500693
2025-07-07 14:26:07,197 [INFO] [80] VALIDATION | acc: 0.5295857988165681
2025-07-07 14:26:09,482 [INFO] [81] TRAIN | loss: 1.0366268870623216, acc: 0.7545076282940361
2025-07-07 14:26:09,482 [INFO] [81] VALIDATION | acc: 0.5769230769230769
2025-07-07 14:26:11,752 [INFO] [82] TRAIN | loss: 1.0390653376993926, acc: 0.760748959778086
2025-07-07 14:26:11,753 [INFO] [82] VALIDATION | acc: 0.5680473372781065
2025-07-07 14:26:14,179 [INFO] [83] TRAIN | loss: 0.9721509192300879, acc: 0.7718446601941747
2025-07-07 14:26:14,179 [INFO] [83] VALIDATION | acc: 0.5828402366863905
2025-07-07 14:26:16,465 [INFO] [84] TRAIN | loss: 0.9669571959454081, acc: 0.7773925104022191
2025-07-07 14:26:16,465 [INFO] [84] VALIDATION | acc: 0.5414201183431953
2025-07-07 14:26:18,526 [INFO] [85] TRAIN | loss: 0.9529248644476351, acc: 0.7690707350901526
2025-07-07 14:26:18,526 [INFO] [85] VALIDATION | acc: 0.5828402366863905
2025-07-07 14:26:20,365 [INFO] [86] TRAIN | loss: 0.9089247765748397, acc: 0.7919556171983356
2025-07-07 14:26:20,365 [INFO] [86] VALIDATION | acc: 0.5798816568047337
2025-07-07 14:26:22,183 [INFO] [87] TRAIN | loss: 0.8783857206935468, acc: 0.79750346740638
2025-07-07 14:26:22,183 [INFO] [87] VALIDATION | acc: 0.5
2025-07-07 14:26:24,003 [INFO] [88] TRAIN | loss: 0.9043015759924183, acc: 0.7926490984743412
2025-07-07 14:26:24,003 [INFO] [88] VALIDATION | acc: 0.47633136094674555
2025-07-07 14:26:25,903 [INFO] [89] TRAIN | loss: 1.0718497698721678, acc: 0.7274618585298197
2025-07-07 14:26:25,903 [INFO] [89] VALIDATION | acc: 0.5236686390532544
2025-07-07 14:26:27,814 [INFO] [90] TRAIN | loss: 1.0744880010252413, acc: 0.723994452149792
2025-07-07 14:26:27,814 [INFO] [90] VALIDATION | acc: 0.5384615384615384
2025-07-07 14:26:29,671 [INFO] [91] TRAIN | loss: 0.9135406645743743, acc: 0.7787794729542302
2025-07-07 14:26:29,671 [INFO] [91] VALIDATION | acc: 0.5621301775147929
2025-07-07 14:26:31,562 [INFO] [92] TRAIN | loss: 0.9254896122476329, acc: 0.7926490984743412
2025-07-07 14:26:31,562 [INFO] [92] VALIDATION | acc: 0.5887573964497042
2025-07-07 14:26:33,434 [INFO] [93] TRAIN | loss: 0.8397400204254233, acc: 0.8030513176144244
2025-07-07 14:26:33,434 [INFO] [93] VALIDATION | acc: 0.5798816568047337
2025-07-07 14:26:35,323 [INFO] [94] TRAIN | loss: 0.7998334124036457, acc: 0.8183079056865464
2025-07-07 14:26:35,324 [INFO] [94] VALIDATION | acc: 0.5710059171597633
2025-07-07 14:26:37,212 [INFO] [95] TRAIN | loss: 0.7691775826008423, acc: 0.8335644937586685
2025-07-07 14:26:37,212 [INFO] [95] VALIDATION | acc: 0.5887573964497042
2025-07-07 14:26:39,120 [INFO] [96] TRAIN | loss: 0.7795627123635748, acc: 0.8162274618585298
2025-07-07 14:26:39,120 [INFO] [96] VALIDATION | acc: 0.6094674556213018
2025-07-07 14:26:41,054 [INFO] [97] TRAIN | loss: 0.7306918663823087, acc: 0.8328710124826629
2025-07-07 14:26:41,055 [INFO] [97] VALIDATION | acc: 0.6035502958579881
2025-07-07 14:26:43,009 [INFO] [98] TRAIN | loss: 0.7676561701556911, acc: 0.819001386962552
2025-07-07 14:26:43,009 [INFO] [98] VALIDATION | acc: 0.6094674556213018
2025-07-07 14:26:44,948 [INFO] [99] TRAIN | loss: 0.7103500729021819, acc: 0.8474341192787794
2025-07-07 14:26:44,948 [INFO] [99] VALIDATION | acc: 0.6035502958579881
2025-07-07 14:26:46,941 [INFO] [100] TRAIN | loss: 0.7100309191838555, acc: 0.8384188626907073
2025-07-07 14:26:46,942 [INFO] [100] VALIDATION | acc: 0.606508875739645
2025-07-07 14:26:46,942 [INFO] Testing checkpointed models starting...

2025-07-07 14:26:48,566 [INFO] checkpoint_t0  ->  0.011627906976744186
2025-07-07 14:26:50,312 [INFO] checkpoint_v0  ->  0.011627906976744186
2025-07-07 14:26:51,778 [INFO] checkpoint_t1  ->  0.10465116279069768
2025-07-07 14:26:59,623 [INFO] checkpoint_v1  ->  0.10465116279069768
2025-07-07 14:27:08,146 [INFO] checkpoint_t2  ->  0.21705426356589147
2025-07-07 14:27:16,458 [INFO] checkpoint_v2  ->  0.21705426356589147
2025-07-07 14:27:24,934 [INFO] checkpoint_t3  ->  0.34108527131782945
2025-07-07 14:27:33,153 [INFO] checkpoint_v3  ->  0.29844961240310075
2025-07-07 14:27:41,660 [INFO] checkpoint_t4  ->  0.37209302325581395
2025-07-07 14:27:49,838 [INFO] checkpoint_v4  ->  0.37209302325581395
2025-07-07 14:27:58,045 [INFO] checkpoint_t5  ->  0.4108527131782946
2025-07-07 14:28:06,616 [INFO] checkpoint_v5  ->  0.4806201550387597
2025-07-07 14:28:15,135 [INFO] checkpoint_t6  ->  0.5503875968992248
2025-07-07 14:28:23,517 [INFO] checkpoint_v6  ->  0.5503875968992248
2025-07-07 14:28:31,702 [INFO] checkpoint_t7  ->  0.5775193798449613
2025-07-07 14:28:39,889 [INFO] checkpoint_v7  ->  0.5775193798449613
2025-07-07 14:28:48,285 [INFO] checkpoint_t8  ->  0.5813953488372093
2025-07-07 14:28:56,609 [INFO] checkpoint_v8  ->  0.5813953488372093
2025-07-07 14:29:05,125 [INFO] checkpoint_t9  ->  0.5542635658914729
2025-07-07 14:29:13,590 [INFO] checkpoint_v9  ->  0.6007751937984496
2025-07-07 14:29:22,162 [INFO] checkpoint_t10  ->  0.6395348837209303
2025-07-07 14:29:30,968 [INFO] checkpoint_v10  ->  0.624031007751938
2025-07-07 14:29:30,969 [INFO] 
=======================================
2025-07-07 14:29:30,969 [INFO] The best testing checkpoint: encoder_hand_landmarks_fs1/checkpoint_t_10:
2025-07-07 14:29:30,969 [INFO]    Testing accuracy: 0.640
2025-07-07 14:29:30,969 [INFO]    Macro F1 score: 0.620
2025-07-07 14:29:30,969 [INFO]    Weighted F1 score: 0.617
2025-07-07 14:29:30,969 [INFO]    Total trainable parameters: 2,418,484
2025-07-07 14:29:30,969 [INFO]    Elapsed time: 369.69 sec
2025-07-07 14:29:30,969 [INFO] ----------------Config information----------------------- 
2025-07-07 14:29:30,969 [INFO]  - Experiment Args: {'dataset': 'WLASL100', 'features': 'HAND_LANDMARKS', 'include_blendshapes': 0, 'fs': 1, 'feature_truncation': 0, 'num_classes': 100, 'model': 'encoder', 'mediapipe_holistic': True, 'dim': 88, 'heads': 8, 'n_layers': 6, 'PE': 0, 'pad': 'True', 'clip_weights': 0, 'clip_gradients': 0, 'opt': 'SGD', 'sgd_momentum': 0.9, 'scheduler': 'cosine', 'bs': 32, 'epochs': 100, 'lr': '1e-03', 'logfreq': 1, 'checkpoints': True}
2025-07-07 14:29:31,081 [INFO] 
Any desired statistics have been plotted.
The experiment is finished.
