2025-07-05 20:19:55,343 [INFO] [INFO] Starting experiment encoder_hand_pose_angles_fs0...


2025-07-05 20:20:02,036 [INFO] [1] TRAIN | loss: 4.783508259317149, acc: 0.010402219140083218
2025-07-05 20:20:02,036 [INFO] [1] VALIDATION | acc: 0.011834319526627219
2025-07-05 20:20:08,508 [INFO] [2] TRAIN | loss: 4.655516261639803, acc: 0.02288488210818308
2025-07-05 20:20:08,508 [INFO] [2] VALIDATION | acc: 0.03550295857988166
2025-07-05 20:20:15,026 [INFO] [3] TRAIN | loss: 4.516301828881969, acc: 0.04230235783633842
2025-07-05 20:20:15,026 [INFO] [3] VALIDATION | acc: 0.05029585798816568
2025-07-05 20:20:21,552 [INFO] [4] TRAIN | loss: 4.316257103629734, acc: 0.052704576976421634
2025-07-05 20:20:21,552 [INFO] [4] VALIDATION | acc: 0.09467455621301775
2025-07-05 20:20:28,090 [INFO] [5] TRAIN | loss: 3.996295374372731, acc: 0.10194174757281553
2025-07-05 20:20:28,091 [INFO] [5] VALIDATION | acc: 0.1301775147928994
2025-07-05 20:20:34,575 [INFO] [6] TRAIN | loss: 3.632260472878166, acc: 0.15187239944521497
2025-07-05 20:20:34,575 [INFO] [6] VALIDATION | acc: 0.15384615384615385
2025-07-05 20:20:41,099 [INFO] [7] TRAIN | loss: 3.284501682157102, acc: 0.23300970873786409
2025-07-05 20:20:41,099 [INFO] [7] VALIDATION | acc: 0.23668639053254437
2025-07-05 20:20:47,601 [INFO] [8] TRAIN | loss: 2.9997776539429375, acc: 0.3065187239944521
2025-07-05 20:20:47,601 [INFO] [8] VALIDATION | acc: 0.2603550295857988
2025-07-05 20:20:54,132 [INFO] [9] TRAIN | loss: 2.649024986702463, acc: 0.3814147018030513
2025-07-05 20:20:54,132 [INFO] [9] VALIDATION | acc: 0.2869822485207101
2025-07-05 20:21:00,622 [INFO] [10] TRAIN | loss: 2.3636293903641077, acc: 0.44660194174757284
2025-07-05 20:21:00,622 [INFO] [10] VALIDATION | acc: 0.3875739644970414
2025-07-05 20:21:07,147 [INFO] [11] TRAIN | loss: 2.126599609851837, acc: 0.5249653259361997
2025-07-05 20:21:07,147 [INFO] [11] VALIDATION | acc: 0.40236686390532544
2025-07-05 20:21:13,635 [INFO] [12] TRAIN | loss: 1.835040464349415, acc: 0.5818307905686546
2025-07-05 20:21:13,635 [INFO] [12] VALIDATION | acc: 0.4408284023668639
2025-07-05 20:21:20,151 [INFO] [13] TRAIN | loss: 1.6182616016139155, acc: 0.6317614424410541
2025-07-05 20:21:20,151 [INFO] [13] VALIDATION | acc: 0.45857988165680474
2025-07-05 20:21:26,654 [INFO] [14] TRAIN | loss: 1.530554359373839, acc: 0.6643550624133149
2025-07-05 20:21:26,655 [INFO] [14] VALIDATION | acc: 0.4940828402366864
2025-07-05 20:21:33,205 [INFO] [15] TRAIN | loss: 1.413477766772975, acc: 0.6997226074895978
2025-07-05 20:21:33,205 [INFO] [15] VALIDATION | acc: 0.5
2025-07-05 20:21:39,722 [INFO] [16] TRAIN | loss: 1.2670570722092753, acc: 0.7108183079056866
2025-07-05 20:21:39,722 [INFO] [16] VALIDATION | acc: 0.5473372781065089
2025-07-05 20:21:46,157 [INFO] [17] TRAIN | loss: 1.073728218026783, acc: 0.7732316227461858
2025-07-05 20:21:46,157 [INFO] [17] VALIDATION | acc: 0.5414201183431953
2025-07-05 20:21:52,603 [INFO] [18] TRAIN | loss: 1.0346774368182472, acc: 0.7857142857142857
2025-07-05 20:21:52,603 [INFO] [18] VALIDATION | acc: 0.5295857988165681
2025-07-05 20:21:59,028 [INFO] [19] TRAIN | loss: 0.9478381988794907, acc: 0.7843273231622746
2025-07-05 20:21:59,028 [INFO] [19] VALIDATION | acc: 0.5710059171597633
2025-07-05 20:22:05,422 [INFO] [20] TRAIN | loss: 0.8396272523247678, acc: 0.8252427184466019
2025-07-05 20:22:05,422 [INFO] [20] VALIDATION | acc: 0.5562130177514792
2025-07-05 20:22:11,949 [INFO] [21] TRAIN | loss: 0.779740176770998, acc: 0.8509015256588072
2025-07-05 20:22:11,949 [INFO] [21] VALIDATION | acc: 0.591715976331361
2025-07-05 20:22:18,437 [INFO] [22] TRAIN | loss: 0.7005373142335726, acc: 0.8703190013869625
2025-07-05 20:22:18,437 [INFO] [22] VALIDATION | acc: 0.5710059171597633
2025-07-05 20:22:24,758 [INFO] [23] TRAIN | loss: 0.6851814097684362, acc: 0.8640776699029126
2025-07-05 20:22:24,758 [INFO] [23] VALIDATION | acc: 0.5591715976331361
2025-07-05 20:22:31,234 [INFO] [24] TRAIN | loss: 0.6486945113410121, acc: 0.8737864077669902
2025-07-05 20:22:31,234 [INFO] [24] VALIDATION | acc: 0.5739644970414202
2025-07-05 20:22:37,739 [INFO] [25] TRAIN | loss: 0.5230324446507122, acc: 0.9042995839112344
2025-07-05 20:22:37,739 [INFO] [25] VALIDATION | acc: 0.5976331360946746
2025-07-05 20:22:44,159 [INFO] [26] TRAIN | loss: 0.47990809834521747, acc: 0.9237170596393898
2025-07-05 20:22:44,159 [INFO] [26] VALIDATION | acc: 0.5739644970414202
2025-07-05 20:22:50,581 [INFO] [27] TRAIN | loss: 0.44735906694246375, acc: 0.9348127600554785
2025-07-05 20:22:50,581 [INFO] [27] VALIDATION | acc: 0.5591715976331361
2025-07-05 20:22:56,909 [INFO] [28] TRAIN | loss: 0.42453560816205066, acc: 0.934119278779473
2025-07-05 20:22:56,909 [INFO] [28] VALIDATION | acc: 0.5946745562130178
2025-07-05 20:23:03,335 [INFO] [29] TRAIN | loss: 0.36947075180385425, acc: 0.9521497919556172
2025-07-05 20:23:03,335 [INFO] [29] VALIDATION | acc: 0.5502958579881657
2025-07-05 20:23:09,677 [INFO] [30] TRAIN | loss: 0.4702935079517572, acc: 0.9174757281553398
2025-07-05 20:23:09,677 [INFO] [30] VALIDATION | acc: 0.5976331360946746
2025-07-05 20:23:16,056 [INFO] [31] TRAIN | loss: 0.39488808098046674, acc: 0.9327323162274619
2025-07-05 20:23:16,057 [INFO] [31] VALIDATION | acc: 0.6183431952662722
2025-07-05 20:23:22,489 [INFO] [32] TRAIN | loss: 0.30215896309717843, acc: 0.9597780859916782
2025-07-05 20:23:22,489 [INFO] [32] VALIDATION | acc: 0.621301775147929
2025-07-05 20:23:28,804 [INFO] [33] TRAIN | loss: 0.2990054011992786, acc: 0.9625520110957004
2025-07-05 20:23:28,804 [INFO] [33] VALIDATION | acc: 0.6183431952662722
2025-07-05 20:23:35,244 [INFO] [34] TRAIN | loss: 0.2373394016986308, acc: 0.9764216366158114
2025-07-05 20:23:35,244 [INFO] [34] VALIDATION | acc: 0.6272189349112426
2025-07-05 20:23:41,584 [INFO] [35] TRAIN | loss: 0.22067001785921014, acc: 0.9778085991678225
2025-07-05 20:23:41,584 [INFO] [35] VALIDATION | acc: 0.6124260355029586
2025-07-05 20:23:48,052 [INFO] [36] TRAIN | loss: 0.20457926052420036, acc: 0.9819694868238558
2025-07-05 20:23:48,052 [INFO] [36] VALIDATION | acc: 0.6331360946745562
2025-07-05 20:23:54,410 [INFO] [37] TRAIN | loss: 0.18399444837933002, acc: 0.9854368932038835
2025-07-05 20:23:54,410 [INFO] [37] VALIDATION | acc: 0.6301775147928994
2025-07-05 20:24:00,666 [INFO] [38] TRAIN | loss: 0.1970973925098129, acc: 0.978502080443828
2025-07-05 20:24:00,666 [INFO] [38] VALIDATION | acc: 0.6331360946745562
2025-07-05 20:24:06,979 [INFO] [39] TRAIN | loss: 0.16411083369799281, acc: 0.9875173370319001
2025-07-05 20:24:06,980 [INFO] [39] VALIDATION | acc: 0.6272189349112426
2025-07-05 20:24:13,244 [INFO] [40] TRAIN | loss: 0.17216097709277403, acc: 0.9798890429958391
2025-07-05 20:24:13,244 [INFO] [40] VALIDATION | acc: 0.6301775147928994
2025-07-05 20:24:19,702 [INFO] [41] TRAIN | loss: 0.19559823592071948, acc: 0.9819694868238558
2025-07-05 20:24:19,702 [INFO] [41] VALIDATION | acc: 0.6479289940828402
2025-07-05 20:24:26,117 [INFO] [42] TRAIN | loss: 0.13155923735188402, acc: 0.9895977808599168
2025-07-05 20:24:26,117 [INFO] [42] VALIDATION | acc: 0.6301775147928994
2025-07-05 20:24:32,343 [INFO] [43] TRAIN | loss: 0.12372639856260756, acc: 0.9895977808599168
2025-07-05 20:24:32,343 [INFO] [43] VALIDATION | acc: 0.6272189349112426
2025-07-05 20:24:38,785 [INFO] [44] TRAIN | loss: 0.11386703667433365, acc: 0.9916782246879334
2025-07-05 20:24:38,785 [INFO] [44] VALIDATION | acc: 0.6479289940828402
2025-07-05 20:24:45,015 [INFO] [45] TRAIN | loss: 0.10861850691878278, acc: 0.9909847434119279
2025-07-05 20:24:45,015 [INFO] [45] VALIDATION | acc: 0.6479289940828402
2025-07-05 20:24:51,293 [INFO] [46] TRAIN | loss: 0.09974608003445294, acc: 0.9902912621359223
2025-07-05 20:24:51,293 [INFO] [46] VALIDATION | acc: 0.6449704142011834
2025-07-05 20:24:57,783 [INFO] [47] TRAIN | loss: 0.09351331473368665, acc: 0.9937586685159501
2025-07-05 20:24:57,783 [INFO] [47] VALIDATION | acc: 0.6538461538461539
2025-07-05 20:25:04,152 [INFO] [48] TRAIN | loss: 0.09044998843708764, acc: 0.9937586685159501
2025-07-05 20:25:04,152 [INFO] [48] VALIDATION | acc: 0.6479289940828402
2025-07-05 20:25:10,551 [INFO] [49] TRAIN | loss: 0.08821121376493703, acc: 0.9930651872399445
2025-07-05 20:25:10,551 [INFO] [49] VALIDATION | acc: 0.6597633136094675
2025-07-05 20:25:17,033 [INFO] [50] TRAIN | loss: 0.08305673033970853, acc: 0.9916782246879334
2025-07-05 20:25:17,033 [INFO] [50] VALIDATION | acc: 0.6627218934911243
2025-07-05 20:25:23,378 [INFO] [51] TRAIN | loss: 0.07786201547993266, acc: 0.9937586685159501
2025-07-05 20:25:23,378 [INFO] [51] VALIDATION | acc: 0.650887573964497
2025-07-05 20:25:29,853 [INFO] [52] TRAIN | loss: 0.07570377316163934, acc: 0.9944521497919556
2025-07-05 20:25:29,853 [INFO] [52] VALIDATION | acc: 0.6597633136094675
2025-07-05 20:25:36,186 [INFO] [53] TRAIN | loss: 0.07139210006141145, acc: 0.9944521497919556
2025-07-05 20:25:36,186 [INFO] [53] VALIDATION | acc: 0.6449704142011834
2025-07-05 20:25:42,514 [INFO] [54] TRAIN | loss: 0.07027548899793107, acc: 0.9930651872399445
2025-07-05 20:25:42,514 [INFO] [54] VALIDATION | acc: 0.6479289940828402
2025-07-05 20:25:48,928 [INFO] [55] TRAIN | loss: 0.06894067885435146, acc: 0.9951456310679612
2025-07-05 20:25:48,928 [INFO] [55] VALIDATION | acc: 0.6390532544378699
2025-07-05 20:25:55,286 [INFO] [56] TRAIN | loss: 0.0748254919991545, acc: 0.9930651872399445
2025-07-05 20:25:55,286 [INFO] [56] VALIDATION | acc: 0.6568047337278107
2025-07-05 20:26:01,608 [INFO] [57] TRAIN | loss: 0.06408445488499559, acc: 0.9944521497919556
2025-07-05 20:26:01,608 [INFO] [57] VALIDATION | acc: 0.650887573964497
2025-07-05 20:26:07,921 [INFO] [58] TRAIN | loss: 0.062112288306588714, acc: 0.9930651872399445
2025-07-05 20:26:07,921 [INFO] [58] VALIDATION | acc: 0.6449704142011834
2025-07-05 20:26:14,253 [INFO] [59] TRAIN | loss: 0.0656665240454933, acc: 0.9944521497919556
2025-07-05 20:26:14,253 [INFO] [59] VALIDATION | acc: 0.6538461538461539
2025-07-05 20:26:20,569 [INFO] [60] TRAIN | loss: 0.06256459645279076, acc: 0.9930651872399445
2025-07-05 20:26:20,569 [INFO] [60] VALIDATION | acc: 0.6449704142011834
2025-07-05 20:26:26,901 [INFO] [61] TRAIN | loss: 0.05518806604263575, acc: 0.9930651872399445
2025-07-05 20:26:26,901 [INFO] [61] VALIDATION | acc: 0.6538461538461539
2025-07-05 20:26:33,357 [INFO] [62] TRAIN | loss: 0.05481456535989824, acc: 0.9930651872399445
2025-07-05 20:26:33,357 [INFO] [62] VALIDATION | acc: 0.6538461538461539
2025-07-05 20:26:39,813 [INFO] [63] TRAIN | loss: 0.051384464473180146, acc: 0.9958391123439667
2025-07-05 20:26:39,813 [INFO] [63] VALIDATION | acc: 0.6568047337278107
2025-07-05 20:26:46,194 [INFO] [64] TRAIN | loss: 0.05097099648707587, acc: 0.9951456310679612
2025-07-05 20:26:46,194 [INFO] [64] VALIDATION | acc: 0.6597633136094675
2025-07-05 20:26:52,593 [INFO] [65] TRAIN | loss: 0.049297129249443176, acc: 0.9937586685159501
2025-07-05 20:26:52,593 [INFO] [65] VALIDATION | acc: 0.6627218934911243
2025-07-05 20:26:58,896 [INFO] [66] TRAIN | loss: 0.048062622871087944, acc: 0.9951456310679612
2025-07-05 20:26:58,896 [INFO] [66] VALIDATION | acc: 0.650887573964497
2025-07-05 20:27:05,225 [INFO] [67] TRAIN | loss: 0.04657694215521864, acc: 0.9944521497919556
2025-07-05 20:27:05,225 [INFO] [67] VALIDATION | acc: 0.6449704142011834
2025-07-05 20:27:11,522 [INFO] [68] TRAIN | loss: 0.04696789177377587, acc: 0.9951456310679612
2025-07-05 20:27:11,522 [INFO] [68] VALIDATION | acc: 0.6627218934911243
2025-07-05 20:27:17,858 [INFO] [69] TRAIN | loss: 0.04466710158664247, acc: 0.9958391123439667
2025-07-05 20:27:17,859 [INFO] [69] VALIDATION | acc: 0.6597633136094675
2025-07-05 20:27:24,179 [INFO] [70] TRAIN | loss: 0.0436164767521879, acc: 0.9951456310679612
2025-07-05 20:27:24,179 [INFO] [70] VALIDATION | acc: 0.6568047337278107
2025-07-05 20:27:30,553 [INFO] [71] TRAIN | loss: 0.043856972261615425, acc: 0.9944521497919556
2025-07-05 20:27:30,554 [INFO] [71] VALIDATION | acc: 0.6479289940828402
2025-07-05 20:27:37,068 [INFO] [72] TRAIN | loss: 0.0430212392795669, acc: 0.9944521497919556
2025-07-05 20:27:37,068 [INFO] [72] VALIDATION | acc: 0.665680473372781
2025-07-05 20:27:43,487 [INFO] [73] TRAIN | loss: 0.04143038416362327, acc: 0.9951456310679612
2025-07-05 20:27:43,487 [INFO] [73] VALIDATION | acc: 0.6597633136094675
2025-07-05 20:27:49,842 [INFO] [74] TRAIN | loss: 0.041314245039678135, acc: 0.9951456310679612
2025-07-05 20:27:49,842 [INFO] [74] VALIDATION | acc: 0.6627218934911243
2025-07-05 20:27:56,174 [INFO] [75] TRAIN | loss: 0.03950494410389144, acc: 0.9937586685159501
2025-07-05 20:27:56,174 [INFO] [75] VALIDATION | acc: 0.6597633136094675
2025-07-05 20:28:02,579 [INFO] [76] TRAIN | loss: 0.03907358613998994, acc: 0.9958391123439667
2025-07-05 20:28:02,579 [INFO] [76] VALIDATION | acc: 0.6568047337278107
2025-07-05 20:28:08,906 [INFO] [77] TRAIN | loss: 0.03893416480201742, acc: 0.9951456310679612
2025-07-05 20:28:08,906 [INFO] [77] VALIDATION | acc: 0.650887573964497
2025-07-05 20:28:15,243 [INFO] [78] TRAIN | loss: 0.03849194611868133, acc: 0.9944521497919556
2025-07-05 20:28:15,244 [INFO] [78] VALIDATION | acc: 0.6538461538461539
2025-07-05 20:28:21,585 [INFO] [79] TRAIN | loss: 0.03830483244003161, acc: 0.9944521497919556
2025-07-05 20:28:21,586 [INFO] [79] VALIDATION | acc: 0.650887573964497
2025-07-05 20:28:27,926 [INFO] [80] TRAIN | loss: 0.03606569230475504, acc: 0.9958391123439667
2025-07-05 20:28:27,927 [INFO] [80] VALIDATION | acc: 0.665680473372781
2025-07-05 20:28:34,258 [INFO] [81] TRAIN | loss: 0.03778572890745557, acc: 0.9930651872399445
2025-07-05 20:28:34,258 [INFO] [81] VALIDATION | acc: 0.665680473372781
2025-07-05 20:28:40,739 [INFO] [82] TRAIN | loss: 0.03638322274808003, acc: 0.9951456310679612
2025-07-05 20:28:40,739 [INFO] [82] VALIDATION | acc: 0.6597633136094675
2025-07-05 20:28:47,067 [INFO] [83] TRAIN | loss: 0.03699732604234115, acc: 0.9937586685159501
2025-07-05 20:28:47,067 [INFO] [83] VALIDATION | acc: 0.6597633136094675
2025-07-05 20:28:53,390 [INFO] [84] TRAIN | loss: 0.03572105915974016, acc: 0.9944521497919556
2025-07-05 20:28:53,390 [INFO] [84] VALIDATION | acc: 0.6538461538461539
2025-07-05 20:28:59,729 [INFO] [85] TRAIN | loss: 0.034367497362520386, acc: 0.9937586685159501
2025-07-05 20:28:59,730 [INFO] [85] VALIDATION | acc: 0.6479289940828402
2025-07-05 20:29:06,142 [INFO] [86] TRAIN | loss: 0.03377476933857669, acc: 0.9958391123439667
2025-07-05 20:29:06,142 [INFO] [86] VALIDATION | acc: 0.6420118343195266
2025-07-05 20:29:12,476 [INFO] [87] TRAIN | loss: 0.03296764931924965, acc: 0.9958391123439667
2025-07-05 20:29:12,476 [INFO] [87] VALIDATION | acc: 0.650887573964497
2025-07-05 20:29:18,817 [INFO] [88] TRAIN | loss: 0.03317825107470802, acc: 0.9944521497919556
2025-07-05 20:29:18,817 [INFO] [88] VALIDATION | acc: 0.6538461538461539
2025-07-05 20:29:25,144 [INFO] [89] TRAIN | loss: 0.032590925126619964, acc: 0.9944521497919556
2025-07-05 20:29:25,145 [INFO] [89] VALIDATION | acc: 0.6568047337278107
2025-07-05 20:29:31,462 [INFO] [90] TRAIN | loss: 0.032411504010467426, acc: 0.9951456310679612
2025-07-05 20:29:31,462 [INFO] [90] VALIDATION | acc: 0.6538461538461539
2025-07-05 20:29:37,766 [INFO] [91] TRAIN | loss: 0.034032964835996216, acc: 0.9951456310679612
2025-07-05 20:29:37,766 [INFO] [91] VALIDATION | acc: 0.6597633136094675
2025-07-05 20:29:44,244 [INFO] [92] TRAIN | loss: 0.03139406167294668, acc: 0.9951456310679612
2025-07-05 20:29:44,244 [INFO] [92] VALIDATION | acc: 0.650887573964497
2025-07-05 20:29:50,581 [INFO] [93] TRAIN | loss: 0.030538095606733925, acc: 0.9951456310679612
2025-07-05 20:29:50,581 [INFO] [93] VALIDATION | acc: 0.6449704142011834
2025-07-05 20:29:57,013 [INFO] [94] TRAIN | loss: 0.03154598407285369, acc: 0.9951456310679612
2025-07-05 20:29:57,013 [INFO] [94] VALIDATION | acc: 0.6538461538461539
2025-07-05 20:30:03,495 [INFO] [95] TRAIN | loss: 0.03002016618847847, acc: 0.9958391123439667
2025-07-05 20:30:03,495 [INFO] [95] VALIDATION | acc: 0.6597633136094675
2025-07-05 20:30:09,903 [INFO] [96] TRAIN | loss: 0.028998148708563785, acc: 0.9965325936199723
2025-07-05 20:30:09,903 [INFO] [96] VALIDATION | acc: 0.6479289940828402
2025-07-05 20:30:16,224 [INFO] [97] TRAIN | loss: 0.030295750450180924, acc: 0.9944521497919556
2025-07-05 20:30:16,224 [INFO] [97] VALIDATION | acc: 0.650887573964497
2025-07-05 20:30:22,538 [INFO] [98] TRAIN | loss: 0.028715018952346367, acc: 0.9951456310679612
2025-07-05 20:30:22,539 [INFO] [98] VALIDATION | acc: 0.6479289940828402
2025-07-05 20:30:28,845 [INFO] [99] TRAIN | loss: 0.027917589101454487, acc: 0.9965325936199723
2025-07-05 20:30:28,846 [INFO] [99] VALIDATION | acc: 0.6568047337278107
2025-07-05 20:30:35,131 [INFO] [100] TRAIN | loss: 0.028961357863053032, acc: 0.9944521497919556
2025-07-05 20:30:35,131 [INFO] [100] VALIDATION | acc: 0.6597633136094675
2025-07-05 20:30:35,131 [INFO] Testing checkpointed models starting...

2025-07-05 20:30:36,985 [INFO] checkpoint_t0  ->  0.007751937984496124
2025-07-05 20:30:38,809 [INFO] checkpoint_v0  ->  0.007751937984496124
2025-07-05 20:30:40,617 [INFO] checkpoint_t1  ->  0.437984496124031
2025-07-05 20:30:42,470 [INFO] checkpoint_v1  ->  0.437984496124031
2025-07-05 20:30:48,684 [INFO] checkpoint_t2  ->  0.562015503875969
2025-07-05 20:30:55,130 [INFO] checkpoint_v2  ->  0.562015503875969
2025-07-05 20:31:02,343 [INFO] checkpoint_t3  ->  0.562015503875969
2025-07-05 20:31:08,764 [INFO] checkpoint_v3  ->  0.5736434108527132
2025-07-05 20:31:15,752 [INFO] checkpoint_t4  ->  0.6046511627906976
2025-07-05 20:31:22,390 [INFO] checkpoint_v4  ->  0.5930232558139535
2025-07-05 20:31:29,254 [INFO] checkpoint_t5  ->  0.6046511627906976
2025-07-05 20:31:35,456 [INFO] checkpoint_v5  ->  0.6085271317829457
2025-07-05 20:31:42,013 [INFO] checkpoint_t6  ->  0.6046511627906976
2025-07-05 20:31:48,527 [INFO] checkpoint_v6  ->  0.6046511627906976
2025-07-05 20:31:54,967 [INFO] checkpoint_t7  ->  0.6007751937984496
2025-07-05 20:32:01,305 [INFO] checkpoint_v7  ->  0.6085271317829457
2025-07-05 20:32:07,602 [INFO] checkpoint_t8  ->  0.6162790697674418
2025-07-05 20:32:13,964 [INFO] checkpoint_v8  ->  0.6124031007751938
2025-07-05 20:32:20,405 [INFO] checkpoint_t9  ->  0.6124031007751938
2025-07-05 20:32:26,695 [INFO] checkpoint_v9  ->  0.6046511627906976
2025-07-05 20:32:32,654 [INFO] checkpoint_t10  ->  0.6201550387596899
2025-07-05 20:32:38,928 [INFO] checkpoint_v10  ->  0.6124031007751938
2025-07-05 20:32:38,928 [INFO] 
=======================================
2025-07-05 20:32:38,928 [INFO] The best testing checkpoint: encoder_hand_pose_angles_fs0/checkpoint_t_10:
2025-07-05 20:32:38,928 [INFO]    Testing accuracy: 0.620
2025-07-05 20:32:38,928 [INFO]    Macro F1 score: 0.588
2025-07-05 20:32:38,928 [INFO]    Weighted F1 score: 0.591
2025-07-05 20:32:38,928 [INFO]    Total trainable parameters: 30,619,588
2025-07-05 20:32:38,928 [INFO]    Elapsed time: 763.58 sec
2025-07-05 20:32:38,928 [INFO] ----------------Config information----------------------- 
2025-07-05 20:32:38,928 [INFO]  - Experiment Args: dataset=WLASL100, features=HAND_POSE_ANGLES, include_blendshapes=0, fs=0, num_classes=100, model=encoder, mediapipe_holistic=True, dim=720, heads=8, n_layers=6, PE=0, pad=True, clip_weights=0, clip_gradients=0, opt=SGD, sgd_momentum=0.9, scheduler=cosine, bs=32, epochs=100, lr=1e-03, logfreq=1, checkpoints=True
2025-07-05 20:32:39,008 [INFO] 
Any desired statistics have been plotted.
The experiment is finished.
