2025-07-08 15:12:38,082 [INFO] [INFO] Starting experiment encoder_pose_landmarks_fs1_pad_truncate...


2025-07-08 15:12:39,730 [INFO] [1] TRAIN | loss: 4.769727354464323, acc: 0.009708737864077669
2025-07-08 15:12:39,730 [INFO] [1] VALIDATION | acc: 0.011834319526627219
2025-07-08 15:12:41,186 [INFO] [2] TRAIN | loss: 4.76422033102616, acc: 0.012482662968099861
2025-07-08 15:12:41,186 [INFO] [2] VALIDATION | acc: 0.008875739644970414
2025-07-08 15:12:42,645 [INFO] [3] TRAIN | loss: 4.716008673543516, acc: 0.0159500693481276
2025-07-08 15:12:42,645 [INFO] [3] VALIDATION | acc: 0.0029585798816568047
2025-07-08 15:12:44,096 [INFO] [4] TRAIN | loss: 4.668190624402917, acc: 0.013176144244105409
2025-07-08 15:12:44,096 [INFO] [4] VALIDATION | acc: 0.008875739644970414
2025-07-08 15:12:45,531 [INFO] [5] TRAIN | loss: 4.648288498754087, acc: 0.009708737864077669
2025-07-08 15:12:45,531 [INFO] [5] VALIDATION | acc: 0.014792899408284023
2025-07-08 15:12:46,957 [INFO] [6] TRAIN | loss: 4.632382714230081, acc: 0.022191400832177532
2025-07-08 15:12:46,958 [INFO] [6] VALIDATION | acc: 0.014792899408284023
2025-07-08 15:12:48,407 [INFO] [7] TRAIN | loss: 4.621688770211262, acc: 0.014563106796116505
2025-07-08 15:12:48,408 [INFO] [7] VALIDATION | acc: 0.014792899408284023
2025-07-08 15:12:49,890 [INFO] [8] TRAIN | loss: 4.621555649715921, acc: 0.020804438280166437
2025-07-08 15:12:49,890 [INFO] [8] VALIDATION | acc: 0.01775147928994083
2025-07-08 15:12:51,330 [INFO] [9] TRAIN | loss: 4.6133643544238545, acc: 0.02011095700416089
2025-07-08 15:12:51,330 [INFO] [9] VALIDATION | acc: 0.01775147928994083
2025-07-08 15:12:52,782 [INFO] [10] TRAIN | loss: 4.606752312701682, acc: 0.020804438280166437
2025-07-08 15:12:52,783 [INFO] [10] VALIDATION | acc: 0.014792899408284023
2025-07-08 15:12:54,239 [INFO] [11] TRAIN | loss: 4.591548515402752, acc: 0.02565880721220527
2025-07-08 15:12:54,239 [INFO] [11] VALIDATION | acc: 0.01775147928994083
2025-07-08 15:12:55,722 [INFO] [12] TRAIN | loss: 4.583285228065822, acc: 0.020804438280166437
2025-07-08 15:12:55,722 [INFO] [12] VALIDATION | acc: 0.020710059171597635
2025-07-08 15:12:57,191 [INFO] [13] TRAIN | loss: 4.539154892382414, acc: 0.029819694868238558
2025-07-08 15:12:57,191 [INFO] [13] VALIDATION | acc: 0.029585798816568046
2025-07-08 15:12:58,656 [INFO] [14] TRAIN | loss: 4.5069360162900844, acc: 0.02565880721220527
2025-07-08 15:12:58,656 [INFO] [14] VALIDATION | acc: 0.038461538461538464
2025-07-08 15:13:00,121 [INFO] [15] TRAIN | loss: 4.446803393571273, acc: 0.04507628294036061
2025-07-08 15:13:00,122 [INFO] [15] VALIDATION | acc: 0.029585798816568046
2025-07-08 15:13:01,582 [INFO] [16] TRAIN | loss: 4.379871057427448, acc: 0.04854368932038835
2025-07-08 15:13:01,582 [INFO] [16] VALIDATION | acc: 0.04437869822485207
2025-07-08 15:13:03,066 [INFO] [17] TRAIN | loss: 4.325274197951607, acc: 0.05409153952843273
2025-07-08 15:13:03,066 [INFO] [17] VALIDATION | acc: 0.047337278106508875
2025-07-08 15:13:04,518 [INFO] [18] TRAIN | loss: 4.256145404732746, acc: 0.06726768377253814
2025-07-08 15:13:04,518 [INFO] [18] VALIDATION | acc: 0.05325443786982249
2025-07-08 15:13:05,980 [INFO] [19] TRAIN | loss: 4.188547108484351, acc: 0.07281553398058252
2025-07-08 15:13:05,980 [INFO] [19] VALIDATION | acc: 0.05917159763313609
2025-07-08 15:13:07,427 [INFO] [20] TRAIN | loss: 4.130022126695384, acc: 0.07350901525658807
2025-07-08 15:13:07,427 [INFO] [20] VALIDATION | acc: 0.05029585798816568
2025-07-08 15:13:08,861 [INFO] [21] TRAIN | loss: 4.106521311013595, acc: 0.07558945908460471
2025-07-08 15:13:08,861 [INFO] [21] VALIDATION | acc: 0.05325443786982249
2025-07-08 15:13:10,325 [INFO] [22] TRAIN | loss: 4.045423222624737, acc: 0.07905686546463246
2025-07-08 15:13:10,325 [INFO] [22] VALIDATION | acc: 0.05325443786982249
2025-07-08 15:13:11,765 [INFO] [23] TRAIN | loss: 4.019563452057216, acc: 0.0769764216366158
2025-07-08 15:13:11,765 [INFO] [23] VALIDATION | acc: 0.05621301775147929
2025-07-08 15:13:13,214 [INFO] [24] TRAIN | loss: 3.9424985180730405, acc: 0.08460471567267684
2025-07-08 15:13:13,214 [INFO] [24] VALIDATION | acc: 0.047337278106508875
2025-07-08 15:13:14,663 [INFO] [25] TRAIN | loss: 3.9260528087615967, acc: 0.0811373092926491
2025-07-08 15:13:14,663 [INFO] [25] VALIDATION | acc: 0.05621301775147929
2025-07-08 15:13:16,108 [INFO] [26] TRAIN | loss: 3.8922521912533306, acc: 0.09015256588072122
2025-07-08 15:13:16,108 [INFO] [26] VALIDATION | acc: 0.05621301775147929
2025-07-08 15:13:17,547 [INFO] [27] TRAIN | loss: 3.8944294452667236, acc: 0.09223300970873786
2025-07-08 15:13:17,547 [INFO] [27] VALIDATION | acc: 0.047337278106508875
2025-07-08 15:13:18,996 [INFO] [28] TRAIN | loss: 3.8564475256463755, acc: 0.0970873786407767
2025-07-08 15:13:18,996 [INFO] [28] VALIDATION | acc: 0.0621301775147929
2025-07-08 15:13:20,457 [INFO] [29] TRAIN | loss: 3.812037390211354, acc: 0.08737864077669903
2025-07-08 15:13:20,457 [INFO] [29] VALIDATION | acc: 0.06804733727810651
2025-07-08 15:13:21,899 [INFO] [30] TRAIN | loss: 3.7833455749180005, acc: 0.10194174757281553
2025-07-08 15:13:21,899 [INFO] [30] VALIDATION | acc: 0.05917159763313609
2025-07-08 15:13:23,332 [INFO] [31] TRAIN | loss: 3.796270857686582, acc: 0.0957004160887656
2025-07-08 15:13:23,332 [INFO] [31] VALIDATION | acc: 0.0650887573964497
2025-07-08 15:13:24,796 [INFO] [32] TRAIN | loss: 3.744926877643751, acc: 0.0957004160887656
2025-07-08 15:13:24,796 [INFO] [32] VALIDATION | acc: 0.07396449704142012
2025-07-08 15:13:26,268 [INFO] [33] TRAIN | loss: 3.698858406232751, acc: 0.10957004160887657
2025-07-08 15:13:26,268 [INFO] [33] VALIDATION | acc: 0.05621301775147929
2025-07-08 15:13:27,728 [INFO] [34] TRAIN | loss: 3.689912428026614, acc: 0.11095700416088766
2025-07-08 15:13:27,728 [INFO] [34] VALIDATION | acc: 0.06804733727810651
2025-07-08 15:13:29,175 [INFO] [35] TRAIN | loss: 3.676292367603468, acc: 0.11373092926490985
2025-07-08 15:13:29,175 [INFO] [35] VALIDATION | acc: 0.06804733727810651
2025-07-08 15:13:30,624 [INFO] [36] TRAIN | loss: 3.635691870813784, acc: 0.11095700416088766
2025-07-08 15:13:30,625 [INFO] [36] VALIDATION | acc: 0.08579881656804733
2025-07-08 15:13:32,065 [INFO] [37] TRAIN | loss: 3.6313694352689, acc: 0.11165048543689321
2025-07-08 15:13:32,065 [INFO] [37] VALIDATION | acc: 0.07100591715976332
2025-07-08 15:13:33,518 [INFO] [38] TRAIN | loss: 3.6057328711385312, acc: 0.12690707350901526
2025-07-08 15:13:33,519 [INFO] [38] VALIDATION | acc: 0.08579881656804733
2025-07-08 15:13:34,981 [INFO] [39] TRAIN | loss: 3.573027356811192, acc: 0.1317614424410541
2025-07-08 15:13:34,981 [INFO] [39] VALIDATION | acc: 0.09171597633136094
2025-07-08 15:13:36,429 [INFO] [40] TRAIN | loss: 3.55819571018219, acc: 0.1158113730929265
2025-07-08 15:13:36,430 [INFO] [40] VALIDATION | acc: 0.07396449704142012
2025-07-08 15:13:37,855 [INFO] [41] TRAIN | loss: 3.5394386415896206, acc: 0.130374479889043
2025-07-08 15:13:37,855 [INFO] [41] VALIDATION | acc: 0.08875739644970414
2025-07-08 15:13:39,315 [INFO] [42] TRAIN | loss: 3.5307039074275806, acc: 0.14008321775312066
2025-07-08 15:13:39,316 [INFO] [42] VALIDATION | acc: 0.07988165680473373
2025-07-08 15:13:40,786 [INFO] [43] TRAIN | loss: 3.486653234647668, acc: 0.1393897364771151
2025-07-08 15:13:40,786 [INFO] [43] VALIDATION | acc: 0.07988165680473373
2025-07-08 15:13:42,337 [INFO] [44] TRAIN | loss: 3.4453103438667627, acc: 0.15880721220527047
2025-07-08 15:13:42,337 [INFO] [44] VALIDATION | acc: 0.10946745562130178
2025-07-08 15:13:43,821 [INFO] [45] TRAIN | loss: 3.437961702761443, acc: 0.14840499306518723
2025-07-08 15:13:43,821 [INFO] [45] VALIDATION | acc: 0.11538461538461539
2025-07-08 15:13:45,295 [INFO] [46] TRAIN | loss: 3.4776484344316567, acc: 0.13384188626907073
2025-07-08 15:13:45,295 [INFO] [46] VALIDATION | acc: 0.08579881656804733
2025-07-08 15:13:46,753 [INFO] [47] TRAIN | loss: 3.397424174391705, acc: 0.15811373092926492
2025-07-08 15:13:46,753 [INFO] [47] VALIDATION | acc: 0.10059171597633136
2025-07-08 15:13:48,201 [INFO] [48] TRAIN | loss: 3.413730372553286, acc: 0.15811373092926492
2025-07-08 15:13:48,201 [INFO] [48] VALIDATION | acc: 0.10650887573964497
2025-07-08 15:13:49,646 [INFO] [49] TRAIN | loss: 3.386953457542088, acc: 0.1608876560332871
2025-07-08 15:13:49,646 [INFO] [49] VALIDATION | acc: 0.11538461538461539
2025-07-08 15:13:51,125 [INFO] [50] TRAIN | loss: 3.3516612208407857, acc: 0.1782246879334258
2025-07-08 15:13:51,125 [INFO] [50] VALIDATION | acc: 0.10946745562130178
2025-07-08 15:13:52,557 [INFO] [51] TRAIN | loss: 3.312829209410626, acc: 0.17267683772538142
2025-07-08 15:13:52,557 [INFO] [51] VALIDATION | acc: 0.10355029585798817
2025-07-08 15:13:54,013 [INFO] [52] TRAIN | loss: 3.3002830432808916, acc: 0.17128987517337033
2025-07-08 15:13:54,013 [INFO] [52] VALIDATION | acc: 0.11242603550295859
2025-07-08 15:13:55,469 [INFO] [53] TRAIN | loss: 3.3101524373759394, acc: 0.16990291262135923
2025-07-08 15:13:55,469 [INFO] [53] VALIDATION | acc: 0.11538461538461539
2025-07-08 15:13:56,946 [INFO] [54] TRAIN | loss: 3.2834593472273452, acc: 0.18654646324549237
2025-07-08 15:13:56,946 [INFO] [54] VALIDATION | acc: 0.1242603550295858
2025-07-08 15:13:58,411 [INFO] [55] TRAIN | loss: 3.2318432849386465, acc: 0.18169209431345354
2025-07-08 15:13:58,411 [INFO] [55] VALIDATION | acc: 0.12721893491124261
2025-07-08 15:13:59,856 [INFO] [56] TRAIN | loss: 3.228909777558368, acc: 0.18446601941747573
2025-07-08 15:13:59,856 [INFO] [56] VALIDATION | acc: 0.1242603550295858
2025-07-08 15:14:01,310 [INFO] [57] TRAIN | loss: 3.2390350984490435, acc: 0.18932038834951456
2025-07-08 15:14:01,310 [INFO] [57] VALIDATION | acc: 0.12130177514792899
2025-07-08 15:14:02,770 [INFO] [58] TRAIN | loss: 3.198879760244618, acc: 0.19694868238557559
2025-07-08 15:14:02,770 [INFO] [58] VALIDATION | acc: 0.10650887573964497
2025-07-08 15:14:04,227 [INFO] [59] TRAIN | loss: 3.187681706055351, acc: 0.1941747572815534
2025-07-08 15:14:04,228 [INFO] [59] VALIDATION | acc: 0.11242603550295859
2025-07-08 15:14:05,670 [INFO] [60] TRAIN | loss: 3.131539064904918, acc: 0.2087378640776699
2025-07-08 15:14:05,670 [INFO] [60] VALIDATION | acc: 0.1242603550295858
2025-07-08 15:14:07,102 [INFO] [61] TRAIN | loss: 3.1747806849686997, acc: 0.18862690707350901
2025-07-08 15:14:07,102 [INFO] [61] VALIDATION | acc: 0.11834319526627218
2025-07-08 15:14:08,562 [INFO] [62] TRAIN | loss: 3.1488727175671123, acc: 0.19764216366158113
2025-07-08 15:14:08,562 [INFO] [62] VALIDATION | acc: 0.13609467455621302
2025-07-08 15:14:10,017 [INFO] [63] TRAIN | loss: 3.116074909334597, acc: 0.20041608876560332
2025-07-08 15:14:10,017 [INFO] [63] VALIDATION | acc: 0.12130177514792899
2025-07-08 15:14:11,489 [INFO] [64] TRAIN | loss: 3.0570049752359805, acc: 0.22191400832177532
2025-07-08 15:14:11,489 [INFO] [64] VALIDATION | acc: 0.11834319526627218
2025-07-08 15:14:12,947 [INFO] [65] TRAIN | loss: 3.046202783999236, acc: 0.22815533980582525
2025-07-08 15:14:12,947 [INFO] [65] VALIDATION | acc: 0.13313609467455623
2025-07-08 15:14:14,401 [INFO] [66] TRAIN | loss: 3.0244108593982197, acc: 0.2274618585298197
2025-07-08 15:14:14,401 [INFO] [66] VALIDATION | acc: 0.1390532544378698
2025-07-08 15:14:15,858 [INFO] [67] TRAIN | loss: 3.010573527087336, acc: 0.24826629680998613
2025-07-08 15:14:15,858 [INFO] [67] VALIDATION | acc: 0.1301775147928994
2025-07-08 15:14:17,296 [INFO] [68] TRAIN | loss: 3.0863929364992226, acc: 0.21914008321775313
2025-07-08 15:14:17,296 [INFO] [68] VALIDATION | acc: 0.13313609467455623
2025-07-08 15:14:18,737 [INFO] [69] TRAIN | loss: 2.989469051361084, acc: 0.23300970873786409
2025-07-08 15:14:18,737 [INFO] [69] VALIDATION | acc: 0.1301775147928994
2025-07-08 15:14:20,184 [INFO] [70] TRAIN | loss: 2.9665562018104223, acc: 0.239251040221914
2025-07-08 15:14:20,184 [INFO] [70] VALIDATION | acc: 0.14201183431952663
2025-07-08 15:14:21,644 [INFO] [71] TRAIN | loss: 2.9168454719626387, acc: 0.2503467406380028
2025-07-08 15:14:21,644 [INFO] [71] VALIDATION | acc: 0.14497041420118342
2025-07-08 15:14:23,112 [INFO] [72] TRAIN | loss: 2.952874375426251, acc: 0.2565880721220527
2025-07-08 15:14:23,112 [INFO] [72] VALIDATION | acc: 0.13313609467455623
2025-07-08 15:14:24,557 [INFO] [73] TRAIN | loss: 2.966072642284891, acc: 0.23717059639389737
2025-07-08 15:14:24,557 [INFO] [73] VALIDATION | acc: 0.11538461538461539
2025-07-08 15:14:25,993 [INFO] [74] TRAIN | loss: 2.9202009439468384, acc: 0.2447988904299584
2025-07-08 15:14:25,993 [INFO] [74] VALIDATION | acc: 0.11834319526627218
2025-07-08 15:14:27,451 [INFO] [75] TRAIN | loss: 2.88734915982122, acc: 0.2510402219140083
2025-07-08 15:14:27,451 [INFO] [75] VALIDATION | acc: 0.14497041420118342
2025-07-08 15:14:28,916 [INFO] [76] TRAIN | loss: 2.858992706174436, acc: 0.2524271844660194
2025-07-08 15:14:28,916 [INFO] [76] VALIDATION | acc: 0.13313609467455623
2025-07-08 15:14:30,370 [INFO] [77] TRAIN | loss: 2.8070742565652598, acc: 0.2697642163661581
2025-07-08 15:14:30,371 [INFO] [77] VALIDATION | acc: 0.14201183431952663
2025-07-08 15:14:31,823 [INFO] [78] TRAIN | loss: 2.8243093024129453, acc: 0.2697642163661581
2025-07-08 15:14:31,823 [INFO] [78] VALIDATION | acc: 0.16568047337278108
2025-07-08 15:14:33,266 [INFO] [79] TRAIN | loss: 2.834580545840056, acc: 0.2780859916782247
2025-07-08 15:14:33,266 [INFO] [79] VALIDATION | acc: 0.16568047337278108
2025-07-08 15:14:34,715 [INFO] [80] TRAIN | loss: 2.818582182345183, acc: 0.2621359223300971
2025-07-08 15:14:34,715 [INFO] [80] VALIDATION | acc: 0.15976331360946747
2025-07-08 15:14:36,154 [INFO] [81] TRAIN | loss: 2.784179018891376, acc: 0.28085991678224687
2025-07-08 15:14:36,154 [INFO] [81] VALIDATION | acc: 0.16568047337278108
2025-07-08 15:14:37,594 [INFO] [82] TRAIN | loss: 2.757391872613326, acc: 0.2912621359223301
2025-07-08 15:14:37,594 [INFO] [82] VALIDATION | acc: 0.15680473372781065
2025-07-08 15:14:39,049 [INFO] [83] TRAIN | loss: 2.703795629998912, acc: 0.3044382801664355
2025-07-08 15:14:39,049 [INFO] [83] VALIDATION | acc: 0.14201183431952663
2025-07-08 15:14:40,480 [INFO] [84] TRAIN | loss: 2.730729014977165, acc: 0.2926490984743412
2025-07-08 15:14:40,480 [INFO] [84] VALIDATION | acc: 0.15680473372781065
2025-07-08 15:14:41,950 [INFO] [85] TRAIN | loss: 2.7442861017973526, acc: 0.2857142857142857
2025-07-08 15:14:41,950 [INFO] [85] VALIDATION | acc: 0.17159763313609466
2025-07-08 15:14:43,414 [INFO] [86] TRAIN | loss: 2.664212939531907, acc: 0.3058252427184466
2025-07-08 15:14:43,414 [INFO] [86] VALIDATION | acc: 0.17751479289940827
2025-07-08 15:14:44,858 [INFO] [87] TRAIN | loss: 2.6429750349210654, acc: 0.33217753120665744
2025-07-08 15:14:44,858 [INFO] [87] VALIDATION | acc: 0.15680473372781065
2025-07-08 15:14:46,307 [INFO] [88] TRAIN | loss: 2.6342649770819624, acc: 0.3183079056865465
2025-07-08 15:14:46,307 [INFO] [88] VALIDATION | acc: 0.16568047337278108
2025-07-08 15:14:47,765 [INFO] [89] TRAIN | loss: 2.6296337531960527, acc: 0.3141470180305132
2025-07-08 15:14:47,765 [INFO] [89] VALIDATION | acc: 0.15976331360946747
2025-07-08 15:14:49,233 [INFO] [90] TRAIN | loss: 2.629273808520773, acc: 0.33356449375866853
2025-07-08 15:14:49,233 [INFO] [90] VALIDATION | acc: 0.17159763313609466
2025-07-08 15:14:50,670 [INFO] [91] TRAIN | loss: 2.5901667190634687, acc: 0.3314840499306519
2025-07-08 15:14:50,670 [INFO] [91] VALIDATION | acc: 0.17159763313609466
2025-07-08 15:14:52,123 [INFO] [92] TRAIN | loss: 2.5347153829491655, acc: 0.3377253814147018
2025-07-08 15:14:52,123 [INFO] [92] VALIDATION | acc: 0.17455621301775148
2025-07-08 15:14:53,560 [INFO] [93] TRAIN | loss: 2.547399780024653, acc: 0.34119278779472956
2025-07-08 15:14:53,560 [INFO] [93] VALIDATION | acc: 0.17159763313609466
2025-07-08 15:14:55,016 [INFO] [94] TRAIN | loss: 2.5455541869868403, acc: 0.33841886269070737
2025-07-08 15:14:55,016 [INFO] [94] VALIDATION | acc: 0.16863905325443787
2025-07-08 15:14:56,459 [INFO] [95] TRAIN | loss: 2.510412034781083, acc: 0.34119278779472956
2025-07-08 15:14:56,459 [INFO] [95] VALIDATION | acc: 0.17159763313609466
2025-07-08 15:14:57,918 [INFO] [96] TRAIN | loss: 2.5159267342608906, acc: 0.3536754507628294
2025-07-08 15:14:57,918 [INFO] [96] VALIDATION | acc: 0.17455621301775148
2025-07-08 15:14:59,353 [INFO] [97] TRAIN | loss: 2.4955286409543906, acc: 0.3418862690707351
2025-07-08 15:14:59,353 [INFO] [97] VALIDATION | acc: 0.15976331360946747
2025-07-08 15:15:00,809 [INFO] [98] TRAIN | loss: 2.478940777156664, acc: 0.3550624133148405
2025-07-08 15:15:00,809 [INFO] [98] VALIDATION | acc: 0.1952662721893491
2025-07-08 15:15:02,257 [INFO] [99] TRAIN | loss: 2.518369241901066, acc: 0.34257975034674065
2025-07-08 15:15:02,257 [INFO] [99] VALIDATION | acc: 0.15976331360946747
2025-07-08 15:15:03,725 [INFO] [100] TRAIN | loss: 2.4528183574261875, acc: 0.3564493758668516
2025-07-08 15:15:03,725 [INFO] [100] VALIDATION | acc: 0.16568047337278108
2025-07-08 15:15:03,725 [INFO] Testing checkpointed models starting...

2025-07-08 15:15:05,086 [INFO] checkpoint_t0  ->  0.015503875968992248
2025-07-08 15:15:06,490 [INFO] checkpoint_v0  ->  0.015503875968992248
2025-07-08 15:15:07,866 [INFO] checkpoint_t1  ->  0.01937984496124031
2025-07-08 15:15:10,022 [INFO] checkpoint_v1  ->  0.015503875968992248
2025-07-08 15:15:15,537 [INFO] checkpoint_t2  ->  0.06201550387596899
2025-07-08 15:15:21,309 [INFO] checkpoint_v2  ->  0.050387596899224806
2025-07-08 15:15:26,786 [INFO] checkpoint_t3  ->  0.07364341085271318
2025-07-08 15:15:32,352 [INFO] checkpoint_v3  ->  0.06976744186046512
2025-07-08 15:15:38,074 [INFO] checkpoint_t4  ->  0.08527131782945736
2025-07-08 15:15:43,470 [INFO] checkpoint_v4  ->  0.08527131782945736
2025-07-08 15:15:49,396 [INFO] checkpoint_t5  ->  0.10852713178294573
2025-07-08 15:15:54,855 [INFO] checkpoint_v5  ->  0.09302325581395349
2025-07-08 15:16:00,417 [INFO] checkpoint_t6  ->  0.12403100775193798
2025-07-08 15:16:06,000 [INFO] checkpoint_v6  ->  0.1124031007751938
2025-07-08 15:16:11,710 [INFO] checkpoint_t7  ->  0.12790697674418605
2025-07-08 15:16:17,277 [INFO] checkpoint_v7  ->  0.12790697674418605
2025-07-08 15:16:23,061 [INFO] checkpoint_t8  ->  0.16666666666666666
2025-07-08 15:16:28,598 [INFO] checkpoint_v8  ->  0.14728682170542637
2025-07-08 15:16:34,120 [INFO] checkpoint_t9  ->  0.15503875968992248
2025-07-08 15:16:39,842 [INFO] checkpoint_v9  ->  0.1821705426356589
2025-07-08 15:16:45,453 [INFO] checkpoint_t10  ->  0.17829457364341086
2025-07-08 15:16:51,084 [INFO] checkpoint_v10  ->  0.18992248062015504
2025-07-08 15:16:51,084 [INFO] 
=======================================
2025-07-08 15:16:51,084 [INFO] The best testing checkpoint: encoder_pose_landmarks_fs1_pad_truncate/checkpoint_v_10:
2025-07-08 15:16:51,084 [INFO]    Testing accuracy: 0.190
2025-07-08 15:16:51,086 [INFO]    Macro F1 score: 0.136
2025-07-08 15:16:51,086 [INFO]    Weighted F1 score: 0.142
2025-07-08 15:16:51,086 [INFO]    Total trainable parameters: 1,059,988
2025-07-08 15:16:51,086 [INFO]    Elapsed time: 253.00 sec
2025-07-08 15:16:51,086 [INFO] ----------------Config information----------------------- 
2025-07-08 15:16:51,086 [INFO]  - Experiment Args: {'dataset': 'WLASL100', 'features': 'POSE_LANDMARKS', 'include_blendshapes': 0, 'fs': 1, 'feature_padding_mode': 'truncate', 'num_classes': 100, 'model': 'encoder', 'mediapipe_holistic': True, 'dim': 40, 'heads': 8, 'n_layers': 6, 'PE': 0, 'pad': 'True', 'clip_weights': 0, 'clip_gradients': 0, 'opt': 'SGD', 'sgd_momentum': 0.9, 'scheduler': 'cosine', 'bs': 32, 'epochs': 100, 'lr': '1e-03', 'logfreq': 1, 'checkpoints': True}
2025-07-08 15:16:51,178 [INFO] 
Any desired statistics have been plotted.
The experiment is finished.
