2025-07-08 15:21:28,213 [INFO] [INFO] Starting experiment encoder_pose_landmarks_fs1_pad_repeat...


2025-07-08 15:21:30,174 [INFO] [1] TRAIN | loss: 4.724516619806704, acc: 0.0159500693481276
2025-07-08 15:21:30,174 [INFO] [1] VALIDATION | acc: 0.014792899408284023
2025-07-08 15:21:31,909 [INFO] [2] TRAIN | loss: 4.708168786504994, acc: 0.011095700416088766
2025-07-08 15:21:31,909 [INFO] [2] VALIDATION | acc: 0.011834319526627219
2025-07-08 15:21:33,630 [INFO] [3] TRAIN | loss: 4.667580044787863, acc: 0.006934812760055479
2025-07-08 15:21:33,630 [INFO] [3] VALIDATION | acc: 0.008875739644970414
2025-07-08 15:21:35,365 [INFO] [4] TRAIN | loss: 4.652933390244193, acc: 0.0159500693481276
2025-07-08 15:21:35,365 [INFO] [4] VALIDATION | acc: 0.008875739644970414
2025-07-08 15:21:37,107 [INFO] [5] TRAIN | loss: 4.62664564796116, acc: 0.016643550624133148
2025-07-08 15:21:37,107 [INFO] [5] VALIDATION | acc: 0.020710059171597635
2025-07-08 15:21:38,842 [INFO] [6] TRAIN | loss: 4.61613388683485, acc: 0.023578363384188627
2025-07-08 15:21:38,842 [INFO] [6] VALIDATION | acc: 0.020710059171597635
2025-07-08 15:21:40,574 [INFO] [7] TRAIN | loss: 4.603610132051551, acc: 0.022191400832177532
2025-07-08 15:21:40,574 [INFO] [7] VALIDATION | acc: 0.026627218934911243
2025-07-08 15:21:42,317 [INFO] [8] TRAIN | loss: 4.565805901651797, acc: 0.024271844660194174
2025-07-08 15:21:42,317 [INFO] [8] VALIDATION | acc: 0.023668639053254437
2025-07-08 15:21:44,047 [INFO] [9] TRAIN | loss: 4.519853353500366, acc: 0.02912621359223301
2025-07-08 15:21:44,047 [INFO] [9] VALIDATION | acc: 0.038461538461538464
2025-07-08 15:21:45,784 [INFO] [10] TRAIN | loss: 4.460858355397764, acc: 0.029819694868238558
2025-07-08 15:21:45,784 [INFO] [10] VALIDATION | acc: 0.04142011834319527
2025-07-08 15:21:47,522 [INFO] [11] TRAIN | loss: 4.391418280808822, acc: 0.03814147018030513
2025-07-08 15:21:47,522 [INFO] [11] VALIDATION | acc: 0.04142011834319527
2025-07-08 15:21:49,270 [INFO] [12] TRAIN | loss: 4.319075449653294, acc: 0.03814147018030513
2025-07-08 15:21:49,270 [INFO] [12] VALIDATION | acc: 0.038461538461538464
2025-07-08 15:21:51,024 [INFO] [13] TRAIN | loss: 4.242142656575078, acc: 0.057558945908460474
2025-07-08 15:21:51,024 [INFO] [13] VALIDATION | acc: 0.047337278106508875
2025-07-08 15:21:52,769 [INFO] [14] TRAIN | loss: 4.182598124379697, acc: 0.05547850208044383
2025-07-08 15:21:52,769 [INFO] [14] VALIDATION | acc: 0.0650887573964497
2025-07-08 15:21:54,494 [INFO] [15] TRAIN | loss: 4.115452388058538, acc: 0.07350901525658807
2025-07-08 15:21:54,494 [INFO] [15] VALIDATION | acc: 0.0621301775147929
2025-07-08 15:21:56,212 [INFO] [16] TRAIN | loss: 4.070610077484794, acc: 0.0769764216366158
2025-07-08 15:21:56,212 [INFO] [16] VALIDATION | acc: 0.05917159763313609
2025-07-08 15:21:57,929 [INFO] [17] TRAIN | loss: 4.009895811910215, acc: 0.07975034674063801
2025-07-08 15:21:57,929 [INFO] [17] VALIDATION | acc: 0.05621301775147929
2025-07-08 15:21:59,635 [INFO] [18] TRAIN | loss: 3.9626009516094043, acc: 0.07905686546463246
2025-07-08 15:21:59,635 [INFO] [18] VALIDATION | acc: 0.06804733727810651
2025-07-08 15:22:01,360 [INFO] [19] TRAIN | loss: 3.92496845514878, acc: 0.09916782246879334
2025-07-08 15:22:01,360 [INFO] [19] VALIDATION | acc: 0.0621301775147929
2025-07-08 15:22:03,059 [INFO] [20] TRAIN | loss: 3.9002901937650596, acc: 0.09431345353675451
2025-07-08 15:22:03,059 [INFO] [20] VALIDATION | acc: 0.06804733727810651
2025-07-08 15:22:04,773 [INFO] [21] TRAIN | loss: 3.850871091303618, acc: 0.10124826629680998
2025-07-08 15:22:04,773 [INFO] [21] VALIDATION | acc: 0.0650887573964497
2025-07-08 15:22:06,499 [INFO] [22] TRAIN | loss: 3.8402362958244654, acc: 0.10540915395284327
2025-07-08 15:22:06,500 [INFO] [22] VALIDATION | acc: 0.05917159763313609
2025-07-08 15:22:08,248 [INFO] [23] TRAIN | loss: 3.784843605497609, acc: 0.10263522884882108
2025-07-08 15:22:08,249 [INFO] [23] VALIDATION | acc: 0.07396449704142012
2025-07-08 15:22:09,989 [INFO] [24] TRAIN | loss: 3.7460404427155205, acc: 0.11927877947295423
2025-07-08 15:22:09,989 [INFO] [24] VALIDATION | acc: 0.08284023668639054
2025-07-08 15:22:11,699 [INFO] [25] TRAIN | loss: 3.7105991270231162, acc: 0.11373092926490985
2025-07-08 15:22:11,699 [INFO] [25] VALIDATION | acc: 0.06804733727810651
2025-07-08 15:22:13,404 [INFO] [26] TRAIN | loss: 3.682575552359871, acc: 0.1144244105409154
2025-07-08 15:22:13,404 [INFO] [26] VALIDATION | acc: 0.07396449704142012
2025-07-08 15:22:15,132 [INFO] [27] TRAIN | loss: 3.6541101258734, acc: 0.1276005547850208
2025-07-08 15:22:15,132 [INFO] [27] VALIDATION | acc: 0.08875739644970414
2025-07-08 15:22:16,839 [INFO] [28] TRAIN | loss: 3.62545064739559, acc: 0.12274618585298197
2025-07-08 15:22:16,839 [INFO] [28] VALIDATION | acc: 0.07692307692307693
2025-07-08 15:22:18,568 [INFO] [29] TRAIN | loss: 3.590135797210362, acc: 0.13453536754507628
2025-07-08 15:22:18,568 [INFO] [29] VALIDATION | acc: 0.07988165680473373
2025-07-08 15:22:20,318 [INFO] [30] TRAIN | loss: 3.555587810018788, acc: 0.13592233009708737
2025-07-08 15:22:20,318 [INFO] [30] VALIDATION | acc: 0.09467455621301775
2025-07-08 15:22:22,030 [INFO] [31] TRAIN | loss: 3.5391475325045376, acc: 0.13800277392510402
2025-07-08 15:22:22,030 [INFO] [31] VALIDATION | acc: 0.09763313609467456
2025-07-08 15:22:23,747 [INFO] [32] TRAIN | loss: 3.536933448003686, acc: 0.13592233009708737
2025-07-08 15:22:23,748 [INFO] [32] VALIDATION | acc: 0.09467455621301775
2025-07-08 15:22:25,458 [INFO] [33] TRAIN | loss: 3.499946874120961, acc: 0.1539528432732316
2025-07-08 15:22:25,458 [INFO] [33] VALIDATION | acc: 0.07100591715976332
2025-07-08 15:22:27,169 [INFO] [34] TRAIN | loss: 3.4929942618245664, acc: 0.14424410540915394
2025-07-08 15:22:27,169 [INFO] [34] VALIDATION | acc: 0.10355029585798817
2025-07-08 15:22:28,892 [INFO] [35] TRAIN | loss: 3.4310031973797344, acc: 0.15464632454923716
2025-07-08 15:22:28,893 [INFO] [35] VALIDATION | acc: 0.09763313609467456
2025-07-08 15:22:30,603 [INFO] [36] TRAIN | loss: 3.441516186880029, acc: 0.16158113730929266
2025-07-08 15:22:30,603 [INFO] [36] VALIDATION | acc: 0.12130177514792899
2025-07-08 15:22:32,296 [INFO] [37] TRAIN | loss: 3.4316139532172163, acc: 0.15811373092926492
2025-07-08 15:22:32,296 [INFO] [37] VALIDATION | acc: 0.11242603550295859
2025-07-08 15:22:34,045 [INFO] [38] TRAIN | loss: 3.3918947707051816, acc: 0.16990291262135923
2025-07-08 15:22:34,045 [INFO] [38] VALIDATION | acc: 0.11242603550295859
2025-07-08 15:22:35,786 [INFO] [39] TRAIN | loss: 3.349379109299701, acc: 0.17198335644937587
2025-07-08 15:22:35,786 [INFO] [39] VALIDATION | acc: 0.1242603550295858
2025-07-08 15:22:37,492 [INFO] [40] TRAIN | loss: 3.270553487798442, acc: 0.18446601941747573
2025-07-08 15:22:37,492 [INFO] [40] VALIDATION | acc: 0.11242603550295859
2025-07-08 15:22:39,185 [INFO] [41] TRAIN | loss: 3.2573643559994907, acc: 0.17406380027739252
2025-07-08 15:22:39,185 [INFO] [41] VALIDATION | acc: 0.10650887573964497
2025-07-08 15:22:40,907 [INFO] [42] TRAIN | loss: 3.238932122354922, acc: 0.18446601941747573
2025-07-08 15:22:40,907 [INFO] [42] VALIDATION | acc: 0.12130177514792899
2025-07-08 15:22:42,601 [INFO] [43] TRAIN | loss: 3.2421556659366773, acc: 0.180998613037448
2025-07-08 15:22:42,601 [INFO] [43] VALIDATION | acc: 0.11242603550295859
2025-07-08 15:22:44,290 [INFO] [44] TRAIN | loss: 3.2204772752264272, acc: 0.1823855755894591
2025-07-08 15:22:44,290 [INFO] [44] VALIDATION | acc: 0.10946745562130178
2025-07-08 15:22:45,984 [INFO] [45] TRAIN | loss: 3.21004565384077, acc: 0.180998613037448
2025-07-08 15:22:45,984 [INFO] [45] VALIDATION | acc: 0.13609467455621302
2025-07-08 15:22:47,692 [INFO] [46] TRAIN | loss: 3.1838843148687612, acc: 0.20180305131761442
2025-07-08 15:22:47,693 [INFO] [46] VALIDATION | acc: 0.11538461538461539
2025-07-08 15:22:49,400 [INFO] [47] TRAIN | loss: 3.147752513056216, acc: 0.19209431345353675
2025-07-08 15:22:49,400 [INFO] [47] VALIDATION | acc: 0.11242603550295859
2025-07-08 15:22:51,116 [INFO] [48] TRAIN | loss: 3.0954088076301245, acc: 0.2087378640776699
2025-07-08 15:22:51,116 [INFO] [48] VALIDATION | acc: 0.12130177514792899
2025-07-08 15:22:52,828 [INFO] [49] TRAIN | loss: 3.1001141485960586, acc: 0.2031900138696255
2025-07-08 15:22:52,828 [INFO] [49] VALIDATION | acc: 0.13313609467455623
2025-07-08 15:22:54,533 [INFO] [50] TRAIN | loss: 3.090553729430489, acc: 0.21151178918169208
2025-07-08 15:22:54,533 [INFO] [50] VALIDATION | acc: 0.14497041420118342
2025-07-08 15:22:56,226 [INFO] [51] TRAIN | loss: 3.050940461780714, acc: 0.21705963938973646
2025-07-08 15:22:56,226 [INFO] [51] VALIDATION | acc: 0.1390532544378698
2025-07-08 15:22:57,942 [INFO] [52] TRAIN | loss: 3.0532305707102236, acc: 0.24549237170596394
2025-07-08 15:22:57,943 [INFO] [52] VALIDATION | acc: 0.15088757396449703
2025-07-08 15:22:59,630 [INFO] [53] TRAIN | loss: 3.0327221777128135, acc: 0.217753120665742
2025-07-08 15:22:59,631 [INFO] [53] VALIDATION | acc: 0.1390532544378698
2025-07-08 15:23:01,327 [INFO] [54] TRAIN | loss: 3.011162623115208, acc: 0.22815533980582525
2025-07-08 15:23:01,327 [INFO] [54] VALIDATION | acc: 0.13313609467455623
2025-07-08 15:23:03,032 [INFO] [55] TRAIN | loss: 3.0933567181877466, acc: 0.21289875173370318
2025-07-08 15:23:03,032 [INFO] [55] VALIDATION | acc: 0.13609467455621302
2025-07-08 15:23:04,750 [INFO] [56] TRAIN | loss: 2.9591316451197085, acc: 0.239251040221914
2025-07-08 15:23:04,750 [INFO] [56] VALIDATION | acc: 0.14201183431952663
2025-07-08 15:23:06,467 [INFO] [57] TRAIN | loss: 2.915541358616041, acc: 0.2503467406380028
2025-07-08 15:23:06,467 [INFO] [57] VALIDATION | acc: 0.16568047337278108
2025-07-08 15:23:08,158 [INFO] [58] TRAIN | loss: 2.9066014859987344, acc: 0.2447988904299584
2025-07-08 15:23:08,158 [INFO] [58] VALIDATION | acc: 0.15384615384615385
2025-07-08 15:23:09,867 [INFO] [59] TRAIN | loss: 2.888070153153461, acc: 0.25173370319001387
2025-07-08 15:23:09,867 [INFO] [59] VALIDATION | acc: 0.15976331360946747
2025-07-08 15:23:11,583 [INFO] [60] TRAIN | loss: 2.872077330299046, acc: 0.260748959778086
2025-07-08 15:23:11,584 [INFO] [60] VALIDATION | acc: 0.17159763313609466
2025-07-08 15:23:13,304 [INFO] [61] TRAIN | loss: 2.80667101300281, acc: 0.2753120665742025
2025-07-08 15:23:13,304 [INFO] [61] VALIDATION | acc: 0.14497041420118342
2025-07-08 15:23:15,016 [INFO] [62] TRAIN | loss: 2.8474593110706494, acc: 0.268377253814147
2025-07-08 15:23:15,016 [INFO] [62] VALIDATION | acc: 0.14201183431952663
2025-07-08 15:23:16,744 [INFO] [63] TRAIN | loss: 2.798014583794967, acc: 0.2739251040221914
2025-07-08 15:23:16,745 [INFO] [63] VALIDATION | acc: 0.14792899408284024
2025-07-08 15:23:18,466 [INFO] [64] TRAIN | loss: 2.7960449871809585, acc: 0.2947295423023578
2025-07-08 15:23:18,466 [INFO] [64] VALIDATION | acc: 0.15088757396449703
2025-07-08 15:23:20,168 [INFO] [65] TRAIN | loss: 2.8313130399455195, acc: 0.26490984743411927
2025-07-08 15:23:20,168 [INFO] [65] VALIDATION | acc: 0.14497041420118342
2025-07-08 15:23:21,852 [INFO] [66] TRAIN | loss: 2.735084398933079, acc: 0.28363384188626906
2025-07-08 15:23:21,852 [INFO] [66] VALIDATION | acc: 0.15088757396449703
2025-07-08 15:23:23,576 [INFO] [67] TRAIN | loss: 2.686009064964626, acc: 0.30513176144244103
2025-07-08 15:23:23,576 [INFO] [67] VALIDATION | acc: 0.16568047337278108
2025-07-08 15:23:25,288 [INFO] [68] TRAIN | loss: 2.6861680642418237, acc: 0.3127600554785021
2025-07-08 15:23:25,288 [INFO] [68] VALIDATION | acc: 0.14497041420118342
2025-07-08 15:23:26,998 [INFO] [69] TRAIN | loss: 2.677093961964483, acc: 0.2961165048543689
2025-07-08 15:23:26,998 [INFO] [69] VALIDATION | acc: 0.16863905325443787
2025-07-08 15:23:28,700 [INFO] [70] TRAIN | loss: 2.5865595833114954, acc: 0.3092926490984743
2025-07-08 15:23:28,700 [INFO] [70] VALIDATION | acc: 0.16272189349112426
2025-07-08 15:23:30,401 [INFO] [71] TRAIN | loss: 2.6361879213996557, acc: 0.31137309292649096
2025-07-08 15:23:30,402 [INFO] [71] VALIDATION | acc: 0.15976331360946747
2025-07-08 15:23:32,140 [INFO] [72] TRAIN | loss: 2.61897103164507, acc: 0.3314840499306519
2025-07-08 15:23:32,140 [INFO] [72] VALIDATION | acc: 0.1804733727810651
2025-07-08 15:23:33,861 [INFO] [73] TRAIN | loss: 2.567858706349912, acc: 0.3273231622746186
2025-07-08 15:23:33,862 [INFO] [73] VALIDATION | acc: 0.1863905325443787
2025-07-08 15:23:35,564 [INFO] [74] TRAIN | loss: 2.606336790582408, acc: 0.3300970873786408
2025-07-08 15:23:35,565 [INFO] [74] VALIDATION | acc: 0.15680473372781065
2025-07-08 15:23:37,282 [INFO] [75] TRAIN | loss: 2.5314277902893396, acc: 0.33980582524271846
2025-07-08 15:23:37,282 [INFO] [75] VALIDATION | acc: 0.17455621301775148
2025-07-08 15:23:38,980 [INFO] [76] TRAIN | loss: 2.561198918715767, acc: 0.3287101248266297
2025-07-08 15:23:38,980 [INFO] [76] VALIDATION | acc: 0.1804733727810651
2025-07-08 15:23:40,715 [INFO] [77] TRAIN | loss: 2.513984794202058, acc: 0.35575589459084606
2025-07-08 15:23:40,715 [INFO] [77] VALIDATION | acc: 0.16863905325443787
2025-07-08 15:23:42,431 [INFO] [78] TRAIN | loss: 2.4695034234420112, acc: 0.35575589459084606
2025-07-08 15:23:42,431 [INFO] [78] VALIDATION | acc: 0.1804733727810651
2025-07-08 15:23:44,152 [INFO] [79] TRAIN | loss: 2.4749251811400703, acc: 0.35159500693481277
2025-07-08 15:23:44,152 [INFO] [79] VALIDATION | acc: 0.1893491124260355
2025-07-08 15:23:45,874 [INFO] [80] TRAIN | loss: 2.5162286343781846, acc: 0.34257975034674065
2025-07-08 15:23:45,874 [INFO] [80] VALIDATION | acc: 0.1863905325443787
2025-07-08 15:23:47,602 [INFO] [81] TRAIN | loss: 2.478478462799736, acc: 0.35714285714285715
2025-07-08 15:23:47,602 [INFO] [81] VALIDATION | acc: 0.17751479289940827
2025-07-08 15:23:49,321 [INFO] [82] TRAIN | loss: 2.454477095085642, acc: 0.34674063800277394
2025-07-08 15:23:49,321 [INFO] [82] VALIDATION | acc: 0.1952662721893491
2025-07-08 15:23:51,040 [INFO] [83] TRAIN | loss: 2.3643047213554382, acc: 0.3925104022191401
2025-07-08 15:23:51,040 [INFO] [83] VALIDATION | acc: 0.19230769230769232
2025-07-08 15:23:52,734 [INFO] [84] TRAIN | loss: 2.4179474581842837, acc: 0.36893203883495146
2025-07-08 15:23:52,734 [INFO] [84] VALIDATION | acc: 0.1952662721893491
2025-07-08 15:23:54,457 [INFO] [85] TRAIN | loss: 2.44998402180879, acc: 0.3578363384188627
2025-07-08 15:23:54,457 [INFO] [85] VALIDATION | acc: 0.20414201183431951
2025-07-08 15:23:56,162 [INFO] [86] TRAIN | loss: 2.3226645666620005, acc: 0.3945908460471567
2025-07-08 15:23:56,162 [INFO] [86] VALIDATION | acc: 0.1952662721893491
2025-07-08 15:23:57,867 [INFO] [87] TRAIN | loss: 2.3820730473684226, acc: 0.37447988904299584
2025-07-08 15:23:57,867 [INFO] [87] VALIDATION | acc: 0.19822485207100593
2025-07-08 15:23:59,592 [INFO] [88] TRAIN | loss: 2.2909716238146243, acc: 0.3869625520110957
2025-07-08 15:23:59,592 [INFO] [88] VALIDATION | acc: 0.20710059171597633
2025-07-08 15:24:01,312 [INFO] [89] TRAIN | loss: 2.282726842424144, acc: 0.4133148404993065
2025-07-08 15:24:01,312 [INFO] [89] VALIDATION | acc: 0.19822485207100593
2025-07-08 15:24:03,019 [INFO] [90] TRAIN | loss: 2.2693464134050454, acc: 0.41262135922330095
2025-07-08 15:24:03,019 [INFO] [90] VALIDATION | acc: 0.19230769230769232
2025-07-08 15:24:04,719 [INFO] [91] TRAIN | loss: 2.2751933336257935, acc: 0.406380027739251
2025-07-08 15:24:04,719 [INFO] [91] VALIDATION | acc: 0.1834319526627219
2025-07-08 15:24:06,432 [INFO] [92] TRAIN | loss: 2.2765925034232763, acc: 0.40221914008321774
2025-07-08 15:24:06,432 [INFO] [92] VALIDATION | acc: 0.21893491124260356
2025-07-08 15:24:08,123 [INFO] [93] TRAIN | loss: 2.2216673311979873, acc: 0.42302357836338417
2025-07-08 15:24:08,123 [INFO] [93] VALIDATION | acc: 0.20710059171597633
2025-07-08 15:24:09,820 [INFO] [94] TRAIN | loss: 2.266401980234229, acc: 0.4105409153952843
2025-07-08 15:24:09,820 [INFO] [94] VALIDATION | acc: 0.19822485207100593
2025-07-08 15:24:11,545 [INFO] [95] TRAIN | loss: 2.2512390328490217, acc: 0.4264909847434119
2025-07-08 15:24:11,545 [INFO] [95] VALIDATION | acc: 0.20710059171597633
2025-07-08 15:24:13,249 [INFO] [96] TRAIN | loss: 2.2170548775921697, acc: 0.4237170596393897
2025-07-08 15:24:13,249 [INFO] [96] VALIDATION | acc: 0.21597633136094674
2025-07-08 15:24:14,951 [INFO] [97] TRAIN | loss: 2.1733894037163775, acc: 0.4209431345353675
2025-07-08 15:24:14,951 [INFO] [97] VALIDATION | acc: 0.20414201183431951
2025-07-08 15:24:16,645 [INFO] [98] TRAIN | loss: 2.1689420627511065, acc: 0.435506241331484
2025-07-08 15:24:16,645 [INFO] [98] VALIDATION | acc: 0.1952662721893491
2025-07-08 15:24:18,340 [INFO] [99] TRAIN | loss: 2.135417049345763, acc: 0.4320388349514563
2025-07-08 15:24:18,340 [INFO] [99] VALIDATION | acc: 0.2455621301775148
2025-07-08 15:24:20,056 [INFO] [100] TRAIN | loss: 2.087932210901509, acc: 0.4549237170596394
2025-07-08 15:24:20,056 [INFO] [100] VALIDATION | acc: 0.21597633136094674
2025-07-08 15:24:20,056 [INFO] Testing checkpointed models starting...

2025-07-08 15:24:21,461 [INFO] checkpoint_t0  ->  0.007751937984496124
2025-07-08 15:24:22,812 [INFO] checkpoint_v0  ->  0.007751937984496124
2025-07-08 15:24:24,192 [INFO] checkpoint_t1  ->  0.046511627906976744
2025-07-08 15:24:27,226 [INFO] checkpoint_v1  ->  0.03488372093023256
2025-07-08 15:24:32,735 [INFO] checkpoint_t2  ->  0.07751937984496124
2025-07-08 15:24:38,200 [INFO] checkpoint_v2  ->  0.07751937984496124
2025-07-08 15:24:43,926 [INFO] checkpoint_t3  ->  0.12403100775193798
2025-07-08 15:24:49,609 [INFO] checkpoint_v3  ->  0.12403100775193798
2025-07-08 15:24:55,162 [INFO] checkpoint_t4  ->  0.1124031007751938
2025-07-08 15:25:00,779 [INFO] checkpoint_v4  ->  0.12015503875968993
2025-07-08 15:25:06,467 [INFO] checkpoint_t5  ->  0.1511627906976744
2025-07-08 15:25:11,735 [INFO] checkpoint_v5  ->  0.13953488372093023
2025-07-08 15:25:18,102 [INFO] checkpoint_t6  ->  0.13953488372093023
2025-07-08 15:25:23,348 [INFO] checkpoint_v6  ->  0.18604651162790697
2025-07-08 15:25:28,825 [INFO] checkpoint_t7  ->  0.15891472868217055
2025-07-08 15:25:34,279 [INFO] checkpoint_v7  ->  0.17829457364341086
2025-07-08 15:25:39,933 [INFO] checkpoint_t8  ->  0.17054263565891473
2025-07-08 15:25:45,418 [INFO] checkpoint_v8  ->  0.18992248062015504
2025-07-08 15:25:50,971 [INFO] checkpoint_t9  ->  0.20155038759689922
2025-07-08 15:25:56,359 [INFO] checkpoint_v9  ->  0.22093023255813954
2025-07-08 15:26:01,623 [INFO] checkpoint_t10  ->  0.21705426356589147
2025-07-08 15:26:07,134 [INFO] checkpoint_v10  ->  0.23255813953488372
2025-07-08 15:26:07,134 [INFO] 
=======================================
2025-07-08 15:26:07,134 [INFO] The best testing checkpoint: encoder_pose_landmarks_fs1_pad_repeat/checkpoint_v_10:
2025-07-08 15:26:07,134 [INFO]    Testing accuracy: 0.233
2025-07-08 15:26:07,134 [INFO]    Macro F1 score: 0.188
2025-07-08 15:26:07,134 [INFO]    Weighted F1 score: 0.191
2025-07-08 15:26:07,134 [INFO]    Total trainable parameters: 1,278,724
2025-07-08 15:26:07,134 [INFO]    Elapsed time: 278.92 sec
2025-07-08 15:26:07,134 [INFO] ----------------Config information----------------------- 
2025-07-08 15:26:07,134 [INFO]  - Experiment Args: {'dataset': 'WLASL100', 'features': 'POSE_LANDMARKS', 'include_blendshapes': 0, 'fs': 1, 'feature_padding_mode': 'repeat', 'num_classes': 100, 'model': 'encoder', 'mediapipe_holistic': True, 'dim': 48, 'heads': 8, 'n_layers': 6, 'PE': 0, 'pad': 'True', 'clip_weights': 0, 'clip_gradients': 0, 'opt': 'SGD', 'sgd_momentum': 0.9, 'scheduler': 'cosine', 'bs': 32, 'epochs': 100, 'lr': '1e-03', 'logfreq': 1, 'checkpoints': True}
2025-07-08 15:26:07,210 [INFO] 
Any desired statistics have been plotted.
The experiment is finished.
