2025-07-08 16:21:47,580 [INFO] [INFO] Starting experiment encoder_pose_angles_fs1_pad_repeat...


2025-07-08 16:21:50,565 [INFO] [1] TRAIN | loss: 4.76212333596271, acc: 0.005547850208044383
2025-07-08 16:21:50,565 [INFO] [1] VALIDATION | acc: 0.0029585798816568047
2025-07-08 16:21:53,464 [INFO] [2] TRAIN | loss: 4.720123239185499, acc: 0.009708737864077669
2025-07-08 16:21:53,464 [INFO] [2] VALIDATION | acc: 0.0029585798816568047
2025-07-08 16:21:56,357 [INFO] [3] TRAIN | loss: 4.633385855218639, acc: 0.0159500693481276
2025-07-08 16:21:56,358 [INFO] [3] VALIDATION | acc: 0.01775147928994083
2025-07-08 16:21:59,280 [INFO] [4] TRAIN | loss: 4.559465605279674, acc: 0.024965325936199722
2025-07-08 16:21:59,280 [INFO] [4] VALIDATION | acc: 0.023668639053254437
2025-07-08 16:22:02,176 [INFO] [5] TRAIN | loss: 4.4881594284721045, acc: 0.02912621359223301
2025-07-08 16:22:02,177 [INFO] [5] VALIDATION | acc: 0.029585798816568046
2025-07-08 16:22:05,036 [INFO] [6] TRAIN | loss: 4.354580433472343, acc: 0.04022191400832178
2025-07-08 16:22:05,036 [INFO] [6] VALIDATION | acc: 0.03254437869822485
2025-07-08 16:22:07,921 [INFO] [7] TRAIN | loss: 4.212961554527283, acc: 0.059639389736477116
2025-07-08 16:22:07,926 [INFO] [7] VALIDATION | acc: 0.047337278106508875
2025-07-08 16:22:10,816 [INFO] [8] TRAIN | loss: 4.082595389822255, acc: 0.06241331484049931
2025-07-08 16:22:10,816 [INFO] [8] VALIDATION | acc: 0.05621301775147929
2025-07-08 16:22:13,671 [INFO] [9] TRAIN | loss: 3.975572072941324, acc: 0.07212205270457697
2025-07-08 16:22:13,671 [INFO] [9] VALIDATION | acc: 0.047337278106508875
2025-07-08 16:22:16,532 [INFO] [10] TRAIN | loss: 3.88939949222233, acc: 0.09431345353675451
2025-07-08 16:22:16,532 [INFO] [10] VALIDATION | acc: 0.07100591715976332
2025-07-08 16:22:19,404 [INFO] [11] TRAIN | loss: 3.760097923486129, acc: 0.1144244105409154
2025-07-08 16:22:19,404 [INFO] [11] VALIDATION | acc: 0.08284023668639054
2025-07-08 16:22:22,266 [INFO] [12] TRAIN | loss: 3.675676060759503, acc: 0.1276005547850208
2025-07-08 16:22:22,266 [INFO] [12] VALIDATION | acc: 0.09467455621301775
2025-07-08 16:22:25,151 [INFO] [13] TRAIN | loss: 3.5524870001751445, acc: 0.15117891816920942
2025-07-08 16:22:25,151 [INFO] [13] VALIDATION | acc: 0.11242603550295859
2025-07-08 16:22:28,014 [INFO] [14] TRAIN | loss: 3.4427743994671367, acc: 0.1664355062413315
2025-07-08 16:22:28,014 [INFO] [14] VALIDATION | acc: 0.10650887573964497
2025-07-08 16:22:30,856 [INFO] [15] TRAIN | loss: 3.380643896434618, acc: 0.18932038834951456
2025-07-08 16:22:30,857 [INFO] [15] VALIDATION | acc: 0.10946745562130178
2025-07-08 16:22:33,736 [INFO] [16] TRAIN | loss: 3.274166573648867, acc: 0.20665742024965325
2025-07-08 16:22:33,736 [INFO] [16] VALIDATION | acc: 0.12721893491124261
2025-07-08 16:22:36,615 [INFO] [17] TRAIN | loss: 3.1778817695120107, acc: 0.23855755894590847
2025-07-08 16:22:36,615 [INFO] [17] VALIDATION | acc: 0.15384615384615385
2025-07-08 16:22:39,458 [INFO] [18] TRAIN | loss: 3.0959322089734287, acc: 0.22954230235783635
2025-07-08 16:22:39,458 [INFO] [18] VALIDATION | acc: 0.14792899408284024
2025-07-08 16:22:42,279 [INFO] [19] TRAIN | loss: 3.0564082342645396, acc: 0.2274618585298197
2025-07-08 16:22:42,279 [INFO] [19] VALIDATION | acc: 0.13313609467455623
2025-07-08 16:22:45,120 [INFO] [20] TRAIN | loss: 2.9736343000246133, acc: 0.25312066574202496
2025-07-08 16:22:45,120 [INFO] [20] VALIDATION | acc: 0.14792899408284024
2025-07-08 16:22:47,977 [INFO] [21] TRAIN | loss: 2.920898271643597, acc: 0.27323162274618584
2025-07-08 16:22:47,977 [INFO] [21] VALIDATION | acc: 0.17159763313609466
2025-07-08 16:22:50,837 [INFO] [22] TRAIN | loss: 2.868610677511796, acc: 0.28502080443828015
2025-07-08 16:22:50,837 [INFO] [22] VALIDATION | acc: 0.14497041420118342
2025-07-08 16:22:53,690 [INFO] [23] TRAIN | loss: 2.8515238554581352, acc: 0.2843273231622746
2025-07-08 16:22:53,690 [INFO] [23] VALIDATION | acc: 0.15976331360946747
2025-07-08 16:22:56,531 [INFO] [24] TRAIN | loss: 2.7314453176830127, acc: 0.30998613037447986
2025-07-08 16:22:56,531 [INFO] [24] VALIDATION | acc: 0.14201183431952663
2025-07-08 16:22:59,385 [INFO] [25] TRAIN | loss: 2.7132998031118643, acc: 0.33217753120665744
2025-07-08 16:22:59,385 [INFO] [25] VALIDATION | acc: 0.16272189349112426
2025-07-08 16:23:02,226 [INFO] [26] TRAIN | loss: 2.678385853767395, acc: 0.32940360610263525
2025-07-08 16:23:02,226 [INFO] [26] VALIDATION | acc: 0.16863905325443787
2025-07-08 16:23:05,094 [INFO] [27] TRAIN | loss: 2.579999099607053, acc: 0.35298196948682387
2025-07-08 16:23:05,094 [INFO] [27] VALIDATION | acc: 0.1804733727810651
2025-07-08 16:23:07,942 [INFO] [28] TRAIN | loss: 2.489659169445867, acc: 0.36893203883495146
2025-07-08 16:23:07,942 [INFO] [28] VALIDATION | acc: 0.14792899408284024
2025-07-08 16:23:10,806 [INFO] [29] TRAIN | loss: 2.516671315483425, acc: 0.361997226074896
2025-07-08 16:23:10,806 [INFO] [29] VALIDATION | acc: 0.1863905325443787
2025-07-08 16:23:13,640 [INFO] [30] TRAIN | loss: 2.4191165462784143, acc: 0.3786407766990291
2025-07-08 16:23:13,640 [INFO] [30] VALIDATION | acc: 0.1804733727810651
2025-07-08 16:23:16,464 [INFO] [31] TRAIN | loss: 2.4321263406587685, acc: 0.38349514563106796
2025-07-08 16:23:16,464 [INFO] [31] VALIDATION | acc: 0.17455621301775148
2025-07-08 16:23:19,319 [INFO] [32] TRAIN | loss: 2.3327503567156582, acc: 0.41678224687933424
2025-07-08 16:23:19,319 [INFO] [32] VALIDATION | acc: 0.15680473372781065
2025-07-08 16:23:22,165 [INFO] [33] TRAIN | loss: 2.3167723132216413, acc: 0.4147018030513176
2025-07-08 16:23:22,165 [INFO] [33] VALIDATION | acc: 0.1863905325443787
2025-07-08 16:23:25,020 [INFO] [34] TRAIN | loss: 2.26499795395395, acc: 0.441747572815534
2025-07-08 16:23:25,020 [INFO] [34] VALIDATION | acc: 0.15976331360946747
2025-07-08 16:23:27,856 [INFO] [35] TRAIN | loss: 2.277382537074711, acc: 0.4160887656033287
2025-07-08 16:23:27,856 [INFO] [35] VALIDATION | acc: 0.1863905325443787
2025-07-08 16:23:30,704 [INFO] [36] TRAIN | loss: 2.136758874291959, acc: 0.4521497919556172
2025-07-08 16:23:30,704 [INFO] [36] VALIDATION | acc: 0.17159763313609466
2025-07-08 16:23:33,585 [INFO] [37] TRAIN | loss: 2.0925974379415098, acc: 0.492371705963939
2025-07-08 16:23:33,585 [INFO] [37] VALIDATION | acc: 0.19230769230769232
2025-07-08 16:23:36,419 [INFO] [38] TRAIN | loss: 2.053308365137681, acc: 0.47711511789181693
2025-07-08 16:23:36,420 [INFO] [38] VALIDATION | acc: 0.1834319526627219
2025-07-08 16:23:39,258 [INFO] [39] TRAIN | loss: 1.9874735837397368, acc: 0.49653259361997226
2025-07-08 16:23:39,258 [INFO] [39] VALIDATION | acc: 0.17455621301775148
2025-07-08 16:23:42,106 [INFO] [40] TRAIN | loss: 1.9637056485466335, acc: 0.5228848821081831
2025-07-08 16:23:42,107 [INFO] [40] VALIDATION | acc: 0.1893491124260355
2025-07-08 16:23:44,955 [INFO] [41] TRAIN | loss: 1.9085617428240569, acc: 0.5270457697642164
2025-07-08 16:23:44,955 [INFO] [41] VALIDATION | acc: 0.1893491124260355
2025-07-08 16:23:47,836 [INFO] [42] TRAIN | loss: 1.8495453155559043, acc: 0.5395284327323162
2025-07-08 16:23:47,836 [INFO] [42] VALIDATION | acc: 0.21893491124260356
2025-07-08 16:23:50,683 [INFO] [43] TRAIN | loss: 1.8031434053960054, acc: 0.5547850208044383
2025-07-08 16:23:50,683 [INFO] [43] VALIDATION | acc: 0.19230769230769232
2025-07-08 16:23:53,535 [INFO] [44] TRAIN | loss: 1.8191623998724895, acc: 0.5610263522884882
2025-07-08 16:23:53,535 [INFO] [44] VALIDATION | acc: 0.1893491124260355
2025-07-08 16:23:56,379 [INFO] [45] TRAIN | loss: 1.7629261923872905, acc: 0.5520110957004161
2025-07-08 16:23:56,379 [INFO] [45] VALIDATION | acc: 0.22781065088757396
2025-07-08 16:23:59,231 [INFO] [46] TRAIN | loss: 1.7339378543522046, acc: 0.5665742024965326
2025-07-08 16:23:59,231 [INFO] [46] VALIDATION | acc: 0.20710059171597633
2025-07-08 16:24:02,060 [INFO] [47] TRAIN | loss: 1.6818067638770393, acc: 0.5561719833564494
2025-07-08 16:24:02,061 [INFO] [47] VALIDATION | acc: 0.1952662721893491
2025-07-08 16:24:04,911 [INFO] [48] TRAIN | loss: 1.6038264424904534, acc: 0.6012482662968099
2025-07-08 16:24:04,911 [INFO] [48] VALIDATION | acc: 0.22189349112426035
2025-07-08 16:24:07,748 [INFO] [49] TRAIN | loss: 1.5689114487689475, acc: 0.6123439667128987
2025-07-08 16:24:07,748 [INFO] [49] VALIDATION | acc: 0.21005917159763313
2025-07-08 16:24:10,566 [INFO] [50] TRAIN | loss: 1.617318930833236, acc: 0.5894590846047156
2025-07-08 16:24:10,566 [INFO] [50] VALIDATION | acc: 0.1893491124260355
2025-07-08 16:24:13,410 [INFO] [51] TRAIN | loss: 1.534275674301645, acc: 0.6158113730929264
2025-07-08 16:24:13,410 [INFO] [51] VALIDATION | acc: 0.20118343195266272
2025-07-08 16:24:16,288 [INFO] [52] TRAIN | loss: 1.4336750921995745, acc: 0.6504854368932039
2025-07-08 16:24:16,289 [INFO] [52] VALIDATION | acc: 0.23076923076923078
2025-07-08 16:24:19,151 [INFO] [53] TRAIN | loss: 1.3894516644270525, acc: 0.6719833564493759
2025-07-08 16:24:19,151 [INFO] [53] VALIDATION | acc: 0.23076923076923078
2025-07-08 16:24:21,991 [INFO] [54] TRAIN | loss: 1.3883462859236675, acc: 0.665742024965326
2025-07-08 16:24:21,991 [INFO] [54] VALIDATION | acc: 0.22189349112426035
2025-07-08 16:24:24,837 [INFO] [55] TRAIN | loss: 1.3109205676161724, acc: 0.6893203883495146
2025-07-08 16:24:24,837 [INFO] [55] VALIDATION | acc: 0.22485207100591717
2025-07-08 16:24:27,671 [INFO] [56] TRAIN | loss: 1.2916741163834282, acc: 0.6920943134535368
2025-07-08 16:24:27,671 [INFO] [56] VALIDATION | acc: 0.20710059171597633
2025-07-08 16:24:30,498 [INFO] [57] TRAIN | loss: 1.2658650084682133, acc: 0.7302357836338419
2025-07-08 16:24:30,498 [INFO] [57] VALIDATION | acc: 0.21301775147928995
2025-07-08 16:24:33,298 [INFO] [58] TRAIN | loss: 1.3172613511914792, acc: 0.6754507628294036
2025-07-08 16:24:33,298 [INFO] [58] VALIDATION | acc: 0.21301775147928995
2025-07-08 16:24:36,123 [INFO] [59] TRAIN | loss: 1.3070135984731757, acc: 0.6893203883495146
2025-07-08 16:24:36,123 [INFO] [59] VALIDATION | acc: 0.2455621301775148
2025-07-08 16:24:38,942 [INFO] [60] TRAIN | loss: 1.1887962209141774, acc: 0.731622746185853
2025-07-08 16:24:38,942 [INFO] [60] VALIDATION | acc: 0.22485207100591717
2025-07-08 16:24:41,765 [INFO] [61] TRAIN | loss: 1.1002120621826337, acc: 0.7642163661581137
2025-07-08 16:24:41,765 [INFO] [61] VALIDATION | acc: 0.22189349112426035
2025-07-08 16:24:44,621 [INFO] [62] TRAIN | loss: 1.142427014267963, acc: 0.7357836338418863
2025-07-08 16:24:44,621 [INFO] [62] VALIDATION | acc: 0.23668639053254437
2025-07-08 16:24:47,452 [INFO] [63] TRAIN | loss: 1.116674048745114, acc: 0.7482662968099861
2025-07-08 16:24:47,452 [INFO] [63] VALIDATION | acc: 0.23076923076923078
2025-07-08 16:24:50,286 [INFO] [64] TRAIN | loss: 1.0738412763761438, acc: 0.7538141470180305
2025-07-08 16:24:50,286 [INFO] [64] VALIDATION | acc: 0.22781065088757396
2025-07-08 16:24:53,146 [INFO] [65] TRAIN | loss: 1.0329475133153407, acc: 0.760748959778086
2025-07-08 16:24:53,146 [INFO] [65] VALIDATION | acc: 0.25443786982248523
2025-07-08 16:24:55,984 [INFO] [66] TRAIN | loss: 0.9109245726595754, acc: 0.812760055478502
2025-07-08 16:24:55,984 [INFO] [66] VALIDATION | acc: 0.23964497041420119
2025-07-08 16:24:58,844 [INFO] [67] TRAIN | loss: 0.8899396761603977, acc: 0.826629680998613
2025-07-08 16:24:58,845 [INFO] [67] VALIDATION | acc: 0.22781065088757396
2025-07-08 16:25:01,682 [INFO] [68] TRAIN | loss: 0.8547014943931414, acc: 0.8238557558945908
2025-07-08 16:25:01,682 [INFO] [68] VALIDATION | acc: 0.2485207100591716
2025-07-08 16:25:04,531 [INFO] [69] TRAIN | loss: 0.8334504767604496, acc: 0.8425797503467406
2025-07-08 16:25:04,531 [INFO] [69] VALIDATION | acc: 0.23372781065088757
2025-07-08 16:25:07,357 [INFO] [70] TRAIN | loss: 0.8298723101615906, acc: 0.840499306518724
2025-07-08 16:25:07,357 [INFO] [70] VALIDATION | acc: 0.2514792899408284
2025-07-08 16:25:10,164 [INFO] [71] TRAIN | loss: 0.7932035249212513, acc: 0.8398058252427184
2025-07-08 16:25:10,164 [INFO] [71] VALIDATION | acc: 0.22781065088757396
2025-07-08 16:25:13,046 [INFO] [72] TRAIN | loss: 0.7608264270036117, acc: 0.8654646324549237
2025-07-08 16:25:13,046 [INFO] [72] VALIDATION | acc: 0.2455621301775148
2025-07-08 16:25:15,905 [INFO] [73] TRAIN | loss: 0.7520228501247324, acc: 0.8723994452149791
2025-07-08 16:25:15,905 [INFO] [73] VALIDATION | acc: 0.2485207100591716
2025-07-08 16:25:18,694 [INFO] [74] TRAIN | loss: 0.9149367414090944, acc: 0.8072122052704577
2025-07-08 16:25:18,694 [INFO] [74] VALIDATION | acc: 0.23372781065088757
2025-07-08 16:25:21,507 [INFO] [75] TRAIN | loss: 0.7185377970985745, acc: 0.869625520110957
2025-07-08 16:25:21,507 [INFO] [75] VALIDATION | acc: 0.22781065088757396
2025-07-08 16:25:24,338 [INFO] [76] TRAIN | loss: 0.6908140545305999, acc: 0.8730929264909847
2025-07-08 16:25:24,338 [INFO] [76] VALIDATION | acc: 0.22189349112426035
2025-07-08 16:25:27,224 [INFO] [77] TRAIN | loss: 0.6231535264979238, acc: 0.8987517337031901
2025-07-08 16:25:27,224 [INFO] [77] VALIDATION | acc: 0.2603550295857988
2025-07-08 16:25:30,060 [INFO] [78] TRAIN | loss: 0.6350831635620283, acc: 0.8918169209431346
2025-07-08 16:25:30,060 [INFO] [78] VALIDATION | acc: 0.24260355029585798
2025-07-08 16:25:32,893 [INFO] [79] TRAIN | loss: 0.6563476835903914, acc: 0.883495145631068
2025-07-08 16:25:32,893 [INFO] [79] VALIDATION | acc: 0.23964497041420119
2025-07-08 16:25:35,750 [INFO] [80] TRAIN | loss: 0.5980763668599336, acc: 0.9029126213592233
2025-07-08 16:25:35,750 [INFO] [80] VALIDATION | acc: 0.23668639053254437
2025-07-08 16:25:38,598 [INFO] [81] TRAIN | loss: 0.5727791643661001, acc: 0.90499306518724
2025-07-08 16:25:38,598 [INFO] [81] VALIDATION | acc: 0.23372781065088757
2025-07-08 16:25:41,474 [INFO] [82] TRAIN | loss: 0.5162679183742275, acc: 0.9244105409153953
2025-07-08 16:25:41,474 [INFO] [82] VALIDATION | acc: 0.23372781065088757
2025-07-08 16:25:44,314 [INFO] [83] TRAIN | loss: 0.5278916294160096, acc: 0.9216366158113731
2025-07-08 16:25:44,314 [INFO] [83] VALIDATION | acc: 0.23372781065088757
2025-07-08 16:25:47,192 [INFO] [84] TRAIN | loss: 0.4644914535076722, acc: 0.9368932038834952
2025-07-08 16:25:47,192 [INFO] [84] VALIDATION | acc: 0.2514792899408284
2025-07-08 16:25:50,050 [INFO] [85] TRAIN | loss: 0.44749652626721753, acc: 0.9431345353675451
2025-07-08 16:25:50,050 [INFO] [85] VALIDATION | acc: 0.2485207100591716
2025-07-08 16:25:52,907 [INFO] [86] TRAIN | loss: 0.4458741377229276, acc: 0.9438280166435506
2025-07-08 16:25:52,907 [INFO] [86] VALIDATION | acc: 0.23668639053254437
2025-07-08 16:25:55,781 [INFO] [87] TRAIN | loss: 0.4143641915010369, acc: 0.9535367545076283
2025-07-08 16:25:55,781 [INFO] [87] VALIDATION | acc: 0.257396449704142
2025-07-08 16:25:58,662 [INFO] [88] TRAIN | loss: 0.4341670469097469, acc: 0.9389736477115118
2025-07-08 16:25:58,662 [INFO] [88] VALIDATION | acc: 0.26627218934911245
2025-07-08 16:26:01,506 [INFO] [89] TRAIN | loss: 0.4205264002084732, acc: 0.9486823855755895
2025-07-08 16:26:01,506 [INFO] [89] VALIDATION | acc: 0.23372781065088757
2025-07-08 16:26:04,343 [INFO] [90] TRAIN | loss: 0.3743632779173229, acc: 0.9563106796116505
2025-07-08 16:26:04,343 [INFO] [90] VALIDATION | acc: 0.24260355029585798
2025-07-08 16:26:07,187 [INFO] [91] TRAIN | loss: 0.34795388255430304, acc: 0.9653259361997226
2025-07-08 16:26:07,187 [INFO] [91] VALIDATION | acc: 0.23076923076923078
2025-07-08 16:26:10,061 [INFO] [92] TRAIN | loss: 0.3623752095129179, acc: 0.955617198335645
2025-07-08 16:26:10,061 [INFO] [92] VALIDATION | acc: 0.27514792899408286
2025-07-08 16:26:12,931 [INFO] [93] TRAIN | loss: 0.3158411830663681, acc: 0.9736477115117892
2025-07-08 16:26:12,931 [INFO] [93] VALIDATION | acc: 0.25443786982248523
2025-07-08 16:26:15,769 [INFO] [94] TRAIN | loss: 0.3451178507960361, acc: 0.9660194174757282
2025-07-08 16:26:15,769 [INFO] [94] VALIDATION | acc: 0.2514792899408284
2025-07-08 16:26:18,583 [INFO] [95] TRAIN | loss: 0.3845359733247239, acc: 0.9507628294036061
2025-07-08 16:26:18,583 [INFO] [95] VALIDATION | acc: 0.23964497041420119
2025-07-08 16:26:21,424 [INFO] [96] TRAIN | loss: 0.2976984550123629, acc: 0.9778085991678225
2025-07-08 16:26:21,424 [INFO] [96] VALIDATION | acc: 0.24260355029585798
2025-07-08 16:26:24,253 [INFO] [97] TRAIN | loss: 0.2785280065044113, acc: 0.9771151178918169
2025-07-08 16:26:24,253 [INFO] [97] VALIDATION | acc: 0.25443786982248523
2025-07-08 16:26:27,107 [INFO] [98] TRAIN | loss: 0.2697774064929589, acc: 0.9812760055478502
2025-07-08 16:26:27,107 [INFO] [98] VALIDATION | acc: 0.2514792899408284
2025-07-08 16:26:29,965 [INFO] [99] TRAIN | loss: 0.2858457040527593, acc: 0.984743411927878
2025-07-08 16:26:29,966 [INFO] [99] VALIDATION | acc: 0.25443786982248523
2025-07-08 16:26:32,791 [INFO] [100] TRAIN | loss: 0.3732107446893402, acc: 0.9389736477115118
2025-07-08 16:26:32,791 [INFO] [100] VALIDATION | acc: 0.2485207100591716
2025-07-08 16:26:32,791 [INFO] Testing checkpointed models starting...

2025-07-08 16:26:34,310 [INFO] checkpoint_t0  ->  0.007751937984496124
2025-07-08 16:26:35,759 [INFO] checkpoint_v0  ->  0.007751937984496124
2025-07-08 16:26:37,221 [INFO] checkpoint_t1  ->  0.10465116279069768
2025-07-08 16:26:41,192 [INFO] checkpoint_v1  ->  0.10465116279069768
2025-07-08 16:26:46,949 [INFO] checkpoint_t2  ->  0.17054263565891473
2025-07-08 16:26:52,694 [INFO] checkpoint_v2  ->  0.17054263565891473
2025-07-08 16:26:58,223 [INFO] checkpoint_t3  ->  0.2054263565891473
2025-07-08 16:27:03,933 [INFO] checkpoint_v3  ->  0.20930232558139536
2025-07-08 16:27:09,716 [INFO] checkpoint_t4  ->  0.19767441860465115
2025-07-08 16:27:15,309 [INFO] checkpoint_v4  ->  0.21705426356589147
2025-07-08 16:27:21,368 [INFO] checkpoint_t5  ->  0.24806201550387597
2025-07-08 16:27:26,932 [INFO] checkpoint_v5  ->  0.2596899224806202
2025-07-08 16:27:32,715 [INFO] checkpoint_t6  ->  0.2558139534883721
2025-07-08 16:27:38,034 [INFO] checkpoint_v6  ->  0.2713178294573643
2025-07-08 16:27:44,299 [INFO] checkpoint_t7  ->  0.2713178294573643
2025-07-08 16:27:49,724 [INFO] checkpoint_v7  ->  0.26356589147286824
2025-07-08 16:27:55,446 [INFO] checkpoint_t8  ->  0.24031007751937986
2025-07-08 16:28:01,173 [INFO] checkpoint_v8  ->  0.2751937984496124
2025-07-08 16:28:07,006 [INFO] checkpoint_t9  ->  0.26744186046511625
2025-07-08 16:28:12,777 [INFO] checkpoint_v9  ->  0.2868217054263566
2025-07-08 16:28:18,405 [INFO] checkpoint_t10  ->  0.2713178294573643
2025-07-08 16:28:24,005 [INFO] checkpoint_v10  ->  0.26744186046511625
2025-07-08 16:28:24,006 [INFO] 
=======================================
2025-07-08 16:28:24,006 [INFO] The best testing checkpoint: encoder_pose_angles_fs1_pad_repeat/checkpoint_v_9:
2025-07-08 16:28:24,006 [INFO]    Testing accuracy: 0.287
2025-07-08 16:28:24,006 [INFO]    Macro F1 score: 0.265
2025-07-08 16:28:24,006 [INFO]    Weighted F1 score: 0.273
2025-07-08 16:28:24,006 [INFO]    Total trainable parameters: 7,157,524
2025-07-08 16:28:24,006 [INFO]    Elapsed time: 396.42 sec
2025-07-08 16:28:24,006 [INFO] ----------------Config information----------------------- 
2025-07-08 16:28:24,006 [INFO]  - Experiment Args: {'dataset': 'WLASL100', 'features': 'POSE_ANGLES', 'include_blendshapes': 0, 'fs': 1, 'feature_padding_mode': 'repeat', 'num_classes': 100, 'model': 'encoder', 'mediapipe_holistic': True, 'dim': 232, 'heads': 8, 'n_layers': 6, 'PE': 0, 'pad': 'True', 'clip_weights': 0, 'clip_gradients': 0, 'opt': 'SGD', 'sgd_momentum': 0.9, 'scheduler': 'cosine', 'bs': 32, 'epochs': 100, 'lr': '1e-03', 'logfreq': 1, 'checkpoints': True}
2025-07-08 16:28:24,093 [INFO] 
Any desired statistics have been plotted.
The experiment is finished.
