2025-07-08 16:09:03,402 [INFO] [INFO] Starting experiment encoder_pose_angles_fs1_pad_truncate...


2025-07-08 16:09:06,143 [INFO] [1] TRAIN | loss: 4.694778478663901, acc: 0.0076282940360610264
2025-07-08 16:09:06,143 [INFO] [1] VALIDATION | acc: 0.01775147928994083
2025-07-08 16:09:08,685 [INFO] [2] TRAIN | loss: 4.6606633870498, acc: 0.011789181692094313
2025-07-08 16:09:08,685 [INFO] [2] VALIDATION | acc: 0.014792899408284023
2025-07-08 16:09:11,207 [INFO] [3] TRAIN | loss: 4.601184305937394, acc: 0.02011095700416089
2025-07-08 16:09:11,207 [INFO] [3] VALIDATION | acc: 0.014792899408284023
2025-07-08 16:09:13,723 [INFO] [4] TRAIN | loss: 4.52154252840125, acc: 0.030513176144244106
2025-07-08 16:09:13,723 [INFO] [4] VALIDATION | acc: 0.011834319526627219
2025-07-08 16:09:16,244 [INFO] [5] TRAIN | loss: 4.450263023376465, acc: 0.043689320388349516
2025-07-08 16:09:16,244 [INFO] [5] VALIDATION | acc: 0.03254437869822485
2025-07-08 16:09:18,762 [INFO] [6] TRAIN | loss: 4.304191060688185, acc: 0.052011095700416086
2025-07-08 16:09:18,762 [INFO] [6] VALIDATION | acc: 0.04437869822485207
2025-07-08 16:09:21,298 [INFO] [7] TRAIN | loss: 4.1548758848853735, acc: 0.06102635228848821
2025-07-08 16:09:21,298 [INFO] [7] VALIDATION | acc: 0.05917159763313609
2025-07-08 16:09:23,846 [INFO] [8] TRAIN | loss: 4.051305402880129, acc: 0.06796116504854369
2025-07-08 16:09:23,846 [INFO] [8] VALIDATION | acc: 0.07100591715976332
2025-07-08 16:09:26,407 [INFO] [9] TRAIN | loss: 3.929700001426365, acc: 0.09223300970873786
2025-07-08 16:09:26,407 [INFO] [9] VALIDATION | acc: 0.08875739644970414
2025-07-08 16:09:28,949 [INFO] [10] TRAIN | loss: 3.8339373754418413, acc: 0.10263522884882108
2025-07-08 16:09:28,949 [INFO] [10] VALIDATION | acc: 0.09467455621301775
2025-07-08 16:09:31,464 [INFO] [11] TRAIN | loss: 3.758014476817587, acc: 0.12205270457697642
2025-07-08 16:09:31,464 [INFO] [11] VALIDATION | acc: 0.09467455621301775
2025-07-08 16:09:33,993 [INFO] [12] TRAIN | loss: 3.659856853277787, acc: 0.12552011095700416
2025-07-08 16:09:33,993 [INFO] [12] VALIDATION | acc: 0.09171597633136094
2025-07-08 16:09:36,549 [INFO] [13] TRAIN | loss: 3.540151943331179, acc: 0.14285714285714285
2025-07-08 16:09:36,550 [INFO] [13] VALIDATION | acc: 0.10946745562130178
2025-07-08 16:09:39,093 [INFO] [14] TRAIN | loss: 3.45696440986965, acc: 0.1622746185852982
2025-07-08 16:09:39,093 [INFO] [14] VALIDATION | acc: 0.12130177514792899
2025-07-08 16:09:41,634 [INFO] [15] TRAIN | loss: 3.3963471599247144, acc: 0.19209431345353675
2025-07-08 16:09:41,634 [INFO] [15] VALIDATION | acc: 0.11242603550295859
2025-07-08 16:09:44,148 [INFO] [16] TRAIN | loss: 3.3031690794488657, acc: 0.19070735090152566
2025-07-08 16:09:44,149 [INFO] [16] VALIDATION | acc: 0.12721893491124261
2025-07-08 16:09:46,679 [INFO] [17] TRAIN | loss: 3.23278242090474, acc: 0.21983356449375868
2025-07-08 16:09:46,680 [INFO] [17] VALIDATION | acc: 0.1301775147928994
2025-07-08 16:09:49,215 [INFO] [18] TRAIN | loss: 3.1424668353536855, acc: 0.23509015256588073
2025-07-08 16:09:49,215 [INFO] [18] VALIDATION | acc: 0.13313609467455623
2025-07-08 16:09:51,713 [INFO] [19] TRAIN | loss: 3.142797071000804, acc: 0.22468793342579751
2025-07-08 16:09:51,713 [INFO] [19] VALIDATION | acc: 0.1242603550295858
2025-07-08 16:09:54,249 [INFO] [20] TRAIN | loss: 2.995135079259458, acc: 0.2593619972260749
2025-07-08 16:09:54,249 [INFO] [20] VALIDATION | acc: 0.13313609467455623
2025-07-08 16:09:56,798 [INFO] [21] TRAIN | loss: 2.9457713521045186, acc: 0.26907073509015256
2025-07-08 16:09:56,799 [INFO] [21] VALIDATION | acc: 0.16568047337278108
2025-07-08 16:09:59,355 [INFO] [22] TRAIN | loss: 2.8448036546292514, acc: 0.27184466019417475
2025-07-08 16:09:59,356 [INFO] [22] VALIDATION | acc: 0.15384615384615385
2025-07-08 16:10:01,866 [INFO] [23] TRAIN | loss: 2.8325566157050757, acc: 0.29542302357836336
2025-07-08 16:10:01,866 [INFO] [23] VALIDATION | acc: 0.15384615384615385
2025-07-08 16:10:04,407 [INFO] [24] TRAIN | loss: 2.7645245790481567, acc: 0.3127600554785021
2025-07-08 16:10:04,408 [INFO] [24] VALIDATION | acc: 0.15680473372781065
2025-07-08 16:10:06,915 [INFO] [25] TRAIN | loss: 2.7217436251433, acc: 0.332871012482663
2025-07-08 16:10:06,915 [INFO] [25] VALIDATION | acc: 0.1301775147928994
2025-07-08 16:10:09,435 [INFO] [26] TRAIN | loss: 2.667087285414986, acc: 0.3245492371705964
2025-07-08 16:10:09,435 [INFO] [26] VALIDATION | acc: 0.16568047337278108
2025-07-08 16:10:11,948 [INFO] [27] TRAIN | loss: 2.6149355276771216, acc: 0.3460471567267684
2025-07-08 16:10:11,948 [INFO] [27] VALIDATION | acc: 0.15976331360946747
2025-07-08 16:10:14,469 [INFO] [28] TRAIN | loss: 2.5095439501430676, acc: 0.38488210818307905
2025-07-08 16:10:14,469 [INFO] [28] VALIDATION | acc: 0.17455621301775148
2025-07-08 16:10:16,945 [INFO] [29] TRAIN | loss: 2.5249282406724016, acc: 0.3606102635228849
2025-07-08 16:10:16,945 [INFO] [29] VALIDATION | acc: 0.15976331360946747
2025-07-08 16:10:19,439 [INFO] [30] TRAIN | loss: 2.537617916646211, acc: 0.3633841886269071
2025-07-08 16:10:19,439 [INFO] [30] VALIDATION | acc: 0.16568047337278108
2025-07-08 16:10:21,977 [INFO] [31] TRAIN | loss: 2.407306440498518, acc: 0.4042995839112344
2025-07-08 16:10:21,977 [INFO] [31] VALIDATION | acc: 0.1834319526627219
2025-07-08 16:10:24,523 [INFO] [32] TRAIN | loss: 2.4136572894842727, acc: 0.39042995839112343
2025-07-08 16:10:24,523 [INFO] [32] VALIDATION | acc: 0.17455621301775148
2025-07-08 16:10:27,061 [INFO] [33] TRAIN | loss: 2.3373421145522078, acc: 0.4091539528432732
2025-07-08 16:10:27,061 [INFO] [33] VALIDATION | acc: 0.17751479289940827
2025-07-08 16:10:29,578 [INFO] [34] TRAIN | loss: 2.376629316288492, acc: 0.39528432732316227
2025-07-08 16:10:29,578 [INFO] [34] VALIDATION | acc: 0.20414201183431951
2025-07-08 16:10:32,083 [INFO] [35] TRAIN | loss: 2.2204903960227966, acc: 0.44244105409153955
2025-07-08 16:10:32,083 [INFO] [35] VALIDATION | acc: 0.19822485207100593
2025-07-08 16:10:34,607 [INFO] [36] TRAIN | loss: 2.203188103178273, acc: 0.4486823855755895
2025-07-08 16:10:34,607 [INFO] [36] VALIDATION | acc: 0.20118343195266272
2025-07-08 16:10:37,110 [INFO] [37] TRAIN | loss: 2.194555269635242, acc: 0.4459084604715673
2025-07-08 16:10:37,110 [INFO] [37] VALIDATION | acc: 0.19230769230769232
2025-07-08 16:10:39,636 [INFO] [38] TRAIN | loss: 2.080028427683789, acc: 0.4736477115117892
2025-07-08 16:10:39,636 [INFO] [38] VALIDATION | acc: 0.21597633136094674
2025-07-08 16:10:42,144 [INFO] [39] TRAIN | loss: 2.0862927644149116, acc: 0.4812760055478502
2025-07-08 16:10:42,144 [INFO] [39] VALIDATION | acc: 0.1834319526627219
2025-07-08 16:10:44,647 [INFO] [40] TRAIN | loss: 2.088701310365096, acc: 0.4680998613037448
2025-07-08 16:10:44,647 [INFO] [40] VALIDATION | acc: 0.23076923076923078
2025-07-08 16:10:47,188 [INFO] [41] TRAIN | loss: 2.008300535056902, acc: 0.48335644937586686
2025-07-08 16:10:47,188 [INFO] [41] VALIDATION | acc: 0.2455621301775148
2025-07-08 16:10:49,725 [INFO] [42] TRAIN | loss: 1.9048871890358303, acc: 0.5235783633841886
2025-07-08 16:10:49,725 [INFO] [42] VALIDATION | acc: 0.19230769230769232
2025-07-08 16:10:52,285 [INFO] [43] TRAIN | loss: 1.8488332473713418, acc: 0.5464632454923717
2025-07-08 16:10:52,285 [INFO] [43] VALIDATION | acc: 0.21005917159763313
2025-07-08 16:10:54,770 [INFO] [44] TRAIN | loss: 1.8687242373176243, acc: 0.5353675450762829
2025-07-08 16:10:54,770 [INFO] [44] VALIDATION | acc: 0.20710059171597633
2025-07-08 16:10:57,273 [INFO] [45] TRAIN | loss: 1.8416108514951623, acc: 0.5298196948682385
2025-07-08 16:10:57,273 [INFO] [45] VALIDATION | acc: 0.22485207100591717
2025-07-08 16:10:59,771 [INFO] [46] TRAIN | loss: 1.7657751933388088, acc: 0.5693481276005548
2025-07-08 16:10:59,771 [INFO] [46] VALIDATION | acc: 0.21597633136094674
2025-07-08 16:11:02,305 [INFO] [47] TRAIN | loss: 1.6528587730034539, acc: 0.5929264909847434
2025-07-08 16:11:02,305 [INFO] [47] VALIDATION | acc: 0.21597633136094674
2025-07-08 16:11:04,816 [INFO] [48] TRAIN | loss: 1.6618819962377134, acc: 0.5936199722607489
2025-07-08 16:11:04,816 [INFO] [48] VALIDATION | acc: 0.21893491124260356
2025-07-08 16:11:07,344 [INFO] [49] TRAIN | loss: 1.6429616731146108, acc: 0.5991678224687933
2025-07-08 16:11:07,344 [INFO] [49] VALIDATION | acc: 0.2514792899408284
2025-07-08 16:11:09,843 [INFO] [50] TRAIN | loss: 1.610542022663614, acc: 0.6019417475728155
2025-07-08 16:11:09,843 [INFO] [50] VALIDATION | acc: 0.22781065088757396
2025-07-08 16:11:12,346 [INFO] [51] TRAIN | loss: 1.5358723298363064, acc: 0.6269070735090153
2025-07-08 16:11:12,346 [INFO] [51] VALIDATION | acc: 0.19822485207100593
2025-07-08 16:11:14,877 [INFO] [52] TRAIN | loss: 1.4929551223049993, acc: 0.6470180305131762
2025-07-08 16:11:14,877 [INFO] [52] VALIDATION | acc: 0.21301775147928995
2025-07-08 16:11:17,389 [INFO] [53] TRAIN | loss: 1.4983235105224277, acc: 0.6622746185852982
2025-07-08 16:11:17,389 [INFO] [53] VALIDATION | acc: 0.21301775147928995
2025-07-08 16:11:19,903 [INFO] [54] TRAIN | loss: 1.5764689911966738, acc: 0.6067961165048543
2025-07-08 16:11:19,903 [INFO] [54] VALIDATION | acc: 0.23668639053254437
2025-07-08 16:11:22,377 [INFO] [55] TRAIN | loss: 1.4190789979437124, acc: 0.651872399445215
2025-07-08 16:11:22,377 [INFO] [55] VALIDATION | acc: 0.22189349112426035
2025-07-08 16:11:24,881 [INFO] [56] TRAIN | loss: 1.3251721547997517, acc: 0.6858529819694869
2025-07-08 16:11:24,882 [INFO] [56] VALIDATION | acc: 0.21301775147928995
2025-07-08 16:11:27,396 [INFO] [57] TRAIN | loss: 1.3270540302214415, acc: 0.7045769764216366
2025-07-08 16:11:27,396 [INFO] [57] VALIDATION | acc: 0.22189349112426035
2025-07-08 16:11:29,897 [INFO] [58] TRAIN | loss: 1.3120797431987266, acc: 0.6851595006934813
2025-07-08 16:11:29,897 [INFO] [58] VALIDATION | acc: 0.22485207100591717
2025-07-08 16:11:32,389 [INFO] [59] TRAIN | loss: 1.3095414327538533, acc: 0.6934812760055479
2025-07-08 16:11:32,389 [INFO] [59] VALIDATION | acc: 0.23668639053254437
2025-07-08 16:11:34,917 [INFO] [60] TRAIN | loss: 1.1622308583363243, acc: 0.7662968099861304
2025-07-08 16:11:34,917 [INFO] [60] VALIDATION | acc: 0.23372781065088757
2025-07-08 16:11:37,410 [INFO] [61] TRAIN | loss: 1.2063968233440234, acc: 0.7156726768377254
2025-07-08 16:11:37,410 [INFO] [61] VALIDATION | acc: 0.23372781065088757
2025-07-08 16:11:39,943 [INFO] [62] TRAIN | loss: 1.1565822816413383, acc: 0.7434119278779473
2025-07-08 16:11:39,943 [INFO] [62] VALIDATION | acc: 0.23372781065088757
2025-07-08 16:11:42,475 [INFO] [63] TRAIN | loss: 1.0970409616180088, acc: 0.7538141470180305
2025-07-08 16:11:42,475 [INFO] [63] VALIDATION | acc: 0.23668639053254437
2025-07-08 16:11:44,991 [INFO] [64] TRAIN | loss: 1.103731939326162, acc: 0.7621359223300971
2025-07-08 16:11:44,991 [INFO] [64] VALIDATION | acc: 0.23372781065088757
2025-07-08 16:11:47,507 [INFO] [65] TRAIN | loss: 1.071466864451118, acc: 0.7614424410540915
2025-07-08 16:11:47,507 [INFO] [65] VALIDATION | acc: 0.257396449704142
2025-07-08 16:11:50,032 [INFO] [66] TRAIN | loss: 0.9802747472472813, acc: 0.7940360610263523
2025-07-08 16:11:50,032 [INFO] [66] VALIDATION | acc: 0.24260355029585798
2025-07-08 16:11:52,574 [INFO] [67] TRAIN | loss: 0.9737018605937129, acc: 0.8037447988904299
2025-07-08 16:11:52,575 [INFO] [67] VALIDATION | acc: 0.26331360946745563
2025-07-08 16:11:55,065 [INFO] [68] TRAIN | loss: 1.0248035736705945, acc: 0.7801664355062413
2025-07-08 16:11:55,065 [INFO] [68] VALIDATION | acc: 0.2485207100591716
2025-07-08 16:11:57,564 [INFO] [69] TRAIN | loss: 1.03874348687089, acc: 0.7510402219140083
2025-07-08 16:11:57,564 [INFO] [69] VALIDATION | acc: 0.23668639053254437
2025-07-08 16:12:00,076 [INFO] [70] TRAIN | loss: 0.8557961531307386, acc: 0.8363384188626907
2025-07-08 16:12:00,076 [INFO] [70] VALIDATION | acc: 0.2485207100591716
2025-07-08 16:12:02,562 [INFO] [71] TRAIN | loss: 0.8651313405969868, acc: 0.826629680998613
2025-07-08 16:12:02,563 [INFO] [71] VALIDATION | acc: 0.25443786982248523
2025-07-08 16:12:05,086 [INFO] [72] TRAIN | loss: 0.7713760733604431, acc: 0.8585298196948682
2025-07-08 16:12:05,086 [INFO] [72] VALIDATION | acc: 0.2455621301775148
2025-07-08 16:12:07,636 [INFO] [73] TRAIN | loss: 0.7492339481478152, acc: 0.8723994452149791
2025-07-08 16:12:07,636 [INFO] [73] VALIDATION | acc: 0.27514792899408286
2025-07-08 16:12:10,140 [INFO] [74] TRAIN | loss: 0.7314361690179162, acc: 0.8675450762829403
2025-07-08 16:12:10,140 [INFO] [74] VALIDATION | acc: 0.26331360946745563
2025-07-08 16:12:12,668 [INFO] [75] TRAIN | loss: 0.6923242140075435, acc: 0.8841886269070736
2025-07-08 16:12:12,668 [INFO] [75] VALIDATION | acc: 0.2514792899408284
2025-07-08 16:12:15,178 [INFO] [76] TRAIN | loss: 0.6935298540022062, acc: 0.8765603328710125
2025-07-08 16:12:15,178 [INFO] [76] VALIDATION | acc: 0.23964497041420119
2025-07-08 16:12:17,669 [INFO] [77] TRAIN | loss: 0.7112545714430187, acc: 0.8682385575589459
2025-07-08 16:12:17,670 [INFO] [77] VALIDATION | acc: 0.23076923076923078
2025-07-08 16:12:20,169 [INFO] [78] TRAIN | loss: 0.760865322921587, acc: 0.8495145631067961
2025-07-08 16:12:20,169 [INFO] [78] VALIDATION | acc: 0.23076923076923078
2025-07-08 16:12:22,691 [INFO] [79] TRAIN | loss: 0.6463373238625734, acc: 0.891123439667129
2025-07-08 16:12:22,691 [INFO] [79] VALIDATION | acc: 0.2603550295857988
2025-07-08 16:12:25,220 [INFO] [80] TRAIN | loss: 0.5718027554128481, acc: 0.912621359223301
2025-07-08 16:12:25,220 [INFO] [80] VALIDATION | acc: 0.25443786982248523
2025-07-08 16:12:27,692 [INFO] [81] TRAIN | loss: 0.6155357114646746, acc: 0.8994452149791956
2025-07-08 16:12:27,692 [INFO] [81] VALIDATION | acc: 0.2455621301775148
2025-07-08 16:12:30,202 [INFO] [82] TRAIN | loss: 0.6166512687569079, acc: 0.8959778085991679
2025-07-08 16:12:30,202 [INFO] [82] VALIDATION | acc: 0.25443786982248523
2025-07-08 16:12:32,695 [INFO] [83] TRAIN | loss: 0.5284896959429202, acc: 0.9244105409153953
2025-07-08 16:12:32,695 [INFO] [83] VALIDATION | acc: 0.25443786982248523
2025-07-08 16:12:35,189 [INFO] [84] TRAIN | loss: 0.5281433145637098, acc: 0.9237170596393898
2025-07-08 16:12:35,189 [INFO] [84] VALIDATION | acc: 0.2692307692307692
2025-07-08 16:12:37,683 [INFO] [85] TRAIN | loss: 0.4956052500916564, acc: 0.9355062413314841
2025-07-08 16:12:37,683 [INFO] [85] VALIDATION | acc: 0.2692307692307692
2025-07-08 16:12:40,198 [INFO] [86] TRAIN | loss: 0.4554247707128525, acc: 0.9424410540915396
2025-07-08 16:12:40,198 [INFO] [86] VALIDATION | acc: 0.2869822485207101
2025-07-08 16:12:42,706 [INFO] [87] TRAIN | loss: 0.4270521127011465, acc: 0.9542302357836339
2025-07-08 16:12:42,706 [INFO] [87] VALIDATION | acc: 0.26331360946745563
2025-07-08 16:12:45,199 [INFO] [88] TRAIN | loss: 0.4283078364703966, acc: 0.955617198335645
2025-07-08 16:12:45,199 [INFO] [88] VALIDATION | acc: 0.2781065088757396
2025-07-08 16:12:47,663 [INFO] [89] TRAIN | loss: 0.43920480686685315, acc: 0.9486823855755895
2025-07-08 16:12:47,663 [INFO] [89] VALIDATION | acc: 0.2485207100591716
2025-07-08 16:12:50,139 [INFO] [90] TRAIN | loss: 0.4757584009481513, acc: 0.9368932038834952
2025-07-08 16:12:50,139 [INFO] [90] VALIDATION | acc: 0.2514792899408284
2025-07-08 16:12:52,607 [INFO] [91] TRAIN | loss: 0.4373099350410959, acc: 0.949375866851595
2025-07-08 16:12:52,607 [INFO] [91] VALIDATION | acc: 0.23964497041420119
2025-07-08 16:12:55,136 [INFO] [92] TRAIN | loss: 0.4166327442811883, acc: 0.9472954230235784
2025-07-08 16:12:55,137 [INFO] [92] VALIDATION | acc: 0.28106508875739644
2025-07-08 16:12:57,651 [INFO] [93] TRAIN | loss: 0.3595962867788646, acc: 0.963245492371706
2025-07-08 16:12:57,651 [INFO] [93] VALIDATION | acc: 0.28106508875739644
2025-07-08 16:13:00,163 [INFO] [94] TRAIN | loss: 0.35120186177284823, acc: 0.9715672676837726
2025-07-08 16:13:00,163 [INFO] [94] VALIDATION | acc: 0.257396449704142
2025-07-08 16:13:02,636 [INFO] [95] TRAIN | loss: 0.37432148307561874, acc: 0.9549237170596394
2025-07-08 16:13:02,636 [INFO] [95] VALIDATION | acc: 0.2692307692307692
2025-07-08 16:13:05,143 [INFO] [96] TRAIN | loss: 0.30488726107970526, acc: 0.9764216366158114
2025-07-08 16:13:05,143 [INFO] [96] VALIDATION | acc: 0.27218934911242604
2025-07-08 16:13:07,661 [INFO] [97] TRAIN | loss: 0.29386367551658465, acc: 0.978502080443828
2025-07-08 16:13:07,661 [INFO] [97] VALIDATION | acc: 0.28106508875739644
2025-07-08 16:13:10,178 [INFO] [98] TRAIN | loss: 0.2897464590875999, acc: 0.9805825242718447
2025-07-08 16:13:10,178 [INFO] [98] VALIDATION | acc: 0.27218934911242604
2025-07-08 16:13:12,702 [INFO] [99] TRAIN | loss: 0.27689112074997113, acc: 0.9833564493758669
2025-07-08 16:13:12,702 [INFO] [99] VALIDATION | acc: 0.2692307692307692
2025-07-08 16:13:15,184 [INFO] [100] TRAIN | loss: 0.2759719899167185, acc: 0.978502080443828
2025-07-08 16:13:15,184 [INFO] [100] VALIDATION | acc: 0.2692307692307692
2025-07-08 16:13:15,184 [INFO] Testing checkpointed models starting...

2025-07-08 16:13:16,467 [INFO] checkpoint_t0  ->  0.011627906976744186
2025-07-08 16:13:17,734 [INFO] checkpoint_v0  ->  0.011627906976744186
2025-07-08 16:13:18,991 [INFO] checkpoint_t1  ->  0.08914728682170543
2025-07-08 16:13:22,209 [INFO] checkpoint_v1  ->  0.12790697674418605
2025-07-08 16:13:26,882 [INFO] checkpoint_t2  ->  0.17829457364341086
2025-07-08 16:13:31,155 [INFO] checkpoint_v2  ->  0.17829457364341086
2025-07-08 16:13:35,705 [INFO] checkpoint_t3  ->  0.22093023255813954
2025-07-08 16:13:42,053 [INFO] checkpoint_v3  ->  0.22093023255813954
2025-07-08 16:13:47,782 [INFO] checkpoint_t4  ->  0.20930232558139536
2025-07-08 16:13:53,473 [INFO] checkpoint_v4  ->  0.20930232558139536
2025-07-08 16:13:59,152 [INFO] checkpoint_t5  ->  0.2248062015503876
2025-07-08 16:14:05,353 [INFO] checkpoint_v5  ->  0.21705426356589147
2025-07-08 16:14:11,066 [INFO] checkpoint_t6  ->  0.23255813953488372
2025-07-08 16:14:17,233 [INFO] checkpoint_v6  ->  0.22093023255813954
2025-07-08 16:14:22,974 [INFO] checkpoint_t7  ->  0.24031007751937986
2025-07-08 16:14:29,067 [INFO] checkpoint_v7  ->  0.2441860465116279
2025-07-08 16:14:34,890 [INFO] checkpoint_t8  ->  0.24806201550387597
2025-07-08 16:14:40,864 [INFO] checkpoint_v8  ->  0.22868217054263565
2025-07-08 16:14:46,801 [INFO] checkpoint_t9  ->  0.2558139534883721
2025-07-08 16:14:52,719 [INFO] checkpoint_v9  ->  0.2441860465116279
2025-07-08 16:14:58,979 [INFO] checkpoint_t10  ->  0.2558139534883721
2025-07-08 16:15:04,734 [INFO] checkpoint_v10  ->  0.2248062015503876
2025-07-08 16:15:04,734 [INFO] 
=======================================
2025-07-08 16:15:04,734 [INFO] The best testing checkpoint: encoder_pose_angles_fs1_pad_truncate/checkpoint_t_9:
2025-07-08 16:15:04,734 [INFO]    Testing accuracy: 0.256
2025-07-08 16:15:04,734 [INFO]    Macro F1 score: 0.240
2025-07-08 16:15:04,734 [INFO]    Weighted F1 score: 0.244
2025-07-08 16:15:04,734 [INFO]    Total trainable parameters: 6,868,132
2025-07-08 16:15:04,734 [INFO]    Elapsed time: 361.33 sec
2025-07-08 16:15:04,734 [INFO] ----------------Config information----------------------- 
2025-07-08 16:15:04,734 [INFO]  - Experiment Args: {'dataset': 'WLASL100', 'features': 'POSE_ANGLES', 'include_blendshapes': 0, 'fs': 1, 'feature_padding_mode': 'truncate', 'num_classes': 100, 'model': 'encoder', 'mediapipe_holistic': True, 'dim': 224, 'heads': 8, 'n_layers': 6, 'PE': 0, 'pad': 'True', 'clip_weights': 0, 'clip_gradients': 0, 'opt': 'SGD', 'sgd_momentum': 0.9, 'scheduler': 'cosine', 'bs': 32, 'epochs': 100, 'lr': '1e-03', 'logfreq': 1, 'checkpoints': True}
2025-07-08 16:15:04,829 [INFO] 
Any desired statistics have been plotted.
The experiment is finished.
